Archive member included because of file (symbol)

/usr/local/lib64/gcc/arm-none-eabi/4.5.2/../../../../arm-none-eabi/lib/libc.a(lib_a-atexit.o)
                              /usr/local/lib64/gcc/arm-none-eabi/4.5.2/../../../../arm-none-eabi/lib/crt0.o (atexit)
/usr/local/lib64/gcc/arm-none-eabi/4.5.2/../../../../arm-none-eabi/lib/libc.a(lib_a-__atexit.o)
                              /usr/local/lib64/gcc/arm-none-eabi/4.5.2/../../../../arm-none-eabi/lib/libc.a(lib_a-atexit.o) (__register_exitproc)
/usr/local/lib64/gcc/arm-none-eabi/4.5.2/../../../../arm-none-eabi/lib/libc.a(lib_a-exit.o)
                              /usr/local/lib64/gcc/arm-none-eabi/4.5.2/../../../../arm-none-eabi/lib/crt0.o (exit)
/usr/local/lib64/gcc/arm-none-eabi/4.5.2/../../../../arm-none-eabi/lib/libc.a(lib_a-fini.o)
                              /usr/local/lib64/gcc/arm-none-eabi/4.5.2/../../../../arm-none-eabi/lib/crt0.o (__libc_fini_array)
/usr/local/lib64/gcc/arm-none-eabi/4.5.2/../../../../arm-none-eabi/lib/libc.a(lib_a-impure.o)
                              /usr/local/lib64/gcc/arm-none-eabi/4.5.2/../../../../arm-none-eabi/lib/libc.a(lib_a-__atexit.o) (_global_impure_ptr)
/usr/local/lib64/gcc/arm-none-eabi/4.5.2/../../../../arm-none-eabi/lib/libc.a(lib_a-init.o)
                              /usr/local/lib64/gcc/arm-none-eabi/4.5.2/../../../../arm-none-eabi/lib/crt0.o (__libc_init_array)
/usr/local/lib64/gcc/arm-none-eabi/4.5.2/../../../../arm-none-eabi/lib/libc.a(lib_a-memset.o)
                              /usr/local/lib64/gcc/arm-none-eabi/4.5.2/../../../../arm-none-eabi/lib/crt0.o (memset)
/usr/local/lib64/gcc/arm-none-eabi/4.5.2/../../../../arm-none-eabi/lib/libc.a(lib_a-__call_atexit.o)
                              /usr/local/lib64/gcc/arm-none-eabi/4.5.2/../../../../arm-none-eabi/lib/libc.a(lib_a-exit.o) (__call_exitprocs)
libusb/lib/libusb_sam3s_rel.a(release-USBD_HAL.o)
                              build/obj/startup.o (USBD_IrqHandler)
libusb/lib/libusb_sam3s_rel.a(release-USBDescriptors.o)
                              libusb/lib/libusb_sam3s_rel.a(release-USBD_HAL.o) (USBEndpointDescriptor_GetNumber)
libusb/lib/libusb_sam3s_rel.a(release-USBD.o)
                              libusb/lib/libusb_sam3s_rel.a(release-USBD_HAL.o) (USBD_SuspendHandler)
libusb/lib/libusb_sam3s_rel.a(release-USBDCallbacks.o)
                              libusb/lib/libusb_sam3s_rel.a(release-USBD.o) (USBDCallbacks_Reset)
libusb/lib/libusb_sam3s_rel.a(release-USBDDriver.o)
                              libusb/lib/libusb_sam3s_rel.a(release-USBDCallbacks.o) (USBD_GetDriver)
libusb/lib/libusb_sam3s_rel.a(release-CDCDSerial.o)
                              build/obj/usb_console.o (CDCDSerial_Read)
libusb/lib/libusb_sam3s_rel.a(release-USBDDriverCallbacks.o)
                              libusb/lib/libusb_sam3s_rel.a(release-USBDDriver.o) (USBDDriverCallbacks_InterfaceSettingChanged)
libusb/lib/libusb_sam3s_rel.a(release-CDCDSerialDriver.o)
                              build/obj/usb_console.o (CDCDSerialDriver_Initialize)
libusb/lib/libusb_sam3s_rel.a(release-USBRequests.o)
                              libusb/lib/libusb_sam3s_rel.a(release-USBDDriver.o) (USBGenericRequest_GetRequest)
libusb/lib/libusb_sam3s_rel.a(release-CDCDSerialPort.o)
                              libusb/lib/libusb_sam3s_rel.a(release-CDCDSerial.o) (CDCDSerialPort_Initialize)
libusb/lib/libusb_sam3s_rel.a(release-CDCLineCoding.o)
                              libusb/lib/libusb_sam3s_rel.a(release-CDCDSerialPort.o) (CDCLineCoding_Initialize)
libchip/lib/libchip_sam3s4_rel.a(release-pio_it.o)
                              build/obj/startup.o (PIOA_IrqHandler)
libchip/lib/libchip_sam3s4_rel.a(release-exceptions.o)
                              build/obj/startup.o (IrqHandlerNotUsed)
libchip/lib/libchip_sam3s4_rel.a(release-adc.o)
                              build/obj/main.o (ADC_Initialize)
libchip/lib/libchip_sam3s4_rel.a(release-pio.o)
                              build/obj/uart_console.o (PIO_Configure)
libchip/lib/libchip_sam3s4_rel.a(release-pmc.o)
                              build/obj/main.o (PMC_EnablePeripheral)
libchip/lib/libchip_sam3s4_rel.a(release-tc.o)
                              build/obj/main.o (TC_Configure)
libchip/lib/libchip_sam3s4_rel.a(release-pio_capture.o)
                              libchip/lib/libchip_sam3s4_rel.a(release-pio_it.o) (PIO_CaptureHandler)
/usr/local/lib64/gcc/arm-none-eabi/4.5.2/../../../../arm-none-eabi/lib/libg.a(lib_a-assert.o)
                              build/obj/led.o (__assert_func)
/usr/local/lib64/gcc/arm-none-eabi/4.5.2/../../../../arm-none-eabi/lib/libg.a(lib_a-fiprintf.o)
                              build/obj/usb_console.o (fiprintf)
/usr/local/lib64/gcc/arm-none-eabi/4.5.2/../../../../arm-none-eabi/lib/libg.a(lib_a-gets.o)
                              build/obj/main.o (gets)
/usr/local/lib64/gcc/arm-none-eabi/4.5.2/../../../../arm-none-eabi/lib/libg.a(lib_a-iprintf.o)
[...]
Memory Configuration

Name             Origin             Length             Attributes
rom              0x0000000000400000 0x0000000000040000 xr
ram              0x0000000020000000 0x000000000000c000 xrw
*default*        0x0000000000000000 0xffffffffffffffff

Linker script and memory map

LOAD /usr/local/lib64/gcc/arm-none-eabi/4.5.2/thumb/v7/crti.o
LOAD /usr/local/lib64/gcc/arm-none-eabi/4.5.2/thumb/v7/crtbegin.o
LOAD /usr/local/lib64/gcc/arm-none-eabi/4.5.2/../../../../arm-none-eabi/lib/crt0.o
START GROUP
LOAD /usr/local/lib64/gcc/arm-none-eabi/4.5.2/thumb/v7/libgcc.a
LOAD /usr/local/lib64/gcc/arm-none-eabi/4.5.2/../../../../arm-none-eabi/lib/libc.a
END GROUP
LOAD build/obj/syscalls.o
LOAD build/obj/system.o
LOAD build/obj/uart_console.o
LOAD build/obj/usb_console.o
LOAD build/obj/led.o
LOAD build/obj/timetick.o
LOAD build/obj/startup.o
LOAD build/obj/usb_device_descriptor.o
LOAD build/obj/main.o
LOAD libusb/lib/libusb_sam3s_rel.a
LOAD libchip/lib/libchip_sam3s4_rel.a
START GROUP
LOAD /usr/local/lib64/gcc/arm-none-eabi/4.5.2/thumb/v7/libgcc.a
LOAD /usr/local/lib64/gcc/arm-none-eabi/4.5.2/../../../../arm-none-eabi/lib/libg.a
LOAD /usr/local/lib64/gcc/arm-none-eabi/4.5.2/../../../../arm-none-eabi/lib/libc.a
END GROUP
LOAD /usr/local/lib64/gcc/arm-none-eabi/4.5.2/thumb/v7/crtend.o
LOAD /usr/local/lib64/gcc/arm-none-eabi/4.5.2/thumb/v7/crtn.o

.text           0x0000000000400000     0xa5d0
                0x0000000000400000                . = ALIGN (0x4)
                0x0000000000400000                _sfixed = .
 *(.vectors .vectors.*)
 .vectors       0x0000000000400000       0xd0 build/obj/startup.o
                0x0000000000400000                exception_table
 *(.text .text.* .gnu.linkonce.t.*)
 .text          0x00000000004000d0       0x30 /usr/local/lib64/gcc/arm-none-eabi/4.5.2/thumb/v7/crtbegin.o
 .text          0x0000000000400100       0xf0 /usr/local/lib64/gcc/arm-none-eabi/4.5.2/../../../../arm-none-eabi/lib/libc.a(lib_a-memset.o)
                0x0000000000400100                memset
 .text._read    0x00000000004001f0       0x54 build/obj/syscalls.o
                0x00000000004001f0                _read
 .text._write   0x0000000000400244       0x54 build/obj/syscalls.o
                0x0000000000400244                _write
 .text._sbrk    0x0000000000400298       0x5c build/obj/syscalls.o
                0x0000000000400298                _sbrk
 .text._isatty  0x00000000004002f4       0x28 build/obj/syscalls.o
                0x00000000004002f4                _isatty
 .text._exit    0x000000000040031c       0x18 build/obj/syscalls.o
                0x000000000040031c                _exit
 .text._lseek   0x0000000000400334       0x1c build/obj/syscalls.o
                0x0000000000400334                _lseek
 .text._kill    0x0000000000400350       0x28 build/obj/syscalls.o
                0x0000000000400350                _kill
 .text._getpid  0x0000000000400378       0x10 build/obj/syscalls.o
                0x0000000000400378                _getpid
 .text._close   0x0000000000400388       0x18 build/obj/syscalls.o
                0x0000000000400388                _close
 .text._fstat   0x00000000004003a0       0x24 build/obj/syscalls.o
                0x00000000004003a0                _fstat
 .text.SystemCoreClockUpdate
                0x00000000004003c4       0x1c build/obj/system.o
                0x00000000004003c4                SystemCoreClockUpdate
 .text.SystemInit
                0x00000000004003e0      0x1dc build/obj/system.o
                0x00000000004003e0                SystemInit
 .text.UART_Configure
                0x00000000004005bc       0x8c build/obj/uart_console.o
                0x00000000004005bc                UART_Configure
 .text.UART_Put
                0x0000000000400648       0x78 build/obj/uart_console.o
                0x0000000000400648                UART_Put
 .text.UART_Get
                0x00000000004006c0       0x70 build/obj/uart_console.o
                0x00000000004006c0                UART_Get
 .text.UART_Puts
                0x0000000000400730       0x50 build/obj/uart_console.o
                0x0000000000400730                UART_Puts
 .text.UART_Gets
                0x0000000000400780       0x54 build/obj/uart_console.o
                0x0000000000400780                UART_Gets
 .text.CDCDSerialDriver_Write
                0x00000000004007d4       0x28 build/obj/usb_console.o
 .text.CDCDSerialDriver_Read
                0x00000000004007fc       0x28 build/obj/usb_console.o
 .text.NVIC_EnableIRQ
                0x0000000000400824       0x38 build/obj/usb_console.o
 .text.ISR_Vbus
                0x000000000040085c       0x60 build/obj/usb_console.o
 .text.VBus_Configure
                0x00000000004008bc       0x54 build/obj/usb_console.o
 .text.ConfigureUsbClock
                0x0000000000400910       0x40 build/obj/usb_console.o
 .text.USBDCallbacks_Initialized
                0x0000000000400950       0x10 build/obj/usb_console.o
                0x0000000000400950                USBDCallbacks_Initialized
 .text.USBDDriverCallbacks_ConfigurationChanged
                0x0000000000400960       0x1c build/obj/usb_console.o
                0x0000000000400960                USBDDriverCallbacks_ConfigurationChanged
 .text.USBDCallbacks_RequestReceived
                0x000000000040097c       0x18 build/obj/usb_console.o
                0x000000000040097c                USBDCallbacks_RequestReceived
 .text.UsbWriteDone
                0x0000000000400994       0x48 build/obj/usb_console.o
 .text.UsbReadDone
                0x00000000004009dc       0x48 build/obj/usb_console.o
 .text.USBC_isConfigured
                0x0000000000400a24       0x68 build/obj/usb_console.o
                0x0000000000400a24                USBC_isConfigured
 .text.USBC_hasData
                0x0000000000400a8c       0x20 build/obj/usb_console.o
                0x0000000000400a8c                USBC_hasData
 .text.USBC_Configure
                0x0000000000400aac       0x3c build/obj/usb_console.o
                0x0000000000400aac                USBC_Configure
 .text.USBC_StartListening
                0x0000000000400ae8       0x50 build/obj/usb_console.o
                0x0000000000400ae8                USBC_StartListening
 .text.USBC_Gets
                0x0000000000400b38      0x100 build/obj/usb_console.o
                0x0000000000400b38                USBC_Gets
 .text.USBC_Puts
                0x0000000000400c38       0xb8 build/obj/usb_console.o
                0x0000000000400c38                USBC_Puts
 .text.blinkhandler
                0x0000000000400cf0       0x84 build/obj/led.o
                0x0000000000400cf0                blinkhandler
 .text.LEDs_configure
                0x0000000000400d74       0x18 build/obj/led.o
                0x0000000000400d74                LEDs_configure
 .text.LED_tgl  0x0000000000400d8c       0x90 build/obj/led.o
                0x0000000000400d8c                LED_tgl
 .text.LED_clr  0x0000000000400e1c       0x7c build/obj/led.o
                0x0000000000400e1c                LED_clr
 .text.LED_blink
                0x0000000000400e98       0x3c build/obj/led.o
                0x0000000000400e98                LED_blink
 .text.LED_blinkstop
                0x0000000000400ed4       0x28 build/obj/led.o
                0x0000000000400ed4                LED_blinkstop
 .text.LED_blinking
                0x0000000000400efc       0x28 build/obj/led.o
                0x0000000000400efc                LED_blinking
 .text.NVIC_SetPriority
                0x0000000000400f24       0x5c build/obj/timetick.o
 .text.SysTick_Config
                0x0000000000400f80       0x64 build/obj/timetick.o
 .text.SysTick_Handler
                0x0000000000400fe4       0x30 build/obj/timetick.o
                0x0000000000400fe4                SysTick_Handler
 .text.TimeTick_Configure
                0x0000000000401014       0x3c build/obj/timetick.o
                0x0000000000401014                TimeTick_Configure
 .text.GetTickCount
                0x0000000000401050       0x18 build/obj/timetick.o
                0x0000000000401050                GetTickCount
 .text.ResetException
                0x0000000000401068       0xd0 build/obj/startup.o
                0x0000000000401068                ResetException
 .text.NVIC_EnableIRQ
                0x0000000000401138       0x38 build/obj/main.o
 .text.NVIC_SetPriority
                0x0000000000401170       0x5c build/obj/main.o
 .text.main     0x00000000004011cc      0x1cc build/obj/main.o
                0x00000000004011cc                main
 .text.TC0_IrqHandler
                0x0000000000401398       0x2c build/obj/main.o
                0x0000000000401398                TC0_IrqHandler
 .text.ADC_IrqHandler
                0x00000000004013c4       0xf4 build/obj/main.o
                0x00000000004013c4                ADC_IrqHandler
 .text.init     0x00000000004014b8      0x184 build/obj/main.o
 .text.enter    0x000000000040163c      0x12c build/obj/main.o
 .text.UDP_EndOfTransfer
                0x0000000000401768       0x70 libusb/lib/libusb_sam3s_rel.a(release-USBD_HAL.o)
 .text.UDP_ClearRxFlag
                0x00000000004017d8       0x80 libusb/lib/libusb_sam3s_rel.a(release-USBD_HAL.o)
 .text.UDP_WritePayload
                0x0000000000401858       0x44 libusb/lib/libusb_sam3s_rel.a(release-USBD_HAL.o)
 .text.UDP_EnablePeripheralClock
                0x000000000040189c       0x20 libusb/lib/libusb_sam3s_rel.a(release-USBD_HAL.o)
 .text.UDP_MblWriteFifo
                0x00000000004018bc      0x128 libusb/lib/libusb_sam3s_rel.a(release-USBD_HAL.o)
 .text.USBD_IrqHandler
                0x00000000004019e4      0x5f8 libusb/lib/libusb_sam3s_rel.a(release-USBD_HAL.o)
                0x00000000004019e4                USBD_IrqHandler
 .text.USBD_HAL_ResetEPs
                0x0000000000401fdc       0xc0 libusb/lib/libusb_sam3s_rel.a(release-USBD_HAL.o)
                0x0000000000401fdc                USBD_HAL_ResetEPs
 .text.USBD_HAL_CancelIo
                0x000000000040209c       0x54 libusb/lib/libusb_sam3s_rel.a(release-USBD_HAL.o)
                0x000000000040209c                USBD_HAL_CancelIo
 .text.USBD_HAL_ConfigureEP
                0x00000000004020f0       0xf0 libusb/lib/libusb_sam3s_rel.a(release-USBD_HAL.o)
                0x00000000004020f0                USBD_HAL_ConfigureEP
 .text.USBD_HAL_SetTransferCallback
                0x00000000004021e0       0x20 libusb/lib/libusb_sam3s_rel.a(release-USBD_HAL.o)
                0x00000000004021e0                USBD_HAL_SetTransferCallback
 .text.USBD_HAL_Write
                0x0000000000402200      0x188 libusb/lib/libusb_sam3s_rel.a(release-USBD_HAL.o)
                0x0000000000402200                USBD_HAL_Write
 .text.USBD_HAL_Read
                0x0000000000402388       0x40 libusb/lib/libusb_sam3s_rel.a(release-USBD_HAL.o)
                0x0000000000402388                USBD_HAL_Read
 .text.USBD_HAL_Connect
                0x00000000004023c8       0x28 libusb/lib/libusb_sam3s_rel.a(release-USBD_HAL.o)
                0x00000000004023c8                USBD_HAL_Connect
 .text.USBD_HAL_Disconnect
                0x00000000004023f0       0x28 libusb/lib/libusb_sam3s_rel.a(release-USBD_HAL.o)
                0x00000000004023f0                USBD_HAL_Disconnect
 .text.USBD_HAL_SetAddress
                0x0000000000402418       0x1c libusb/lib/libusb_sam3s_rel.a(release-USBD_HAL.o)
                0x0000000000402418                USBD_HAL_SetAddress
 .text.USBD_HAL_SetConfiguration
                0x0000000000402434       0x18 libusb/lib/libusb_sam3s_rel.a(release-USBD_HAL.o)
                0x0000000000402434                USBD_HAL_SetConfiguration
 .text.USBD_HAL_Init
                0x000000000040244c       0x40 libusb/lib/libusb_sam3s_rel.a(release-USBD_HAL.o)
                0x000000000040244c                USBD_HAL_Init
 .text.USBD_HAL_Stall
                0x000000000040248c       0x60 libusb/lib/libusb_sam3s_rel.a(release-USBD_HAL.o)
                0x000000000040248c                USBD_HAL_Stall
 .text.USBD_HAL_Halt
                0x00000000004024ec       0xc4 libusb/lib/libusb_sam3s_rel.a(release-USBD_HAL.o)
                0x00000000004024ec                USBD_HAL_Halt
 .text.USBD_HAL_IsHighSpeed
                0x00000000004025b0        0x4 libusb/lib/libusb_sam3s_rel.a(release-USBD_HAL.o)
                0x00000000004025b0                USBD_HAL_IsHighSpeed
 .text.USBD_HAL_Suspend
                0x00000000004025b4       0x28 libusb/lib/libusb_sam3s_rel.a(release-USBD_HAL.o)
                0x00000000004025b4                USBD_HAL_Suspend
 .text.USBD_HAL_Activate
                0x00000000004025dc       0x24 libusb/lib/libusb_sam3s_rel.a(release-USBD_HAL.o)
                0x00000000004025dc                USBD_HAL_Activate
 .text.USBGenericDescriptor_GetLength
                0x0000000000402600        0x4 libusb/lib/libusb_sam3s_rel.a(release-USBDescriptors.o)
                0x0000000000402600                USBGenericDescriptor_GetLength
 .text.USBGenericDescriptor_GetType
                0x0000000000402604        0x4 libusb/lib/libusb_sam3s_rel.a(release-USBDescriptors.o)
                0x0000000000402604                USBGenericDescriptor_GetType
 .text.USBGenericDescriptor_GetNextDescriptor
                0x0000000000402608       0x10 libusb/lib/libusb_sam3s_rel.a(release-USBDescriptors.o)
                0x0000000000402608                USBGenericDescriptor_GetNextDescriptor
 .text.USBGenericDescriptor_Parse
                0x0000000000402618       0x4c libusb/lib/libusb_sam3s_rel.a(release-USBDescriptors.o)
                0x0000000000402618                USBGenericDescriptor_Parse
 .text.USBEndpointDescriptor_GetNumber
                0x0000000000402664        0x8 libusb/lib/libusb_sam3s_rel.a(release-USBDescriptors.o)
                0x0000000000402664                USBEndpointDescriptor_GetNumber
 .text.USBEndpointDescriptor_GetDirection
                0x000000000040266c        0x6 libusb/lib/libusb_sam3s_rel.a(release-USBDescriptors.o)
                0x000000000040266c                USBEndpointDescriptor_GetDirection
 .text.USBEndpointDescriptor_GetType
                0x0000000000402672        0x8 libusb/lib/libusb_sam3s_rel.a(release-USBDescriptors.o)
                0x0000000000402672                USBEndpointDescriptor_GetType
 .text.USBEndpointDescriptor_GetMaxPacketSize
                0x000000000040267a        0x4 libusb/lib/libusb_sam3s_rel.a(release-USBDescriptors.o)
                0x000000000040267a                USBEndpointDescriptor_GetMaxPacketSize
 .text.USBConfigurationDescriptor_GetTotalLength
                0x000000000040267e        0x4 libusb/lib/libusb_sam3s_rel.a(release-USBDescriptors.o)
                0x000000000040267e                USBConfigurationDescriptor_GetTotalLength
 .text.USBConfigurationDescriptor_IsSelfPowered
                0x0000000000402682        0x8 libusb/lib/libusb_sam3s_rel.a(release-USBDescriptors.o)
                0x0000000000402682                USBConfigurationDescriptor_IsSelfPowered
 *fill*         0x000000000040268a        0x2 00
 .text.USBConfigurationDescriptor_Parse
                0x000000000040268c       0x78 libusb/lib/libusb_sam3s_rel.a(release-USBDescriptors.o)
                0x000000000040268c                USBConfigurationDescriptor_Parse
 .text.USBD_SuspendHandler
                0x0000000000402704       0x24 libusb/lib/libusb_sam3s_rel.a(release-USBD.o)
                0x0000000000402704                USBD_SuspendHandler
 .text.USBD_ResumeHandler
                0x0000000000402728       0x28 libusb/lib/libusb_sam3s_rel.a(release-USBD.o)
                0x0000000000402728                USBD_ResumeHandler
 .text.USBD_RequestHandler
                0x0000000000402750       0x2c libusb/lib/libusb_sam3s_rel.a(release-USBD.o)
                0x0000000000402750                USBD_RequestHandler
 .text.USBD_ConfigureEndpoint
                0x000000000040277c        0xc libusb/lib/libusb_sam3s_rel.a(release-USBD.o)
                0x000000000040277c                USBD_ConfigureEndpoint
 .text.USBD_ResetHandler
                0x0000000000402788       0x38 libusb/lib/libusb_sam3s_rel.a(release-USBD.o)
                0x0000000000402788                USBD_ResetHandler
 .text.USBD_Write
                0x00000000004027c0       0x24 libusb/lib/libusb_sam3s_rel.a(release-USBD.o)
                0x00000000004027c0                USBD_Write
 .text.USBD_Read
                0x00000000004027e4       0x24 libusb/lib/libusb_sam3s_rel.a(release-USBD.o)
                0x00000000004027e4                USBD_Read
 .text.USBD_Halt
                0x0000000000402808       0x10 libusb/lib/libusb_sam3s_rel.a(release-USBD.o)
                0x0000000000402808                USBD_Halt
 .text.USBD_Unhalt
                0x0000000000402818       0x10 libusb/lib/libusb_sam3s_rel.a(release-USBD.o)
                0x0000000000402818                USBD_Unhalt
 .text.USBD_IsHighSpeed
                0x0000000000402828        0xc libusb/lib/libusb_sam3s_rel.a(release-USBD.o)
                0x0000000000402828                USBD_IsHighSpeed
 .text.USBD_Stall
                0x0000000000402834        0xc libusb/lib/libusb_sam3s_rel.a(release-USBD.o)
                0x0000000000402834                USBD_Stall
 .text.USBD_SetAddress
                0x0000000000402840       0x20 libusb/lib/libusb_sam3s_rel.a(release-USBD.o)
                0x0000000000402840                USBD_SetAddress
 .text.USBD_SetConfiguration
                0x0000000000402860       0x30 libusb/lib/libusb_sam3s_rel.a(release-USBD.o)
                0x0000000000402860                USBD_SetConfiguration
 .text.USBD_Connect
                0x0000000000402890        0xc libusb/lib/libusb_sam3s_rel.a(release-USBD.o)
                0x0000000000402890                USBD_Connect
 .text.USBD_Disconnect
                0x000000000040289c       0x28 libusb/lib/libusb_sam3s_rel.a(release-USBD.o)
                0x000000000040289c                USBD_Disconnect
 .text.USBD_Init
                0x00000000004028c4       0x24 libusb/lib/libusb_sam3s_rel.a(release-USBD.o)
                0x00000000004028c4                USBD_Init
 .text.USBD_GetState
                0x00000000004028e8        0xc libusb/lib/libusb_sam3s_rel.a(release-USBD.o)
                0x00000000004028e8                USBD_GetState
 .text.USBDCallbacks_Reset
                0x00000000004028f4        0x2 libusb/lib/libusb_sam3s_rel.a(release-USBDCallbacks.o)
                0x00000000004028f4                USBDCallbacks_Reset
 .text.USBDCallbacks_Suspended
                0x00000000004028f6        0x2 libusb/lib/libusb_sam3s_rel.a(release-USBDCallbacks.o)
                0x00000000004028f6                USBDCallbacks_Suspended
 .text.USBDCallbacks_Resumed
                0x00000000004028f8        0x2 libusb/lib/libusb_sam3s_rel.a(release-USBDCallbacks.o)
                0x00000000004028f8                USBDCallbacks_Resumed
 *fill*         0x00000000004028fa        0x2 00
 .text.TerminateCtrlInWithNull
                0x00000000004028fc       0x18 libusb/lib/libusb_sam3s_rel.a(release-USBDDriver.o)
 .text.USBD_GetDriver
                0x0000000000402914        0x8 libusb/lib/libusb_sam3s_rel.a(release-USBDDriver.o)
                0x0000000000402914                USBD_GetDriver
 .text.USBDDriver_Initialize
                0x000000000040291c        0xc libusb/lib/libusb_sam3s_rel.a(release-USBDDriver.o)
                0x000000000040291c                USBDDriver_Initialize
 .text.USBDDriver_GetCfgDescriptors
                0x0000000000402928       0x18 libusb/lib/libusb_sam3s_rel.a(release-USBDDriver.o)
                0x0000000000402928                USBDDriver_GetCfgDescriptors
 .text.USBDDriver_RequestHandler
                0x0000000000402940      0x3f0 libusb/lib/libusb_sam3s_rel.a(release-USBDDriver.o)
                0x0000000000402940                USBDDriver_RequestHandler
 .text.CDCDSerial_Initialize
                0x0000000000402d30       0x24 libusb/lib/libusb_sam3s_rel.a(release-CDCDSerial.o)
                0x0000000000402d30                CDCDSerial_Initialize
 .text.CDCDSerial_ConfigureFunction
                0x0000000000402d54       0x18 libusb/lib/libusb_sam3s_rel.a(release-CDCDSerial.o)
                0x0000000000402d54                CDCDSerial_ConfigureFunction
 .text.CDCDSerial_RequestHandler
                0x0000000000402d6c       0x14 libusb/lib/libusb_sam3s_rel.a(release-CDCDSerial.o)
                0x0000000000402d6c                CDCDSerial_RequestHandler
 .text.CDCDSerial_Read
                0x0000000000402d80       0x20 libusb/lib/libusb_sam3s_rel.a(release-CDCDSerial.o)
                0x0000000000402d80                CDCDSerial_Read
 .text.CDCDSerial_Write
                0x0000000000402da0       0x20 libusb/lib/libusb_sam3s_rel.a(release-CDCDSerial.o)
                0x0000000000402da0                CDCDSerial_Write
 .text.CDCDSerial_LineCodingIsToChange
                0x0000000000402dc0        0x4 libusb/lib/libusb_sam3s_rel.a(release-CDCDSerial.o)
                0x0000000000402dc0                CDCDSerial_LineCodingIsToChange
 .text.CDCDSerial_ControlLineStateChanged
                0x0000000000402dc4        0x2 libusb/lib/libusb_sam3s_rel.a(release-CDCDSerial.o)
                0x0000000000402dc4                CDCDSerial_ControlLineStateChanged
 *fill*         0x0000000000402dc6        0x2 00
 .text.CDCDSerial_EventHandler
                0x0000000000402dc8       0x34 libusb/lib/libusb_sam3s_rel.a(release-CDCDSerial.o)
 .text.USBDDriverCallbacks_InterfaceSettingChanged
                0x0000000000402dfc        0x2 libusb/lib/libusb_sam3s_rel.a(release-USBDDriverCallbacks.o)
                0x0000000000402dfc                USBDDriverCallbacks_InterfaceSettingChanged
 *fill*         0x0000000000402dfe        0x2 00
 .text.CDCDSerialDriver_Initialize
                0x0000000000402e00       0x30 libusb/lib/libusb_sam3s_rel.a(release-CDCDSerialDriver.o)
                0x0000000000402e00                CDCDSerialDriver_Initialize
 .text.CDCDSerialDriver_ConfigurationChangedHandler
                0x0000000000402e30       0x24 libusb/lib/libusb_sam3s_rel.a(release-CDCDSerialDriver.o)
                0x0000000000402e30                CDCDSerialDriver_ConfigurationChangedHandler
 .text.CDCDSerialDriver_RequestHandler
                0x0000000000402e54       0x28 libusb/lib/libusb_sam3s_rel.a(release-CDCDSerialDriver.o)
                0x0000000000402e54                CDCDSerialDriver_RequestHandler
 .text.USBGenericRequest_GetType
                0x0000000000402e7c        0xa libusb/lib/libusb_sam3s_rel.a(release-USBRequests.o)
                0x0000000000402e7c                USBGenericRequest_GetType
 .text.USBGenericRequest_GetRequest
                0x0000000000402e86        0x4 libusb/lib/libusb_sam3s_rel.a(release-USBRequests.o)
                0x0000000000402e86                USBGenericRequest_GetRequest
 .text.USBGenericRequest_GetValue
                0x0000000000402e8a        0x4 libusb/lib/libusb_sam3s_rel.a(release-USBRequests.o)
                0x0000000000402e8a                USBGenericRequest_GetValue
 .text.USBGenericRequest_GetIndex
                0x0000000000402e8e        0x4 libusb/lib/libusb_sam3s_rel.a(release-USBRequests.o)
                0x0000000000402e8e                USBGenericRequest_GetIndex
 .text.USBGenericRequest_GetLength
                0x0000000000402e92        0x4 libusb/lib/libusb_sam3s_rel.a(release-USBRequests.o)
                0x0000000000402e92                USBGenericRequest_GetLength
 *fill*         0x0000000000402e96        0x2 00
 .text.USBGenericRequest_GetEndpointNumber
                0x0000000000402e98       0x10 libusb/lib/libusb_sam3s_rel.a(release-USBRequests.o)
                0x0000000000402e98                USBGenericRequest_GetEndpointNumber
 .text.USBGenericRequest_GetRecipient
                0x0000000000402ea8        0x8 libusb/lib/libusb_sam3s_rel.a(release-USBRequests.o)
                0x0000000000402ea8                USBGenericRequest_GetRecipient
 .text.USBGenericRequest_GetDirection
                0x0000000000402eb0        0x6 libusb/lib/libusb_sam3s_rel.a(release-USBRequests.o)
                0x0000000000402eb0                USBGenericRequest_GetDirection
 *fill*         0x0000000000402eb6        0x2 00
 .text.USBGetDescriptorRequest_GetDescriptorType
                0x0000000000402eb8       0x10 libusb/lib/libusb_sam3s_rel.a(release-USBRequests.o)
                0x0000000000402eb8                USBGetDescriptorRequest_GetDescriptorType
 .text.USBGetDescriptorRequest_GetDescriptorIndex
                0x0000000000402ec8       0x10 libusb/lib/libusb_sam3s_rel.a(release-USBRequests.o)
                0x0000000000402ec8                USBGetDescriptorRequest_GetDescriptorIndex
 .text.USBSetAddressRequest_GetAddress
                0x0000000000402ed8       0x10 libusb/lib/libusb_sam3s_rel.a(release-USBRequests.o)
                0x0000000000402ed8                USBSetAddressRequest_GetAddress
 .text.USBSetConfigurationRequest_GetConfiguration
                0x0000000000402ee8       0x10 libusb/lib/libusb_sam3s_rel.a(release-USBRequests.o)
                0x0000000000402ee8                USBSetConfigurationRequest_GetConfiguration
 .text.USBInterfaceRequest_GetInterface
                0x0000000000402ef8       0x10 libusb/lib/libusb_sam3s_rel.a(release-USBRequests.o)
                0x0000000000402ef8                USBInterfaceRequest_GetInterface
 .text.USBInterfaceRequest_GetAlternateSetting
                0x0000000000402f08       0x10 libusb/lib/libusb_sam3s_rel.a(release-USBRequests.o)
                0x0000000000402f08                USBInterfaceRequest_GetAlternateSetting
 .text.USBFeatureRequest_GetFeatureSelector
                0x0000000000402f18       0x10 libusb/lib/libusb_sam3s_rel.a(release-USBRequests.o)
                0x0000000000402f18                USBFeatureRequest_GetFeatureSelector
 .text._Interfaces_Parse
                0x0000000000402f28       0xa6 libusb/lib/libusb_sam3s_rel.a(release-CDCDSerialPort.o)
 *fill*         0x0000000000402fce        0x2 00
 .text._SetLineCodingCallback
                0x0000000000402fd0       0x48 libusb/lib/libusb_sam3s_rel.a(release-CDCDSerialPort.o)
 .text.CDCDSerialPort_Initialize
                0x0000000000403018       0x34 libusb/lib/libusb_sam3s_rel.a(release-CDCDSerialPort.o)
                0x0000000000403018                CDCDSerialPort_Initialize
 .text.CDCDSerialPort_ParseInterfaces
                0x000000000040304c       0x20 libusb/lib/libusb_sam3s_rel.a(release-CDCDSerialPort.o)
                0x000000000040304c                CDCDSerialPort_ParseInterfaces
 .text.CDCDSerialPort_RequestHandler
                0x000000000040306c       0x9c libusb/lib/libusb_sam3s_rel.a(release-CDCDSerialPort.o)
                0x000000000040306c                CDCDSerialPort_RequestHandler
 .text.CDCDSerialPort_Read
                0x0000000000403108       0x18 libusb/lib/libusb_sam3s_rel.a(release-CDCDSerialPort.o)
                0x0000000000403108                CDCDSerialPort_Read
 .text.CDCDSerialPort_Write
                0x0000000000403120       0x18 libusb/lib/libusb_sam3s_rel.a(release-CDCDSerialPort.o)
                0x0000000000403120                CDCDSerialPort_Write
 .text.CDCLineCoding_Initialize
                0x0000000000403138        0xe libusb/lib/libusb_sam3s_rel.a(release-CDCLineCoding.o)
                0x0000000000403138                CDCLineCoding_Initialize
 *fill*         0x0000000000403146        0x2 00
 .text.NVIC_SetPriority
                0x0000000000403148       0x28 libchip/lib/libchip_sam3s4_rel.a(release-pio_it.o)
 .text.PioInterruptHandler
                0x0000000000403170       0x6c libchip/lib/libchip_sam3s4_rel.a(release-pio_it.o)
                0x0000000000403170                PioInterruptHandler
 .text.PIOA_IrqHandler
                0x00000000004031dc       0x24 libchip/lib/libchip_sam3s4_rel.a(release-pio_it.o)
                0x00000000004031dc                PIOA_IrqHandler
 .text.PIOB_IrqHandler
                0x0000000000403200       0x14 libchip/lib/libchip_sam3s4_rel.a(release-pio_it.o)
                0x0000000000403200                PIOB_IrqHandler
 .text.PIOC_IrqHandler
                0x0000000000403214       0x14 libchip/lib/libchip_sam3s4_rel.a(release-pio_it.o)
                0x0000000000403214                PIOC_IrqHandler
 .text.PIO_InitializeInterrupts
                0x0000000000403228       0x98 libchip/lib/libchip_sam3s4_rel.a(release-pio_it.o)
                0x0000000000403228                PIO_InitializeInterrupts
 .text.PIO_ConfigureIt
                0x00000000004032c0       0x84 libchip/lib/libchip_sam3s4_rel.a(release-pio_it.o)
                0x00000000004032c0                PIO_ConfigureIt
 .text.PIO_EnableIt
                0x0000000000403344       0x70 libchip/lib/libchip_sam3s4_rel.a(release-pio_it.o)
                0x0000000000403344                PIO_EnableIt
 .text.IrqHandlerNotUsed
                0x00000000004033b4        0x2 libchip/lib/libchip_sam3s4_rel.a(release-exceptions.o)
                0x00000000004033b4                IrqHandlerNotUsed
 .text.NMI_Handler
                0x00000000004033b6        0x2 libchip/lib/libchip_sam3s4_rel.a(release-exceptions.o)
                0x00000000004033b6                NMI_Handler
 .text.HardFault_Handler
                0x00000000004033b8        0x2 libchip/lib/libchip_sam3s4_rel.a(release-exceptions.o)
                0x00000000004033b8                HardFault_Handler
 .text.MemManage_Handler
                0x00000000004033ba        0x2 libchip/lib/libchip_sam3s4_rel.a(release-exceptions.o)
                0x00000000004033ba                MemManage_Handler
 .text.BusFault_Handler
                0x00000000004033bc        0x2 libchip/lib/libchip_sam3s4_rel.a(release-exceptions.o)
                0x00000000004033bc                BusFault_Handler
 .text.UsageFault_Handler
                0x00000000004033be        0x2 libchip/lib/libchip_sam3s4_rel.a(release-exceptions.o)
                0x00000000004033be                UsageFault_Handler
 .text.SVC_Handler
                0x00000000004033c0        0x2 libchip/lib/libchip_sam3s4_rel.a(release-exceptions.o)
                0x00000000004033c0                SVC_Handler
 .text.DebugMon_Handler
                0x00000000004033c2        0x2 libchip/lib/libchip_sam3s4_rel.a(release-exceptions.o)
                0x00000000004033c2                DebugMon_Handler
 .text.PendSV_Handler
                0x00000000004033c4        0x2 libchip/lib/libchip_sam3s4_rel.a(release-exceptions.o)
                0x00000000004033c4                PendSV_Handler
 .text.SUPC_IrqHandler
                0x00000000004033c6        0x2 libchip/lib/libchip_sam3s4_rel.a(release-exceptions.o)
                0x00000000004033c6                SUPC_IrqHandler
 .text.RSTC_IrqHandler
                0x00000000004033c8        0x2 libchip/lib/libchip_sam3s4_rel.a(release-exceptions.o)
                0x00000000004033c8                RSTC_IrqHandler
 .text.RTC_IrqHandler
                0x00000000004033ca        0x2 libchip/lib/libchip_sam3s4_rel.a(release-exceptions.o)
                0x00000000004033ca                RTC_IrqHandler
 .text.RTT_IrqHandler
                0x00000000004033cc        0x2 libchip/lib/libchip_sam3s4_rel.a(release-exceptions.o)
                0x00000000004033cc                RTT_IrqHandler
 .text.WDT_IrqHandler
                0x00000000004033ce        0x2 libchip/lib/libchip_sam3s4_rel.a(release-exceptions.o)
                0x00000000004033ce                WDT_IrqHandler
 .text.PMC_IrqHandler
                0x00000000004033d0        0x2 libchip/lib/libchip_sam3s4_rel.a(release-exceptions.o)
                0x00000000004033d0                PMC_IrqHandler
 .text.EEFC_IrqHandler
                0x00000000004033d2        0x2 libchip/lib/libchip_sam3s4_rel.a(release-exceptions.o)
                0x00000000004033d2                EEFC_IrqHandler
 .text.UART0_IrqHandler
                0x00000000004033d4        0x2 libchip/lib/libchip_sam3s4_rel.a(release-exceptions.o)
                0x00000000004033d4                UART0_IrqHandler
 .text.UART1_IrqHandler
                0x00000000004033d6        0x2 libchip/lib/libchip_sam3s4_rel.a(release-exceptions.o)
                0x00000000004033d6                UART1_IrqHandler
 .text.SMC_IrqHandler
                0x00000000004033d8        0x2 libchip/lib/libchip_sam3s4_rel.a(release-exceptions.o)
                0x00000000004033d8                SMC_IrqHandler
 .text.USART0_IrqHandler
                0x00000000004033da        0x2 libchip/lib/libchip_sam3s4_rel.a(release-exceptions.o)
                0x00000000004033da                USART0_IrqHandler
 .text.USART1_IrqHandler
                0x00000000004033dc        0x2 libchip/lib/libchip_sam3s4_rel.a(release-exceptions.o)
                0x00000000004033dc                USART1_IrqHandler
 .text.MCI_IrqHandler
                0x00000000004033de        0x2 libchip/lib/libchip_sam3s4_rel.a(release-exceptions.o)
                0x00000000004033de                MCI_IrqHandler
 .text.TWI0_IrqHandler
                0x00000000004033e0        0x2 libchip/lib/libchip_sam3s4_rel.a(release-exceptions.o)
                0x00000000004033e0                TWI0_IrqHandler
 .text.TWI1_IrqHandler
                0x00000000004033e2        0x2 libchip/lib/libchip_sam3s4_rel.a(release-exceptions.o)
                0x00000000004033e2                TWI1_IrqHandler
 .text.SPI_IrqHandler
                0x00000000004033e4        0x2 libchip/lib/libchip_sam3s4_rel.a(release-exceptions.o)
                0x00000000004033e4                SPI_IrqHandler
 .text.SSC_IrqHandler
                0x00000000004033e6        0x2 libchip/lib/libchip_sam3s4_rel.a(release-exceptions.o)
                0x00000000004033e6                SSC_IrqHandler
 .text.TC1_IrqHandler
                0x00000000004033e8        0x2 libchip/lib/libchip_sam3s4_rel.a(release-exceptions.o)
                0x00000000004033e8                TC1_IrqHandler
 .text.TC2_IrqHandler
                0x00000000004033ea        0x2 libchip/lib/libchip_sam3s4_rel.a(release-exceptions.o)
                0x00000000004033ea                TC2_IrqHandler
 .text.TC3_IrqHandler
                0x00000000004033ec        0x2 libchip/lib/libchip_sam3s4_rel.a(release-exceptions.o)
                0x00000000004033ec                TC3_IrqHandler
 .text.TC4_IrqHandler
                0x00000000004033ee        0x2 libchip/lib/libchip_sam3s4_rel.a(release-exceptions.o)
                0x00000000004033ee                TC4_IrqHandler
 .text.TC5_IrqHandler
                0x00000000004033f0        0x2 libchip/lib/libchip_sam3s4_rel.a(release-exceptions.o)
                0x00000000004033f0                TC5_IrqHandler
 .text.DAC_IrqHandler
                0x00000000004033f2        0x2 libchip/lib/libchip_sam3s4_rel.a(release-exceptions.o)
                0x00000000004033f2                DAC_IrqHandler
 .text.PWM_IrqHandler
                0x00000000004033f4        0x2 libchip/lib/libchip_sam3s4_rel.a(release-exceptions.o)
                0x00000000004033f4                PWM_IrqHandler
 .text.CRCCU_IrqHandler
                0x00000000004033f6        0x2 libchip/lib/libchip_sam3s4_rel.a(release-exceptions.o)
                0x00000000004033f6                CRCCU_IrqHandler
 .text.ACC_IrqHandler
                0x00000000004033f8        0x2 libchip/lib/libchip_sam3s4_rel.a(release-exceptions.o)
                0x00000000004033f8                ACC_IrqHandler
 *fill*         0x00000000004033fa        0x2 00
 .text.ADC_Initialize
                0x00000000004033fc       0x1c libchip/lib/libchip_sam3s4_rel.a(release-adc.o)
                0x00000000004033fc                ADC_Initialize
 .text.ADC_cfgFrequency
                0x0000000000403418       0x16 libchip/lib/libchip_sam3s4_rel.a(release-adc.o)
                0x0000000000403418                ADC_cfgFrequency
 .text.ADC_ReadBuffer
                0x000000000040342e       0x34 libchip/lib/libchip_sam3s4_rel.a(release-adc.o)
                0x000000000040342e                ADC_ReadBuffer
 *fill*         0x0000000000403462        0x2 00
 .text.PIO_Configure
                0x0000000000403464      0x14c libchip/lib/libchip_sam3s4_rel.a(release-pio.o)
                0x0000000000403464                PIO_Configure
 .text.PIO_Set  0x00000000004035b0        0x8 libchip/lib/libchip_sam3s4_rel.a(release-pio.o)
                0x00000000004035b0                PIO_Set
 .text.PIO_Clear
                0x00000000004035b8        0x8 libchip/lib/libchip_sam3s4_rel.a(release-pio.o)
                0x00000000004035b8                PIO_Clear
 .text.PIO_Get  0x00000000004035c0       0x1c libchip/lib/libchip_sam3s4_rel.a(release-pio.o)
                0x00000000004035c0                PIO_Get
 .text.PMC_EnablePeripheral
                0x00000000004035dc       0x5c libchip/lib/libchip_sam3s4_rel.a(release-pmc.o)
                0x00000000004035dc                PMC_EnablePeripheral
 .text.PMC_DisablePeripheral
                0x0000000000403638       0x58 libchip/lib/libchip_sam3s4_rel.a(release-pmc.o)
                0x0000000000403638                PMC_DisablePeripheral
 .text.PMC_IsPeriphEnabled
                0x0000000000403690       0x4c libchip/lib/libchip_sam3s4_rel.a(release-pmc.o)
                0x0000000000403690                PMC_IsPeriphEnabled
 .text.TC_Configure
                0x00000000004036dc       0x38 libchip/lib/libchip_sam3s4_rel.a(release-tc.o)
                0x00000000004036dc                TC_Configure
 .text.TC_Start
                0x0000000000403714       0x2c libchip/lib/libchip_sam3s4_rel.a(release-tc.o)
                0x0000000000403714                TC_Start
 .text.TC_FindMckDivisor
                0x0000000000403740       0x70 libchip/lib/libchip_sam3s4_rel.a(release-tc.o)
                0x0000000000403740                TC_FindMckDivisor
 .text.PIO_CaptureHandler
                0x00000000004037b0       0x60 libchip/lib/libchip_sam3s4_rel.a(release-pio_capture.o)
                0x00000000004037b0                PIO_CaptureHandler
 .text          0x0000000000403810       0x6c /usr/local/lib64/gcc/arm-none-eabi/4.5.2/../../../../arm-none-eabi/lib/libg.a(lib_a-assert.o)
                0x0000000000403810                __assert_func
                0x000000000040386c                __assert
 .text          0x000000000040387c       0x70 /usr/local/lib64/gcc/arm-none-eabi/4.5.2/../../../../arm-none-eabi/lib/libg.a(lib_a-fiprintf.o)
                0x000000000040387c                _fiprintf_r
                0x00000000004038ac                fiprintf
 .text          0x00000000004038ec       0xac /usr/local/lib64/gcc/arm-none-eabi/4.5.2/../../../../arm-none-eabi/lib/libg.a(lib_a-gets.o)
                0x00000000004038ec                _gets_r
                0x0000000000403984                gets
 .text          0x0000000000403998       0x74 /usr/local/lib64/gcc/arm-none-eabi/4.5.2/../../../../arm-none-eabi/lib/libg.a(lib_a-iprintf.o)
                0x0000000000403998                iprintf
                0x00000000004039d8                _iprintf_r
 .text          0x0000000000403a0c       0xd8 /usr/local/lib64/gcc/arm-none-eabi/4.5.2/../../../../arm-none-eabi/lib/libg.a(lib_a-memcpy.o)
                0x0000000000403a0c                memcpy
 .text          0x0000000000403ae4      0x118 /usr/local/lib64/gcc/arm-none-eabi/4.5.2/../../../../arm-none-eabi/lib/libg.a(lib_a-memmove.o)
                0x0000000000403ae4                memmove
 .text          0x0000000000403bfc       0x6c /usr/local/lib64/gcc/arm-none-eabi/4.5.2/../../../../arm-none-eabi/lib/libg.a(lib_a-rget.o)
                0x0000000000403bfc                __srget_r
                0x0000000000403c54                __srget
 .text          0x0000000000403c68       0x20 /usr/local/lib64/gcc/arm-none-eabi/4.5.2/../../../../arm-none-eabi/lib/libg.a(lib_a-setbuf.o)
                0x0000000000403c68                setbuf
 .text          0x0000000000403c88      0x178 /usr/local/lib64/gcc/arm-none-eabi/4.5.2/../../../../arm-none-eabi/lib/libg.a(lib_a-setvbuf.o)
                0x0000000000403c88                setvbuf
 .text          0x0000000000403e00      0x100 /usr/local/lib64/gcc/arm-none-eabi/4.5.2/../../../../arm-none-eabi/lib/libg.a(lib_a-siscanf.o)
                0x0000000000403e00                siscanf
                0x0000000000403e80                _siscanf_r
 .text          0x0000000000403f00       0xdc /usr/local/lib64/gcc/arm-none-eabi/4.5.2/../../../../arm-none-eabi/lib/libg.a(lib_a-stdio.o)
                0x0000000000403f00                __sread
                0x0000000000403f34                __seofread
                0x0000000000403f3c                __swrite
                0x0000000000403f94                __sseek
                0x0000000000403fc8                __sclose
 .text          0x0000000000403fdc       0x60 /usr/local/lib64/gcc/arm-none-eabi/4.5.2/../../../../arm-none-eabi/lib/libg.a(lib_a-strlen.o)
                0x0000000000403fdc                strlen
 .text          0x000000000040403c     0x1144 /usr/local/lib64/gcc/arm-none-eabi/4.5.2/../../../../arm-none-eabi/lib/libg.a(lib_a-svfiscanf.o)
                0x000000000040403c                _sungetc_r
                0x000000000040413c                __ssrefill_r
                0x00000000004041a8                _sfread_r
                0x0000000000404268                __ssvfiscanf_r
 .text          0x0000000000405180      0x24c /usr/local/lib64/gcc/arm-none-eabi/4.5.2/../../../../arm-none-eabi/lib/libg.a(lib_a-ungetc.o)
                0x0000000000405180                __submore
                0x000000000040522c                _ungetc_r
                0x00000000004053b0                ungetc
 .text          0x00000000004053cc     0x11b8 /usr/local/lib64/gcc/arm-none-eabi/4.5.2/../../../../arm-none-eabi/lib/libg.a(lib_a-vfiprintf.o)
                0x00000000004053cc                __sprint_r
                0x000000000040548c                _vfiprintf_r
                0x0000000000406558                vfiprintf
 .text          0x0000000000406584       0x44 /usr/local/lib64/gcc/arm-none-eabi/4.5.2/../../../../arm-none-eabi/lib/libg.a(lib_a-writer.o)
                0x0000000000406584                _write_r
 .text          0x00000000004065c8      0x134 /usr/local/lib64/gcc/arm-none-eabi/4.5.2/../../../../arm-none-eabi/lib/libg.a(lib_a-wsetup.o)
                0x00000000004065c8                __swsetup_r
 .text          0x00000000004066fc       0x14 /usr/local/lib64/gcc/arm-none-eabi/4.5.2/../../../../arm-none-eabi/lib/libg.a(lib_a-abort.o)
                0x00000000004066fc                abort
 .text          0x0000000000406710       0x3c /usr/local/lib64/gcc/arm-none-eabi/4.5.2/../../../../arm-none-eabi/lib/libg.a(lib_a-closer.o)
                0x0000000000406710                _close_r
 .text          0x000000000040674c      0x294 /usr/local/lib64/gcc/arm-none-eabi/4.5.2/../../../../arm-none-eabi/lib/libg.a(lib_a-fflush.o)
                0x000000000040674c                _fflush_r
                0x00000000004069a0                fflush
 .text          0x00000000004069e0      0x334 /usr/local/lib64/gcc/arm-none-eabi/4.5.2/../../../../arm-none-eabi/lib/libg.a(lib_a-findfp.o)
                0x00000000004069f0                _cleanup_r
                0x0000000000406a08                __sfmoreglue
                0x0000000000406a50                _cleanup
                0x0000000000406a60                __sinit
                0x0000000000406bc8                __sfp
                0x0000000000406cbc                __sfp_lock_acquire
                0x0000000000406cc0                __sfp_lock_release
                0x0000000000406cc4                __sinit_lock_acquire
                0x0000000000406cc8                __sinit_lock_release
                0x0000000000406ccc                __fp_lock_all
                0x0000000000406cf0                __fp_unlock_all
 .text          0x0000000000406d14      0x1a8 /usr/local/lib64/gcc/arm-none-eabi/4.5.2/../../../../arm-none-eabi/lib/libg.a(lib_a-fputwc.o)
                0x0000000000406d14                _fputwc_r
                0x0000000000406e70                fputwc
 .text          0x0000000000406ebc      0x360 /usr/local/lib64/gcc/arm-none-eabi/4.5.2/../../../../arm-none-eabi/lib/libg.a(lib_a-freer.o)
                0x0000000000406ebc                _malloc_trim_r
                0x0000000000406fb8                _free_r
 .text          0x000000000040721c      0x4b0 /usr/local/lib64/gcc/arm-none-eabi/4.5.2/../../../../arm-none-eabi/lib/libg.a(lib_a-fvwrite.o)
                0x000000000040721c                __sfvwrite_r
 .text          0x00000000004076cc      0x10c /usr/local/lib64/gcc/arm-none-eabi/4.5.2/../../../../arm-none-eabi/lib/libg.a(lib_a-fwalk.o)
                0x00000000004076cc                _fwalk
                0x0000000000407750                _fwalk_reent
 .text          0x00000000004077d8       0x24 /usr/local/lib64/gcc/arm-none-eabi/4.5.2/../../../../arm-none-eabi/lib/libg.a(lib_a-iswspace.o)
                0x00000000004077d8                iswspace
 .text          0x00000000004077fc       0xd0 /usr/local/lib64/gcc/arm-none-eabi/4.5.2/../../../../arm-none-eabi/lib/libg.a(lib_a-locale.o)
                0x00000000004077fc                _setlocale_r
                0x0000000000407868                __locale_charset
                0x0000000000407874                __locale_mb_cur_max
                0x0000000000407884                __locale_msgcharset
                0x0000000000407890                __locale_cjk_lang
                0x0000000000407898                _localeconv_r
                0x00000000004078a4                setlocale
                0x00000000004078c0                localeconv
 .text          0x00000000004078cc       0x44 /usr/local/lib64/gcc/arm-none-eabi/4.5.2/../../../../arm-none-eabi/lib/libg.a(lib_a-lseekr.o)
                0x00000000004078cc                _lseek_r
 .text          0x0000000000407910      0x164 /usr/local/lib64/gcc/arm-none-eabi/4.5.2/../../../../arm-none-eabi/lib/libg.a(lib_a-makebuf.o)
                0x0000000000407910                __smakebuf_r
 .text          0x0000000000407a74       0x40 /usr/local/lib64/gcc/arm-none-eabi/4.5.2/../../../../arm-none-eabi/lib/libg.a(lib_a-malloc.o)
                0x0000000000407a74                malloc
                0x0000000000407a94                free
 .text          0x0000000000407ab4      0x70c /usr/local/lib64/gcc/arm-none-eabi/4.5.2/../../../../arm-none-eabi/lib/libg.a(lib_a-mallocr.o)
                0x0000000000407ab4                _malloc_r
 .text          0x00000000004081c0      0x14c /usr/local/lib64/gcc/arm-none-eabi/4.5.2/../../../../arm-none-eabi/lib/libg.a(lib_a-mbrtowc.o)
                0x00000000004081c0                _mbrtowc_r
                0x000000000040825c                mbrtowc
 .text          0x000000000040830c       0x98 /usr/local/lib64/gcc/arm-none-eabi/4.5.2/../../../../arm-none-eabi/lib/libg.a(lib_a-mbtowc_r.o)
                0x000000000040830c                __ascii_mbtowc
                0x0000000000408350                _mbtowc_r
 .text          0x00000000004083a4      0x100 /usr/local/lib64/gcc/arm-none-eabi/4.5.2/../../../../arm-none-eabi/lib/libg.a(lib_a-memchr.o)
                0x00000000004083a4                memchr
 .text          0x00000000004084a4        0x8 /usr/local/lib64/gcc/arm-none-eabi/4.5.2/../../../../arm-none-eabi/lib/libg.a(lib_a-mlock.o)
                0x00000000004084a4                __malloc_lock
                0x00000000004084a8                __malloc_unlock
 .text          0x00000000004084ac       0x44 /usr/local/lib64/gcc/arm-none-eabi/4.5.2/../../../../arm-none-eabi/lib/libg.a(lib_a-readr.o)
                0x00000000004084ac                _read_r
 .text          0x00000000004084f0      0x5c0 /usr/local/lib64/gcc/arm-none-eabi/4.5.2/../../../../arm-none-eabi/lib/libg.a(lib_a-reallocr.o)
                0x00000000004084f0                _realloc_r
 .text          0x0000000000408ab0      0x1c4 /usr/local/lib64/gcc/arm-none-eabi/4.5.2/../../../../arm-none-eabi/lib/libg.a(lib_a-refill.o)
                0x0000000000408ad8                __srefill_r
 .text          0x0000000000408c74       0x40 /usr/local/lib64/gcc/arm-none-eabi/4.5.2/../../../../arm-none-eabi/lib/libg.a(lib_a-sbrkr.o)
                0x0000000000408c74                _sbrk_r
 .text          0x0000000000408cb4       0xc4 /usr/local/lib64/gcc/arm-none-eabi/4.5.2/../../../../arm-none-eabi/lib/libg.a(lib_a-sccl.o)
                0x0000000000408cb4                __sccl
 .text          0x0000000000408d78      0x238 /usr/local/lib64/gcc/arm-none-eabi/4.5.2/../../../../arm-none-eabi/lib/libg.a(lib_a-signal.o)
                0x0000000000408d78                _init_signal_r
                0x0000000000408dcc                _signal_r
                0x0000000000408e34                _raise_r
                0x0000000000408ec8                __sigtramp_r
                0x0000000000408f5c                raise
                0x0000000000408f70                signal
                0x0000000000408f8c                _init_signal
                0x0000000000408f9c                __sigtramp
 .text          0x0000000000408fb0       0x50 /usr/local/lib64/gcc/arm-none-eabi/4.5.2/../../../../arm-none-eabi/lib/libg.a(lib_a-signalr.o)
                0x0000000000408fb0                _kill_r
                0x0000000000408ff0                _getpid_r
 .text          0x0000000000409000      0x230 /usr/local/lib64/gcc/arm-none-eabi/4.5.2/../../../../arm-none-eabi/lib/libg.a(lib_a-strcmp.o)
                0x0000000000409000                strcmp
 .text          0x0000000000409230      0x1ec /usr/local/lib64/gcc/arm-none-eabi/4.5.2/../../../../arm-none-eabi/lib/libg.a(lib_a-strtol.o)
                0x0000000000409230                _strtol_r
                0x00000000004093f0                strtol
 .text          0x000000000040941c      0x1e8 /usr/local/lib64/gcc/arm-none-eabi/4.5.2/../../../../arm-none-eabi/lib/libg.a(lib_a-strtoul.o)
                0x000000000040941c                _strtoul_r
                0x00000000004095d8                strtoul
 .text          0x0000000000409604      0x15c /usr/local/lib64/gcc/arm-none-eabi/4.5.2/../../../../arm-none-eabi/lib/libg.a(lib_a-wbuf.o)
                0x0000000000409604                __swbuf_r
                0x0000000000409744                __swbuf
 .text          0x0000000000409760      0x13c /usr/local/lib64/gcc/arm-none-eabi/4.5.2/../../../../arm-none-eabi/lib/libg.a(lib_a-wcrtomb.o)
                0x0000000000409760                _wcrtomb_r
                0x00000000004097f4                wcrtomb
 .text          0x000000000040989c       0x7c /usr/local/lib64/gcc/arm-none-eabi/4.5.2/../../../../arm-none-eabi/lib/libg.a(lib_a-wctomb_r.o)
                0x000000000040989c                __ascii_wctomb
                0x00000000004098c8                _wctomb_r
 .text          0x0000000000409918      0x10c /usr/local/lib64/gcc/arm-none-eabi/4.5.2/../../../../arm-none-eabi/lib/libg.a(lib_a-fclose.o)
                0x0000000000409918                _fclose_r
                0x0000000000409a10                fclose
 .text          0x0000000000409a24       0x40 /usr/local/lib64/gcc/arm-none-eabi/4.5.2/../../../../arm-none-eabi/lib/libg.a(lib_a-fstatr.o)
                0x0000000000409a24                _fstat_r
 .text          0x0000000000409a64       0x3c /usr/local/lib64/gcc/arm-none-eabi/4.5.2/../../../../arm-none-eabi/lib/libg.a(lib_a-isattyr.o)
                0x0000000000409a64                _isatty_r
 .text          0x0000000000409aa0      0x278 /usr/local/lib64/gcc/arm-none-eabi/4.5.2/thumb/v7/libgcc.a(_udivsi3.o)
                0x0000000000409aa0                __udivsi3
                0x0000000000409aa0                __aeabi_uidiv
                0x0000000000409cfc                __aeabi_uidivmod
 .text          0x0000000000409d18        0x4 /usr/local/lib64/gcc/arm-none-eabi/4.5.2/thumb/v7/libgcc.a(_dvmd_tls.o)
                0x0000000000409d18                __aeabi_ldiv0
                0x0000000000409d18                __aeabi_idiv0
 *(.glue_7t)
 .glue_7t       0x0000000000000000        0x0 linker stubs
 *(.glue_7)
 .glue_7        0x0000000000000000        0x0 linker stubs
 *(.rodata .rodata* .gnu.linkonce.r.*)
 .rodata        0x0000000000409d1c        0x4 /usr/local/lib64/gcc/arm-none-eabi/4.5.2/../../../../arm-none-eabi/lib/libc.a(lib_a-impure.o)
                0x0000000000409d1c                _global_impure_ptr
 .rodata.str1.4
                0x0000000000409d20        0x2 /usr/local/lib64/gcc/arm-none-eabi/4.5.2/../../../../arm-none-eabi/lib/libc.a(lib_a-impure.o)
                                          0x4 (size before relaxing)
 *fill*         0x0000000000409d22        0x2 00
 .rodata        0x0000000000409d24       0x1c build/obj/syscalls.o
 .rodata        0x0000000000409d40        0xc build/obj/uart_console.o
 .rodata        0x0000000000409d4c      0x124 build/obj/usb_console.o
 .rodata        0x0000000000409e70       0x54 build/obj/led.o
 .rodata        0x0000000000409ec4       0xa0 build/obj/usb_device_descriptor.o
                0x0000000000409ec4                deviceDescriptor
                0x0000000000409ed8                configurationDescriptorsFS
                0x0000000000409f1c                languageIdStringDescriptor
                0x0000000000409f20                productStringDescriptor
                0x0000000000409f3c                cdcdSerialDriverDescriptors
 .rodata        0x0000000000409f64      0x194 build/obj/main.o
 .rodata.str1.1
                0x000000000040a0f8       0x69 libusb/lib/libusb_sam3s_rel.a(release-USBD_HAL.o)
                                         0x6b (size before relaxing)
 .rodata.str1.1
                0x000000000040a161       0x30 libusb/lib/libusb_sam3s_rel.a(release-USBD.o)
 .rodata.str1.1
                0x000000000040a191       0xef libusb/lib/libusb_sam3s_rel.a(release-USBDDriver.o)
 .rodata        0x000000000040a280       0x3f libchip/lib/libchip_sam3s4_rel.a(release-pio_it.o)
 .rodata.str1.1
                0x000000000040a2bf       0x67 libchip/lib/libchip_sam3s4_rel.a(release-pio_it.o)
 .rodata        0x000000000040a326       0x3f libchip/lib/libchip_sam3s4_rel.a(release-pmc.o)
 .rodata.str1.1
                0x000000000040a365       0x17 libchip/lib/libchip_sam3s4_rel.a(release-pmc.o)
 .rodata        0x000000000040a37c       0x1e libchip/lib/libchip_sam3s4_rel.a(release-tc.o)
 .rodata.str1.1
                0x000000000040a39a       0x51 libchip/lib/libchip_sam3s4_rel.a(release-tc.o)
 *fill*         0x000000000040a3eb        0x1 00
 .rodata.str1.4
                0x000000000040a3ec       0x3f /usr/local/lib64/gcc/arm-none-eabi/4.5.2/../../../../arm-none-eabi/lib/libg.a(lib_a-assert.o)
                                         0x44 (size before relaxing)
 *fill*         0x000000000040a42b        0x1 00
 .rodata        0x000000000040a42c       0x24 /usr/local/lib64/gcc/arm-none-eabi/4.5.2/../../../../arm-none-eabi/lib/libg.a(lib_a-svfiscanf.o)
 .rodata        0x000000000040a450       0x20 /usr/local/lib64/gcc/arm-none-eabi/4.5.2/../../../../arm-none-eabi/lib/libg.a(lib_a-vfiprintf.o)
 .rodata.str1.4
                0x000000000040a470       0x2f /usr/local/lib64/gcc/arm-none-eabi/4.5.2/../../../../arm-none-eabi/lib/libg.a(lib_a-vfiprintf.o)
                                         0x30 (size before relaxing)
 *fill*         0x000000000040a49f        0x1 00
 .rodata        0x000000000040a4a0      0x104 /usr/local/lib64/gcc/arm-none-eabi/4.5.2/../../../../arm-none-eabi/lib/libg.a(lib_a-ctype_.o)
                0x000000000040a4a0                _ctype_
 .rodata.str1.4
                0x000000000040a5a4        0xc /usr/local/lib64/gcc/arm-none-eabi/4.5.2/../../../../arm-none-eabi/lib/libg.a(lib_a-locale.o)
                                         0x14 (size before relaxing)
 .rodata.str1.4
                0x0000000000000000        0x4 /usr/local/lib64/gcc/arm-none-eabi/4.5.2/../../../../arm-none-eabi/lib/libg.a(lib_a-mbrtowc.o)
 *(.ARM.extab* .gnu.linkonce.armextab.*)
                0x000000000040a5b0                . = ALIGN (0x4)
 *(.init)
 .init          0x000000000040a5b0        0x4 /usr/local/lib64/gcc/arm-none-eabi/4.5.2/thumb/v7/crti.o
                0x000000000040a5b0                _init
 .init          0x000000000040a5b4        0x8 /usr/local/lib64/gcc/arm-none-eabi/4.5.2/thumb/v7/crtn.o
                0x000000000040a5bc                . = ALIGN (0x4)
                0x000000000040a5bc                __preinit_array_start = .
 *(.preinit_array)
                0x000000000040a5bc                __preinit_array_end = .
                0x000000000040a5bc                . = ALIGN (0x4)
                0x000000000040a5bc                __init_array_start = .
 *(SORT(.init_array.*))
 *(.init_array)
 .init_array    0x000000000040a5bc        0x4 /usr/local/lib64/gcc/arm-none-eabi/4.5.2/thumb/v7/crtbegin.o
                0x000000000040a5c0                __init_array_end = .
                0x000000000040a5c0                . = ALIGN (0x4)
 *crtbegin.o(.ctors)
 *(EXCLUDE_FILE(*crtend.o) .ctors)
 *(SORT(.ctors.*))
 *crtend.o(.ctors)
                0x000000000040a5c0                . = ALIGN (0x4)
 *(.fini)
 .fini          0x000000000040a5c0        0x4 /usr/local/lib64/gcc/arm-none-eabi/4.5.2/thumb/v7/crti.o
                0x000000000040a5c0                _fini
 .fini          0x000000000040a5c4        0x8 /usr/local/lib64/gcc/arm-none-eabi/4.5.2/thumb/v7/crtn.o
                0x000000000040a5cc                . = ALIGN (0x4)
                0x000000000040a5cc                __fini_array_start = .
 *(.fini_array)
 .fini_array    0x000000000040a5cc        0x4 /usr/local/lib64/gcc/arm-none-eabi/4.5.2/thumb/v7/crtbegin.o
 *(SORT(.fini_array.*))
                0x000000000040a5d0                __fini_array_end = .
 *crtbegin.o(.dtors)
 *(EXCLUDE_FILE(*crtend.o) .dtors)
 *(SORT(.dtors.*))
 *crtend.o(.dtors)
                0x000000000040a5d0                . = ALIGN (0x4)
                0x000000000040a5d0                _efixed = .
                0x000000000040a5d0                PROVIDE (__exidx_start, .)

.jcr            0x000000000040a5d0        0x0
 .jcr           0x000000000040a5d0        0x0 /usr/local/lib64/gcc/arm-none-eabi/4.5.2/thumb/v7/crtbegin.o

.vfp11_veneer   0x000000000040a5d0        0x0
 .vfp11_veneer  0x0000000000000000        0x0 linker stubs

.v4_bx          0x000000000040a5d0        0x0
 .v4_bx         0x0000000000000000        0x0 linker stubs

.ARM.exidx
 *(.ARM.exidx* .gnu.linkonce.armexidx.*)
                0x000000000040a5d0                PROVIDE (__exidx_end, .)
                0x000000000040a5d0                . = ALIGN (0x4)
                0x000000000040a5d0                _etext = .

.relocate       0x0000000020000000      0x8e0 load address 0x000000000040a5d0
                0x0000000020000000                . = ALIGN (0x4)
                0x0000000020000000                _srelocate = .
 *(.ramfunc .ramfunc.*)
 *(.data .data.*)
 .data          0x0000000020000000      0x430 /usr/local/lib64/gcc/arm-none-eabi/4.5.2/../../../../arm-none-eabi/lib/libc.a(lib_a-impure.o)
                0x0000000020000000                _impure_ptr
 .data          0x0000000020000430        0x4 build/obj/system.o
                0x0000000020000430                SystemCoreClock
 .data          0x0000000020000434        0x4 build/obj/uart_console.o
 .data          0x0000000020000438        0x4 build/obj/usb_console.o
 .data          0x000000002000043c        0x8 build/obj/usb_device_descriptor.o
                0x000000002000043c                stringDescriptors
 .data          0x0000000020000444        0x1 build/obj/main.o
                0x0000000020000444                _state
 *fill*         0x0000000020000445        0x3 00
 .data          0x0000000020000448        0x4 /usr/local/lib64/gcc/arm-none-eabi/4.5.2/../../../../arm-none-eabi/lib/libg.a(lib_a-ctype_.o)
                0x0000000020000448                __ctype_ptr__
 .data          0x000000002000044c       0x7c /usr/local/lib64/gcc/arm-none-eabi/4.5.2/../../../../arm-none-eabi/lib/libg.a(lib_a-locale.o)
                0x000000002000046c                __mb_cur_max
 .data          0x00000000200004c8      0x410 /usr/local/lib64/gcc/arm-none-eabi/4.5.2/../../../../arm-none-eabi/lib/libg.a(lib_a-mallocr.o)
                0x00000000200004c8                __malloc_av_
                0x00000000200008d0                __malloc_sbrk_base
                0x00000000200008d4                __malloc_trim_threshold
 .data          0x00000000200008d8        0x4 /usr/local/lib64/gcc/arm-none-eabi/4.5.2/../../../../arm-none-eabi/lib/libg.a(lib_a-mbtowc_r.o)
                0x00000000200008d8                __mbtowc
 .data          0x00000000200008dc        0x4 /usr/local/lib64/gcc/arm-none-eabi/4.5.2/../../../../arm-none-eabi/lib/libg.a(lib_a-wctomb_r.o)
                0x00000000200008dc                __wctomb
                0x00000000200008e0                . = ALIGN (0x4)
                0x00000000200008e0                _erelocate = .

.bss            0x00000000200008e0      0x2d0 load address 0x000000000040aeb0
                0x00000000200008e0                . = ALIGN (0x4)
                0x00000000200008e0                _sbss = .
                0x00000000200008e0                _szero = .
 *(.bss .bss.*)
 .bss           0x00000000200008e0        0x1 /usr/local/lib64/gcc/arm-none-eabi/4.5.2/thumb/v7/crtbegin.o
 *fill*         0x00000000200008e1        0x3 00
 .bss           0x00000000200008e4        0x4 build/obj/syscalls.o
 .bss           0x00000000200008e8        0x1 build/obj/uart_console.o
 *fill*         0x00000000200008e9        0x3 00
 .bss           0x00000000200008ec      0x10c build/obj/usb_console.o
 .bss           0x00000000200009f8        0x8 build/obj/led.o
 .bss           0x0000000020000a00        0x4 build/obj/timetick.o
 .bss           0x0000000020000a04       0x1c build/obj/main.o
                0x0000000020000a04                current
                0x0000000020000a0c                previous
                0x0000000020000a14                next
 .bss           0x0000000020000a20       0xe0 libusb/lib/libusb_sam3s_rel.a(release-USBD_HAL.o)
 .bss           0x0000000020000b00        0x2 libusb/lib/libusb_sam3s_rel.a(release-USBD.o)
 *fill*         0x0000000020000b02        0x2 00
 .bss           0x0000000020000b04       0x10 libusb/lib/libusb_sam3s_rel.a(release-USBDDriver.o)
 .bss           0x0000000020000b14       0x1c libusb/lib/libusb_sam3s_rel.a(release-CDCDSerial.o)
 .bss           0x0000000020000b30        0x7 libusb/lib/libusb_sam3s_rel.a(release-CDCDSerialPort.o)
 *fill*         0x0000000020000b37        0x1 00
 .bss           0x0000000020000b38       0x3c libchip/lib/libchip_sam3s4_rel.a(release-pio_it.o)
 .bss           0x0000000020000b74        0x4 libchip/lib/libchip_sam3s4_rel.a(release-pio_capture.o)
 .bss           0x0000000020000b78       0x34 /usr/local/lib64/gcc/arm-none-eabi/4.5.2/../../../../arm-none-eabi/lib/libg.a(lib_a-mallocr.o)
                0x0000000020000b78                __malloc_top_pad
                0x0000000020000b7c                __malloc_current_mallinfo
                0x0000000020000ba4                __malloc_max_sbrked_mem
                0x0000000020000ba8                __malloc_max_total_mem
 *(COMMON)
 COMMON         0x0000000020000bac        0x4 /usr/local/lib64/gcc/arm-none-eabi/4.5.2/../../../../arm-none-eabi/lib/libg.a(lib_a-reent.o)
                0x0000000020000bac                errno
                0x0000000020000bb0                . = ALIGN (0x4)
                0x0000000020000bb0                _ebss = .
                0x0000000020000bb0                _ezero = .

.stack          0x0000000020000bb0     0x1000 load address 0x000000000040b180
                0x0000000020000bb0                . = ALIGN (0x8)
 *(.stack .stack.*)
 .stack         0x0000000020000bb0     0x1000 build/obj/startup.o
                0x0000000020000bb0                pdwStack
                0x0000000020001bb0                . = ALIGN (0x4)
                0x0000000020001bb0                _end = .
OUTPUT(build/bin/project.elf elf32-littlearm)

.ARM.attributes
                0x0000000000000000       0x29
 .ARM.attributes
                0x0000000000000000       0x1b /usr/local/lib64/gcc/arm-none-eabi/4.5.2/thumb/v7/crti.o
 .ARM.attributes
                0x000000000000001b       0x2b /usr/local/lib64/gcc/arm-none-eabi/4.5.2/thumb/v7/crtbegin.o
 .ARM.attributes
                0x0000000000000046       0x16 /usr/local/lib64/gcc/arm-none-eabi/4.5.2/../../../../arm-none-eabi/lib/crt0.o
 .ARM.attributes
                0x000000000000005c       0x34 /usr/local/lib64/gcc/arm-none-eabi/4.5.2/../../../../arm-none-eabi/lib/libc.a(lib_a-atexit.o)
 .ARM.attributes
                0x0000000000000090       0x34 /usr/local/lib64/gcc/arm-none-eabi/4.5.2/../../../../arm-none-eabi/lib/libc.a(lib_a-__atexit.o)
 .ARM.attributes
                0x00000000000000c4       0x34 /usr/local/lib64/gcc/arm-none-eabi/4.5.2/../../../../arm-none-eabi/lib/libc.a(lib_a-exit.o)
 .ARM.attributes
                0x00000000000000f8       0x34 /usr/local/lib64/gcc/arm-none-eabi/4.5.2/../../../../arm-none-eabi/lib/libc.a(lib_a-fini.o)
 .ARM.attributes
                0x000000000000012c       0x34 /usr/local/lib64/gcc/arm-none-eabi/4.5.2/../../../../arm-none-eabi/lib/libc.a(lib_a-impure.o)
 .ARM.attributes
                0x0000000000000160       0x34 /usr/local/lib64/gcc/arm-none-eabi/4.5.2/../../../../arm-none-eabi/lib/libc.a(lib_a-init.o)
 .ARM.attributes
                0x0000000000000194       0x34 /usr/local/lib64/gcc/arm-none-eabi/4.5.2/../../../../arm-none-eabi/lib/libc.a(lib_a-memset.o)
 .ARM.attributes
                0x00000000000001c8       0x34 /usr/local/lib64/gcc/arm-none-eabi/4.5.2/../../../../arm-none-eabi/lib/libc.a(lib_a-__call_atexit.o)
 .ARM.attributes
                0x00000000000001fc       0x33 build/obj/syscalls.o
 .ARM.attributes
                0x000000000000022f       0x33 build/obj/system.o
 .ARM.attributes
                0x0000000000000262       0x33 build/obj/uart_console.o
 .ARM.attributes
                0x0000000000000295       0x33 build/obj/usb_console.o
 .ARM.attributes
                0x00000000000002c8       0x33 build/obj/led.o
 .ARM.attributes
                0x00000000000002fb       0x33 build/obj/timetick.o
 .ARM.attributes
                0x000000000000032e       0x33 build/obj/startup.o
 .ARM.attributes
                0x0000000000000361       0x33 build/obj/usb_device_descriptor.o
 .ARM.attributes
                0x0000000000000394       0x31 build/obj/main.o
 .ARM.attributes
                0x00000000000003c5       0x33 libusb/lib/libusb_sam3s_rel.a(release-USBD_HAL.o)
 .ARM.attributes
                0x00000000000003f8       0x33 libusb/lib/libusb_sam3s_rel.a(release-USBDescriptors.o)
 .ARM.attributes
                0x000000000000042b       0x33 libusb/lib/libusb_sam3s_rel.a(release-USBD.o)
 .ARM.attributes
                0x000000000000045e       0x33 libusb/lib/libusb_sam3s_rel.a(release-USBDCallbacks.o)
 .ARM.attributes
                0x0000000000000491       0x33 libusb/lib/libusb_sam3s_rel.a(release-USBDDriver.o)
 .ARM.attributes
                0x00000000000004c4       0x33 libusb/lib/libusb_sam3s_rel.a(release-CDCDSerial.o)
 .ARM.attributes
                0x00000000000004f7       0x33 libusb/lib/libusb_sam3s_rel.a(release-USBDDriverCallbacks.o)
 .ARM.attributes
                0x000000000000052a       0x33 libusb/lib/libusb_sam3s_rel.a(release-CDCDSerialDriver.o)
 .ARM.attributes
                0x000000000000055d       0x33 libusb/lib/libusb_sam3s_rel.a(release-USBRequests.o)
 .ARM.attributes
                0x0000000000000590       0x33 libusb/lib/libusb_sam3s_rel.a(release-CDCDSerialPort.o)
 .ARM.attributes
                0x00000000000005c3       0x33 libusb/lib/libusb_sam3s_rel.a(release-CDCLineCoding.o)
 .ARM.attributes
                0x00000000000005f6       0x33 libchip/lib/libchip_sam3s4_rel.a(release-pio_it.o)
 .ARM.attributes
                0x0000000000000629       0x33 libchip/lib/libchip_sam3s4_rel.a(release-exceptions.o)
 .ARM.attributes
                0x000000000000065c       0x33 libchip/lib/libchip_sam3s4_rel.a(release-adc.o)
 .ARM.attributes
                0x000000000000068f       0x33 libchip/lib/libchip_sam3s4_rel.a(release-pio.o)
 .ARM.attributes
                0x00000000000006c2       0x33 libchip/lib/libchip_sam3s4_rel.a(release-pmc.o)
 .ARM.attributes
                0x00000000000006f5       0x33 libchip/lib/libchip_sam3s4_rel.a(release-tc.o)
 .ARM.attributes
                0x0000000000000728       0x33 libchip/lib/libchip_sam3s4_rel.a(release-pio_capture.o)
 .ARM.attributes
                0x000000000000075b       0x34 /usr/local/lib64/gcc/arm-none-eabi/4.5.2/../../../../arm-none-eabi/lib/libg.a(lib_a-assert.o)
 .ARM.attributes
                0x000000000000078f       0x34 /usr/local/lib64/gcc/arm-none-eabi/4.5.2/../../../../arm-none-eabi/lib/libg.a(lib_a-fiprintf.o)
 .ARM.attributes
                0x00000000000007c3       0x34 /usr/local/lib64/gcc/arm-none-eabi/4.5.2/../../../../arm-none-eabi/lib/libg.a(lib_a-gets.o)
 .ARM.attributes
                0x00000000000007f7       0x34 /usr/local/lib64/gcc/arm-none-eabi/4.5.2/../../../../arm-none-eabi/lib/libg.a(lib_a-iprintf.o)
 .ARM.attributes
                0x000000000000082b       0x34 /usr/local/lib64/gcc/arm-none-eabi/4.5.2/../../../../arm-none-eabi/lib/libg.a(lib_a-memcpy.o)
 .ARM.attributes
                0x000000000000085f       0x34 /usr/local/lib64/gcc/arm-none-eabi/4.5.2/../../../../arm-none-eabi/lib/libg.a(lib_a-memmove.o)
 .ARM.attributes
                0x0000000000000893       0x34 /usr/local/lib64/gcc/arm-none-eabi/4.5.2/../../../../arm-none-eabi/lib/libg.a(lib_a-reent.o)
 .ARM.attributes
                0x00000000000008c7       0x34 /usr/local/lib64/gcc/arm-none-eabi/4.5.2/../../../../arm-none-eabi/lib/libg.a(lib_a-rget.o)
 .ARM.attributes
                0x00000000000008fb       0x34 /usr/local/lib64/gcc/arm-none-eabi/4.5.2/../../../../arm-none-eabi/lib/libg.a(lib_a-setbuf.o)
 .ARM.attributes
                0x000000000000092f       0x34 /usr/local/lib64/gcc/arm-none-eabi/4.5.2/../../../../arm-none-eabi/lib/libg.a(lib_a-setvbuf.o)
 .ARM.attributes
                0x0000000000000963       0x34 /usr/local/lib64/gcc/arm-none-eabi/4.5.2/../../../../arm-none-eabi/lib/libg.a(lib_a-siscanf.o)
 .ARM.attributes
                0x0000000000000997       0x34 /usr/local/lib64/gcc/arm-none-eabi/4.5.2/../../../../arm-none-eabi/lib/libg.a(lib_a-stdio.o)
 .ARM.attributes
                0x00000000000009cb       0x34 /usr/local/lib64/gcc/arm-none-eabi/4.5.2/../../../../arm-none-eabi/lib/libg.a(lib_a-strlen.o)
 .ARM.attributes
                0x00000000000009ff       0x34 /usr/local/lib64/gcc/arm-none-eabi/4.5.2/../../../../arm-none-eabi/lib/libg.a(lib_a-svfiscanf.o)
 .ARM.attributes
                0x0000000000000a33       0x34 /usr/local/lib64/gcc/arm-none-eabi/4.5.2/../../../../arm-none-eabi/lib/libg.a(lib_a-ungetc.o)
 .ARM.attributes
                0x0000000000000a67       0x34 /usr/local/lib64/gcc/arm-none-eabi/4.5.2/../../../../arm-none-eabi/lib/libg.a(lib_a-vfiprintf.o)
 .ARM.attributes
                0x0000000000000a9b       0x34 /usr/local/lib64/gcc/arm-none-eabi/4.5.2/../../../../arm-none-eabi/lib/libg.a(lib_a-writer.o)
 .ARM.attributes
                0x0000000000000acf       0x34 /usr/local/lib64/gcc/arm-none-eabi/4.5.2/../../../../arm-none-eabi/lib/libg.a(lib_a-wsetup.o)
 .ARM.attributes
                0x0000000000000b03       0x34 /usr/local/lib64/gcc/arm-none-eabi/4.5.2/../../../../arm-none-eabi/lib/libg.a(lib_a-abort.o)
 .ARM.attributes
                0x0000000000000b37       0x34 /usr/local/lib64/gcc/arm-none-eabi/4.5.2/../../../../arm-none-eabi/lib/libg.a(lib_a-closer.o)
 .ARM.attributes
                0x0000000000000b6b       0x34 /usr/local/lib64/gcc/arm-none-eabi/4.5.2/../../../../arm-none-eabi/lib/libg.a(lib_a-ctype_.o)
 .ARM.attributes
                0x0000000000000b9f       0x34 /usr/local/lib64/gcc/arm-none-eabi/4.5.2/../../../../arm-none-eabi/lib/libg.a(lib_a-fflush.o)
 .ARM.attributes
                0x0000000000000bd3       0x34 /usr/local/lib64/gcc/arm-none-eabi/4.5.2/../../../../arm-none-eabi/lib/libg.a(lib_a-findfp.o)
 .ARM.attributes
                0x0000000000000c07       0x34 /usr/local/lib64/gcc/arm-none-eabi/4.5.2/../../../../arm-none-eabi/lib/libg.a(lib_a-fputwc.o)
 .ARM.attributes
                0x0000000000000c3b       0x34 /usr/local/lib64/gcc/arm-none-eabi/4.5.2/../../../../arm-none-eabi/lib/libg.a(lib_a-freer.o)
 .ARM.attributes
                0x0000000000000c6f       0x34 /usr/local/lib64/gcc/arm-none-eabi/4.5.2/../../../../arm-none-eabi/lib/libg.a(lib_a-fvwrite.o)
 .ARM.attributes
                0x0000000000000ca3       0x34 /usr/local/lib64/gcc/arm-none-eabi/4.5.2/../../../../arm-none-eabi/lib/libg.a(lib_a-fwalk.o)
 .ARM.attributes
                0x0000000000000cd7       0x34 /usr/local/lib64/gcc/arm-none-eabi/4.5.2/../../../../arm-none-eabi/lib/libg.a(lib_a-iswspace.o)
 .ARM.attributes
                0x0000000000000d0b       0x34 /usr/local/lib64/gcc/arm-none-eabi/4.5.2/../../../../arm-none-eabi/lib/libg.a(lib_a-locale.o)
 .ARM.attributes
                0x0000000000000d3f       0x34 /usr/local/lib64/gcc/arm-none-eabi/4.5.2/../../../../arm-none-eabi/lib/libg.a(lib_a-lseekr.o)
 .ARM.attributes
                0x0000000000000d73       0x34 /usr/local/lib64/gcc/arm-none-eabi/4.5.2/../../../../arm-none-eabi/lib/libg.a(lib_a-makebuf.o)
 .ARM.attributes
                0x0000000000000da7       0x34 /usr/local/lib64/gcc/arm-none-eabi/4.5.2/../../../../arm-none-eabi/lib/libg.a(lib_a-malloc.o)
 .ARM.attributes
                0x0000000000000ddb       0x34 /usr/local/lib64/gcc/arm-none-eabi/4.5.2/../../../../arm-none-eabi/lib/libg.a(lib_a-mallocr.o)
 .ARM.attributes
                0x0000000000000e0f       0x34 /usr/local/lib64/gcc/arm-none-eabi/4.5.2/../../../../arm-none-eabi/lib/libg.a(lib_a-mbrtowc.o)
 .ARM.attributes
                0x0000000000000e43       0x34 /usr/local/lib64/gcc/arm-none-eabi/4.5.2/../../../../arm-none-eabi/lib/libg.a(lib_a-mbtowc_r.o)
 .ARM.attributes
                0x0000000000000e77       0x34 /usr/local/lib64/gcc/arm-none-eabi/4.5.2/../../../../arm-none-eabi/lib/libg.a(lib_a-memchr.o)
 .ARM.attributes
                0x0000000000000eab       0x34 /usr/local/lib64/gcc/arm-none-eabi/4.5.2/../../../../arm-none-eabi/lib/libg.a(lib_a-mlock.o)
 .ARM.attributes
                0x0000000000000edf       0x34 /usr/local/lib64/gcc/arm-none-eabi/4.5.2/../../../../arm-none-eabi/lib/libg.a(lib_a-readr.o)
 .ARM.attributes
                0x0000000000000f13       0x34 /usr/local/lib64/gcc/arm-none-eabi/4.5.2/../../../../arm-none-eabi/lib/libg.a(lib_a-reallocr.o)
 .ARM.attributes
                0x0000000000000f47       0x34 /usr/local/lib64/gcc/arm-none-eabi/4.5.2/../../../../arm-none-eabi/lib/libg.a(lib_a-refill.o)
 .ARM.attributes
                0x0000000000000f7b       0x34 /usr/local/lib64/gcc/arm-none-eabi/4.5.2/../../../../arm-none-eabi/lib/libg.a(lib_a-sbrkr.o)
 .ARM.attributes
                0x0000000000000faf       0x34 /usr/local/lib64/gcc/arm-none-eabi/4.5.2/../../../../arm-none-eabi/lib/libg.a(lib_a-sccl.o)
 .ARM.attributes
                0x0000000000000fe3       0x34 /usr/local/lib64/gcc/arm-none-eabi/4.5.2/../../../../arm-none-eabi/lib/libg.a(lib_a-signal.o)
 .ARM.attributes
                0x0000000000001017       0x34 /usr/local/lib64/gcc/arm-none-eabi/4.5.2/../../../../arm-none-eabi/lib/libg.a(lib_a-signalr.o)
 .ARM.attributes
                0x000000000000104b       0x34 /usr/local/lib64/gcc/arm-none-eabi/4.5.2/../../../../arm-none-eabi/lib/libg.a(lib_a-strcmp.o)
 .ARM.attributes
                0x000000000000107f       0x34 /usr/local/lib64/gcc/arm-none-eabi/4.5.2/../../../../arm-none-eabi/lib/libg.a(lib_a-strtol.o)
 .ARM.attributes
                0x00000000000010b3       0x34 /usr/local/lib64/gcc/arm-none-eabi/4.5.2/../../../../arm-none-eabi/lib/libg.a(lib_a-strtoul.o)
 .ARM.attributes
                0x00000000000010e7       0x34 /usr/local/lib64/gcc/arm-none-eabi/4.5.2/../../../../arm-none-eabi/lib/libg.a(lib_a-wbuf.o)
 .ARM.attributes
                0x000000000000111b       0x34 /usr/local/lib64/gcc/arm-none-eabi/4.5.2/../../../../arm-none-eabi/lib/libg.a(lib_a-wcrtomb.o)
 .ARM.attributes
                0x000000000000114f       0x34 /usr/local/lib64/gcc/arm-none-eabi/4.5.2/../../../../arm-none-eabi/lib/libg.a(lib_a-wctomb_r.o)
 .ARM.attributes
                0x0000000000001183       0x34 /usr/local/lib64/gcc/arm-none-eabi/4.5.2/../../../../arm-none-eabi/lib/libg.a(lib_a-fclose.o)
 .ARM.attributes
                0x00000000000011b7       0x34 /usr/local/lib64/gcc/arm-none-eabi/4.5.2/../../../../arm-none-eabi/lib/libg.a(lib_a-fstatr.o)
 .ARM.attributes
                0x00000000000011eb       0x34 /usr/local/lib64/gcc/arm-none-eabi/4.5.2/../../../../arm-none-eabi/lib/libg.a(lib_a-isattyr.o)
 .ARM.attributes
                0x000000000000121f       0x1d /usr/local/lib64/gcc/arm-none-eabi/4.5.2/thumb/v7/libgcc.a(_udivsi3.o)
 .ARM.attributes
                0x000000000000123c       0x1d /usr/local/lib64/gcc/arm-none-eabi/4.5.2/thumb/v7/libgcc.a(_dvmd_tls.o)
 .ARM.attributes
                0x0000000000001259       0x2b /usr/local/lib64/gcc/arm-none-eabi/4.5.2/thumb/v7/crtend.o
 .ARM.attributes
                0x0000000000001284       0x1b /usr/local/lib64/gcc/arm-none-eabi/4.5.2/thumb/v7/crtn.o

.comment        0x0000000000000000       0x56
 .comment       0x0000000000000000       0x26 /usr/local/lib64/gcc/arm-none-eabi/4.5.2/thumb/v7/crtbegin.o
                                         0x27 (size before relaxing)
 .comment       0x0000000000000000       0x27 /usr/local/lib64/gcc/arm-none-eabi/4.5.2/../../../../arm-none-eabi/lib/libc.a(lib_a-atexit.o)
 .comment       0x0000000000000000       0x27 /usr/local/lib64/gcc/arm-none-eabi/4.5.2/../../../../arm-none-eabi/lib/libc.a(lib_a-__atexit.o)
 .comment       0x0000000000000000       0x27 /usr/local/lib64/gcc/arm-none-eabi/4.5.2/../../../../arm-none-eabi/lib/libc.a(lib_a-exit.o)
 .comment       0x0000000000000000       0x27 /usr/local/lib64/gcc/arm-none-eabi/4.5.2/../../../../arm-none-eabi/lib/libc.a(lib_a-fini.o)
 .comment       0x0000000000000000       0x27 /usr/local/lib64/gcc/arm-none-eabi/4.5.2/../../../../arm-none-eabi/lib/libc.a(lib_a-impure.o)
 .comment       0x0000000000000000       0x27 /usr/local/lib64/gcc/arm-none-eabi/4.5.2/../../../../arm-none-eabi/lib/libc.a(lib_a-init.o)
 .comment       0x0000000000000000       0x27 /usr/local/lib64/gcc/arm-none-eabi/4.5.2/../../../../arm-none-eabi/lib/libc.a(lib_a-memset.o)
 .comment       0x0000000000000000       0x27 /usr/local/lib64/gcc/arm-none-eabi/4.5.2/../../../../arm-none-eabi/lib/libc.a(lib_a-__call_atexit.o)
 .comment       0x0000000000000026       0x30 build/obj/syscalls.o
                                         0x31 (size before relaxing)
 .comment       0x0000000000000000       0x31 build/obj/system.o
 .comment       0x0000000000000000       0x31 build/obj/uart_console.o
 .comment       0x0000000000000000       0x31 build/obj/usb_console.o
 .comment       0x0000000000000000       0x31 build/obj/led.o
 .comment       0x0000000000000000       0x31 build/obj/timetick.o
 .comment       0x0000000000000000       0x31 build/obj/startup.o
 .comment       0x0000000000000000       0x31 build/obj/usb_device_descriptor.o
 .comment       0x0000000000000000       0x27 build/obj/main.o
 .comment       0x0000000000000000       0x31 libusb/lib/libusb_sam3s_rel.a(release-USBD_HAL.o)
 .comment       0x0000000000000000       0x31 libusb/lib/libusb_sam3s_rel.a(release-USBDescriptors.o)
 .comment       0x0000000000000000       0x31 libusb/lib/libusb_sam3s_rel.a(release-USBD.o)
 .comment       0x0000000000000000       0x31 libusb/lib/libusb_sam3s_rel.a(release-USBDCallbacks.o)
 .comment       0x0000000000000000       0x31 libusb/lib/libusb_sam3s_rel.a(release-USBDDriver.o)
 .comment       0x0000000000000000       0x31 libusb/lib/libusb_sam3s_rel.a(release-CDCDSerial.o)
 .comment       0x0000000000000000       0x31 libusb/lib/libusb_sam3s_rel.a(release-USBDDriverCallbacks.o)
 .comment       0x0000000000000000       0x31 libusb/lib/libusb_sam3s_rel.a(release-CDCDSerialDriver.o)
 .comment       0x0000000000000000       0x31 libusb/lib/libusb_sam3s_rel.a(release-USBRequests.o)
 .comment       0x0000000000000000       0x31 libusb/lib/libusb_sam3s_rel.a(release-CDCDSerialPort.o)
 .comment       0x0000000000000000       0x31 libusb/lib/libusb_sam3s_rel.a(release-CDCLineCoding.o)
 .comment       0x0000000000000000       0x31 libchip/lib/libchip_sam3s4_rel.a(release-pio_it.o)
 .comment       0x0000000000000000       0x31 libchip/lib/libchip_sam3s4_rel.a(release-exceptions.o)
 .comment       0x0000000000000000       0x31 libchip/lib/libchip_sam3s4_rel.a(release-adc.o)
 .comment       0x0000000000000000       0x31 libchip/lib/libchip_sam3s4_rel.a(release-pio.o)
 .comment       0x0000000000000000       0x31 libchip/lib/libchip_sam3s4_rel.a(release-pmc.o)
 .comment       0x0000000000000000       0x31 libchip/lib/libchip_sam3s4_rel.a(release-tc.o)
 .comment       0x0000000000000000       0x31 libchip/lib/libchip_sam3s4_rel.a(release-pio_capture.o)
 .comment       0x0000000000000000       0x27 /usr/local/lib64/gcc/arm-none-eabi/4.5.2/../../../../arm-none-eabi/lib/libg.a(lib_a-assert.o)
 .comment       0x0000000000000000       0x27 /usr/local/lib64/gcc/arm-none-eabi/4.5.2/../../../../arm-none-eabi/lib/libg.a(lib_a-fiprintf.o)
 .comment       0x0000000000000000       0x27 /usr/local/lib64/gcc/arm-none-eabi/4.5.2/../../../../arm-none-eabi/lib/libg.a(lib_a-gets.o)
 .comment       0x0000000000000000       0x27 /usr/local/lib64/gcc/arm-none-eabi/4.5.2/../../../../arm-none-eabi/lib/libg.a(lib_a-iprintf.o)
 .comment       0x0000000000000000       0x27 /usr/local/lib64/gcc/arm-none-eabi/4.5.2/../../../../arm-none-eabi/lib/libg.a(lib_a-memcpy.o)
 .comment       0x0000000000000000       0x27 /usr/local/lib64/gcc/arm-none-eabi/4.5.2/../../../../arm-none-eabi/lib/libg.a(lib_a-memmove.o)
 .comment       0x0000000000000000       0x27 /usr/local/lib64/gcc/arm-none-eabi/4.5.2/../../../../arm-none-eabi/lib/libg.a(lib_a-reent.o)
 .comment       0x0000000000000000       0x27 /usr/local/lib64/gcc/arm-none-eabi/4.5.2/../../../../arm-none-eabi/lib/libg.a(lib_a-rget.o)
 .comment       0x0000000000000000       0x27 /usr/local/lib64/gcc/arm-none-eabi/4.5.2/../../../../arm-none-eabi/lib/libg.a(lib_a-setbuf.o)
 .comment       0x0000000000000000       0x27 /usr/local/lib64/gcc/arm-none-eabi/4.5.2/../../../../arm-none-eabi/lib/libg.a(lib_a-setvbuf.o)
 .comment       0x0000000000000000       0x27 /usr/local/lib64/gcc/arm-none-eabi/4.5.2/../../../../arm-none-eabi/lib/libg.a(lib_a-siscanf.o)
 .comment       0x0000000000000000       0x27 /usr/local/lib64/gcc/arm-none-eabi/4.5.2/../../../../arm-none-eabi/lib/libg.a(lib_a-stdio.o)
 .comment       0x0000000000000000       0x27 /usr/local/lib64/gcc/arm-none-eabi/4.5.2/../../../../arm-none-eabi/lib/libg.a(lib_a-strlen.o)
 .comment       0x0000000000000000       0x27 /usr/local/lib64/gcc/arm-none-eabi/4.5.2/../../../../arm-none-eabi/lib/libg.a(lib_a-svfiscanf.o)
 .comment       0x0000000000000000       0x27 /usr/local/lib64/gcc/arm-none-eabi/4.5.2/../../../../arm-none-eabi/lib/libg.a(lib_a-ungetc.o)
 .comment       0x0000000000000000       0x27 /usr/local/lib64/gcc/arm-none-eabi/4.5.2/../../../../arm-none-eabi/lib/libg.a(lib_a-vfiprintf.o)
 .comment       0x0000000000000000       0x27 /usr/local/lib64/gcc/arm-none-eabi/4.5.2/../../../../arm-none-eabi/lib/libg.a(lib_a-writer.o)
 .comment       0x0000000000000000       0x27 /usr/local/lib64/gcc/arm-none-eabi/4.5.2/../../../../arm-none-eabi/lib/libg.a(lib_a-wsetup.o)
 .comment       0x0000000000000000       0x27 /usr/local/lib64/gcc/arm-none-eabi/4.5.2/../../../../arm-none-eabi/lib/libg.a(lib_a-abort.o)
 .comment       0x0000000000000000       0x27 /usr/local/lib64/gcc/arm-none-eabi/4.5.2/../../../../arm-none-eabi/lib/libg.a(lib_a-closer.o)
 .comment       0x0000000000000000       0x27 /usr/local/lib64/gcc/arm-none-eabi/4.5.2/../../../../arm-none-eabi/lib/libg.a(lib_a-ctype_.o)
 .comment       0x0000000000000000       0x27 /usr/local/lib64/gcc/arm-none-eabi/4.5.2/../../../../arm-none-eabi/lib/libg.a(lib_a-fflush.o)
 .comment       0x0000000000000000       0x27 /usr/local/lib64/gcc/arm-none-eabi/4.5.2/../../../../arm-none-eabi/lib/libg.a(lib_a-findfp.o)
 .comment       0x0000000000000000       0x27 /usr/local/lib64/gcc/arm-none-eabi/4.5.2/../../../../arm-none-eabi/lib/libg.a(lib_a-fputwc.o)
 .comment       0x0000000000000000       0x27 /usr/local/lib64/gcc/arm-none-eabi/4.5.2/../../../../arm-none-eabi/lib/libg.a(lib_a-freer.o)
 .comment       0x0000000000000000       0x27 /usr/local/lib64/gcc/arm-none-eabi/4.5.2/../../../../arm-none-eabi/lib/libg.a(lib_a-fvwrite.o)
 .comment       0x0000000000000000       0x27 /usr/local/lib64/gcc/arm-none-eabi/4.5.2/../../../../arm-none-eabi/lib/libg.a(lib_a-fwalk.o)
 .comment       0x0000000000000000       0x27 /usr/local/lib64/gcc/arm-none-eabi/4.5.2/../../../../arm-none-eabi/lib/libg.a(lib_a-iswspace.o)
 .comment       0x0000000000000000       0x27 /usr/local/lib64/gcc/arm-none-eabi/4.5.2/../../../../arm-none-eabi/lib/libg.a(lib_a-locale.o)
 .comment       0x0000000000000000       0x27 /usr/local/lib64/gcc/arm-none-eabi/4.5.2/../../../../arm-none-eabi/lib/libg.a(lib_a-lseekr.o)
 .comment       0x0000000000000000       0x27 /usr/local/lib64/gcc/arm-none-eabi/4.5.2/../../../../arm-none-eabi/lib/libg.a(lib_a-makebuf.o)
 .comment       0x0000000000000000       0x27 /usr/local/lib64/gcc/arm-none-eabi/4.5.2/../../../../arm-none-eabi/lib/libg.a(lib_a-malloc.o)
 .comment       0x0000000000000000       0x27 /usr/local/lib64/gcc/arm-none-eabi/4.5.2/../../../../arm-none-eabi/lib/libg.a(lib_a-mallocr.o)
 .comment       0x0000000000000000       0x27 /usr/local/lib64/gcc/arm-none-eabi/4.5.2/../../../../arm-none-eabi/lib/libg.a(lib_a-mbrtowc.o)
 .comment       0x0000000000000000       0x27 /usr/local/lib64/gcc/arm-none-eabi/4.5.2/../../../../arm-none-eabi/lib/libg.a(lib_a-mbtowc_r.o)
 .comment       0x0000000000000000       0x27 /usr/local/lib64/gcc/arm-none-eabi/4.5.2/../../../../arm-none-eabi/lib/libg.a(lib_a-memchr.o)
 .comment       0x0000000000000000       0x27 /usr/local/lib64/gcc/arm-none-eabi/4.5.2/../../../../arm-none-eabi/lib/libg.a(lib_a-mlock.o)
 .comment       0x0000000000000000       0x27 /usr/local/lib64/gcc/arm-none-eabi/4.5.2/../../../../arm-none-eabi/lib/libg.a(lib_a-readr.o)
 .comment       0x0000000000000000       0x27 /usr/local/lib64/gcc/arm-none-eabi/4.5.2/../../../../arm-none-eabi/lib/libg.a(lib_a-reallocr.o)
 .comment       0x0000000000000000       0x27 /usr/local/lib64/gcc/arm-none-eabi/4.5.2/../../../../arm-none-eabi/lib/libg.a(lib_a-refill.o)
 .comment       0x0000000000000000       0x27 /usr/local/lib64/gcc/arm-none-eabi/4.5.2/../../../../arm-none-eabi/lib/libg.a(lib_a-sbrkr.o)
 .comment       0x0000000000000000       0x27 /usr/local/lib64/gcc/arm-none-eabi/4.5.2/../../../../arm-none-eabi/lib/libg.a(lib_a-sccl.o)
 .comment       0x0000000000000000       0x27 /usr/local/lib64/gcc/arm-none-eabi/4.5.2/../../../../arm-none-eabi/lib/libg.a(lib_a-signal.o)
 .comment       0x0000000000000000       0x27 /usr/local/lib64/gcc/arm-none-eabi/4.5.2/../../../../arm-none-eabi/lib/libg.a(lib_a-signalr.o)
 .comment       0x0000000000000000       0x27 /usr/local/lib64/gcc/arm-none-eabi/4.5.2/../../../../arm-none-eabi/lib/libg.a(lib_a-strcmp.o)
 .comment       0x0000000000000000       0x27 /usr/local/lib64/gcc/arm-none-eabi/4.5.2/../../../../arm-none-eabi/lib/libg.a(lib_a-strtol.o)
 .comment       0x0000000000000000       0x27 /usr/local/lib64/gcc/arm-none-eabi/4.5.2/../../../../arm-none-eabi/lib/libg.a(lib_a-strtoul.o)
 .comment       0x0000000000000000       0x27 /usr/local/lib64/gcc/arm-none-eabi/4.5.2/../../../../arm-none-eabi/lib/libg.a(lib_a-wbuf.o)
 .comment       0x0000000000000000       0x27 /usr/local/lib64/gcc/arm-none-eabi/4.5.2/../../../../arm-none-eabi/lib/libg.a(lib_a-wcrtomb.o)
 .comment       0x0000000000000000       0x27 /usr/local/lib64/gcc/arm-none-eabi/4.5.2/../../../../arm-none-eabi/lib/libg.a(lib_a-wctomb_r.o)
 .comment       0x0000000000000000       0x27 /usr/local/lib64/gcc/arm-none-eabi/4.5.2/../../../../arm-none-eabi/lib/libg.a(lib_a-fclose.o)
 .comment       0x0000000000000000       0x27 /usr/local/lib64/gcc/arm-none-eabi/4.5.2/../../../../arm-none-eabi/lib/libg.a(lib_a-fstatr.o)
 .comment       0x0000000000000000       0x27 /usr/local/lib64/gcc/arm-none-eabi/4.5.2/../../../../arm-none-eabi/lib/libg.a(lib_a-isattyr.o)
 .comment       0x0000000000000000       0x27 /usr/local/lib64/gcc/arm-none-eabi/4.5.2/thumb/v7/crtend.o

.debug_line     0x0000000000000000     0xa3bf
 .debug_line    0x0000000000000000       0x76 /usr/local/lib64/gcc/arm-none-eabi/4.5.2/thumb/v7/crti.o
 .debug_line    0x0000000000000076       0xa9 /usr/local/lib64/gcc/arm-none-eabi/4.5.2/../../../../arm-none-eabi/lib/crt0.o
 .debug_line    0x000000000000011f       0xda /usr/local/lib64/gcc/arm-none-eabi/4.5.2/../../../../arm-none-eabi/lib/libc.a(lib_a-atexit.o)
 .debug_line    0x00000000000001f9      0x16a /usr/local/lib64/gcc/arm-none-eabi/4.5.2/../../../../arm-none-eabi/lib/libc.a(lib_a-__atexit.o)
 .debug_line    0x0000000000000363      0x17c /usr/local/lib64/gcc/arm-none-eabi/4.5.2/../../../../arm-none-eabi/lib/libc.a(lib_a-exit.o)
 .debug_line    0x00000000000004df       0xbe /usr/local/lib64/gcc/arm-none-eabi/4.5.2/../../../../arm-none-eabi/lib/libc.a(lib_a-fini.o)
 .debug_line    0x000000000000059d      0x111 /usr/local/lib64/gcc/arm-none-eabi/4.5.2/../../../../arm-none-eabi/lib/libc.a(lib_a-impure.o)
 .debug_line    0x00000000000006ae       0xdb /usr/local/lib64/gcc/arm-none-eabi/4.5.2/../../../../arm-none-eabi/lib/libc.a(lib_a-init.o)
 .debug_line    0x0000000000000789      0x169 /usr/local/lib64/gcc/arm-none-eabi/4.5.2/../../../../arm-none-eabi/lib/libc.a(lib_a-memset.o)
 .debug_line    0x00000000000008f2      0x18e /usr/local/lib64/gcc/arm-none-eabi/4.5.2/../../../../arm-none-eabi/lib/libc.a(lib_a-__call_atexit.o)
 .debug_line    0x0000000000000a80      0x1b7 build/obj/syscalls.o
 .debug_line    0x0000000000000c37      0x155 build/obj/system.o
 .debug_line    0x0000000000000d8c      0x180 build/obj/uart_console.o
 .debug_line    0x0000000000000f0c      0x3de build/obj/usb_console.o
 .debug_line    0x00000000000012ea      0x1c0 build/obj/led.o
 .debug_line    0x00000000000014aa      0x185 build/obj/timetick.o
 .debug_line    0x000000000000162f      0x105 build/obj/startup.o
 .debug_line    0x0000000000001734      0x11c build/obj/usb_device_descriptor.o
 .debug_line    0x0000000000001850      0x26c build/obj/main.o
 .debug_line    0x0000000000001abc      0x72d libusb/lib/libusb_sam3s_rel.a(release-USBD_HAL.o)
 .debug_line    0x00000000000021e9      0x1d4 libusb/lib/libusb_sam3s_rel.a(release-USBDescriptors.o)
 .debug_line    0x00000000000023bd      0x31f libusb/lib/libusb_sam3s_rel.a(release-USBD.o)
 .debug_line    0x00000000000026dc      0x10a libusb/lib/libusb_sam3s_rel.a(release-USBDCallbacks.o)
 .debug_line    0x00000000000027e6      0x313 libusb/lib/libusb_sam3s_rel.a(release-USBDDriver.o)
 .debug_line    0x0000000000002af9      0x1f8 libusb/lib/libusb_sam3s_rel.a(release-CDCDSerial.o)
 .debug_line    0x0000000000002cf1       0xc3 libusb/lib/libusb_sam3s_rel.a(release-USBDDriverCallbacks.o)
 .debug_line    0x0000000000002db4      0x120 libusb/lib/libusb_sam3s_rel.a(release-CDCDSerialDriver.o)
 .debug_line    0x0000000000002ed4      0x1ce libusb/lib/libusb_sam3s_rel.a(release-USBRequests.o)
 .debug_line    0x00000000000030a2      0x25b libusb/lib/libusb_sam3s_rel.a(release-CDCDSerialPort.o)
 .debug_line    0x00000000000032fd       0xca libusb/lib/libusb_sam3s_rel.a(release-CDCLineCoding.o)
 .debug_line    0x00000000000033c7      0x285 libchip/lib/libchip_sam3s4_rel.a(release-pio_it.o)
 .debug_line    0x000000000000364c      0x2e8 libchip/lib/libchip_sam3s4_rel.a(release-exceptions.o)
 .debug_line    0x0000000000003934      0x264 libchip/lib/libchip_sam3s4_rel.a(release-adc.o)
 .debug_line    0x0000000000003b98      0x1bf libchip/lib/libchip_sam3s4_rel.a(release-pio.o)
 .debug_line    0x0000000000003d57      0x154 libchip/lib/libchip_sam3s4_rel.a(release-pmc.o)
 .debug_line    0x0000000000003eab      0x14e libchip/lib/libchip_sam3s4_rel.a(release-tc.o)
 .debug_line    0x0000000000003ff9      0x194 libchip/lib/libchip_sam3s4_rel.a(release-pio_capture.o)
 .debug_line    0x000000000000418d      0x186 /usr/local/lib64/gcc/arm-none-eabi/4.5.2/../../../../arm-none-eabi/lib/libg.a(lib_a-assert.o)
 .debug_line    0x0000000000004313      0x1a0 /usr/local/lib64/gcc/arm-none-eabi/4.5.2/../../../../arm-none-eabi/lib/libg.a(lib_a-fiprintf.o)
 .debug_line    0x00000000000044b3      0x19a /usr/local/lib64/gcc/arm-none-eabi/4.5.2/../../../../arm-none-eabi/lib/libg.a(lib_a-gets.o)
 .debug_line    0x000000000000464d      0x19f /usr/local/lib64/gcc/arm-none-eabi/4.5.2/../../../../arm-none-eabi/lib/libg.a(lib_a-iprintf.o)
 .debug_line    0x00000000000047ec      0x164 /usr/local/lib64/gcc/arm-none-eabi/4.5.2/../../../../arm-none-eabi/lib/libg.a(lib_a-memcpy.o)
 .debug_line    0x0000000000004950      0x17a /usr/local/lib64/gcc/arm-none-eabi/4.5.2/../../../../arm-none-eabi/lib/libg.a(lib_a-memmove.o)
 .debug_line    0x0000000000004aca      0x167 /usr/local/lib64/gcc/arm-none-eabi/4.5.2/../../../../arm-none-eabi/lib/libg.a(lib_a-reent.o)
 .debug_line    0x0000000000004c31      0x195 /usr/local/lib64/gcc/arm-none-eabi/4.5.2/../../../../arm-none-eabi/lib/libg.a(lib_a-rget.o)
 .debug_line    0x0000000000004dc6      0x17b /usr/local/lib64/gcc/arm-none-eabi/4.5.2/../../../../arm-none-eabi/lib/libg.a(lib_a-setbuf.o)
 .debug_line    0x0000000000004f41      0x1d1 /usr/local/lib64/gcc/arm-none-eabi/4.5.2/../../../../arm-none-eabi/lib/libg.a(lib_a-setvbuf.o)
 .debug_line    0x0000000000005112      0x1cb /usr/local/lib64/gcc/arm-none-eabi/4.5.2/../../../../arm-none-eabi/lib/libg.a(lib_a-siscanf.o)
 .debug_line    0x00000000000052dd      0x1a0 /usr/local/lib64/gcc/arm-none-eabi/4.5.2/../../../../arm-none-eabi/lib/libg.a(lib_a-stdio.o)