Archive member included because of file (symbol)

libusb/lib/libusb_sam3s_rel.a(release-USBD_HAL.o)
                              build/obj/startup.o (USBD_IrqHandler)
libusb/lib/libusb_sam3s_rel.a(release-USBDescriptors.o)
                              libusb/lib/libusb_sam3s_rel.a(release-USBD_HAL.o) (USBEndpointDescriptor_GetNumber)
libusb/lib/libusb_sam3s_rel.a(release-USBD.o)
                              libusb/lib/libusb_sam3s_rel.a(release-USBD_HAL.o) (USBD_SuspendHandler)
libusb/lib/libusb_sam3s_rel.a(release-USBDCallbacks.o)
                              libusb/lib/libusb_sam3s_rel.a(release-USBD.o) (USBDCallbacks_Reset)
libusb/lib/libusb_sam3s_rel.a(release-USBDDriver.o)
                              libusb/lib/libusb_sam3s_rel.a(release-USBDCallbacks.o) (USBD_GetDriver)
libusb/lib/libusb_sam3s_rel.a(release-CDCDSerial.o)
                              build/obj/usb_console.o (CDCDSerial_Read)
libusb/lib/libusb_sam3s_rel.a(release-USBDDriverCallbacks.o)
                              libusb/lib/libusb_sam3s_rel.a(release-USBDDriver.o) (USBDDriverCallbacks_InterfaceSettingChanged)
libusb/lib/libusb_sam3s_rel.a(release-CDCDSerialDriver.o)
                              build/obj/usb_console.o (CDCDSerialDriver_Initialize)
libusb/lib/libusb_sam3s_rel.a(release-USBRequests.o)
                              libusb/lib/libusb_sam3s_rel.a(release-USBDDriver.o) (USBGenericRequest_GetRequest)
libusb/lib/libusb_sam3s_rel.a(release-CDCDSerialPort.o)
                              libusb/lib/libusb_sam3s_rel.a(release-CDCDSerial.o) (CDCDSerialPort_Initialize)
libusb/lib/libusb_sam3s_rel.a(release-CDCLineCoding.o)
                              libusb/lib/libusb_sam3s_rel.a(release-CDCDSerialPort.o) (CDCLineCoding_Initialize)
libchip/lib/libchip_sam3s4_rel.a(release-pio_it.o)
                              build/obj/startup.o (PIOA_IrqHandler)
libchip/lib/libchip_sam3s4_rel.a(release-exceptions.o)
                              build/obj/startup.o (IrqHandlerNotUsed)
libchip/lib/libchip_sam3s4_rel.a(release-adc.o)
                              build/obj/main.o (ADC_Initialize)
libchip/lib/libchip_sam3s4_rel.a(release-pio.o)
                              build/obj/uart_console.o (PIO_Configure)
libchip/lib/libchip_sam3s4_rel.a(release-pmc.o)
                              build/obj/main.o (PMC_EnablePeripheral)
libchip/lib/libchip_sam3s4_rel.a(release-tc.o)
                              build/obj/led.o (TC_Configure)
libchip/lib/libchip_sam3s4_rel.a(release-pwmc.o)
                              build/obj/main.o (PWMC_ConfigureChannel)
libchip/lib/libchip_sam3s4_rel.a(release-pio_capture.o)
                              libchip/lib/libchip_sam3s4_rel.a(release-pio_it.o) (PIO_CaptureHandler)
/usr/local/Sourcery/bin/../lib/gcc/arm-none-eabi/4.6.1/../../../../arm-none-eabi/lib/thumb2/libc.a(lib_a-assert.o)
                              build/obj/led.o (__assert_func)
/usr/local/Sourcery/bin/../lib/gcc/arm-none-eabi/4.6.1/../../../../arm-none-eabi/lib/thumb2/libc.a(lib_a-fiprintf.o)
                              build/obj/usb_console.o (fiprintf)
/usr/local/Sourcery/bin/../lib/gcc/arm-none-eabi/4.6.1/../../../../arm-none-eabi/lib/thumb2/libc.a(lib_a-gets.o)
                              build/obj/main.o (gets)
/usr/local/Sourcery/bin/../lib/gcc/arm-none-eabi/4.6.1/../../../../arm-none-eabi/lib/thumb2/libc.a(lib_a-impure.o)
                              build/obj/usb_console.o (_impure_ptr)
/usr/local/Sourcery/bin/../lib/gcc/arm-none-eabi/4.6.1/../../../../arm-none-eabi/lib/thumb2/libc.a(lib_a-iprintf.o)
                              build/obj/syscalls.o (iprintf)
/usr/local/Sourcery/bin/../lib/gcc/arm-none-eabi/4.6.1/../../../../arm-none-eabi/lib/thumb2/libc.a(lib_a-memcpy.o)
                              build/obj/usb_console.o (memcpy)
/usr/local/Sourcery/bin/../lib/gcc/arm-none-eabi/4.6.1/../../../../arm-none-eabi/lib/thumb2/libc.a(lib_a-memmove.o)
                              build/obj/usb_console.o (memmove)
/usr/local/Sourcery/bin/../lib/gcc/arm-none-eabi/4.6.1/../../../../arm-none-eabi/lib/thumb2/libc.a(lib_a-reent.o)
                              build/obj/syscalls.o (errno)
/usr/local/Sourcery/bin/../lib/gcc/arm-none-eabi/4.6.1/../../../../arm-none-eabi/lib/thumb2/libc.a(lib_a-rget.o)
                              /usr/local/Sourcery/bin/../lib/gcc/arm-none-eabi/4.6.1/../../../../arm-none-eabi/lib/thumb2/libc.a(lib_a-gets.o) (__srget_r)
/usr/local/Sourcery/bin/../lib/gcc/arm-none-eabi/4.6.1/../../../../arm-none-eabi/lib/thumb2/libc.a(lib_a-setbuf.o)
                              build/obj/main.o (setbuf)
/usr/local/Sourcery/bin/../lib/gcc/arm-none-eabi/4.6.1/../../../../arm-none-eabi/lib/thumb2/libc.a(lib_a-setvbuf.o)
                              /usr/local/Sourcery/bin/../lib/gcc/arm-none-eabi/4.6.1/../../../../arm-none-eabi/lib/thumb2/libc.a(lib_a-setbuf.o) (setvbuf)
/usr/local/Sourcery/bin/../lib/gcc/arm-none-eabi/4.6.1/../../../../arm-none-eabi/lib/thumb2/libc.a(lib_a-siscanf.o)
[...]
Memory Configuration

Name             Origin             Length             Attributes
rom              0x00400000         0x00040000         xr
ram              0x20000000         0x0000c000         xrw
*default*        0x00000000         0xffffffff

Linker script and memory map

LOAD /usr/local/Sourcery/bin/../lib/gcc/arm-none-eabi/4.6.1/thumb2/crti.o
LOAD /usr/local/Sourcery/bin/../lib/gcc/arm-none-eabi/4.6.1/thumb2/crtbegin.o
START GROUP
LOAD /usr/local/Sourcery/bin/../lib/gcc/arm-none-eabi/4.6.1/thumb2/libgcc.a
LOAD /usr/local/Sourcery/bin/../lib/gcc/arm-none-eabi/4.6.1/../../../../arm-none-eabi/lib/thumb2/libc.a
END GROUP
LOAD build/obj/syscalls.o
LOAD build/obj/system.o
LOAD build/obj/uart_console.o
LOAD build/obj/usb_console.o
LOAD build/obj/led.o
LOAD build/obj/timetick.o
LOAD build/obj/startup.o
LOAD build/obj/usb_device_descriptor.o
LOAD build/obj/main.o
LOAD build/obj/controller.o
LOAD libusb/lib/libusb_sam3s_rel.a
LOAD libchip/lib/libchip_sam3s4_rel.a
START GROUP
LOAD /usr/local/Sourcery/bin/../lib/gcc/arm-none-eabi/4.6.1/thumb2/libgcc.a
LOAD /usr/local/Sourcery/bin/../lib/gcc/arm-none-eabi/4.6.1/../../../../arm-none-eabi/lib/thumb2/libc.a
END GROUP
LOAD /usr/local/Sourcery/bin/../lib/gcc/arm-none-eabi/4.6.1/thumb2/crtend.o
LOAD /usr/local/Sourcery/bin/../lib/gcc/arm-none-eabi/4.6.1/thumb2/crtn.o

.text           0x00400000     0xa500
                0x00400000                . = ALIGN (0x4)
                0x00400000                _sfixed = .
 *(.vectors .vectors.*)
 .vectors       0x00400000       0xd0 build/obj/startup.o
                0x00400000                exception_table
 *(.text .text.* .gnu.linkonce.t.*)
 .text          0x004000d0       0x68 /usr/local/Sourcery/bin/../lib/gcc/arm-none-eabi/4.6.1/thumb2/crtbegin.o
 .text._read    0x00400138       0x54 build/obj/syscalls.o
                0x00400138                _read
 .text._write   0x0040018c       0x54 build/obj/syscalls.o
                0x0040018c                _write
 .text._sbrk    0x004001e0       0x5c build/obj/syscalls.o
                0x004001e0                _sbrk
 .text._isatty  0x0040023c       0x28 build/obj/syscalls.o
                0x0040023c                _isatty
 .text._exit    0x00400264       0x18 build/obj/syscalls.o
                0x00400264                _exit
 .text._lseek   0x0040027c       0x1c build/obj/syscalls.o
                0x0040027c                _lseek
 .text._kill    0x00400298       0x28 build/obj/syscalls.o
                0x00400298                _kill
 .text._getpid  0x004002c0       0x10 build/obj/syscalls.o
                0x004002c0                _getpid
 .text._close   0x004002d0       0x18 build/obj/syscalls.o
                0x004002d0                _close
 .text._fstat   0x004002e8       0x24 build/obj/syscalls.o
                0x004002e8                _fstat
 .text.SystemCoreClockUpdate
                0x0040030c       0x1c build/obj/system.o
                0x0040030c                SystemCoreClockUpdate
 .text.SystemInit
                0x00400328      0x1dc build/obj/system.o
                0x00400328                SystemInit
 .text.UART_Configure
                0x00400504       0x8c build/obj/uart_console.o
                0x00400504                UART_Configure
 .text.UART_Put
                0x00400590       0x78 build/obj/uart_console.o
                0x00400590                UART_Put
 .text.UART_Get
                0x00400608       0x70 build/obj/uart_console.o
                0x00400608                UART_Get
 .text.UART_Puts
                0x00400678       0x50 build/obj/uart_console.o
                0x00400678                UART_Puts
 .text.UART_Gets
                0x004006c8       0x54 build/obj/uart_console.o
                0x004006c8                UART_Gets
 .text.CDCDSerialDriver_Write
                0x0040071c       0x28 build/obj/usb_console.o
 .text.CDCDSerialDriver_Read
                0x00400744       0x28 build/obj/usb_console.o
 .text.NVIC_EnableIRQ
                0x0040076c       0x38 build/obj/usb_console.o
 .text.ISR_Vbus
                0x004007a4       0x60 build/obj/usb_console.o
 .text.VBus_Configure
                0x00400804       0x54 build/obj/usb_console.o
 .text.ConfigureUsbClock
                0x00400858       0x40 build/obj/usb_console.o
 .text.USBDCallbacks_Initialized
                0x00400898       0x10 build/obj/usb_console.o
                0x00400898                USBDCallbacks_Initialized
 .text.USBDDriverCallbacks_ConfigurationChanged
                0x004008a8       0x1c build/obj/usb_console.o
                0x004008a8                USBDDriverCallbacks_ConfigurationChanged
 .text.USBDCallbacks_RequestReceived
                0x004008c4       0x18 build/obj/usb_console.o
                0x004008c4                USBDCallbacks_RequestReceived
 .text.UsbWriteDone
                0x004008dc       0x48 build/obj/usb_console.o
 .text.UsbReadDone
                0x00400924       0x48 build/obj/usb_console.o
 .text.USBC_isConfigured
                0x0040096c       0x68 build/obj/usb_console.o
                0x0040096c                USBC_isConfigured
 .text.USBC_hasData
                0x004009d4       0x20 build/obj/usb_console.o
                0x004009d4                USBC_hasData
 .text.USBC_Configure
                0x004009f4       0x3c build/obj/usb_console.o
                0x004009f4                USBC_Configure
 .text.USBC_StartListening
                0x00400a30       0x50 build/obj/usb_console.o
                0x00400a30                USBC_StartListening
 .text.USBC_Gets
                0x00400a80      0x100 build/obj/usb_console.o
                0x00400a80                USBC_Gets
 .text.USBC_Puts
                0x00400b80       0xb8 build/obj/usb_console.o
                0x00400b80                USBC_Puts
 .text.NVIC_EnableIRQ
                0x00400c38       0x38 build/obj/led.o
 .text.TC0_IrqHandler
                0x00400c70       0x90 build/obj/led.o
                0x00400c70                TC0_IrqHandler
 .text.configure
                0x00400d00       0xa0 build/obj/led.o
 .text.LEDs_configure
                0x00400da0       0x18 build/obj/led.o
                0x00400da0                LEDs_configure
 .text.LED_tgl  0x00400db8       0x90 build/obj/led.o
                0x00400db8                LED_tgl
 .text.LED_clr  0x00400e48       0x7c build/obj/led.o
                0x00400e48                LED_clr
 .text.LED_blink
                0x00400ec4       0x6c build/obj/led.o
                0x00400ec4                LED_blink
 .text.LED_blinkstop
                0x00400f30       0x44 build/obj/led.o
                0x00400f30                LED_blinkstop
 .text.NVIC_SetPriority
                0x00400f74       0x5c build/obj/timetick.o
 .text.SysTick_Config
                0x00400fd0       0x64 build/obj/timetick.o
 .text.SysTick_Handler
                0x00401034       0x24 build/obj/timetick.o
                0x00401034                SysTick_Handler
 .text.TimeTick_Configure
                0x00401058       0x3c build/obj/timetick.o
                0x00401058                TimeTick_Configure
 .text.GetTickCount
                0x00401094       0x18 build/obj/timetick.o
                0x00401094                GetTickCount
 .text.ResetException
                0x004010ac       0xd0 build/obj/startup.o
                0x004010ac                ResetException
 .text.NVIC_EnableIRQ
                0x0040117c       0x38 build/obj/main.o
 .text.NVIC_SetPriority
                0x004011b4       0x5c build/obj/main.o
 .text.main     0x00401210      0x250 build/obj/main.o
                0x00401210                main
 .text.TC1_IrqHandler
                0x00401460       0x9c build/obj/main.o
                0x00401460                TC1_IrqHandler
 .text.ADC_IrqHandler
                0x004014fc       0xcc build/obj/main.o
                0x004014fc                ADC_IrqHandler
 .text.init     0x004015c8      0x278 build/obj/main.o
 .text.write_output
                0x00401840      0x108 build/obj/main.o
 .text.state    0x00401948      0x17c build/obj/main.o
 .text.cli      0x00401ac4      0x3e0 build/obj/main.o
 .text.pid      0x00401ea4       0xc4 build/obj/controller.o
 .text.update   0x00401f68       0x90 build/obj/controller.o
 .text.mode     0x00401ff8       0xd0 build/obj/controller.o
                0x00401ff8                mode
 .text.control  0x004020c8       0x9c build/obj/controller.o
                0x004020c8                control
 .text.tristate
                0x00402164       0x7c build/obj/controller.o
                0x00402164                tristate
 .text.tris     0x004021e0       0x98 build/obj/controller.o
                0x004021e0                tris
 .text.UDP_EndOfTransfer
                0x00402278       0x70 libusb/lib/libusb_sam3s_rel.a(release-USBD_HAL.o)
 .text.UDP_ClearRxFlag
                0x004022e8       0x80 libusb/lib/libusb_sam3s_rel.a(release-USBD_HAL.o)
 .text.UDP_WritePayload
                0x00402368       0x44 libusb/lib/libusb_sam3s_rel.a(release-USBD_HAL.o)
 .text.UDP_EnablePeripheralClock
                0x004023ac       0x20 libusb/lib/libusb_sam3s_rel.a(release-USBD_HAL.o)
 .text.UDP_MblWriteFifo
                0x004023cc      0x128 libusb/lib/libusb_sam3s_rel.a(release-USBD_HAL.o)
 .text.USBD_IrqHandler
                0x004024f4      0x5f8 libusb/lib/libusb_sam3s_rel.a(release-USBD_HAL.o)
                0x004024f4                USBD_IrqHandler
 .text.USBD_HAL_ResetEPs
                0x00402aec       0xc0 libusb/lib/libusb_sam3s_rel.a(release-USBD_HAL.o)
                0x00402aec                USBD_HAL_ResetEPs
 .text.USBD_HAL_CancelIo
                0x00402bac       0x54 libusb/lib/libusb_sam3s_rel.a(release-USBD_HAL.o)
                0x00402bac                USBD_HAL_CancelIo
 .text.USBD_HAL_ConfigureEP
                0x00402c00       0xf0 libusb/lib/libusb_sam3s_rel.a(release-USBD_HAL.o)
                0x00402c00                USBD_HAL_ConfigureEP
 .text.USBD_HAL_SetTransferCallback
                0x00402cf0       0x20 libusb/lib/libusb_sam3s_rel.a(release-USBD_HAL.o)
                0x00402cf0                USBD_HAL_SetTransferCallback
 .text.USBD_HAL_Write
                0x00402d10      0x188 libusb/lib/libusb_sam3s_rel.a(release-USBD_HAL.o)
                0x00402d10                USBD_HAL_Write
 .text.USBD_HAL_Read
                0x00402e98       0x40 libusb/lib/libusb_sam3s_rel.a(release-USBD_HAL.o)
                0x00402e98                USBD_HAL_Read
 .text.USBD_HAL_Connect
                0x00402ed8       0x28 libusb/lib/libusb_sam3s_rel.a(release-USBD_HAL.o)
                0x00402ed8                USBD_HAL_Connect
 .text.USBD_HAL_Disconnect
                0x00402f00       0x28 libusb/lib/libusb_sam3s_rel.a(release-USBD_HAL.o)
                0x00402f00                USBD_HAL_Disconnect
 .text.USBD_HAL_SetAddress
                0x00402f28       0x1c libusb/lib/libusb_sam3s_rel.a(release-USBD_HAL.o)
                0x00402f28                USBD_HAL_SetAddress
 .text.USBD_HAL_SetConfiguration
                0x00402f44       0x18 libusb/lib/libusb_sam3s_rel.a(release-USBD_HAL.o)
                0x00402f44                USBD_HAL_SetConfiguration
 .text.USBD_HAL_Init
                0x00402f5c       0x40 libusb/lib/libusb_sam3s_rel.a(release-USBD_HAL.o)
                0x00402f5c                USBD_HAL_Init
 .text.USBD_HAL_Stall
                0x00402f9c       0x60 libusb/lib/libusb_sam3s_rel.a(release-USBD_HAL.o)
                0x00402f9c                USBD_HAL_Stall
 .text.USBD_HAL_Halt
                0x00402ffc       0xc4 libusb/lib/libusb_sam3s_rel.a(release-USBD_HAL.o)
                0x00402ffc                USBD_HAL_Halt
 .text.USBD_HAL_IsHighSpeed
                0x004030c0        0x4 libusb/lib/libusb_sam3s_rel.a(release-USBD_HAL.o)
                0x004030c0                USBD_HAL_IsHighSpeed
 .text.USBD_HAL_Suspend
                0x004030c4       0x28 libusb/lib/libusb_sam3s_rel.a(release-USBD_HAL.o)
                0x004030c4                USBD_HAL_Suspend
 .text.USBD_HAL_Activate
                0x004030ec       0x24 libusb/lib/libusb_sam3s_rel.a(release-USBD_HAL.o)
                0x004030ec                USBD_HAL_Activate
 .text.USBGenericDescriptor_GetLength
                0x00403110        0x4 libusb/lib/libusb_sam3s_rel.a(release-USBDescriptors.o)
                0x00403110                USBGenericDescriptor_GetLength
 .text.USBGenericDescriptor_GetType
                0x00403114        0x4 libusb/lib/libusb_sam3s_rel.a(release-USBDescriptors.o)
                0x00403114                USBGenericDescriptor_GetType
 .text.USBGenericDescriptor_GetNextDescriptor
                0x00403118       0x10 libusb/lib/libusb_sam3s_rel.a(release-USBDescriptors.o)
                0x00403118                USBGenericDescriptor_GetNextDescriptor
 .text.USBGenericDescriptor_Parse
                0x00403128       0x4c libusb/lib/libusb_sam3s_rel.a(release-USBDescriptors.o)
                0x00403128                USBGenericDescriptor_Parse
 .text.USBEndpointDescriptor_GetNumber
                0x00403174        0x8 libusb/lib/libusb_sam3s_rel.a(release-USBDescriptors.o)
                0x00403174                USBEndpointDescriptor_GetNumber
 .text.USBEndpointDescriptor_GetDirection
                0x0040317c        0x6 libusb/lib/libusb_sam3s_rel.a(release-USBDescriptors.o)
                0x0040317c                USBEndpointDescriptor_GetDirection
 .text.USBEndpointDescriptor_GetType
                0x00403182        0x8 libusb/lib/libusb_sam3s_rel.a(release-USBDescriptors.o)
                0x00403182                USBEndpointDescriptor_GetType
 .text.USBEndpointDescriptor_GetMaxPacketSize
                0x0040318a        0x4 libusb/lib/libusb_sam3s_rel.a(release-USBDescriptors.o)
                0x0040318a                USBEndpointDescriptor_GetMaxPacketSize
 .text.USBConfigurationDescriptor_GetTotalLength
                0x0040318e        0x4 libusb/lib/libusb_sam3s_rel.a(release-USBDescriptors.o)
                0x0040318e                USBConfigurationDescriptor_GetTotalLength
 .text.USBConfigurationDescriptor_IsSelfPowered
                0x00403192        0x8 libusb/lib/libusb_sam3s_rel.a(release-USBDescriptors.o)
                0x00403192                USBConfigurationDescriptor_IsSelfPowered
 *fill*         0x0040319a        0x2 00
 .text.USBConfigurationDescriptor_Parse
                0x0040319c       0x78 libusb/lib/libusb_sam3s_rel.a(release-USBDescriptors.o)
                0x0040319c                USBConfigurationDescriptor_Parse
 .text.USBD_SuspendHandler
                0x00403214       0x24 libusb/lib/libusb_sam3s_rel.a(release-USBD.o)
                0x00403214                USBD_SuspendHandler
 .text.USBD_ResumeHandler
                0x00403238       0x28 libusb/lib/libusb_sam3s_rel.a(release-USBD.o)
                0x00403238                USBD_ResumeHandler
 .text.USBD_RequestHandler
                0x00403260       0x2c libusb/lib/libusb_sam3s_rel.a(release-USBD.o)
                0x00403260                USBD_RequestHandler
 .text.USBD_ConfigureEndpoint
                0x0040328c        0xc libusb/lib/libusb_sam3s_rel.a(release-USBD.o)
                0x0040328c                USBD_ConfigureEndpoint
 .text.USBD_ResetHandler
                0x00403298       0x38 libusb/lib/libusb_sam3s_rel.a(release-USBD.o)
                0x00403298                USBD_ResetHandler
 .text.USBD_Write
                0x004032d0       0x24 libusb/lib/libusb_sam3s_rel.a(release-USBD.o)
                0x004032d0                USBD_Write
 .text.USBD_Read
                0x004032f4       0x24 libusb/lib/libusb_sam3s_rel.a(release-USBD.o)
                0x004032f4                USBD_Read
 .text.USBD_Halt
                0x00403318       0x10 libusb/lib/libusb_sam3s_rel.a(release-USBD.o)
                0x00403318                USBD_Halt
 .text.USBD_Unhalt
                0x00403328       0x10 libusb/lib/libusb_sam3s_rel.a(release-USBD.o)
                0x00403328                USBD_Unhalt
 .text.USBD_IsHighSpeed
                0x00403338        0xc libusb/lib/libusb_sam3s_rel.a(release-USBD.o)
                0x00403338                USBD_IsHighSpeed
 .text.USBD_Stall
                0x00403344        0xc libusb/lib/libusb_sam3s_rel.a(release-USBD.o)
                0x00403344                USBD_Stall
 .text.USBD_SetAddress
                0x00403350       0x20 libusb/lib/libusb_sam3s_rel.a(release-USBD.o)
                0x00403350                USBD_SetAddress
 .text.USBD_SetConfiguration
                0x00403370       0x30 libusb/lib/libusb_sam3s_rel.a(release-USBD.o)
                0x00403370                USBD_SetConfiguration
 .text.USBD_Connect
                0x004033a0        0xc libusb/lib/libusb_sam3s_rel.a(release-USBD.o)
                0x004033a0                USBD_Connect
 .text.USBD_Disconnect
                0x004033ac       0x28 libusb/lib/libusb_sam3s_rel.a(release-USBD.o)
                0x004033ac                USBD_Disconnect
 .text.USBD_Init
                0x004033d4       0x24 libusb/lib/libusb_sam3s_rel.a(release-USBD.o)
                0x004033d4                USBD_Init
 .text.USBD_GetState
                0x004033f8        0xc libusb/lib/libusb_sam3s_rel.a(release-USBD.o)
                0x004033f8                USBD_GetState
 .text.USBDCallbacks_Reset
                0x00403404        0x2 libusb/lib/libusb_sam3s_rel.a(release-USBDCallbacks.o)
                0x00403404                USBDCallbacks_Reset
 .text.USBDCallbacks_Suspended
                0x00403406        0x2 libusb/lib/libusb_sam3s_rel.a(release-USBDCallbacks.o)
                0x00403406                USBDCallbacks_Suspended
 .text.USBDCallbacks_Resumed
                0x00403408        0x2 libusb/lib/libusb_sam3s_rel.a(release-USBDCallbacks.o)
                0x00403408                USBDCallbacks_Resumed
 *fill*         0x0040340a        0x2 00
 .text.TerminateCtrlInWithNull
                0x0040340c       0x18 libusb/lib/libusb_sam3s_rel.a(release-USBDDriver.o)
 .text.USBD_GetDriver
                0x00403424        0x8 libusb/lib/libusb_sam3s_rel.a(release-USBDDriver.o)
                0x00403424                USBD_GetDriver
 .text.USBDDriver_Initialize
                0x0040342c        0xc libusb/lib/libusb_sam3s_rel.a(release-USBDDriver.o)
                0x0040342c                USBDDriver_Initialize
 .text.USBDDriver_GetCfgDescriptors
                0x00403438       0x18 libusb/lib/libusb_sam3s_rel.a(release-USBDDriver.o)
                0x00403438                USBDDriver_GetCfgDescriptors
 .text.USBDDriver_RequestHandler
                0x00403450      0x3f0 libusb/lib/libusb_sam3s_rel.a(release-USBDDriver.o)
                0x00403450                USBDDriver_RequestHandler
 .text.CDCDSerial_Initialize
                0x00403840       0x24 libusb/lib/libusb_sam3s_rel.a(release-CDCDSerial.o)
                0x00403840                CDCDSerial_Initialize
 .text.CDCDSerial_ConfigureFunction
                0x00403864       0x18 libusb/lib/libusb_sam3s_rel.a(release-CDCDSerial.o)
                0x00403864                CDCDSerial_ConfigureFunction
 .text.CDCDSerial_RequestHandler
                0x0040387c       0x14 libusb/lib/libusb_sam3s_rel.a(release-CDCDSerial.o)
                0x0040387c                CDCDSerial_RequestHandler
 .text.CDCDSerial_Read
                0x00403890       0x20 libusb/lib/libusb_sam3s_rel.a(release-CDCDSerial.o)
                0x00403890                CDCDSerial_Read
 .text.CDCDSerial_Write
                0x004038b0       0x20 libusb/lib/libusb_sam3s_rel.a(release-CDCDSerial.o)
                0x004038b0                CDCDSerial_Write
 .text.CDCDSerial_LineCodingIsToChange
                0x004038d0        0x4 libusb/lib/libusb_sam3s_rel.a(release-CDCDSerial.o)
                0x004038d0                CDCDSerial_LineCodingIsToChange
 .text.CDCDSerial_ControlLineStateChanged
                0x004038d4        0x2 libusb/lib/libusb_sam3s_rel.a(release-CDCDSerial.o)
                0x004038d4                CDCDSerial_ControlLineStateChanged
 *fill*         0x004038d6        0x2 00
 .text.CDCDSerial_EventHandler
                0x004038d8       0x34 libusb/lib/libusb_sam3s_rel.a(release-CDCDSerial.o)
 .text.USBDDriverCallbacks_InterfaceSettingChanged
                0x0040390c        0x2 libusb/lib/libusb_sam3s_rel.a(release-USBDDriverCallbacks.o)
                0x0040390c                USBDDriverCallbacks_InterfaceSettingChanged
 *fill*         0x0040390e        0x2 00
 .text.CDCDSerialDriver_Initialize
                0x00403910       0x30 libusb/lib/libusb_sam3s_rel.a(release-CDCDSerialDriver.o)
                0x00403910                CDCDSerialDriver_Initialize
 .text.CDCDSerialDriver_ConfigurationChangedHandler
                0x00403940       0x24 libusb/lib/libusb_sam3s_rel.a(release-CDCDSerialDriver.o)
                0x00403940                CDCDSerialDriver_ConfigurationChangedHandler
 .text.CDCDSerialDriver_RequestHandler
                0x00403964       0x28 libusb/lib/libusb_sam3s_rel.a(release-CDCDSerialDriver.o)
                0x00403964                CDCDSerialDriver_RequestHandler
 .text.USBGenericRequest_GetType
                0x0040398c        0xa libusb/lib/libusb_sam3s_rel.a(release-USBRequests.o)
                0x0040398c                USBGenericRequest_GetType
 .text.USBGenericRequest_GetRequest
                0x00403996        0x4 libusb/lib/libusb_sam3s_rel.a(release-USBRequests.o)
                0x00403996                USBGenericRequest_GetRequest
 .text.USBGenericRequest_GetValue
                0x0040399a        0x4 libusb/lib/libusb_sam3s_rel.a(release-USBRequests.o)
                0x0040399a                USBGenericRequest_GetValue
 .text.USBGenericRequest_GetIndex
                0x0040399e        0x4 libusb/lib/libusb_sam3s_rel.a(release-USBRequests.o)
                0x0040399e                USBGenericRequest_GetIndex
 .text.USBGenericRequest_GetLength
                0x004039a2        0x4 libusb/lib/libusb_sam3s_rel.a(release-USBRequests.o)
                0x004039a2                USBGenericRequest_GetLength
 *fill*         0x004039a6        0x2 00
 .text.USBGenericRequest_GetEndpointNumber
                0x004039a8       0x10 libusb/lib/libusb_sam3s_rel.a(release-USBRequests.o)
                0x004039a8                USBGenericRequest_GetEndpointNumber
 .text.USBGenericRequest_GetRecipient
                0x004039b8        0x8 libusb/lib/libusb_sam3s_rel.a(release-USBRequests.o)
                0x004039b8                USBGenericRequest_GetRecipient
 .text.USBGenericRequest_GetDirection
                0x004039c0        0x6 libusb/lib/libusb_sam3s_rel.a(release-USBRequests.o)
                0x004039c0                USBGenericRequest_GetDirection
 *fill*         0x004039c6        0x2 00
 .text.USBGetDescriptorRequest_GetDescriptorType
                0x004039c8       0x10 libusb/lib/libusb_sam3s_rel.a(release-USBRequests.o)
                0x004039c8                USBGetDescriptorRequest_GetDescriptorType
 .text.USBGetDescriptorRequest_GetDescriptorIndex
                0x004039d8       0x10 libusb/lib/libusb_sam3s_rel.a(release-USBRequests.o)
                0x004039d8                USBGetDescriptorRequest_GetDescriptorIndex
 .text.USBSetAddressRequest_GetAddress
                0x004039e8       0x10 libusb/lib/libusb_sam3s_rel.a(release-USBRequests.o)
                0x004039e8                USBSetAddressRequest_GetAddress
 .text.USBSetConfigurationRequest_GetConfiguration
                0x004039f8       0x10 libusb/lib/libusb_sam3s_rel.a(release-USBRequests.o)
                0x004039f8                USBSetConfigurationRequest_GetConfiguration
 .text.USBInterfaceRequest_GetInterface
                0x00403a08       0x10 libusb/lib/libusb_sam3s_rel.a(release-USBRequests.o)
                0x00403a08                USBInterfaceRequest_GetInterface
 .text.USBInterfaceRequest_GetAlternateSetting
                0x00403a18       0x10 libusb/lib/libusb_sam3s_rel.a(release-USBRequests.o)
                0x00403a18                USBInterfaceRequest_GetAlternateSetting
 .text.USBFeatureRequest_GetFeatureSelector
                0x00403a28       0x10 libusb/lib/libusb_sam3s_rel.a(release-USBRequests.o)
                0x00403a28                USBFeatureRequest_GetFeatureSelector
 .text._Interfaces_Parse
                0x00403a38       0xa6 libusb/lib/libusb_sam3s_rel.a(release-CDCDSerialPort.o)
 *fill*         0x00403ade        0x2 00
 .text._SetLineCodingCallback
                0x00403ae0       0x48 libusb/lib/libusb_sam3s_rel.a(release-CDCDSerialPort.o)
 .text.CDCDSerialPort_Initialize
                0x00403b28       0x34 libusb/lib/libusb_sam3s_rel.a(release-CDCDSerialPort.o)
                0x00403b28                CDCDSerialPort_Initialize
 .text.CDCDSerialPort_ParseInterfaces
                0x00403b5c       0x20 libusb/lib/libusb_sam3s_rel.a(release-CDCDSerialPort.o)
                0x00403b5c                CDCDSerialPort_ParseInterfaces
 .text.CDCDSerialPort_RequestHandler
                0x00403b7c       0x9c libusb/lib/libusb_sam3s_rel.a(release-CDCDSerialPort.o)
                0x00403b7c                CDCDSerialPort_RequestHandler
 .text.CDCDSerialPort_Read
                0x00403c18       0x18 libusb/lib/libusb_sam3s_rel.a(release-CDCDSerialPort.o)
                0x00403c18                CDCDSerialPort_Read
 .text.CDCDSerialPort_Write
                0x00403c30       0x18 libusb/lib/libusb_sam3s_rel.a(release-CDCDSerialPort.o)
                0x00403c30                CDCDSerialPort_Write
 .text.CDCLineCoding_Initialize
                0x00403c48        0xe libusb/lib/libusb_sam3s_rel.a(release-CDCLineCoding.o)
                0x00403c48                CDCLineCoding_Initialize
 *fill*         0x00403c56        0x2 00
 .text.NVIC_SetPriority
                0x00403c58       0x28 libchip/lib/libchip_sam3s4_rel.a(release-pio_it.o)
 .text.PioInterruptHandler
                0x00403c80       0x6c libchip/lib/libchip_sam3s4_rel.a(release-pio_it.o)
                0x00403c80                PioInterruptHandler
 .text.PIOA_IrqHandler
                0x00403cec       0x24 libchip/lib/libchip_sam3s4_rel.a(release-pio_it.o)
                0x00403cec                PIOA_IrqHandler
 .text.PIOB_IrqHandler
                0x00403d10       0x14 libchip/lib/libchip_sam3s4_rel.a(release-pio_it.o)
                0x00403d10                PIOB_IrqHandler
 .text.PIOC_IrqHandler
                0x00403d24       0x14 libchip/lib/libchip_sam3s4_rel.a(release-pio_it.o)
                0x00403d24                PIOC_IrqHandler
 .text.PIO_InitializeInterrupts
                0x00403d38       0x98 libchip/lib/libchip_sam3s4_rel.a(release-pio_it.o)
                0x00403d38                PIO_InitializeInterrupts
 .text.PIO_ConfigureIt
                0x00403dd0       0x84 libchip/lib/libchip_sam3s4_rel.a(release-pio_it.o)
                0x00403dd0                PIO_ConfigureIt
 .text.PIO_EnableIt
                0x00403e54       0x70 libchip/lib/libchip_sam3s4_rel.a(release-pio_it.o)
                0x00403e54                PIO_EnableIt
 .text.IrqHandlerNotUsed
                0x00403ec4        0x2 libchip/lib/libchip_sam3s4_rel.a(release-exceptions.o)
                0x00403ec4                IrqHandlerNotUsed
 .text.NMI_Handler
                0x00403ec6        0x2 libchip/lib/libchip_sam3s4_rel.a(release-exceptions.o)
                0x00403ec6                NMI_Handler
 .text.HardFault_Handler
                0x00403ec8        0x2 libchip/lib/libchip_sam3s4_rel.a(release-exceptions.o)
                0x00403ec8                HardFault_Handler
 .text.MemManage_Handler
                0x00403eca        0x2 libchip/lib/libchip_sam3s4_rel.a(release-exceptions.o)
                0x00403eca                MemManage_Handler
 .text.BusFault_Handler
                0x00403ecc        0x2 libchip/lib/libchip_sam3s4_rel.a(release-exceptions.o)
                0x00403ecc                BusFault_Handler
 .text.UsageFault_Handler
                0x00403ece        0x2 libchip/lib/libchip_sam3s4_rel.a(release-exceptions.o)
                0x00403ece                UsageFault_Handler
 .text.SVC_Handler
                0x00403ed0        0x2 libchip/lib/libchip_sam3s4_rel.a(release-exceptions.o)
                0x00403ed0                SVC_Handler
 .text.DebugMon_Handler
                0x00403ed2        0x2 libchip/lib/libchip_sam3s4_rel.a(release-exceptions.o)
                0x00403ed2                DebugMon_Handler
 .text.PendSV_Handler
                0x00403ed4        0x2 libchip/lib/libchip_sam3s4_rel.a(release-exceptions.o)
                0x00403ed4                PendSV_Handler
 .text.SUPC_IrqHandler
                0x00403ed6        0x2 libchip/lib/libchip_sam3s4_rel.a(release-exceptions.o)
                0x00403ed6                SUPC_IrqHandler
 .text.RSTC_IrqHandler
                0x00403ed8        0x2 libchip/lib/libchip_sam3s4_rel.a(release-exceptions.o)
                0x00403ed8                RSTC_IrqHandler
 .text.RTC_IrqHandler
                0x00403eda        0x2 libchip/lib/libchip_sam3s4_rel.a(release-exceptions.o)
                0x00403eda                RTC_IrqHandler
 .text.RTT_IrqHandler
                0x00403edc        0x2 libchip/lib/libchip_sam3s4_rel.a(release-exceptions.o)
                0x00403edc                RTT_IrqHandler
 .text.WDT_IrqHandler
                0x00403ede        0x2 libchip/lib/libchip_sam3s4_rel.a(release-exceptions.o)
                0x00403ede                WDT_IrqHandler
 .text.PMC_IrqHandler
                0x00403ee0        0x2 libchip/lib/libchip_sam3s4_rel.a(release-exceptions.o)
                0x00403ee0                PMC_IrqHandler
 .text.EEFC_IrqHandler
                0x00403ee2        0x2 libchip/lib/libchip_sam3s4_rel.a(release-exceptions.o)
                0x00403ee2                EEFC_IrqHandler
 .text.UART0_IrqHandler
                0x00403ee4        0x2 libchip/lib/libchip_sam3s4_rel.a(release-exceptions.o)
                0x00403ee4                UART0_IrqHandler
 .text.UART1_IrqHandler
                0x00403ee6        0x2 libchip/lib/libchip_sam3s4_rel.a(release-exceptions.o)
                0x00403ee6                UART1_IrqHandler
 .text.SMC_IrqHandler
                0x00403ee8        0x2 libchip/lib/libchip_sam3s4_rel.a(release-exceptions.o)
                0x00403ee8                SMC_IrqHandler
 .text.USART0_IrqHandler
                0x00403eea        0x2 libchip/lib/libchip_sam3s4_rel.a(release-exceptions.o)
                0x00403eea                USART0_IrqHandler
 .text.USART1_IrqHandler
                0x00403eec        0x2 libchip/lib/libchip_sam3s4_rel.a(release-exceptions.o)
                0x00403eec                USART1_IrqHandler
 .text.MCI_IrqHandler
                0x00403eee        0x2 libchip/lib/libchip_sam3s4_rel.a(release-exceptions.o)
                0x00403eee                MCI_IrqHandler
 .text.TWI0_IrqHandler
                0x00403ef0        0x2 libchip/lib/libchip_sam3s4_rel.a(release-exceptions.o)
                0x00403ef0                TWI0_IrqHandler
 .text.TWI1_IrqHandler
                0x00403ef2        0x2 libchip/lib/libchip_sam3s4_rel.a(release-exceptions.o)
                0x00403ef2                TWI1_IrqHandler
 .text.SPI_IrqHandler
                0x00403ef4        0x2 libchip/lib/libchip_sam3s4_rel.a(release-exceptions.o)
                0x00403ef4                SPI_IrqHandler
 .text.SSC_IrqHandler
                0x00403ef6        0x2 libchip/lib/libchip_sam3s4_rel.a(release-exceptions.o)
                0x00403ef6                SSC_IrqHandler
 .text.TC2_IrqHandler
                0x00403ef8        0x2 libchip/lib/libchip_sam3s4_rel.a(release-exceptions.o)
                0x00403ef8                TC2_IrqHandler
 .text.TC3_IrqHandler
                0x00403efa        0x2 libchip/lib/libchip_sam3s4_rel.a(release-exceptions.o)
                0x00403efa                TC3_IrqHandler
 .text.TC4_IrqHandler
                0x00403efc        0x2 libchip/lib/libchip_sam3s4_rel.a(release-exceptions.o)
                0x00403efc                TC4_IrqHandler
 .text.TC5_IrqHandler
                0x00403efe        0x2 libchip/lib/libchip_sam3s4_rel.a(release-exceptions.o)
                0x00403efe                TC5_IrqHandler
 .text.DAC_IrqHandler
                0x00403f00        0x2 libchip/lib/libchip_sam3s4_rel.a(release-exceptions.o)
                0x00403f00                DAC_IrqHandler
 .text.PWM_IrqHandler
                0x00403f02        0x2 libchip/lib/libchip_sam3s4_rel.a(release-exceptions.o)
                0x00403f02                PWM_IrqHandler
 .text.CRCCU_IrqHandler
                0x00403f04        0x2 libchip/lib/libchip_sam3s4_rel.a(release-exceptions.o)
                0x00403f04                CRCCU_IrqHandler
 .text.ACC_IrqHandler
                0x00403f06        0x2 libchip/lib/libchip_sam3s4_rel.a(release-exceptions.o)
                0x00403f06                ACC_IrqHandler
 .text.ADC_Initialize
                0x00403f08       0x1c libchip/lib/libchip_sam3s4_rel.a(release-adc.o)
                0x00403f08                ADC_Initialize
 .text.ADC_cfgFrequency
                0x00403f24       0x16 libchip/lib/libchip_sam3s4_rel.a(release-adc.o)
                0x00403f24                ADC_cfgFrequency
 .text.ADC_ReadBuffer
                0x00403f3a       0x34 libchip/lib/libchip_sam3s4_rel.a(release-adc.o)
                0x00403f3a                ADC_ReadBuffer
 *fill*         0x00403f6e        0x2 00
 .text.PIO_Configure
                0x00403f70      0x14c libchip/lib/libchip_sam3s4_rel.a(release-pio.o)
                0x00403f70                PIO_Configure
 .text.PIO_Set  0x004040bc        0x8 libchip/lib/libchip_sam3s4_rel.a(release-pio.o)
                0x004040bc                PIO_Set
 .text.PIO_Clear
                0x004040c4        0x8 libchip/lib/libchip_sam3s4_rel.a(release-pio.o)
                0x004040c4                PIO_Clear
 .text.PIO_Get  0x004040cc       0x1c libchip/lib/libchip_sam3s4_rel.a(release-pio.o)
                0x004040cc                PIO_Get
 .text.PMC_EnablePeripheral
                0x004040e8       0x5c libchip/lib/libchip_sam3s4_rel.a(release-pmc.o)
                0x004040e8                PMC_EnablePeripheral
 .text.PMC_DisablePeripheral
                0x00404144       0x58 libchip/lib/libchip_sam3s4_rel.a(release-pmc.o)
                0x00404144                PMC_DisablePeripheral
 .text.PMC_IsPeriphEnabled
                0x0040419c       0x4c libchip/lib/libchip_sam3s4_rel.a(release-pmc.o)
                0x0040419c                PMC_IsPeriphEnabled
 .text.TC_Configure
                0x004041e8       0x38 libchip/lib/libchip_sam3s4_rel.a(release-tc.o)
                0x004041e8                TC_Configure
 .text.TC_Start
                0x00404220       0x2c libchip/lib/libchip_sam3s4_rel.a(release-tc.o)
                0x00404220                TC_Start
 .text.TC_Stop  0x0040424c       0x2c libchip/lib/libchip_sam3s4_rel.a(release-tc.o)
                0x0040424c                TC_Stop
 .text.TC_FindMckDivisor
                0x00404278       0x70 libchip/lib/libchip_sam3s4_rel.a(release-tc.o)
                0x00404278                TC_FindMckDivisor
 .text.FindClockConfiguration
                0x004042e8       0x7c libchip/lib/libchip_sam3s4_rel.a(release-pwmc.o)
 .text.PWMC_ConfigureChannel
                0x00404364       0x5c libchip/lib/libchip_sam3s4_rel.a(release-pwmc.o)
                0x00404364                PWMC_ConfigureChannel
 .text.PWMC_ConfigureClocks
                0x004043c0       0x54 libchip/lib/libchip_sam3s4_rel.a(release-pwmc.o)
                0x004043c0                PWMC_ConfigureClocks
 .text.PWMC_SetPeriod
                0x00404414       0x1e libchip/lib/libchip_sam3s4_rel.a(release-pwmc.o)
                0x00404414                PWMC_SetPeriod
 *fill*         0x00404432        0x2 00
 .text.PWMC_SetDutyCycle
                0x00404434       0x48 libchip/lib/libchip_sam3s4_rel.a(release-pwmc.o)
                0x00404434                PWMC_SetDutyCycle
 .text.PWMC_ConfigureSyncChannel
                0x0040447c       0x12 libchip/lib/libchip_sam3s4_rel.a(release-pwmc.o)
                0x0040447c                PWMC_ConfigureSyncChannel
 .text.PWMC_SetSyncChannelUpdatePeriod
                0x0040448e        0xc libchip/lib/libchip_sam3s4_rel.a(release-pwmc.o)
                0x0040448e                PWMC_SetSyncChannelUpdatePeriod
 *fill*         0x0040449a        0x2 00
 .text.PIO_CaptureHandler
                0x0040449c       0x60 libchip/lib/libchip_sam3s4_rel.a(release-pio_capture.o)
                0x0040449c                PIO_CaptureHandler
 .text          0x004044fc       0x54 /usr/local/Sourcery/bin/../lib/gcc/arm-none-eabi/4.6.1/../../../../arm-none-eabi/lib/thumb2/libc.a(lib_a-assert.o)
                0x004044fc                __assert_func
                0x00404544                __assert
 .text          0x00404550       0x4c /usr/local/Sourcery/bin/../lib/gcc/arm-none-eabi/4.6.1/../../../../arm-none-eabi/lib/thumb2/libc.a(lib_a-fiprintf.o)
                0x00404550                _fiprintf_r
                0x00404570                fiprintf
 .text          0x0040459c       0x6c /usr/local/Sourcery/bin/../lib/gcc/arm-none-eabi/4.6.1/../../../../arm-none-eabi/lib/thumb2/libc.a(lib_a-gets.o)
                0x0040459c                _gets_r
                0x004045f8                gets
 .text          0x00404608       0x64 /usr/local/Sourcery/bin/../lib/gcc/arm-none-eabi/4.6.1/../../../../arm-none-eabi/lib/thumb2/libc.a(lib_a-iprintf.o)
                0x00404608                iprintf
                0x00404640                _iprintf_r
 .text          0x0040466c       0xf0 /usr/local/Sourcery/bin/../lib/gcc/arm-none-eabi/4.6.1/../../../../arm-none-eabi/lib/thumb2/libc.a(lib_a-memcpy.o)
                0x0040466c                memcpy
 .text          0x0040475c       0xbc /usr/local/Sourcery/bin/../lib/gcc/arm-none-eabi/4.6.1/../../../../arm-none-eabi/lib/thumb2/libc.a(lib_a-memmove.o)
                0x0040475c                memmove
 .text          0x00404818       0x70 /usr/local/Sourcery/bin/../lib/gcc/arm-none-eabi/4.6.1/../../../../arm-none-eabi/lib/thumb2/libc.a(lib_a-rget.o)
                0x00404818                __srget_r
                0x00404878                __srget
 .text          0x00404888       0x10 /usr/local/Sourcery/bin/../lib/gcc/arm-none-eabi/4.6.1/../../../../arm-none-eabi/lib/thumb2/libc.a(lib_a-setbuf.o)
                0x00404888                setbuf
 .text          0x00404898      0x15c /usr/local/Sourcery/bin/../lib/gcc/arm-none-eabi/4.6.1/../../../../arm-none-eabi/lib/thumb2/libc.a(lib_a-setvbuf.o)
                0x00404898                setvbuf
 .text          0x004049f4       0xb4 /usr/local/Sourcery/bin/../lib/gcc/arm-none-eabi/4.6.1/../../../../arm-none-eabi/lib/thumb2/libc.a(lib_a-siscanf.o)
                0x004049f4                siscanf
                0x00404a50                _siscanf_r
 .text          0x00404aa8       0x8c /usr/local/Sourcery/bin/../lib/gcc/arm-none-eabi/4.6.1/../../../../arm-none-eabi/lib/thumb2/libc.a(lib_a-stdio.o)
                0x00404aa8                __sread
                0x00404acc                __seofread
                0x00404ad0                __swrite
                0x00404b08                __sseek
                0x00404b2c                __sclose
 .text          0x00404b34       0x60 /usr/local/Sourcery/bin/../lib/gcc/arm-none-eabi/4.6.1/../../../../arm-none-eabi/lib/thumb2/libc.a(lib_a-strlen.o)
                0x00404b34                strlen
 .text          0x00404b94      0xb5c /usr/local/Sourcery/bin/../lib/gcc/arm-none-eabi/4.6.1/../../../../arm-none-eabi/lib/thumb2/libc.a(lib_a-svfiscanf.o)
                0x00404b94                _sungetc_r
                0x00404c18                __ssrefill_r
                0x00404c54                _sfread_r
                0x00404ccc                __ssvfiscanf_r
 .text          0x004056f0      0x19c /usr/local/Sourcery/bin/../lib/gcc/arm-none-eabi/4.6.1/../../../../arm-none-eabi/lib/thumb2/libc.a(lib_a-ungetc.o)
                0x004056f0                __submore
                0x00405774                _ungetc_r
                0x00405878                ungetc
 .text          0x0040588c      0xd18 /usr/local/Sourcery/bin/../lib/gcc/arm-none-eabi/4.6.1/../../../../arm-none-eabi/lib/thumb2/libc.a(lib_a-vfiprintf.o)
                0x0040588c                __sprint_r
                0x0040590c                _vfiprintf_r
                0x00406588                vfiprintf
 .text          0x004065a4       0x2c /usr/local/Sourcery/bin/../lib/gcc/arm-none-eabi/4.6.1/../../../../arm-none-eabi/lib/thumb2/libc.a(lib_a-writer.o)
                0x004065a4                _write_r
 .text          0x004065d0       0xf8 /usr/local/Sourcery/bin/../lib/gcc/arm-none-eabi/4.6.1/../../../../arm-none-eabi/lib/thumb2/libc.a(lib_a-wsetup.o)
                0x004065d0                __swsetup_r
 .text          0x004066c8       0x10 /usr/local/Sourcery/bin/../lib/gcc/arm-none-eabi/4.6.1/../../../../arm-none-eabi/lib/thumb2/libc.a(lib_a-abort.o)
                0x004066c8                abort
 .text          0x004066d8       0x28 /usr/local/Sourcery/bin/../lib/gcc/arm-none-eabi/4.6.1/../../../../arm-none-eabi/lib/thumb2/libc.a(lib_a-closer.o)
                0x004066d8                _close_r
 .text          0x00406700      0x1e0 /usr/local/Sourcery/bin/../lib/gcc/arm-none-eabi/4.6.1/../../../../arm-none-eabi/lib/thumb2/libc.a(lib_a-fflush.o)
                0x00406700                _fflush_r
                0x004068b8                fflush
 .text          0x004068e0      0x1dc /usr/local/Sourcery/bin/../lib/gcc/arm-none-eabi/4.6.1/../../../../arm-none-eabi/lib/thumb2/libc.a(lib_a-findfp.o)
                0x004068e8                _cleanup_r
                0x00406944                __sfmoreglue
                0x00406974                _cleanup
                0x00406984                __sinit
                0x004069e0                __sfp
                0x00406a7c                __sfp_lock_acquire
                0x00406a80                __sfp_lock_release
                0x00406a84                __sinit_lock_acquire
                0x00406a88                __sinit_lock_release
                0x00406a8c                __fp_lock_all
                0x00406aa4                __fp_unlock_all
 .text          0x00406abc      0x13c /usr/local/Sourcery/bin/../lib/gcc/arm-none-eabi/4.6.1/../../../../arm-none-eabi/lib/thumb2/libc.a(lib_a-fputwc.o)
                0x00406abc                _fputwc_r
                0x00406ba0                fputwc
 .text          0x00406bf8      0x234 /usr/local/Sourcery/bin/../lib/gcc/arm-none-eabi/4.6.1/../../../../arm-none-eabi/lib/thumb2/libc.a(lib_a-freer.o)
                0x00406bf8                _malloc_trim_r
                0x00406c9c                _free_r
 .text          0x00406e2c      0x32c /usr/local/Sourcery/bin/../lib/gcc/arm-none-eabi/4.6.1/../../../../arm-none-eabi/lib/thumb2/libc.a(lib_a-fvwrite.o)
                0x00406e2c                __sfvwrite_r
 .text          0x00407158       0xa0 /usr/local/Sourcery/bin/../lib/gcc/arm-none-eabi/4.6.1/../../../../arm-none-eabi/lib/thumb2/libc.a(lib_a-fwalk.o)
                0x00407158                _fwalk
                0x004071a4                _fwalk_reent
 .text          0x004071f8       0x1c /usr/local/Sourcery/bin/../lib/gcc/arm-none-eabi/4.6.1/../../../../arm-none-eabi/lib/thumb2/libc.a(lib_a-iswspace.o)
                0x004071f8                iswspace
 .text          0x00407214       0xa4 /usr/local/Sourcery/bin/../lib/gcc/arm-none-eabi/4.6.1/../../../../arm-none-eabi/lib/thumb2/libc.a(lib_a-locale.o)
                0x00407214                _setlocale_r
                0x00407270                __locale_charset
                0x0040727c                __locale_mb_cur_max
                0x00407288                __locale_msgcharset
                0x00407290                __locale_cjk_lang
                0x00407294                _localeconv_r
                0x0040729c                setlocale
                0x004072b0                localeconv
 .text          0x004072b8       0x2c /usr/local/Sourcery/bin/../lib/gcc/arm-none-eabi/4.6.1/../../../../arm-none-eabi/lib/thumb2/libc.a(lib_a-lseekr.o)
                0x004072b8                _lseek_r
 .text          0x004072e4       0xe8 /usr/local/Sourcery/bin/../lib/gcc/arm-none-eabi/4.6.1/../../../../arm-none-eabi/lib/thumb2/libc.a(lib_a-makebuf.o)
                0x004072e4                __smakebuf_r
 .text          0x004073cc       0x20 /usr/local/Sourcery/bin/../lib/gcc/arm-none-eabi/4.6.1/../../../../arm-none-eabi/lib/thumb2/libc.a(lib_a-malloc.o)
                0x004073cc                malloc
                0x004073dc                free
 .text          0x004073ec      0x57c /usr/local/Sourcery/bin/../lib/gcc/arm-none-eabi/4.6.1/../../../../arm-none-eabi/lib/thumb2/libc.a(lib_a-mallocr.o)
                0x004073ec                _malloc_r
 .text          0x00407968       0xc8 /usr/local/Sourcery/bin/../lib/gcc/arm-none-eabi/4.6.1/../../../../arm-none-eabi/lib/thumb2/libc.a(lib_a-mbrtowc.o)
                0x00407968                _mbrtowc_r
                0x004079c4                mbrtowc
 .text          0x00407a30       0x58 /usr/local/Sourcery/bin/../lib/gcc/arm-none-eabi/4.6.1/../../../../arm-none-eabi/lib/thumb2/libc.a(lib_a-mbtowc_r.o)
                0x00407a30                __ascii_mbtowc
                0x00407a54                _mbtowc_r
 .text          0x00407a88       0x88 /usr/local/Sourcery/bin/../lib/gcc/arm-none-eabi/4.6.1/../../../../arm-none-eabi/lib/thumb2/libc.a(lib_a-memchr.o)
                0x00407a88                memchr
 .text          0x00407b10       0x8c /usr/local/Sourcery/bin/../lib/gcc/arm-none-eabi/4.6.1/../../../../arm-none-eabi/lib/thumb2/libc.a(lib_a-memset.o)
                0x00407b10                memset
 .text          0x00407b9c        0x8 /usr/local/Sourcery/bin/../lib/gcc/arm-none-eabi/4.6.1/../../../../arm-none-eabi/lib/thumb2/libc.a(lib_a-mlock.o)
                0x00407b9c                __malloc_lock
                0x00407ba0                __malloc_unlock
 .text          0x00407ba4       0x2c /usr/local/Sourcery/bin/../lib/gcc/arm-none-eabi/4.6.1/../../../../arm-none-eabi/lib/thumb2/libc.a(lib_a-readr.o)
                0x00407ba4                _read_r
 .text          0x00407bd0      0x3d8 /usr/local/Sourcery/bin/../lib/gcc/arm-none-eabi/4.6.1/../../../../arm-none-eabi/lib/thumb2/libc.a(lib_a-reallocr.o)
                0x00407bd0                _realloc_r
 .text          0x00407fa8      0x144 /usr/local/Sourcery/bin/../lib/gcc/arm-none-eabi/4.6.1/../../../../arm-none-eabi/lib/thumb2/libc.a(lib_a-refill.o)
                0x00407fbc                __srefill_r
 .text          0x004080ec       0x28 /usr/local/Sourcery/bin/../lib/gcc/arm-none-eabi/4.6.1/../../../../arm-none-eabi/lib/thumb2/libc.a(lib_a-sbrkr.o)
                0x004080ec                _sbrk_r
 .text          0x00408114       0x78 /usr/local/Sourcery/bin/../lib/gcc/arm-none-eabi/4.6.1/../../../../arm-none-eabi/lib/thumb2/libc.a(lib_a-sccl.o)
                0x00408114                __sccl
 .text          0x0040818c      0x150 /usr/local/Sourcery/bin/../lib/gcc/arm-none-eabi/4.6.1/../../../../arm-none-eabi/lib/thumb2/libc.a(lib_a-signal.o)
                0x0040818c                _init_signal_r
                0x004081bc                _signal_r
                0x004081f8                _raise_r
                0x0040824c                __sigtramp_r
                0x00408298                raise
                0x004082a8                signal
                0x004082bc                _init_signal
                0x004082cc                __sigtramp
 .text          0x004082dc       0x2c /usr/local/Sourcery/bin/../lib/gcc/arm-none-eabi/4.6.1/../../../../arm-none-eabi/lib/thumb2/libc.a(lib_a-signalr.o)
                0x004082dc                _kill_r
                0x00408304                _getpid_r
 .text          0x00408308      0x1dc /usr/local/Sourcery/bin/../lib/gcc/arm-none-eabi/4.6.1/../../../../arm-none-eabi/lib/thumb2/libc.a(lib_a-strcmp.o)
                0x00408308                strcmp
 .text          0x004084e4      0x17c /usr/local/Sourcery/bin/../lib/gcc/arm-none-eabi/4.6.1/../../../../arm-none-eabi/lib/thumb2/libc.a(lib_a-strtol.o)
                0x004084e4                _strtol_r
                0x00408644                strtol
 .text          0x00408660      0x1f4 /usr/local/Sourcery/bin/../lib/gcc/arm-none-eabi/4.6.1/../../../../arm-none-eabi/lib/thumb2/libc.a(lib_a-strtoll_r.o)
                0x00408660                _strtoll_r
 .text          0x00408854      0x180 /usr/local/Sourcery/bin/../lib/gcc/arm-none-eabi/4.6.1/../../../../arm-none-eabi/lib/thumb2/libc.a(lib_a-strtoul.o)
                0x00408854                _strtoul_r
                0x004089b8                strtoul
 *fill*         0x004089d4        0x4 00
 .text          0x004089d8      0x1e0 /usr/local/Sourcery/bin/../lib/gcc/arm-none-eabi/4.6.1/../../../../arm-none-eabi/lib/thumb2/libc.a(lib_a-strtoull_r.o)
                0x004089d8                _strtoull_r
 .text          0x00408bb8       0xfc /usr/local/Sourcery/bin/../lib/gcc/arm-none-eabi/4.6.1/../../../../arm-none-eabi/lib/thumb2/libc.a(lib_a-wbuf.o)
                0x00408bb8                __swbuf_r
                0x00408ca0                __swbuf
 .text          0x00408cb4       0xb0 /usr/local/Sourcery/bin/../lib/gcc/arm-none-eabi/4.6.1/../../../../arm-none-eabi/lib/thumb2/libc.a(lib_a-wcrtomb.o)
                0x00408cb4                _wcrtomb_r
                0x00408d04                wcrtomb
 .text          0x00408d64       0x4c /usr/local/Sourcery/bin/../lib/gcc/arm-none-eabi/4.6.1/../../../../arm-none-eabi/lib/thumb2/libc.a(lib_a-wctomb_r.o)
                0x00408d64                __ascii_wctomb
                0x00408d80                _wctomb_r
 .text          0x00408db0       0xc4 /usr/local/Sourcery/bin/../lib/gcc/arm-none-eabi/4.6.1/../../../../arm-none-eabi/lib/thumb2/libc.a(lib_a-fclose.o)
                0x00408db0                _fclose_r
                0x00408e64                fclose
 .text          0x00408e74       0x28 /usr/local/Sourcery/bin/../lib/gcc/arm-none-eabi/4.6.1/../../../../arm-none-eabi/lib/thumb2/libc.a(lib_a-fstatr.o)
                0x00408e74                _fstat_r
 .text          0x00408e9c       0x28 /usr/local/Sourcery/bin/../lib/gcc/arm-none-eabi/4.6.1/../../../../arm-none-eabi/lib/thumb2/libc.a(lib_a-isattyr.o)
                0x00408e9c                _isatty_r
 *fill*         0x00408ec4        0x4 00
 .text          0x00408ec8      0x278 /usr/local/Sourcery/bin/../lib/gcc/arm-none-eabi/4.6.1/thumb2/libgcc.a(_udivsi3.o)
                0x00408ec8                __udivsi3
                0x00408ec8                __aeabi_uidiv
                0x00409124                __aeabi_uidivmod
 .text          0x00409140        0x4 /usr/local/Sourcery/bin/../lib/gcc/arm-none-eabi/4.6.1/thumb2/libgcc.a(_dvmd_tls.o)
                0x00409140                __aeabi_ldiv0
                0x00409140                __aeabi_idiv0
 .text          0x00409144       0x2c /usr/local/Sourcery/bin/../lib/gcc/arm-none-eabi/4.6.1/thumb2/libgcc.a(_aeabi_uldivmod.o)
                0x00409144                __aeabi_uldivmod
 .text          0x00409170       0x5c /usr/local/Sourcery/bin/../lib/gcc/arm-none-eabi/4.6.1/thumb2/libgcc.a(bpabi.o)
                0x00409170                __gnu_ldivmod_helper
                0x004091a0                __gnu_uldivmod_helper
 .text          0x004091cc      0x364 /usr/local/Sourcery/bin/../lib/gcc/arm-none-eabi/4.6.1/thumb2/libgcc.a(_divdi3.o)
                0x004091cc                __divdi3
 .text          0x00409530      0x334 /usr/local/Sourcery/bin/../lib/gcc/arm-none-eabi/4.6.1/thumb2/libgcc.a(_udivdi3.o)
                0x00409530                __udivdi3
 *(.glue_7t)
 .glue_7t       0x00000000        0x0 linker stubs
 *(.glue_7)
 .glue_7        0x00000000        0x0 linker stubs
 *(.rodata .rodata* .gnu.linkonce.r.*)
 .rodata        0x00409864       0x1c build/obj/syscalls.o
 .rodata        0x00409880        0xc build/obj/uart_console.o
 .rodata        0x0040988c      0x124 build/obj/usb_console.o
 .rodata        0x004099b0       0x54 build/obj/led.o
 .rodata        0x00409a04       0xa0 build/obj/usb_device_descriptor.o
                0x00409a04                deviceDescriptor
                0x00409a18                configurationDescriptorsFS
                0x00409a5c                languageIdStringDescriptor
                0x00409a60                productStringDescriptor
                0x00409a7c                cdcdSerialDriverDescriptors
 .rodata        0x00409aa4      0x244 build/obj/main.o
 .rodata        0x00409ce8       0x34 build/obj/controller.o
 .rodata.str1.1
                0x00409d1c       0x69 libusb/lib/libusb_sam3s_rel.a(release-USBD_HAL.o)
                                 0x6b (size before relaxing)
 .rodata.str1.1
                0x00409d85       0x30 libusb/lib/libusb_sam3s_rel.a(release-USBD.o)
 .rodata.str1.1
                0x00409db5       0xef libusb/lib/libusb_sam3s_rel.a(release-USBDDriver.o)
 .rodata        0x00409ea4       0x3f libchip/lib/libchip_sam3s4_rel.a(release-pio_it.o)
 .rodata.str1.1
                0x00409ee3       0x67 libchip/lib/libchip_sam3s4_rel.a(release-pio_it.o)
 .rodata        0x00409f4a       0x3f libchip/lib/libchip_sam3s4_rel.a(release-pmc.o)
 .rodata.str1.1
                0x00409f89       0x17 libchip/lib/libchip_sam3s4_rel.a(release-pmc.o)
 .rodata        0x00409fa0       0x1e libchip/lib/libchip_sam3s4_rel.a(release-tc.o)
 .rodata.str1.1
                0x00409fbe       0x51 libchip/lib/libchip_sam3s4_rel.a(release-tc.o)
 *fill*         0x0040a00f        0x1 00
 .rodata        0x0040a010       0xe4 libchip/lib/libchip_sam3s4_rel.a(release-pwmc.o)
 .rodata.str1.1
                0x0040a0f4      0x1c0 libchip/lib/libchip_sam3s4_rel.a(release-pwmc.o)
 .rodata.str1.4
                0x0040a2b4       0x3f /usr/local/Sourcery/bin/../lib/gcc/arm-none-eabi/4.6.1/../../../../arm-none-eabi/lib/thumb2/libc.a(lib_a-assert.o)
                                 0x44 (size before relaxing)
 *fill*         0x0040a2f3        0x1 00
 .rodata        0x0040a2f4        0x4 /usr/local/Sourcery/bin/../lib/gcc/arm-none-eabi/4.6.1/../../../../arm-none-eabi/lib/thumb2/libc.a(lib_a-impure.o)
                0x0040a2f4                _global_impure_ptr
 .rodata.str1.4
                0x0040a2f8        0x2 /usr/local/Sourcery/bin/../lib/gcc/arm-none-eabi/4.6.1/../../../../arm-none-eabi/lib/thumb2/libc.a(lib_a-impure.o)
                                  0x4 (size before relaxing)
 *fill*         0x0040a2fa        0x2 00
 .rodata        0x0040a2fc       0x24 /usr/local/Sourcery/bin/../lib/gcc/arm-none-eabi/4.6.1/../../../../arm-none-eabi/lib/thumb2/libc.a(lib_a-svfiscanf.o)
 .rodata        0x0040a320       0x20 /usr/local/Sourcery/bin/../lib/gcc/arm-none-eabi/4.6.1/../../../../arm-none-eabi/lib/thumb2/libc.a(lib_a-vfiprintf.o)
 .rodata.str1.4
                0x0040a340       0x2f /usr/local/Sourcery/bin/../lib/gcc/arm-none-eabi/4.6.1/../../../../arm-none-eabi/lib/thumb2/libc.a(lib_a-vfiprintf.o)
                                 0x30 (size before relaxing)
 *fill*         0x0040a36f        0x1 00
 .rodata        0x0040a370      0x104 /usr/local/Sourcery/bin/../lib/gcc/arm-none-eabi/4.6.1/../../../../arm-none-eabi/lib/thumb2/libc.a(lib_a-ctype_.o)
                0x0040a370                _ctype_
 .rodata        0x0040a474       0x60 /usr/local/Sourcery/bin/../lib/gcc/arm-none-eabi/4.6.1/../../../../arm-none-eabi/lib/thumb2/libc.a(lib_a-findfp.o)
                0x0040a474                __sf_fake_stderr
                0x0040a494                __sf_fake_stdout
                0x0040a4b4                __sf_fake_stdin
 .rodata.str1.4
                0x0040a4d4        0xc /usr/local/Sourcery/bin/../lib/gcc/arm-none-eabi/4.6.1/../../../../arm-none-eabi/lib/thumb2/libc.a(lib_a-locale.o)
                                 0x14 (size before relaxing)
 .rodata.str1.4
                0x00000000        0x4 /usr/local/Sourcery/bin/../lib/gcc/arm-none-eabi/4.6.1/../../../../arm-none-eabi/lib/thumb2/libc.a(lib_a-mbrtowc.o)
 *(.ARM.extab* .gnu.linkonce.armextab.*)
                0x0040a4e0                . = ALIGN (0x4)
 *(.init)
 .init          0x0040a4e0        0x4 /usr/local/Sourcery/bin/../lib/gcc/arm-none-eabi/4.6.1/thumb2/crti.o
                0x0040a4e0                _init
 .init          0x0040a4e4        0x8 /usr/local/Sourcery/bin/../lib/gcc/arm-none-eabi/4.6.1/thumb2/crtn.o
                0x0040a4ec                . = ALIGN (0x4)
                0x0040a4ec                __preinit_array_start = .
 *(.preinit_array)
                0x0040a4ec                __preinit_array_end = .
                0x0040a4ec                . = ALIGN (0x4)
                0x0040a4ec                __init_array_start = .
 *(SORT(.init_array.*))
 *(.init_array)
 .init_array    0x0040a4ec        0x4 /usr/local/Sourcery/bin/../lib/gcc/arm-none-eabi/4.6.1/thumb2/crtbegin.o
                0x0040a4f0                __init_array_end = .
                0x0040a4f0                . = ALIGN (0x4)
 *crtbegin.o(.ctors)
 *(EXCLUDE_FILE(*crtend.o) .ctors)
 *(SORT(.ctors.*))
 *crtend.o(.ctors)
                0x0040a4f0                . = ALIGN (0x4)
 *(.fini)
 .fini          0x0040a4f0        0x4 /usr/local/Sourcery/bin/../lib/gcc/arm-none-eabi/4.6.1/thumb2/crti.o
                0x0040a4f0                _fini
 .fini          0x0040a4f4        0x8 /usr/local/Sourcery/bin/../lib/gcc/arm-none-eabi/4.6.1/thumb2/crtn.o
                0x0040a4fc                . = ALIGN (0x4)
                0x0040a4fc                __fini_array_start = .
 *(.fini_array)
 .fini_array    0x0040a4fc        0x4 /usr/local/Sourcery/bin/../lib/gcc/arm-none-eabi/4.6.1/thumb2/crtbegin.o
 *(SORT(.fini_array.*))
                0x0040a500                __fini_array_end = .
 *crtbegin.o(.dtors)
 *(EXCLUDE_FILE(*crtend.o) .dtors)
 *(SORT(.dtors.*))
 *crtend.o(.dtors)
                0x0040a500                . = ALIGN (0x4)
                0x0040a500                _efixed = .
                0x0040a500                PROVIDE (__exidx_start, .)

.vfp11_veneer   0x0040a500        0x0
 .vfp11_veneer  0x00000000        0x0 linker stubs

.v4_bx          0x0040a500        0x0
 .v4_bx         0x00000000        0x0 linker stubs

.iplt           0x0040a500        0x0
 .iplt          0x00000000        0x0 /usr/local/Sourcery/bin/../lib/gcc/arm-none-eabi/4.6.1/thumb2/crtbegin.o

.ARM.exidx      0x0040a500        0x8
 *(.ARM.exidx* .gnu.linkonce.armexidx.*)
 .ARM.exidx     0x0040a500        0x8 /usr/local/Sourcery/bin/../lib/gcc/arm-none-eabi/4.6.1/thumb2/libgcc.a(_divdi3.o)
 .ARM.exidx     0x0040a508        0x0 /usr/local/Sourcery/bin/../lib/gcc/arm-none-eabi/4.6.1/thumb2/libgcc.a(_udivdi3.o)
                                  0x8 (size before relaxing)
                0x0040a508                PROVIDE (__exidx_end, .)

.eh_frame       0x0040a508        0x0
 .eh_frame      0x0040a508        0x0 /usr/local/Sourcery/bin/../lib/gcc/arm-none-eabi/4.6.1/thumb2/crtbegin.o

.rel.dyn        0x0040a508        0x0
 .rel.iplt      0x00000000        0x0 /usr/local/Sourcery/bin/../lib/gcc/arm-none-eabi/4.6.1/thumb2/crtbegin.o

.jcr            0x0040a508        0x0
 .jcr           0x0040a508        0x0 /usr/local/Sourcery/bin/../lib/gcc/arm-none-eabi/4.6.1/thumb2/crtbegin.o

.igot.plt       0x0040a508        0x0
 .igot.plt      0x00000000        0x0 /usr/local/Sourcery/bin/../lib/gcc/arm-none-eabi/4.6.1/thumb2/crtbegin.o
                0x0040a508                . = ALIGN (0x4)
                0x0040a508                _etext = .

.relocate       0x20000000      0x5d0 load address 0x0040a508
                0x20000000                . = ALIGN (0x4)
                0x20000000                _srelocate = .
 *(.ramfunc .ramfunc.*)
 *(.data .data.*)
 .data          0x20000000        0x4 build/obj/system.o
                0x20000000                SystemCoreClock
 .data          0x20000004        0x4 build/obj/uart_console.o
 .data          0x20000008        0x4 build/obj/usb_console.o
 .data          0x2000000c        0x8 build/obj/usb_device_descriptor.o
                0x2000000c                stringDescriptors
 .data          0x20000014       0x30 build/obj/main.o
                0x20000014                _state
                0x20000018                ntrip
                0x20000028                rtrip
                0x20000038                releasetime
                0x2000003c                dxmax
 .data          0x20000044       0xf4 /usr/local/Sourcery/bin/../lib/gcc/arm-none-eabi/4.6.1/../../../../arm-none-eabi/lib/thumb2/libc.a(lib_a-impure.o)
                0x20000044                _impure_ptr
 .data          0x20000138        0x4 /usr/local/Sourcery/bin/../lib/gcc/arm-none-eabi/4.6.1/../../../../arm-none-eabi/lib/thumb2/libc.a(lib_a-ctype_.o)
                0x20000138                __ctype_ptr__
 .data          0x2000013c       0x7c /usr/local/Sourcery/bin/../lib/gcc/arm-none-eabi/4.6.1/../../../../arm-none-eabi/lib/thumb2/libc.a(lib_a-locale.o)
                0x2000015c                __mb_cur_max
 .data          0x200001b8      0x410 /usr/local/Sourcery/bin/../lib/gcc/arm-none-eabi/4.6.1/../../../../arm-none-eabi/lib/thumb2/libc.a(lib_a-mallocr.o)
                0x200001b8                __malloc_av_
                0x200005c0                __malloc_sbrk_base
                0x200005c4                __malloc_trim_threshold
 .data          0x200005c8        0x4 /usr/local/Sourcery/bin/../lib/gcc/arm-none-eabi/4.6.1/../../../../arm-none-eabi/lib/thumb2/libc.a(lib_a-mbtowc_r.o)
                0x200005c8                __mbtowc
 .data          0x200005cc        0x4 /usr/local/Sourcery/bin/../lib/gcc/arm-none-eabi/4.6.1/../../../../arm-none-eabi/lib/thumb2/libc.a(lib_a-wctomb_r.o)
                0x200005cc                __wctomb
                0x200005d0                . = ALIGN (0x4)
                0x200005d0                _erelocate = .

.bss            0x200005d0      0x300 load address 0x0040aad8
                0x200005d0                . = ALIGN (0x4)
                0x200005d0                _sbss = .
                0x200005d0                _szero = .
 *(.bss .bss.*)
 .bss           0x200005d0       0x1c /usr/local/Sourcery/bin/../lib/gcc/arm-none-eabi/4.6.1/thumb2/crtbegin.o
 .bss           0x200005ec        0x4 build/obj/syscalls.o
 .bss           0x200005f0        0x1 build/obj/uart_console.o
 *fill*         0x200005f1        0x3 00
 .bss           0x200005f4      0x10c build/obj/usb_console.o
 .bss           0x20000700        0xc build/obj/led.o
 .bss           0x2000070c        0x4 build/obj/timetick.o
 .bss           0x20000710       0x30 build/obj/main.o
                0x20000710                input
                0x20000714                loop
 .bss           0x20000740       0xe0 libusb/lib/libusb_sam3s_rel.a(release-USBD_HAL.o)
 .bss           0x20000820        0x2 libusb/lib/libusb_sam3s_rel.a(release-USBD.o)
 *fill*         0x20000822        0x2 00
 .bss           0x20000824       0x10 libusb/lib/libusb_sam3s_rel.a(release-USBDDriver.o)
 .bss           0x20000834       0x1c libusb/lib/libusb_sam3s_rel.a(release-CDCDSerial.o)
 .bss           0x20000850        0x7 libusb/lib/libusb_sam3s_rel.a(release-CDCDSerialPort.o)
 *fill*         0x20000857        0x1 00
 .bss           0x20000858       0x3c libchip/lib/libchip_sam3s4_rel.a(release-pio_it.o)
 .bss           0x20000894        0x4 libchip/lib/libchip_sam3s4_rel.a(release-pio_capture.o)
 .bss           0x20000898       0x34 /usr/local/Sourcery/bin/../lib/gcc/arm-none-eabi/4.6.1/../../../../arm-none-eabi/lib/thumb2/libc.a(lib_a-mallocr.o)
                0x20000898                __malloc_top_pad
                0x2000089c                __malloc_current_mallinfo
                0x200008c4                __malloc_max_sbrked_mem
                0x200008c8                __malloc_max_total_mem
 *(COMMON)
 COMMON         0x200008cc        0x4 /usr/local/Sourcery/bin/../lib/gcc/arm-none-eabi/4.6.1/../../../../arm-none-eabi/lib/thumb2/libc.a(lib_a-reent.o)
                0x200008cc                errno
                0x200008d0                . = ALIGN (0x4)
                0x200008d0                _ebss = .
                0x200008d0                _ezero = .

.stack          0x200008d0     0x1000 load address 0x0040add8
                0x200008d0                . = ALIGN (0x8)
 *(.stack .stack.*)
 .stack         0x200008d0     0x1000 build/obj/startup.o
                0x200008d0                pdwStack
                0x200018d0                . = ALIGN (0x4)
                0x200018d0                _end = .
OUTPUT(build/bin/project.elf elf32-littlearm)

.ARM.attributes
                0x00000000       0x29
 .ARM.attributes
                0x00000000       0x1b /usr/local/Sourcery/bin/../lib/gcc/arm-none-eabi/4.6.1/thumb2/crti.o
 .ARM.attributes
                0x0000001b       0x2b /usr/local/Sourcery/bin/../lib/gcc/arm-none-eabi/4.6.1/thumb2/crtbegin.o
 .ARM.attributes
                0x00000046       0x33 build/obj/syscalls.o
 .ARM.attributes
                0x00000079       0x33 build/obj/system.o
 .ARM.attributes
                0x000000ac       0x33 build/obj/uart_console.o
 .ARM.attributes
                0x000000df       0x33 build/obj/usb_console.o
 .ARM.attributes
                0x00000112       0x33 build/obj/led.o
 .ARM.attributes
                0x00000145       0x33 build/obj/timetick.o
 .ARM.attributes
                0x00000178       0x33 build/obj/startup.o
 .ARM.attributes
                0x000001ab       0x33 build/obj/usb_device_descriptor.o
 .ARM.attributes
                0x000001de       0x33 build/obj/main.o
 .ARM.attributes
                0x00000211       0x33 build/obj/controller.o
 .ARM.attributes
                0x00000244       0x33 libusb/lib/libusb_sam3s_rel.a(release-USBD_HAL.o)
 .ARM.attributes
                0x00000277       0x33 libusb/lib/libusb_sam3s_rel.a(release-USBDescriptors.o)
 .ARM.attributes
                0x000002aa       0x33 libusb/lib/libusb_sam3s_rel.a(release-USBD.o)
 .ARM.attributes
                0x000002dd       0x33 libusb/lib/libusb_sam3s_rel.a(release-USBDCallbacks.o)
 .ARM.attributes
                0x00000310       0x33 libusb/lib/libusb_sam3s_rel.a(release-USBDDriver.o)
 .ARM.attributes
                0x00000343       0x33 libusb/lib/libusb_sam3s_rel.a(release-CDCDSerial.o)
 .ARM.attributes
                0x00000376       0x33 libusb/lib/libusb_sam3s_rel.a(release-USBDDriverCallbacks.o)
 .ARM.attributes
                0x000003a9       0x33 libusb/lib/libusb_sam3s_rel.a(release-CDCDSerialDriver.o)
 .ARM.attributes
                0x000003dc       0x33 libusb/lib/libusb_sam3s_rel.a(release-USBRequests.o)
 .ARM.attributes
                0x0000040f       0x33 libusb/lib/libusb_sam3s_rel.a(release-CDCDSerialPort.o)
 .ARM.attributes
                0x00000442       0x33 libusb/lib/libusb_sam3s_rel.a(release-CDCLineCoding.o)
 .ARM.attributes
                0x00000475       0x33 libchip/lib/libchip_sam3s4_rel.a(release-pio_it.o)
 .ARM.attributes
                0x000004a8       0x33 libchip/lib/libchip_sam3s4_rel.a(release-exceptions.o)
 .ARM.attributes
                0x000004db       0x33 libchip/lib/libchip_sam3s4_rel.a(release-adc.o)
 .ARM.attributes
                0x0000050e       0x33 libchip/lib/libchip_sam3s4_rel.a(release-pio.o)
 .ARM.attributes
                0x00000541       0x33 libchip/lib/libchip_sam3s4_rel.a(release-pmc.o)
 .ARM.attributes
                0x00000574       0x33 libchip/lib/libchip_sam3s4_rel.a(release-tc.o)
 .ARM.attributes
                0x000005a7       0x33 libchip/lib/libchip_sam3s4_rel.a(release-pwmc.o)
 .ARM.attributes
                0x000005da       0x33 libchip/lib/libchip_sam3s4_rel.a(release-pio_capture.o)
 .ARM.attributes
                0x0000060d       0x2b /usr/local/Sourcery/bin/../lib/gcc/arm-none-eabi/4.6.1/../../../../arm-none-eabi/lib/thumb2/libc.a(lib_a-assert.o)
 .ARM.attributes
                0x00000638       0x2b /usr/local/Sourcery/bin/../lib/gcc/arm-none-eabi/4.6.1/../../../../arm-none-eabi/lib/thumb2/libc.a(lib_a-fiprintf.o)
 .ARM.attributes
                0x00000663       0x2b /usr/local/Sourcery/bin/../lib/gcc/arm-none-eabi/4.6.1/../../../../arm-none-eabi/lib/thumb2/libc.a(lib_a-gets.o)
 .ARM.attributes
                0x0000068e       0x2b /usr/local/Sourcery/bin/../lib/gcc/arm-none-eabi/4.6.1/../../../../arm-none-eabi/lib/thumb2/libc.a(lib_a-impure.o)
 .ARM.attributes
                0x000006b9       0x2b /usr/local/Sourcery/bin/../lib/gcc/arm-none-eabi/4.6.1/../../../../arm-none-eabi/lib/thumb2/libc.a(lib_a-iprintf.o)
 .ARM.attributes
                0x000006e4       0x2b /usr/local/Sourcery/bin/../lib/gcc/arm-none-eabi/4.6.1/../../../../arm-none-eabi/lib/thumb2/libc.a(lib_a-memcpy.o)
 .ARM.attributes
                0x0000070f       0x2b /usr/local/Sourcery/bin/../lib/gcc/arm-none-eabi/4.6.1/../../../../arm-none-eabi/lib/thumb2/libc.a(lib_a-memmove.o)
 .ARM.attributes
                0x0000073a       0x2b /usr/local/Sourcery/bin/../lib/gcc/arm-none-eabi/4.6.1/../../../../arm-none-eabi/lib/thumb2/libc.a(lib_a-reent.o)
 .ARM.attributes
                0x00000765       0x2b /usr/local/Sourcery/bin/../lib/gcc/arm-none-eabi/4.6.1/../../../../arm-none-eabi/lib/thumb2/libc.a(lib_a-rget.o)
 .ARM.attributes
                0x00000790       0x2b /usr/local/Sourcery/bin/../lib/gcc/arm-none-eabi/4.6.1/../../../../arm-none-eabi/lib/thumb2/libc.a(lib_a-setbuf.o)
 .ARM.attributes
                0x000007bb       0x2b /usr/local/Sourcery/bin/../lib/gcc/arm-none-eabi/4.6.1/../../../../arm-none-eabi/lib/thumb2/libc.a(lib_a-setvbuf.o)
 .ARM.attributes
                0x000007e6       0x2b /usr/local/Sourcery/bin/../lib/gcc/arm-none-eabi/4.6.1/../../../../arm-none-eabi/lib/thumb2/libc.a(lib_a-siscanf.o)
 .ARM.attributes
                0x00000811       0x2b /usr/local/Sourcery/bin/../lib/gcc/arm-none-eabi/4.6.1/../../../../arm-none-eabi/lib/thumb2/libc.a(lib_a-stdio.o)
 .ARM.attributes
                0x0000083c       0x2b /usr/local/Sourcery/bin/../lib/gcc/arm-none-eabi/4.6.1/../../../../arm-none-eabi/lib/thumb2/libc.a(lib_a-strlen.o)
 .ARM.attributes
                0x00000867       0x2b /usr/local/Sourcery/bin/../lib/gcc/arm-none-eabi/4.6.1/../../../../arm-none-eabi/lib/thumb2/libc.a(lib_a-svfiscanf.o)
 .ARM.attributes
                0x00000892       0x2b /usr/local/Sourcery/bin/../lib/gcc/arm-none-eabi/4.6.1/../../../../arm-none-eabi/lib/thumb2/libc.a(lib_a-ungetc.o)
 .ARM.attributes
                0x000008bd       0x2b /usr/local/Sourcery/bin/../lib/gcc/arm-none-eabi/4.6.1/../../../../arm-none-eabi/lib/thumb2/libc.a(lib_a-vfiprintf.o)
 .ARM.attributes
                0x000008e8       0x2b /usr/local/Sourcery/bin/../lib/gcc/arm-none-eabi/4.6.1/../../../../arm-none-eabi/lib/thumb2/libc.a(lib_a-writer.o)
 .ARM.attributes
                0x00000913       0x2b /usr/local/Sourcery/bin/../lib/gcc/arm-none-eabi/4.6.1/../../../../arm-none-eabi/lib/thumb2/libc.a(lib_a-wsetup.o)
 .ARM.attributes
                0x0000093e       0x2b /usr/local/Sourcery/bin/../lib/gcc/arm-none-eabi/4.6.1/../../../../arm-none-eabi/lib/thumb2/libc.a(lib_a-abort.o)
 .ARM.attributes
                0x00000969       0x2b /usr/local/Sourcery/bin/../lib/gcc/arm-none-eabi/4.6.1/../../../../arm-none-eabi/lib/thumb2/libc.a(lib_a-closer.o)
 .ARM.attributes
                0x00000994       0x2b /usr/local/Sourcery/bin/../lib/gcc/arm-none-eabi/4.6.1/../../../../arm-none-eabi/lib/thumb2/libc.a(lib_a-ctype_.o)
 .ARM.attributes
                0x000009bf       0x2b /usr/local/Sourcery/bin/../lib/gcc/arm-none-eabi/4.6.1/../../../../arm-none-eabi/lib/thumb2/libc.a(lib_a-fflush.o)
 .ARM.attributes
                0x000009ea       0x2b /usr/local/Sourcery/bin/../lib/gcc/arm-none-eabi/4.6.1/../../../../arm-none-eabi/lib/thumb2/libc.a(lib_a-findfp.o)
 .ARM.attributes
                0x00000a15       0x2b /usr/local/Sourcery/bin/../lib/gcc/arm-none-eabi/4.6.1/../../../../arm-none-eabi/lib/thumb2/libc.a(lib_a-fputwc.o)
 .ARM.attributes
                0x00000a40       0x2b /usr/local/Sourcery/bin/../lib/gcc/arm-none-eabi/4.6.1/../../../../arm-none-eabi/lib/thumb2/libc.a(lib_a-freer.o)
 .ARM.attributes
                0x00000a6b       0x2b /usr/local/Sourcery/bin/../lib/gcc/arm-none-eabi/4.6.1/../../../../arm-none-eabi/lib/thumb2/libc.a(lib_a-fvwrite.o)
 .ARM.attributes
                0x00000a96       0x2b /usr/local/Sourcery/bin/../lib/gcc/arm-none-eabi/4.6.1/../../../../arm-none-eabi/lib/thumb2/libc.a(lib_a-fwalk.o)
 .ARM.attributes
                0x00000ac1       0x2b /usr/local/Sourcery/bin/../lib/gcc/arm-none-eabi/4.6.1/../../../../arm-none-eabi/lib/thumb2/libc.a(lib_a-iswspace.o)
 .ARM.attributes
                0x00000aec       0x2b /usr/local/Sourcery/bin/../lib/gcc/arm-none-eabi/4.6.1/../../../../arm-none-eabi/lib/thumb2/libc.a(lib_a-locale.o)
 .ARM.attributes
                0x00000b17       0x2b /usr/local/Sourcery/bin/../lib/gcc/arm-none-eabi/4.6.1/../../../../arm-none-eabi/lib/thumb2/libc.a(lib_a-lseekr.o)
 .ARM.attributes
                0x00000b42       0x2b /usr/local/Sourcery/bin/../lib/gcc/arm-none-eabi/4.6.1/../../../../arm-none-eabi/lib/thumb2/libc.a(lib_a-makebuf.o)
 .ARM.attributes
                0x00000b6d       0x2b /usr/local/Sourcery/bin/../lib/gcc/arm-none-eabi/4.6.1/../../../../arm-none-eabi/lib/thumb2/libc.a(lib_a-malloc.o)
 .ARM.attributes
                0x00000b98       0x2b /usr/local/Sourcery/bin/../lib/gcc/arm-none-eabi/4.6.1/../../../../arm-none-eabi/lib/thumb2/libc.a(lib_a-mallocr.o)
 .ARM.attributes
                0x00000bc3       0x2b /usr/local/Sourcery/bin/../lib/gcc/arm-none-eabi/4.6.1/../../../../arm-none-eabi/lib/thumb2/libc.a(lib_a-mbrtowc.o)
 .ARM.attributes
                0x00000bee       0x2b /usr/local/Sourcery/bin/../lib/gcc/arm-none-eabi/4.6.1/../../../../arm-none-eabi/lib/thumb2/libc.a(lib_a-mbtowc_r.o)
 .ARM.attributes
                0x00000c19       0x2b /usr/local/Sourcery/bin/../lib/gcc/arm-none-eabi/4.6.1/../../../../arm-none-eabi/lib/thumb2/libc.a(lib_a-memchr.o)
 .ARM.attributes
                0x00000c44       0x2b /usr/local/Sourcery/bin/../lib/gcc/arm-none-eabi/4.6.1/../../../../arm-none-eabi/lib/thumb2/libc.a(lib_a-memset.o)
 .ARM.attributes
                0x00000c6f       0x2b /usr/local/Sourcery/bin/../lib/gcc/arm-none-eabi/4.6.1/../../../../arm-none-eabi/lib/thumb2/libc.a(lib_a-mlock.o)
 .ARM.attributes
                0x00000c9a       0x2b /usr/local/Sourcery/bin/../lib/gcc/arm-none-eabi/4.6.1/../../../../arm-none-eabi/lib/thumb2/libc.a(lib_a-readr.o)
 .ARM.attributes
                0x00000cc5       0x2b /usr/local/Sourcery/bin/../lib/gcc/arm-none-eabi/4.6.1/../../../../arm-none-eabi/lib/thumb2/libc.a(lib_a-reallocr.o)
 .ARM.attributes
                0x00000cf0       0x2b /usr/local/Sourcery/bin/../lib/gcc/arm-none-eabi/4.6.1/../../../../arm-none-eabi/lib/thumb2/libc.a(lib_a-refill.o)
 .ARM.attributes
                0x00000d1b       0x2b /usr/local/Sourcery/bin/../lib/gcc/arm-none-eabi/4.6.1/../../../../arm-none-eabi/lib/thumb2/libc.a(lib_a-sbrkr.o)
 .ARM.attributes
                0x00000d46       0x2b /usr/local/Sourcery/bin/../lib/gcc/arm-none-eabi/4.6.1/../../../../arm-none-eabi/lib/thumb2/libc.a(lib_a-sccl.o)
 .ARM.attributes
                0x00000d71       0x2b /usr/local/Sourcery/bin/../lib/gcc/arm-none-eabi/4.6.1/../../../../arm-none-eabi/lib/thumb2/libc.a(lib_a-signal.o)
 .ARM.attributes
                0x00000d9c       0x2b /usr/local/Sourcery/bin/../lib/gcc/arm-none-eabi/4.6.1/../../../../arm-none-eabi/lib/thumb2/libc.a(lib_a-signalr.o)
 .ARM.attributes
                0x00000dc7       0x2b /usr/local/Sourcery/bin/../lib/gcc/arm-none-eabi/4.6.1/../../../../arm-none-eabi/lib/thumb2/libc.a(lib_a-strcmp.o)
 .ARM.attributes
                0x00000df2       0x2b /usr/local/Sourcery/bin/../lib/gcc/arm-none-eabi/4.6.1/../../../../arm-none-eabi/lib/thumb2/libc.a(lib_a-strtol.o)
 .ARM.attributes
                0x00000e1d       0x2b /usr/local/Sourcery/bin/../lib/gcc/arm-none-eabi/4.6.1/../../../../arm-none-eabi/lib/thumb2/libc.a(lib_a-strtoll_r.o)
 .ARM.attributes
                0x00000e48       0x2b /usr/local/Sourcery/bin/../lib/gcc/arm-none-eabi/4.6.1/../../../../arm-none-eabi/lib/thumb2/libc.a(lib_a-strtoul.o)
 .ARM.attributes
                0x00000e73       0x2b /usr/local/Sourcery/bin/../lib/gcc/arm-none-eabi/4.6.1/../../../../arm-none-eabi/lib/thumb2/libc.a(lib_a-strtoull_r.o)
 .ARM.attributes
                0x00000e9e       0x2b /usr/local/Sourcery/bin/../lib/gcc/arm-none-eabi/4.6.1/../../../../arm-none-eabi/lib/thumb2/libc.a(lib_a-wbuf.o)
 .ARM.attributes
                0x00000ec9       0x2b /usr/local/Sourcery/bin/../lib/gcc/arm-none-eabi/4.6.1/../../../../arm-none-eabi/lib/thumb2/libc.a(lib_a-wcrtomb.o)
 .ARM.attributes
                0x00000ef4       0x2b /usr/local/Sourcery/bin/../lib/gcc/arm-none-eabi/4.6.1/../../../../arm-none-eabi/lib/thumb2/libc.a(lib_a-wctomb_r.o)
 .ARM.attributes
                0x00000f1f       0x2b /usr/local/Sourcery/bin/../lib/gcc/arm-none-eabi/4.6.1/../../../../arm-none-eabi/lib/thumb2/libc.a(lib_a-fclose.o)
 .ARM.attributes
                0x00000f4a       0x2b /usr/local/Sourcery/bin/../lib/gcc/arm-none-eabi/4.6.1/../../../../arm-none-eabi/lib/thumb2/libc.a(lib_a-fstatr.o)
 .ARM.attributes
                0x00000f75       0x2b /usr/local/Sourcery/bin/../lib/gcc/arm-none-eabi/4.6.1/../../../../arm-none-eabi/lib/thumb2/libc.a(lib_a-isattyr.o)
 .ARM.attributes
                0x00000fa0       0x1b /usr/local/Sourcery/bin/../lib/gcc/arm-none-eabi/4.6.1/thumb2/libgcc.a(_udivsi3.o)
 .ARM.attributes
                0x00000fbb       0x1b /usr/local/Sourcery/bin/../lib/gcc/arm-none-eabi/4.6.1/thumb2/libgcc.a(_dvmd_tls.o)
 .ARM.attributes
                0x00000fd6       0x1b /usr/local/Sourcery/bin/../lib/gcc/arm-none-eabi/4.6.1/thumb2/libgcc.a(_aeabi_uldivmod.o)
 .ARM.attributes
                0x00000ff1       0x2b /usr/local/Sourcery/bin/../lib/gcc/arm-none-eabi/4.6.1/thumb2/libgcc.a(bpabi.o)
 .ARM.attributes
                0x0000101c       0x2b /usr/local/Sourcery/bin/../lib/gcc/arm-none-eabi/4.6.1/thumb2/libgcc.a(_divdi3.o)
 .ARM.attributes
                0x00001047       0x2b /usr/local/Sourcery/bin/../lib/gcc/arm-none-eabi/4.6.1/thumb2/libgcc.a(_udivdi3.o)
 .ARM.attributes
                0x00001072       0x1b /usr/local/Sourcery/bin/../lib/gcc/arm-none-eabi/4.6.1/thumb2/crtn.o

.comment        0x00000000       0x30
 .comment       0x00000000       0x30 build/obj/syscalls.o
                                 0x31 (size before relaxing)
 .comment       0x00000000       0x31 build/obj/system.o
 .comment       0x00000000       0x31 build/obj/uart_console.o
 .comment       0x00000000       0x31 build/obj/usb_console.o
 .comment       0x00000000       0x31 build/obj/led.o
 .comment       0x00000000       0x31 build/obj/timetick.o
 .comment       0x00000000       0x31 build/obj/startup.o
 .comment       0x00000000       0x31 build/obj/usb_device_descriptor.o
 .comment       0x00000000       0x31 build/obj/main.o
 .comment       0x00000000       0x31 build/obj/controller.o
 .comment       0x00000000       0x31 libusb/lib/libusb_sam3s_rel.a(release-USBD_HAL.o)
 .comment       0x00000000       0x31 libusb/lib/libusb_sam3s_rel.a(release-USBDescriptors.o)
 .comment       0x00000000       0x31 libusb/lib/libusb_sam3s_rel.a(release-USBD.o)
 .comment       0x00000000       0x31 libusb/lib/libusb_sam3s_rel.a(release-USBDCallbacks.o)
 .comment       0x00000000       0x31 libusb/lib/libusb_sam3s_rel.a(release-USBDDriver.o)
 .comment       0x00000000       0x31 libusb/lib/libusb_sam3s_rel.a(release-CDCDSerial.o)
 .comment       0x00000000       0x31 libusb/lib/libusb_sam3s_rel.a(release-USBDDriverCallbacks.o)
 .comment       0x00000000       0x31 libusb/lib/libusb_sam3s_rel.a(release-CDCDSerialDriver.o)
 .comment       0x00000000       0x31 libusb/lib/libusb_sam3s_rel.a(release-USBRequests.o)
 .comment       0x00000000       0x31 libusb/lib/libusb_sam3s_rel.a(release-CDCDSerialPort.o)
 .comment       0x00000000       0x31 libusb/lib/libusb_sam3s_rel.a(release-CDCLineCoding.o)
 .comment       0x00000000       0x31 libchip/lib/libchip_sam3s4_rel.a(release-pio_it.o)
 .comment       0x00000000       0x31 libchip/lib/libchip_sam3s4_rel.a(release-exceptions.o)
 .comment       0x00000000       0x31 libchip/lib/libchip_sam3s4_rel.a(release-adc.o)
 .comment       0x00000000       0x31 libchip/lib/libchip_sam3s4_rel.a(release-pio.o)
 .comment       0x00000000       0x31 libchip/lib/libchip_sam3s4_rel.a(release-pmc.o)
 .comment       0x00000000       0x31 libchip/lib/libchip_sam3s4_rel.a(release-tc.o)
 .comment       0x00000000       0x31 libchip/lib/libchip_sam3s4_rel.a(release-pwmc.o)
 .comment       0x00000000       0x31 libchip/lib/libchip_sam3s4_rel.a(release-pio_capture.o)

.debug_info     0x00000000    0x126bc
 .debug_info    0x00000000      0x4e1 build/obj/syscalls.o
 .debug_info    0x000004e1      0x3e9 build/obj/system.o
 .debug_info    0x000008ca      0xbfa build/obj/uart_console.o
 .debug_info    0x000014c4     0x1b58 build/obj/usb_console.o
 .debug_info    0x0000301c     0x1009 build/obj/led.o
 .debug_info    0x00004025      0x649 build/obj/timetick.o
 .debug_info    0x0000466e      0x37b build/obj/startup.o
 .debug_info    0x000049e9      0x7bd build/obj/usb_device_descriptor.o
 .debug_info    0x000051a6     0x2003 build/obj/main.o
 .debug_info    0x000071a9      0x398 build/obj/controller.o
 .debug_info    0x00007541     0x2144 libusb/lib/libusb_sam3s_rel.a(release-USBD_HAL.o)
 .debug_info    0x00009685      0x5c9 libusb/lib/libusb_sam3s_rel.a(release-USBDescriptors.o)
 .debug_info    0x00009c4e      0xd8c libusb/lib/libusb_sam3s_rel.a(release-USBD.o)
 .debug_info    0x0000a9da      0x181 libusb/lib/libusb_sam3s_rel.a(release-USBDCallbacks.o)
 .debug_info    0x0000ab5b     0x13d8 libusb/lib/libusb_sam3s_rel.a(release-USBDDriver.o)
 .debug_info    0x0000bf33      0x9c5 libusb/lib/libusb_sam3s_rel.a(release-CDCDSerial.o)
 .debug_info    0x0000c8f8       0xd7 libusb/lib/libusb_sam3s_rel.a(release-USBDDriverCallbacks.o)
 .debug_info    0x0000c9cf      0x563 libusb/lib/libusb_sam3s_rel.a(release-CDCDSerialDriver.o)
 .debug_info    0x0000cf32      0x3cd libusb/lib/libusb_sam3s_rel.a(release-USBRequests.o)
 .debug_info    0x0000d2ff      0xc73 libusb/lib/libusb_sam3s_rel.a(release-CDCDSerialPort.o)
 .debug_info    0x0000df72      0x140 libusb/lib/libusb_sam3s_rel.a(release-CDCLineCoding.o)
 .debug_info    0x0000e0b2      0xe46 libchip/lib/libchip_sam3s4_rel.a(release-pio_it.o)
 .debug_info    0x0000eef8      0x3f0 libchip/lib/libchip_sam3s4_rel.a(release-exceptions.o)
 .debug_info    0x0000f2e8      0xaa1 libchip/lib/libchip_sam3s4_rel.a(release-adc.o)
 .debug_info    0x0000fd89      0xa6c libchip/lib/libchip_sam3s4_rel.a(release-pio.o)
 .debug_info    0x000107f5      0x44d libchip/lib/libchip_sam3s4_rel.a(release-pmc.o)
 .debug_info    0x00010c42      0x488 libchip/lib/libchip_sam3s4_rel.a(release-tc.o)
 .debug_info    0x000110ca      0xe17 libchip/lib/libchip_sam3s4_rel.a(release-pwmc.o)
 .debug_info    0x00011ee1      0x7db libchip/lib/libchip_sam3s4_rel.a(release-pio_capture.o)

.debug_abbrev   0x00000000     0x2d19
 .debug_abbrev  0x00000000      0x10f build/obj/syscalls.o
 .debug_abbrev  0x0000010f       0xfb build/obj/system.o
 .debug_abbrev  0x0000020a      0x14f build/obj/uart_console.o
 .debug_abbrev  0x00000359      0x2f9 build/obj/usb_console.o
 .debug_abbrev  0x00000652      0x1d2 build/obj/led.o
 .debug_abbrev  0x00000824      0x1c3 build/obj/timetick.o
 .debug_abbrev  0x000009e7       0xf6 build/obj/startup.o
 .debug_abbrev  0x00000add       0xdc build/obj/usb_device_descriptor.o
 .debug_abbrev  0x00000bb9      0x2a7 build/obj/main.o
 .debug_abbrev  0x00000e60      0x161 build/obj/controller.o
 .debug_abbrev  0x00000fc1      0x3c3 libusb/lib/libusb_sam3s_rel.a(release-USBD_HAL.o)
 .debug_abbrev  0x00001384      0x10a libusb/lib/libusb_sam3s_rel.a(release-USBDescriptors.o)
 .debug_abbrev  0x0000148e      0x265 libusb/lib/libusb_sam3s_rel.a(release-USBD.o)
 .debug_abbrev  0x000016f3       0xb3 libusb/lib/libusb_sam3s_rel.a(release-USBDCallbacks.o)
 .debug_abbrev  0x000017a6      0x309 libusb/lib/libusb_sam3s_rel.a(release-USBDDriver.o)
 .debug_abbrev  0x00001aaf      0x192 libusb/lib/libusb_sam3s_rel.a(release-CDCDSerial.o)
 .debug_abbrev  0x00001c41       0x74 libusb/lib/libusb_sam3s_rel.a(release-USBDDriverCallbacks.o)
 .debug_abbrev  0x00001cb5       0xf6 libusb/lib/libusb_sam3s_rel.a(release-CDCDSerialDriver.o)
 .debug_abbrev  0x00001dab       0xd0 libusb/lib/libusb_sam3s_rel.a(release-USBRequests.o)
 .debug_abbrev  0x00001e7b      0x264 libusb/lib/libusb_sam3s_rel.a(release-CDCDSerialPort.o)
 .debug_abbrev  0x000020df       0x95 libusb/lib/libusb_sam3s_rel.a(release-CDCLineCoding.o)
 .debug_abbrev  0x00002174      0x256 libchip/lib/libchip_sam3s4_rel.a(release-pio_it.o)
 .debug_abbrev  0x000023ca       0x6e libchip/lib/libchip_sam3s4_rel.a(release-exceptions.o)
 .debug_abbrev  0x00002438      0x1d3 libchip/lib/libchip_sam3s4_rel.a(release-adc.o)
 .debug_abbrev  0x0000260b      0x1d5 libchip/lib/libchip_sam3s4_rel.a(release-pio.o)
 .debug_abbrev  0x000027e0       0xf4 libchip/lib/libchip_sam3s4_rel.a(release-pmc.o)
 .debug_abbrev  0x000028d4      0x131 libchip/lib/libchip_sam3s4_rel.a(release-tc.o)
 .debug_abbrev  0x00002a05      0x1b7 libchip/lib/libchip_sam3s4_rel.a(release-pwmc.o)
 .debug_abbrev  0x00002bbc      0x15d libchip/lib/libchip_sam3s4_rel.a(release-pio_capture.o)

.debug_loc      0x00000000     0x5443
 .debug_loc     0x00000000      0x25c build/obj/syscalls.o
 .debug_loc     0x0000025c       0x64 build/obj/system.o
 .debug_loc     0x000002c0      0x150 build/obj/uart_console.o
 .debug_loc     0x00000410      0x39c build/obj/usb_console.o
 .debug_loc     0x000007ac      0x294 build/obj/led.o
 .debug_loc     0x00000a40      0x19c build/obj/timetick.o
 .debug_loc     0x00000bdc       0x38 build/obj/startup.o
 .debug_loc     0x00000c14      0x1fc build/obj/main.o
 .debug_loc     0x00000e10      0x150 build/obj/controller.o
 .debug_loc     0x00000f60     0x1666 libusb/lib/libusb_sam3s_rel.a(release-USBD_HAL.o)
 .debug_loc     0x000025c6      0x2fe libusb/lib/libusb_sam3s_rel.a(release-USBDescriptors.o)
 .debug_loc     0x000028c4      0x3db libusb/lib/libusb_sam3s_rel.a(release-USBD.o)
 .debug_loc     0x00002c9f       0x3e libusb/lib/libusb_sam3s_rel.a(release-USBDCallbacks.o)
 .debug_loc     0x00002cdd      0x776 libusb/lib/libusb_sam3s_rel.a(release-USBDDriver.o)
 .debug_loc     0x00003453      0x369 libusb/lib/libusb_sam3s_rel.a(release-CDCDSerial.o)
 .debug_loc     0x000037bc       0xfe libusb/lib/libusb_sam3s_rel.a(release-CDCDSerialDriver.o)
 .debug_loc     0x000038ba      0x250 libusb/lib/libusb_sam3s_rel.a(release-USBRequests.o)
 .debug_loc     0x00003b0a      0x548 libusb/lib/libusb_sam3s_rel.a(release-CDCDSerialPort.o)
 .debug_loc     0x00004052       0x1f libusb/lib/libusb_sam3s_rel.a(release-CDCLineCoding.o)
 .debug_loc     0x00004071      0x2e3 libchip/lib/libchip_sam3s4_rel.a(release-pio_it.o)
 .debug_loc     0x00004354      0x43d libchip/lib/libchip_sam3s4_rel.a(release-adc.o)
 .debug_loc     0x00004791      0x24d libchip/lib/libchip_sam3s4_rel.a(release-pio.o)
 .debug_loc     0x000049de      0x102 libchip/lib/libchip_sam3s4_rel.a(release-pmc.o)
 .debug_loc     0x00004ae0      0x1b9 libchip/lib/libchip_sam3s4_rel.a(release-tc.o)
 .debug_loc     0x00004c99      0x717 libchip/lib/libchip_sam3s4_rel.a(release-pwmc.o)
 .debug_loc     0x000053b0       0x93 libchip/lib/libchip_sam3s4_rel.a(release-pio_capture.o)

.debug_aranges  0x00000000      0xc10
 .debug_aranges
                0x00000000       0x70 build/obj/syscalls.o
 .debug_aranges
                0x00000070       0x28 build/obj/system.o
 .debug_aranges
                0x00000098       0x48 build/obj/uart_console.o
 .debug_aranges
                0x000000e0       0xa8 build/obj/usb_console.o
 .debug_aranges
                0x00000188       0x78 build/obj/led.o
 .debug_aranges
                0x00000200       0x58 build/obj/timetick.o
 .debug_aranges
                0x00000258       0x20 build/obj/startup.o
 .debug_aranges
                0x00000278       0x60 build/obj/main.o
 .debug_aranges
                0x000002d8       0x48 build/obj/controller.o
 .debug_aranges
                0x00000320       0xd8 libusb/lib/libusb_sam3s_rel.a(release-USBD_HAL.o)
 .debug_aranges
                0x000003f8       0x80 libusb/lib/libusb_sam3s_rel.a(release-USBDescriptors.o)
 .debug_aranges
                0x00000478       0xb0 libusb/lib/libusb_sam3s_rel.a(release-USBD.o)
 .debug_aranges
                0x00000528       0x40 libusb/lib/libusb_sam3s_rel.a(release-USBDCallbacks.o)
 .debug_aranges
                0x00000568       0x58 libusb/lib/libusb_sam3s_rel.a(release-USBDDriver.o)
 .debug_aranges
                0x000005c0       0x78 libusb/lib/libusb_sam3s_rel.a(release-CDCDSerial.o)
 .debug_aranges
                0x00000638       0x28 libusb/lib/libusb_sam3s_rel.a(release-USBDDriverCallbacks.o)
 .debug_aranges
                0x00000660       0x30 libusb/lib/libusb_sam3s_rel.a(release-CDCDSerialDriver.o)
 .debug_aranges
                0x00000690       0x98 libusb/lib/libusb_sam3s_rel.a(release-USBRequests.o)
 .debug_aranges
                0x00000728       0x70 libusb/lib/libusb_sam3s_rel.a(release-CDCDSerialPort.o)
 .debug_aranges
                0x00000798       0x20 libusb/lib/libusb_sam3s_rel.a(release-CDCLineCoding.o)
 .debug_aranges
                0x000007b8       0x60 libchip/lib/libchip_sam3s4_rel.a(release-pio_it.o)
 .debug_aranges
                0x00000818      0x168 libchip/lib/libchip_sam3s4_rel.a(release-exceptions.o)
 .debug_aranges
                0x00000980       0xa0 libchip/lib/libchip_sam3s4_rel.a(release-adc.o)
 .debug_aranges
                0x00000a20       0x48 libchip/lib/libchip_sam3s4_rel.a(release-pio.o)
 .debug_aranges
                0x00000a68       0x40 libchip/lib/libchip_sam3s4_rel.a(release-pmc.o)
 .debug_aranges
                0x00000aa8       0x38 libchip/lib/libchip_sam3s4_rel.a(release-tc.o)
 .debug_aranges
                0x00000ae0       0xe8 libchip/lib/libchip_sam3s4_rel.a(release-pwmc.o)
 .debug_aranges
                0x00000bc8       0x48 libchip/lib/libchip_sam3s4_rel.a(release-pio_capture.o)

.debug_ranges   0x00000000      0xd40
 .debug_ranges  0x00000000       0x60 build/obj/syscalls.o
 .debug_ranges  0x00000060       0x18 build/obj/system.o
 .debug_ranges  0x00000078       0x38 build/obj/uart_console.o
 .debug_ranges  0x000000b0       0x98 build/obj/usb_console.o
 .debug_ranges  0x00000148       0x68 build/obj/led.o
 .debug_ranges  0x000001b0       0x48 build/obj/timetick.o
 .debug_ranges  0x000001f8       0x10 build/obj/startup.o
 .debug_ranges  0x00000208       0x50 build/obj/main.o
 .debug_ranges  0x00000258       0x38 build/obj/controller.o
 .debug_ranges  0x00000290      0x308 libusb/lib/libusb_sam3s_rel.a(release-USBD_HAL.o)
 .debug_ranges  0x00000598       0x88 libusb/lib/libusb_sam3s_rel.a(release-USBDescriptors.o)
 .debug_ranges  0x00000620       0xa0 libusb/lib/libusb_sam3s_rel.a(release-USBD.o)
 .debug_ranges  0x000006c0       0x30 libusb/lib/libusb_sam3s_rel.a(release-USBDCallbacks.o)
 .debug_ranges  0x000006f0       0x78 libusb/lib/libusb_sam3s_rel.a(release-USBDDriver.o)
 .debug_ranges  0x00000768       0x68 libusb/lib/libusb_sam3s_rel.a(release-CDCDSerial.o)
 .debug_ranges  0x000007d0       0x18 libusb/lib/libusb_sam3s_rel.a(release-USBDDriverCallbacks.o)
 .debug_ranges  0x000007e8       0x20 libusb/lib/libusb_sam3s_rel.a(release-CDCDSerialDriver.o)
 .debug_ranges  0x00000808       0x88 libusb/lib/libusb_sam3s_rel.a(release-USBRequests.o)
 .debug_ranges  0x00000890       0x78 libusb/lib/libusb_sam3s_rel.a(release-CDCDSerialPort.o)
 .debug_ranges  0x00000908       0x10 libusb/lib/libusb_sam3s_rel.a(release-CDCLineCoding.o)
 .debug_ranges  0x00000918       0x88 libchip/lib/libchip_sam3s4_rel.a(release-pio_it.o)
 .debug_ranges  0x000009a0      0x158 libchip/lib/libchip_sam3s4_rel.a(release-exceptions.o)
 .debug_ranges  0x00000af8       0x90 libchip/lib/libchip_sam3s4_rel.a(release-adc.o)
 .debug_ranges  0x00000b88       0x50 libchip/lib/libchip_sam3s4_rel.a(release-pio.o)
 .debug_ranges  0x00000bd8       0x30 libchip/lib/libchip_sam3s4_rel.a(release-pmc.o)
 .debug_ranges  0x00000c08       0x28 libchip/lib/libchip_sam3s4_rel.a(release-tc.o)
 .debug_ranges  0x00000c30       0xd8 libchip/lib/libchip_sam3s4_rel.a(release-pwmc.o)
 .debug_ranges  0x00000d08       0x38 libchip/lib/libchip_sam3s4_rel.a(release-pio_capture.o)

.debug_line     0x00000000     0x3d8e
 .debug_line    0x00000000      0x1b7 build/obj/syscalls.o
 .debug_line    0x000001b7      0x155 build/obj/system.o
 .debug_line    0x0000030c      0x180 build/obj/uart_console.o
 .debug_line    0x0000048c      0x3de build/obj/usb_console.o
 .debug_line    0x0000086a      0x213 build/obj/led.o
 .debug_line    0x00000a7d      0x184 build/obj/timetick.o
 .debug_line    0x00000c01      0x105 build/obj/startup.o
 .debug_line    0x00000d06      0x11c build/obj/usb_device_descriptor.o
 .debug_line    0x00000e22      0x383 build/obj/main.o
 .debug_line    0x000011a5      0x1ab build/obj/controller.o
 .debug_line    0x00001350      0x72d libusb/lib/libusb_sam3s_rel.a(release-USBD_HAL.o)
 .debug_line    0x00001a7d      0x1d4 libusb/lib/libusb_sam3s_rel.a(release-USBDescriptors.o)
 .debug_line    0x00001c51      0x31f libusb/lib/libusb_sam3s_rel.a(release-USBD.o)
 .debug_line    0x00001f70      0x10a libusb/lib/libusb_sam3s_rel.a(release-USBDCallbacks.o)
 .debug_line    0x0000207a      0x313 libusb/lib/libusb_sam3s_rel.a(release-USBDDriver.o)
 .debug_line    0x0000238d      0x1f8 libusb/lib/libusb_sam3s_rel.a(release-CDCDSerial.o)
 .debug_line    0x00002585       0xc3 libusb/lib/libusb_sam3s_rel.a(release-USBDDriverCallbacks.o)
 .debug_line    0x00002648      0x120 libusb/lib/libusb_sam3s_rel.a(release-CDCDSerialDriver.o)
 .debug_line    0x00002768      0x1ce libusb/lib/libusb_sam3s_rel.a(release-USBRequests.o)