Archive member included because of file (symbol)

libusb/lib/libusb_sam3s_rel.a(release-USBD_HAL.o)
                              build/obj/flash_startup.o (USBD_IrqHandler)
libusb/lib/libusb_sam3s_rel.a(release-USBDescriptors.o)
                              libusb/lib/libusb_sam3s_rel.a(release-USBD_HAL.o) (USBEndpointDescriptor_GetNumber)
libusb/lib/libusb_sam3s_rel.a(release-USBD.o)
                              libusb/lib/libusb_sam3s_rel.a(release-USBD_HAL.o) (USBD_SuspendHandler)
libusb/lib/libusb_sam3s_rel.a(release-USBDCallbacks.o)
                              libusb/lib/libusb_sam3s_rel.a(release-USBD.o) (USBDCallbacks_Reset)
libusb/lib/libusb_sam3s_rel.a(release-USBDDriver.o)
                              libusb/lib/libusb_sam3s_rel.a(release-USBDCallbacks.o) (USBD_GetDriver)
libusb/lib/libusb_sam3s_rel.a(release-CDCDSerial.o)
                              build/obj/flash_usb_console.o (CDCDSerial_Read)
libusb/lib/libusb_sam3s_rel.a(release-USBDDriverCallbacks.o)
                              libusb/lib/libusb_sam3s_rel.a(release-USBDDriver.o) (USBDDriverCallbacks_InterfaceSettingChanged)
libusb/lib/libusb_sam3s_rel.a(release-CDCDSerialDriver.o)
                              build/obj/flash_usb_console.o (CDCDSerialDriver_Initialize)
libusb/lib/libusb_sam3s_rel.a(release-USBRequests.o)
                              libusb/lib/libusb_sam3s_rel.a(release-USBDDriver.o) (USBGenericRequest_GetRequest)
libusb/lib/libusb_sam3s_rel.a(release-CDCDSerialPort.o)
                              libusb/lib/libusb_sam3s_rel.a(release-CDCDSerial.o) (CDCDSerialPort_Initialize)
libusb/lib/libusb_sam3s_rel.a(release-CDCLineCoding.o)
                              libusb/lib/libusb_sam3s_rel.a(release-CDCDSerialPort.o) (CDCLineCoding_Initialize)
libchip/lib/libchip_sam3s4_rel.a(release-pio_it.o)
                              build/obj/flash_startup.o (PIOA_IrqHandler)
libchip/lib/libchip_sam3s4_rel.a(release-exceptions.o)
                              build/obj/flash_startup.o (IrqHandlerNotUsed)
libchip/lib/libchip_sam3s4_rel.a(release-pio.o)
                              build/obj/flash_uart_console.o (PIO_Configure)
libchip/lib/libchip_sam3s4_rel.a(release-pmc.o)
                              libusb/lib/libusb_sam3s_rel.a(release-USBD_HAL.o) (PMC_EnablePeripheral)
libchip/lib/libchip_sam3s4_rel.a(release-tc.o)
                              build/obj/flash_led.o (TC_Configure)
libchip/lib/libchip_sam3s4_rel.a(release-pio_capture.o)
                              libchip/lib/libchip_sam3s4_rel.a(release-pio_it.o) (PIO_CaptureHandler)
/usr/local/Sourcery/bin/../lib/gcc/arm-none-eabi/4.6.1/../../../../arm-none-eabi/lib/thumb2/libc.a(lib_a-assert.o)
                              build/obj/flash_led.o (__assert_func)
/usr/local/Sourcery/bin/../lib/gcc/arm-none-eabi/4.6.1/../../../../arm-none-eabi/lib/thumb2/libc.a(lib_a-fiprintf.o)
                              /usr/local/Sourcery/bin/../lib/gcc/arm-none-eabi/4.6.1/../../../../arm-none-eabi/lib/thumb2/libc.a(lib_a-assert.o) (fiprintf)
/usr/local/Sourcery/bin/../lib/gcc/arm-none-eabi/4.6.1/../../../../arm-none-eabi/lib/thumb2/libc.a(lib_a-fprintf.o)
                              build/obj/flash_main.o (fprintf)
/usr/local/Sourcery/bin/../lib/gcc/arm-none-eabi/4.6.1/../../../../arm-none-eabi/lib/thumb2/libc.a(lib_a-fputc.o)
                              libusb/lib/libusb_sam3s_rel.a(release-USBD_HAL.o) (fputc)
/usr/local/Sourcery/bin/../lib/gcc/arm-none-eabi/4.6.1/../../../../arm-none-eabi/lib/thumb2/libc.a(lib_a-fputs.o)
                              libusb/lib/libusb_sam3s_rel.a(release-USBD_HAL.o) (fputs)
/usr/local/Sourcery/bin/../lib/gcc/arm-none-eabi/4.6.1/../../../../arm-none-eabi/lib/thumb2/libc.a(lib_a-fvwrite.o)
                              /usr/local/Sourcery/bin/../lib/gcc/arm-none-eabi/4.6.1/../../../../arm-none-eabi/lib/thumb2/libc.a(lib_a-fputs.o) (__sfvwrite_r)
/usr/local/Sourcery/bin/../lib/gcc/arm-none-eabi/4.6.1/../../../../arm-none-eabi/lib/thumb2/libc.a(lib_a-fwrite.o)
                              build/obj/flash_usb_console.o (fwrite)
/usr/local/Sourcery/bin/../lib/gcc/arm-none-eabi/4.6.1/../../../../arm-none-eabi/lib/thumb2/libc.a(lib_a-impure.o)
                              build/obj/flash_usb_console.o (_impure_ptr)
/usr/local/Sourcery/bin/../lib/gcc/arm-none-eabi/4.6.1/../../../../arm-none-eabi/lib/thumb2/libc.a(lib_a-iprintf.o)
                              build/obj/flash_syscalls.o (iprintf)
/usr/local/Sourcery/bin/../lib/gcc/arm-none-eabi/4.6.1/../../../../arm-none-eabi/lib/thumb2/libc.a(lib_a-mallocr.o)
                              /usr/local/Sourcery/bin/../lib/gcc/arm-none-eabi/4.6.1/../../../../arm-none-eabi/lib/thumb2/libc.a(lib_a-fvwrite.o) (_malloc_r)
/usr/local/Sourcery/bin/../lib/gcc/arm-none-eabi/4.6.1/../../../../arm-none-eabi/lib/thumb2/libc.a(lib_a-memchr.o)
                              /usr/local/Sourcery/bin/../lib/gcc/arm-none-eabi/4.6.1/../../../../arm-none-eabi/lib/thumb2/libc.a(lib_a-fvwrite.o) (memchr)
[...]
Memory Configuration

Name             Origin             Length             Attributes
rom              0x00400000         0x00040000         xr
ram              0x20000000         0x0000c000         xrw
*default*        0x00000000         0xffffffff

Linker script and memory map

LOAD /usr/local/Sourcery/bin/../lib/gcc/arm-none-eabi/4.6.1/thumb2/crti.o
LOAD /usr/local/Sourcery/bin/../lib/gcc/arm-none-eabi/4.6.1/thumb2/crtbegin.o
START GROUP
LOAD /usr/local/Sourcery/bin/../lib/gcc/arm-none-eabi/4.6.1/thumb2/libgcc.a
LOAD /usr/local/Sourcery/bin/../lib/gcc/arm-none-eabi/4.6.1/../../../../arm-none-eabi/lib/thumb2/libc.a
END GROUP
LOAD build/obj/flash_syscalls.o
LOAD build/obj/flash_system.o
LOAD build/obj/flash_uart_console.o
LOAD build/obj/flash_usb_console.o
LOAD build/obj/flash_led.o
LOAD build/obj/flash_timetick.o
LOAD build/obj/flash_startup.o
LOAD build/obj/flash_usb_device_descriptor.o
LOAD build/obj/flash_main.o
LOAD build/obj/flash_controller.o
LOAD libusb/lib/libusb_sam3s_rel.a
LOAD libchip/lib/libchip_sam3s4_rel.a
START GROUP
LOAD /usr/local/Sourcery/bin/../lib/gcc/arm-none-eabi/4.6.1/thumb2/libgcc.a
LOAD /usr/local/Sourcery/bin/../lib/gcc/arm-none-eabi/4.6.1/../../../../arm-none-eabi/lib/thumb2/libc.a
END GROUP
LOAD /usr/local/Sourcery/bin/../lib/gcc/arm-none-eabi/4.6.1/thumb2/crtend.o
LOAD /usr/local/Sourcery/bin/../lib/gcc/arm-none-eabi/4.6.1/thumb2/crtn.o

.text           0x00400000     0xb518
                0x00400000                . = ALIGN (0x4)
                0x00400000                _sfixed = .
 *(.vectors .vectors.*)
 .vectors       0x00400000       0xd0 build/obj/flash_startup.o
                0x00400000                exception_table
 *(.text .text.* .gnu.linkonce.t.*)
 .text          0x004000d0       0x68 /usr/local/Sourcery/bin/../lib/gcc/arm-none-eabi/4.6.1/thumb2/crtbegin.o
 .text._read    0x00400138       0x54 build/obj/flash_syscalls.o
                0x00400138                _read
 .text._write   0x0040018c       0x54 build/obj/flash_syscalls.o
                0x0040018c                _write
 .text._sbrk    0x004001e0       0x5c build/obj/flash_syscalls.o
                0x004001e0                _sbrk
 .text._isatty  0x0040023c       0x28 build/obj/flash_syscalls.o
                0x0040023c                _isatty
 .text._exit    0x00400264       0x18 build/obj/flash_syscalls.o
                0x00400264                _exit
 .text._lseek   0x0040027c       0x1c build/obj/flash_syscalls.o
                0x0040027c                _lseek
 .text._kill    0x00400298       0x28 build/obj/flash_syscalls.o
                0x00400298                _kill
 .text._getpid  0x004002c0       0x10 build/obj/flash_syscalls.o
                0x004002c0                _getpid
 .text._close   0x004002d0       0x18 build/obj/flash_syscalls.o
                0x004002d0                _close
 .text._fstat   0x004002e8       0x24 build/obj/flash_syscalls.o
                0x004002e8                _fstat
 .text.SystemCoreClockUpdate
                0x0040030c       0x1c build/obj/flash_system.o
                0x0040030c                SystemCoreClockUpdate
 .text.SystemInit
                0x00400328      0x1dc build/obj/flash_system.o
                0x00400328                SystemInit
 .text.UART_Configure
                0x00400504       0x8c build/obj/flash_uart_console.o
                0x00400504                UART_Configure
 .text.UART_Put
                0x00400590       0x78 build/obj/flash_uart_console.o
                0x00400590                UART_Put
 .text.UART_Get
                0x00400608       0x70 build/obj/flash_uart_console.o
                0x00400608                UART_Get
 .text.UART_Puts
                0x00400678       0x50 build/obj/flash_uart_console.o
                0x00400678                UART_Puts
 .text.UART_Gets
                0x004006c8       0x54 build/obj/flash_uart_console.o
                0x004006c8                UART_Gets
 .text.CDCDSerialDriver_Write
                0x0040071c       0x28 build/obj/flash_usb_console.o
 .text.CDCDSerialDriver_Read
                0x00400744       0x28 build/obj/flash_usb_console.o
 .text.NVIC_EnableIRQ
                0x0040076c       0x38 build/obj/flash_usb_console.o
 .text.ISR_Vbus
                0x004007a4       0x6c build/obj/flash_usb_console.o
 .text.VBus_Configure
                0x00400810       0x54 build/obj/flash_usb_console.o
 .text.ConfigureUsbClock
                0x00400864       0x40 build/obj/flash_usb_console.o
 .text.USBDCallbacks_Initialized
                0x004008a4       0x10 build/obj/flash_usb_console.o
                0x004008a4                USBDCallbacks_Initialized
 .text.USBDDriverCallbacks_ConfigurationChanged
                0x004008b4       0x1c build/obj/flash_usb_console.o
                0x004008b4                USBDDriverCallbacks_ConfigurationChanged
 .text.USBDCallbacks_RequestReceived
                0x004008d0       0x18 build/obj/flash_usb_console.o
                0x004008d0                USBDCallbacks_RequestReceived
 .text.UsbWriteDone
                0x004008e8       0x4c build/obj/flash_usb_console.o
 .text.UsbReadDone
                0x00400934       0x4c build/obj/flash_usb_console.o
 .text.USBC_isConfigured
                0x00400980       0x6c build/obj/flash_usb_console.o
                0x00400980                USBC_isConfigured
 .text.USBC_Configure
                0x004009ec       0x44 build/obj/flash_usb_console.o
                0x004009ec                USBC_Configure
 .text.USBC_StartListening
                0x00400a30       0x58 build/obj/flash_usb_console.o
                0x00400a30                USBC_StartListening
 .text.USBC_Gets
                0x00400a88      0x104 build/obj/flash_usb_console.o
                0x00400a88                USBC_Gets
 .text.USBC_Puts
                0x00400b8c       0xc0 build/obj/flash_usb_console.o
                0x00400b8c                USBC_Puts
 .text.NVIC_EnableIRQ
                0x00400c4c       0x38 build/obj/flash_led.o
 .text.TC0_IrqHandler
                0x00400c84       0x90 build/obj/flash_led.o
                0x00400c84                TC0_IrqHandler
 .text.configure
                0x00400d14       0xa0 build/obj/flash_led.o
 .text.LEDs_configure
                0x00400db4       0x18 build/obj/flash_led.o
                0x00400db4                LEDs_configure
 .text.LED_tgl  0x00400dcc       0x90 build/obj/flash_led.o
                0x00400dcc                LED_tgl
 .text.LED_clr  0x00400e5c       0x7c build/obj/flash_led.o
                0x00400e5c                LED_clr
 .text.LED_blink
                0x00400ed8       0x6c build/obj/flash_led.o
                0x00400ed8                LED_blink
 .text.NVIC_SetPriority
                0x00400f44       0x5c build/obj/flash_timetick.o
 .text.SysTick_Config
                0x00400fa0       0x64 build/obj/flash_timetick.o
 .text.SysTick_Handler
                0x00401004       0x24 build/obj/flash_timetick.o
                0x00401004                SysTick_Handler
 .text.TimeTick_Configure
                0x00401028       0x3c build/obj/flash_timetick.o
                0x00401028                TimeTick_Configure
 .text.GetTickCount
                0x00401064       0x18 build/obj/flash_timetick.o
                0x00401064                GetTickCount
 .text.ResetException
                0x0040107c       0xd0 build/obj/flash_startup.o
                0x0040107c                ResetException
 .text.NVIC_EnableIRQ
                0x0040114c       0x38 build/obj/flash_main.o
 .text.main     0x00401184       0x84 build/obj/flash_main.o
                0x00401184                main
 .text.TC1_IrqHandler
                0x00401208        0xc build/obj/flash_main.o
                0x00401208                TC1_IrqHandler
 .text.init     0x00401214       0xa0 build/obj/flash_main.o
                0x00401214                init
 .text.UDP_EndOfTransfer
                0x004012b4       0x70 libusb/lib/libusb_sam3s_rel.a(release-USBD_HAL.o)
 .text.UDP_ClearRxFlag
                0x00401324       0x80 libusb/lib/libusb_sam3s_rel.a(release-USBD_HAL.o)
 .text.UDP_WritePayload
                0x004013a4       0x44 libusb/lib/libusb_sam3s_rel.a(release-USBD_HAL.o)
 .text.UDP_EnablePeripheralClock
                0x004013e8       0x20 libusb/lib/libusb_sam3s_rel.a(release-USBD_HAL.o)
 .text.UDP_MblWriteFifo
                0x00401408      0x128 libusb/lib/libusb_sam3s_rel.a(release-USBD_HAL.o)
 .text.USBD_IrqHandler
                0x00401530      0x600 libusb/lib/libusb_sam3s_rel.a(release-USBD_HAL.o)
                0x00401530                USBD_IrqHandler
 .text.USBD_HAL_ResetEPs
                0x00401b30       0xc0 libusb/lib/libusb_sam3s_rel.a(release-USBD_HAL.o)
                0x00401b30                USBD_HAL_ResetEPs
 .text.USBD_HAL_CancelIo
                0x00401bf0       0x54 libusb/lib/libusb_sam3s_rel.a(release-USBD_HAL.o)
                0x00401bf0                USBD_HAL_CancelIo
 .text.USBD_HAL_ConfigureEP
                0x00401c44       0xf0 libusb/lib/libusb_sam3s_rel.a(release-USBD_HAL.o)
                0x00401c44                USBD_HAL_ConfigureEP
 .text.USBD_HAL_SetTransferCallback
                0x00401d34       0x20 libusb/lib/libusb_sam3s_rel.a(release-USBD_HAL.o)
                0x00401d34                USBD_HAL_SetTransferCallback
 .text.USBD_HAL_Write
                0x00401d54      0x188 libusb/lib/libusb_sam3s_rel.a(release-USBD_HAL.o)
                0x00401d54                USBD_HAL_Write
 .text.USBD_HAL_Read
                0x00401edc       0x40 libusb/lib/libusb_sam3s_rel.a(release-USBD_HAL.o)
                0x00401edc                USBD_HAL_Read
 .text.USBD_HAL_Connect
                0x00401f1c       0x28 libusb/lib/libusb_sam3s_rel.a(release-USBD_HAL.o)
                0x00401f1c                USBD_HAL_Connect
 .text.USBD_HAL_Disconnect
                0x00401f44       0x28 libusb/lib/libusb_sam3s_rel.a(release-USBD_HAL.o)
                0x00401f44                USBD_HAL_Disconnect
 .text.USBD_HAL_SetAddress
                0x00401f6c       0x1c libusb/lib/libusb_sam3s_rel.a(release-USBD_HAL.o)
                0x00401f6c                USBD_HAL_SetAddress
 .text.USBD_HAL_SetConfiguration
                0x00401f88       0x18 libusb/lib/libusb_sam3s_rel.a(release-USBD_HAL.o)
                0x00401f88                USBD_HAL_SetConfiguration
 .text.USBD_HAL_Init
                0x00401fa0       0x40 libusb/lib/libusb_sam3s_rel.a(release-USBD_HAL.o)
                0x00401fa0                USBD_HAL_Init
 .text.USBD_HAL_Stall
                0x00401fe0       0x60 libusb/lib/libusb_sam3s_rel.a(release-USBD_HAL.o)
                0x00401fe0                USBD_HAL_Stall
 .text.USBD_HAL_Halt
                0x00402040       0xc4 libusb/lib/libusb_sam3s_rel.a(release-USBD_HAL.o)
                0x00402040                USBD_HAL_Halt
 .text.USBD_HAL_IsHighSpeed
                0x00402104        0x4 libusb/lib/libusb_sam3s_rel.a(release-USBD_HAL.o)
                0x00402104                USBD_HAL_IsHighSpeed
 .text.USBD_HAL_Suspend
                0x00402108       0x28 libusb/lib/libusb_sam3s_rel.a(release-USBD_HAL.o)
                0x00402108                USBD_HAL_Suspend
 .text.USBD_HAL_Activate
                0x00402130       0x24 libusb/lib/libusb_sam3s_rel.a(release-USBD_HAL.o)
                0x00402130                USBD_HAL_Activate
 .text.USBGenericDescriptor_GetLength
                0x00402154        0x4 libusb/lib/libusb_sam3s_rel.a(release-USBDescriptors.o)
                0x00402154                USBGenericDescriptor_GetLength
 .text.USBGenericDescriptor_GetType
                0x00402158        0x4 libusb/lib/libusb_sam3s_rel.a(release-USBDescriptors.o)
                0x00402158                USBGenericDescriptor_GetType
 .text.USBGenericDescriptor_GetNextDescriptor
                0x0040215c       0x10 libusb/lib/libusb_sam3s_rel.a(release-USBDescriptors.o)
                0x0040215c                USBGenericDescriptor_GetNextDescriptor
 .text.USBGenericDescriptor_Parse
                0x0040216c       0x4c libusb/lib/libusb_sam3s_rel.a(release-USBDescriptors.o)
                0x0040216c                USBGenericDescriptor_Parse
 .text.USBEndpointDescriptor_GetNumber
                0x004021b8        0x8 libusb/lib/libusb_sam3s_rel.a(release-USBDescriptors.o)
                0x004021b8                USBEndpointDescriptor_GetNumber
 .text.USBEndpointDescriptor_GetDirection
                0x004021c0        0x6 libusb/lib/libusb_sam3s_rel.a(release-USBDescriptors.o)
                0x004021c0                USBEndpointDescriptor_GetDirection
 .text.USBEndpointDescriptor_GetType
                0x004021c6        0x8 libusb/lib/libusb_sam3s_rel.a(release-USBDescriptors.o)
                0x004021c6                USBEndpointDescriptor_GetType
 .text.USBEndpointDescriptor_GetMaxPacketSize
                0x004021ce        0x4 libusb/lib/libusb_sam3s_rel.a(release-USBDescriptors.o)
                0x004021ce                USBEndpointDescriptor_GetMaxPacketSize
 .text.USBConfigurationDescriptor_GetTotalLength
                0x004021d2        0x4 libusb/lib/libusb_sam3s_rel.a(release-USBDescriptors.o)
                0x004021d2                USBConfigurationDescriptor_GetTotalLength
 .text.USBConfigurationDescriptor_IsSelfPowered
                0x004021d6        0x8 libusb/lib/libusb_sam3s_rel.a(release-USBDescriptors.o)
                0x004021d6                USBConfigurationDescriptor_IsSelfPowered
 *fill*         0x004021de        0x2 00
 .text.USBConfigurationDescriptor_Parse
                0x004021e0       0x78 libusb/lib/libusb_sam3s_rel.a(release-USBDescriptors.o)
                0x004021e0                USBConfigurationDescriptor_Parse
 .text.USBD_SuspendHandler
                0x00402258       0x24 libusb/lib/libusb_sam3s_rel.a(release-USBD.o)
                0x00402258                USBD_SuspendHandler
 .text.USBD_ResumeHandler
                0x0040227c       0x28 libusb/lib/libusb_sam3s_rel.a(release-USBD.o)
                0x0040227c                USBD_ResumeHandler
 .text.USBD_RequestHandler
                0x004022a4       0x2c libusb/lib/libusb_sam3s_rel.a(release-USBD.o)
                0x004022a4                USBD_RequestHandler
 .text.USBD_ConfigureEndpoint
                0x004022d0        0xc libusb/lib/libusb_sam3s_rel.a(release-USBD.o)
                0x004022d0                USBD_ConfigureEndpoint
 .text.USBD_ResetHandler
                0x004022dc       0x38 libusb/lib/libusb_sam3s_rel.a(release-USBD.o)
                0x004022dc                USBD_ResetHandler
 .text.USBD_Write
                0x00402314       0x24 libusb/lib/libusb_sam3s_rel.a(release-USBD.o)
                0x00402314                USBD_Write
 .text.USBD_Read
                0x00402338       0x24 libusb/lib/libusb_sam3s_rel.a(release-USBD.o)
                0x00402338                USBD_Read
 .text.USBD_Halt
                0x0040235c       0x10 libusb/lib/libusb_sam3s_rel.a(release-USBD.o)
                0x0040235c                USBD_Halt
 .text.USBD_Unhalt
                0x0040236c       0x10 libusb/lib/libusb_sam3s_rel.a(release-USBD.o)
                0x0040236c                USBD_Unhalt
 .text.USBD_IsHighSpeed
                0x0040237c        0xc libusb/lib/libusb_sam3s_rel.a(release-USBD.o)
                0x0040237c                USBD_IsHighSpeed
 .text.USBD_Stall
                0x00402388        0xc libusb/lib/libusb_sam3s_rel.a(release-USBD.o)
                0x00402388                USBD_Stall
 .text.USBD_SetAddress
                0x00402394       0x20 libusb/lib/libusb_sam3s_rel.a(release-USBD.o)
                0x00402394                USBD_SetAddress
 .text.USBD_SetConfiguration
                0x004023b4       0x30 libusb/lib/libusb_sam3s_rel.a(release-USBD.o)
                0x004023b4                USBD_SetConfiguration
 .text.USBD_Connect
                0x004023e4        0xc libusb/lib/libusb_sam3s_rel.a(release-USBD.o)
                0x004023e4                USBD_Connect
 .text.USBD_Disconnect
                0x004023f0       0x28 libusb/lib/libusb_sam3s_rel.a(release-USBD.o)
                0x004023f0                USBD_Disconnect
 .text.USBD_Init
                0x00402418       0x24 libusb/lib/libusb_sam3s_rel.a(release-USBD.o)
                0x00402418                USBD_Init
 .text.USBD_GetState
                0x0040243c        0xc libusb/lib/libusb_sam3s_rel.a(release-USBD.o)
                0x0040243c                USBD_GetState
 .text.USBDCallbacks_Reset
                0x00402448        0x2 libusb/lib/libusb_sam3s_rel.a(release-USBDCallbacks.o)
                0x00402448                USBDCallbacks_Reset
 .text.USBDCallbacks_Suspended
                0x0040244a        0x2 libusb/lib/libusb_sam3s_rel.a(release-USBDCallbacks.o)
                0x0040244a                USBDCallbacks_Suspended
 .text.USBDCallbacks_Resumed
                0x0040244c        0x2 libusb/lib/libusb_sam3s_rel.a(release-USBDCallbacks.o)
                0x0040244c                USBDCallbacks_Resumed
 *fill*         0x0040244e        0x2 00
 .text.TerminateCtrlInWithNull
                0x00402450       0x18 libusb/lib/libusb_sam3s_rel.a(release-USBDDriver.o)
 .text.USBD_GetDriver
                0x00402468        0x8 libusb/lib/libusb_sam3s_rel.a(release-USBDDriver.o)
                0x00402468                USBD_GetDriver
 .text.USBDDriver_Initialize
                0x00402470        0xc libusb/lib/libusb_sam3s_rel.a(release-USBDDriver.o)
                0x00402470                USBDDriver_Initialize
 .text.USBDDriver_GetCfgDescriptors
                0x0040247c       0x18 libusb/lib/libusb_sam3s_rel.a(release-USBDDriver.o)
                0x0040247c                USBDDriver_GetCfgDescriptors
 .text.USBDDriver_RequestHandler
                0x00402494      0x3f0 libusb/lib/libusb_sam3s_rel.a(release-USBDDriver.o)
                0x00402494                USBDDriver_RequestHandler
 .text.CDCDSerial_Initialize
                0x00402884       0x24 libusb/lib/libusb_sam3s_rel.a(release-CDCDSerial.o)
                0x00402884                CDCDSerial_Initialize
 .text.CDCDSerial_ConfigureFunction
                0x004028a8       0x18 libusb/lib/libusb_sam3s_rel.a(release-CDCDSerial.o)
                0x004028a8                CDCDSerial_ConfigureFunction
 .text.CDCDSerial_RequestHandler
                0x004028c0       0x14 libusb/lib/libusb_sam3s_rel.a(release-CDCDSerial.o)
                0x004028c0                CDCDSerial_RequestHandler
 .text.CDCDSerial_Read
                0x004028d4       0x20 libusb/lib/libusb_sam3s_rel.a(release-CDCDSerial.o)
                0x004028d4                CDCDSerial_Read
 .text.CDCDSerial_Write
                0x004028f4       0x20 libusb/lib/libusb_sam3s_rel.a(release-CDCDSerial.o)
                0x004028f4                CDCDSerial_Write
 .text.CDCDSerial_LineCodingIsToChange
                0x00402914        0x4 libusb/lib/libusb_sam3s_rel.a(release-CDCDSerial.o)
                0x00402914                CDCDSerial_LineCodingIsToChange
 .text.CDCDSerial_ControlLineStateChanged
                0x00402918        0x2 libusb/lib/libusb_sam3s_rel.a(release-CDCDSerial.o)
                0x00402918                CDCDSerial_ControlLineStateChanged
 *fill*         0x0040291a        0x2 00
 .text.CDCDSerial_EventHandler
                0x0040291c       0x34 libusb/lib/libusb_sam3s_rel.a(release-CDCDSerial.o)
 .text.USBDDriverCallbacks_InterfaceSettingChanged
                0x00402950        0x2 libusb/lib/libusb_sam3s_rel.a(release-USBDDriverCallbacks.o)
                0x00402950                USBDDriverCallbacks_InterfaceSettingChanged
 *fill*         0x00402952        0x2 00
 .text.CDCDSerialDriver_Initialize
                0x00402954       0x30 libusb/lib/libusb_sam3s_rel.a(release-CDCDSerialDriver.o)
                0x00402954                CDCDSerialDriver_Initialize
 .text.CDCDSerialDriver_ConfigurationChangedHandler
                0x00402984       0x24 libusb/lib/libusb_sam3s_rel.a(release-CDCDSerialDriver.o)
                0x00402984                CDCDSerialDriver_ConfigurationChangedHandler
 .text.CDCDSerialDriver_RequestHandler
                0x004029a8       0x28 libusb/lib/libusb_sam3s_rel.a(release-CDCDSerialDriver.o)
                0x004029a8                CDCDSerialDriver_RequestHandler
 .text.USBGenericRequest_GetType
                0x004029d0        0xa libusb/lib/libusb_sam3s_rel.a(release-USBRequests.o)
                0x004029d0                USBGenericRequest_GetType
 .text.USBGenericRequest_GetRequest
                0x004029da        0x4 libusb/lib/libusb_sam3s_rel.a(release-USBRequests.o)
                0x004029da                USBGenericRequest_GetRequest
 .text.USBGenericRequest_GetValue
                0x004029de        0x4 libusb/lib/libusb_sam3s_rel.a(release-USBRequests.o)
                0x004029de                USBGenericRequest_GetValue
 .text.USBGenericRequest_GetIndex
                0x004029e2        0x4 libusb/lib/libusb_sam3s_rel.a(release-USBRequests.o)
                0x004029e2                USBGenericRequest_GetIndex
 .text.USBGenericRequest_GetLength
                0x004029e6        0x4 libusb/lib/libusb_sam3s_rel.a(release-USBRequests.o)
                0x004029e6                USBGenericRequest_GetLength
 *fill*         0x004029ea        0x2 00
 .text.USBGenericRequest_GetEndpointNumber
                0x004029ec       0x10 libusb/lib/libusb_sam3s_rel.a(release-USBRequests.o)
                0x004029ec                USBGenericRequest_GetEndpointNumber
 .text.USBGenericRequest_GetRecipient
                0x004029fc        0x8 libusb/lib/libusb_sam3s_rel.a(release-USBRequests.o)
                0x004029fc                USBGenericRequest_GetRecipient
 .text.USBGenericRequest_GetDirection
                0x00402a04        0x6 libusb/lib/libusb_sam3s_rel.a(release-USBRequests.o)
                0x00402a04                USBGenericRequest_GetDirection
 *fill*         0x00402a0a        0x2 00
 .text.USBGetDescriptorRequest_GetDescriptorType
                0x00402a0c       0x10 libusb/lib/libusb_sam3s_rel.a(release-USBRequests.o)
                0x00402a0c                USBGetDescriptorRequest_GetDescriptorType
 .text.USBGetDescriptorRequest_GetDescriptorIndex
                0x00402a1c       0x10 libusb/lib/libusb_sam3s_rel.a(release-USBRequests.o)
                0x00402a1c                USBGetDescriptorRequest_GetDescriptorIndex
 .text.USBSetAddressRequest_GetAddress
                0x00402a2c       0x10 libusb/lib/libusb_sam3s_rel.a(release-USBRequests.o)
                0x00402a2c                USBSetAddressRequest_GetAddress
 .text.USBSetConfigurationRequest_GetConfiguration
                0x00402a3c       0x10 libusb/lib/libusb_sam3s_rel.a(release-USBRequests.o)
                0x00402a3c                USBSetConfigurationRequest_GetConfiguration
 .text.USBInterfaceRequest_GetInterface
                0x00402a4c       0x10 libusb/lib/libusb_sam3s_rel.a(release-USBRequests.o)
                0x00402a4c                USBInterfaceRequest_GetInterface
 .text.USBInterfaceRequest_GetAlternateSetting
                0x00402a5c       0x10 libusb/lib/libusb_sam3s_rel.a(release-USBRequests.o)
                0x00402a5c                USBInterfaceRequest_GetAlternateSetting
 .text.USBFeatureRequest_GetFeatureSelector
                0x00402a6c       0x10 libusb/lib/libusb_sam3s_rel.a(release-USBRequests.o)
                0x00402a6c                USBFeatureRequest_GetFeatureSelector
 .text._Interfaces_Parse
                0x00402a7c       0xa6 libusb/lib/libusb_sam3s_rel.a(release-CDCDSerialPort.o)
 *fill*         0x00402b22        0x2 00
 .text._SetLineCodingCallback
                0x00402b24       0x48 libusb/lib/libusb_sam3s_rel.a(release-CDCDSerialPort.o)
 .text.CDCDSerialPort_Initialize
                0x00402b6c       0x34 libusb/lib/libusb_sam3s_rel.a(release-CDCDSerialPort.o)
                0x00402b6c                CDCDSerialPort_Initialize
 .text.CDCDSerialPort_ParseInterfaces
                0x00402ba0       0x20 libusb/lib/libusb_sam3s_rel.a(release-CDCDSerialPort.o)
                0x00402ba0                CDCDSerialPort_ParseInterfaces
 .text.CDCDSerialPort_RequestHandler
                0x00402bc0       0x9c libusb/lib/libusb_sam3s_rel.a(release-CDCDSerialPort.o)
                0x00402bc0                CDCDSerialPort_RequestHandler
 .text.CDCDSerialPort_Read
                0x00402c5c       0x18 libusb/lib/libusb_sam3s_rel.a(release-CDCDSerialPort.o)
                0x00402c5c                CDCDSerialPort_Read
 .text.CDCDSerialPort_Write
                0x00402c74       0x18 libusb/lib/libusb_sam3s_rel.a(release-CDCDSerialPort.o)
                0x00402c74                CDCDSerialPort_Write
 .text.CDCLineCoding_Initialize
                0x00402c8c        0xe libusb/lib/libusb_sam3s_rel.a(release-CDCLineCoding.o)
                0x00402c8c                CDCLineCoding_Initialize
 *fill*         0x00402c9a        0x2 00
 .text.NVIC_SetPriority
                0x00402c9c       0x28 libchip/lib/libchip_sam3s4_rel.a(release-pio_it.o)
 .text.PioInterruptHandler
                0x00402cc4       0x6c libchip/lib/libchip_sam3s4_rel.a(release-pio_it.o)
                0x00402cc4                PioInterruptHandler
 .text.PIOA_IrqHandler
                0x00402d30       0x24 libchip/lib/libchip_sam3s4_rel.a(release-pio_it.o)
                0x00402d30                PIOA_IrqHandler
 .text.PIOB_IrqHandler
                0x00402d54       0x14 libchip/lib/libchip_sam3s4_rel.a(release-pio_it.o)
                0x00402d54                PIOB_IrqHandler
 .text.PIOC_IrqHandler
                0x00402d68       0x14 libchip/lib/libchip_sam3s4_rel.a(release-pio_it.o)
                0x00402d68                PIOC_IrqHandler
 .text.PIO_InitializeInterrupts
                0x00402d7c       0x98 libchip/lib/libchip_sam3s4_rel.a(release-pio_it.o)
                0x00402d7c                PIO_InitializeInterrupts
 .text.PIO_ConfigureIt
                0x00402e14       0x84 libchip/lib/libchip_sam3s4_rel.a(release-pio_it.o)
                0x00402e14                PIO_ConfigureIt
 .text.PIO_EnableIt
                0x00402e98       0x70 libchip/lib/libchip_sam3s4_rel.a(release-pio_it.o)
                0x00402e98                PIO_EnableIt
 .text.IrqHandlerNotUsed
                0x00402f08        0x2 libchip/lib/libchip_sam3s4_rel.a(release-exceptions.o)
                0x00402f08                IrqHandlerNotUsed
 .text.NMI_Handler
                0x00402f0a        0x2 libchip/lib/libchip_sam3s4_rel.a(release-exceptions.o)
                0x00402f0a                NMI_Handler
 .text.HardFault_Handler
                0x00402f0c        0x2 libchip/lib/libchip_sam3s4_rel.a(release-exceptions.o)
                0x00402f0c                HardFault_Handler
 .text.MemManage_Handler
                0x00402f0e        0x2 libchip/lib/libchip_sam3s4_rel.a(release-exceptions.o)
                0x00402f0e                MemManage_Handler
 .text.BusFault_Handler
                0x00402f10        0x2 libchip/lib/libchip_sam3s4_rel.a(release-exceptions.o)
                0x00402f10                BusFault_Handler
 .text.UsageFault_Handler
                0x00402f12        0x2 libchip/lib/libchip_sam3s4_rel.a(release-exceptions.o)
                0x00402f12                UsageFault_Handler
 .text.SVC_Handler
                0x00402f14        0x2 libchip/lib/libchip_sam3s4_rel.a(release-exceptions.o)
                0x00402f14                SVC_Handler
 .text.DebugMon_Handler
                0x00402f16        0x2 libchip/lib/libchip_sam3s4_rel.a(release-exceptions.o)
                0x00402f16                DebugMon_Handler
 .text.PendSV_Handler
                0x00402f18        0x2 libchip/lib/libchip_sam3s4_rel.a(release-exceptions.o)
                0x00402f18                PendSV_Handler
 .text.SUPC_IrqHandler
                0x00402f1a        0x2 libchip/lib/libchip_sam3s4_rel.a(release-exceptions.o)
                0x00402f1a                SUPC_IrqHandler
 .text.RSTC_IrqHandler
                0x00402f1c        0x2 libchip/lib/libchip_sam3s4_rel.a(release-exceptions.o)
                0x00402f1c                RSTC_IrqHandler
 .text.RTC_IrqHandler
                0x00402f1e        0x2 libchip/lib/libchip_sam3s4_rel.a(release-exceptions.o)
                0x00402f1e                RTC_IrqHandler
 .text.RTT_IrqHandler
                0x00402f20        0x2 libchip/lib/libchip_sam3s4_rel.a(release-exceptions.o)
                0x00402f20                RTT_IrqHandler
 .text.WDT_IrqHandler
                0x00402f22        0x2 libchip/lib/libchip_sam3s4_rel.a(release-exceptions.o)
                0x00402f22                WDT_IrqHandler
 .text.PMC_IrqHandler
                0x00402f24        0x2 libchip/lib/libchip_sam3s4_rel.a(release-exceptions.o)
                0x00402f24                PMC_IrqHandler
 .text.EEFC_IrqHandler
                0x00402f26        0x2 libchip/lib/libchip_sam3s4_rel.a(release-exceptions.o)
                0x00402f26                EEFC_IrqHandler
 .text.UART0_IrqHandler
                0x00402f28        0x2 libchip/lib/libchip_sam3s4_rel.a(release-exceptions.o)
                0x00402f28                UART0_IrqHandler
 .text.UART1_IrqHandler
                0x00402f2a        0x2 libchip/lib/libchip_sam3s4_rel.a(release-exceptions.o)
                0x00402f2a                UART1_IrqHandler
 .text.SMC_IrqHandler
                0x00402f2c        0x2 libchip/lib/libchip_sam3s4_rel.a(release-exceptions.o)
                0x00402f2c                SMC_IrqHandler
 .text.USART0_IrqHandler
                0x00402f2e        0x2 libchip/lib/libchip_sam3s4_rel.a(release-exceptions.o)
                0x00402f2e                USART0_IrqHandler
 .text.USART1_IrqHandler
                0x00402f30        0x2 libchip/lib/libchip_sam3s4_rel.a(release-exceptions.o)
                0x00402f30                USART1_IrqHandler
 .text.MCI_IrqHandler
                0x00402f32        0x2 libchip/lib/libchip_sam3s4_rel.a(release-exceptions.o)
                0x00402f32                MCI_IrqHandler
 .text.TWI0_IrqHandler
                0x00402f34        0x2 libchip/lib/libchip_sam3s4_rel.a(release-exceptions.o)
                0x00402f34                TWI0_IrqHandler
 .text.TWI1_IrqHandler
                0x00402f36        0x2 libchip/lib/libchip_sam3s4_rel.a(release-exceptions.o)
                0x00402f36                TWI1_IrqHandler
 .text.SPI_IrqHandler
                0x00402f38        0x2 libchip/lib/libchip_sam3s4_rel.a(release-exceptions.o)
                0x00402f38                SPI_IrqHandler
 .text.SSC_IrqHandler
                0x00402f3a        0x2 libchip/lib/libchip_sam3s4_rel.a(release-exceptions.o)
                0x00402f3a                SSC_IrqHandler
 .text.TC2_IrqHandler
                0x00402f3c        0x2 libchip/lib/libchip_sam3s4_rel.a(release-exceptions.o)
                0x00402f3c                TC2_IrqHandler
 .text.TC3_IrqHandler
                0x00402f3e        0x2 libchip/lib/libchip_sam3s4_rel.a(release-exceptions.o)
                0x00402f3e                TC3_IrqHandler
 .text.TC4_IrqHandler
                0x00402f40        0x2 libchip/lib/libchip_sam3s4_rel.a(release-exceptions.o)
                0x00402f40                TC4_IrqHandler
 .text.TC5_IrqHandler
                0x00402f42        0x2 libchip/lib/libchip_sam3s4_rel.a(release-exceptions.o)
                0x00402f42                TC5_IrqHandler
 .text.ADC_IrqHandler
                0x00402f44        0x2 libchip/lib/libchip_sam3s4_rel.a(release-exceptions.o)
                0x00402f44                ADC_IrqHandler
 .text.DAC_IrqHandler
                0x00402f46        0x2 libchip/lib/libchip_sam3s4_rel.a(release-exceptions.o)
                0x00402f46                DAC_IrqHandler
 .text.PWM_IrqHandler
                0x00402f48        0x2 libchip/lib/libchip_sam3s4_rel.a(release-exceptions.o)
                0x00402f48                PWM_IrqHandler
 .text.CRCCU_IrqHandler
                0x00402f4a        0x2 libchip/lib/libchip_sam3s4_rel.a(release-exceptions.o)
                0x00402f4a                CRCCU_IrqHandler
 .text.ACC_IrqHandler
                0x00402f4c        0x2 libchip/lib/libchip_sam3s4_rel.a(release-exceptions.o)
                0x00402f4c                ACC_IrqHandler
 *fill*         0x00402f4e        0x2 00
 .text.PIO_Configure
                0x00402f50      0x14c libchip/lib/libchip_sam3s4_rel.a(release-pio.o)
                0x00402f50                PIO_Configure
 .text.PIO_Get  0x0040309c       0x1c libchip/lib/libchip_sam3s4_rel.a(release-pio.o)
                0x0040309c                PIO_Get
 .text.PMC_EnablePeripheral
                0x004030b8       0x5c libchip/lib/libchip_sam3s4_rel.a(release-pmc.o)
                0x004030b8                PMC_EnablePeripheral
 .text.PMC_DisablePeripheral
                0x00403114       0x58 libchip/lib/libchip_sam3s4_rel.a(release-pmc.o)
                0x00403114                PMC_DisablePeripheral
 .text.PMC_IsPeriphEnabled
                0x0040316c       0x4c libchip/lib/libchip_sam3s4_rel.a(release-pmc.o)
                0x0040316c                PMC_IsPeriphEnabled
 .text.TC_Configure
                0x004031b8       0x38 libchip/lib/libchip_sam3s4_rel.a(release-tc.o)
                0x004031b8                TC_Configure
 .text.TC_Start
                0x004031f0       0x2c libchip/lib/libchip_sam3s4_rel.a(release-tc.o)
                0x004031f0                TC_Start
 .text.TC_Stop  0x0040321c       0x2c libchip/lib/libchip_sam3s4_rel.a(release-tc.o)
                0x0040321c                TC_Stop
 .text.TC_FindMckDivisor
                0x00403248       0x70 libchip/lib/libchip_sam3s4_rel.a(release-tc.o)
                0x00403248                TC_FindMckDivisor
 .text.PIO_CaptureHandler
                0x004032b8       0x60 libchip/lib/libchip_sam3s4_rel.a(release-pio_capture.o)
                0x004032b8                PIO_CaptureHandler
 .text          0x00403318       0x54 /usr/local/Sourcery/bin/../lib/gcc/arm-none-eabi/4.6.1/../../../../arm-none-eabi/lib/thumb2/libc.a(lib_a-assert.o)
                0x00403318                __assert_func
                0x00403360                __assert
 .text          0x0040336c       0x4c /usr/local/Sourcery/bin/../lib/gcc/arm-none-eabi/4.6.1/../../../../arm-none-eabi/lib/thumb2/libc.a(lib_a-fiprintf.o)
                0x0040336c                _fiprintf_r
                0x0040338c                fiprintf
 .text          0x004033b8       0x4c /usr/local/Sourcery/bin/../lib/gcc/arm-none-eabi/4.6.1/../../../../arm-none-eabi/lib/thumb2/libc.a(lib_a-fprintf.o)
                0x004033b8                _fprintf_r
                0x004033d8                fprintf
 .text          0x00403404       0xac /usr/local/Sourcery/bin/../lib/gcc/arm-none-eabi/4.6.1/../../../../arm-none-eabi/lib/thumb2/libc.a(lib_a-fputc.o)
                0x00403404                _fputc_r
                0x00403458                fputc
 .text          0x004034b0       0x94 /usr/local/Sourcery/bin/../lib/gcc/arm-none-eabi/4.6.1/../../../../arm-none-eabi/lib/thumb2/libc.a(lib_a-fputs.o)
                0x004034b0                _fputs_r
                0x00403530                fputs
 .text          0x00403544      0x32c /usr/local/Sourcery/bin/../lib/gcc/arm-none-eabi/4.6.1/../../../../arm-none-eabi/lib/thumb2/libc.a(lib_a-fvwrite.o)
                0x00403544                __sfvwrite_r
 .text          0x00403870       0xbc /usr/local/Sourcery/bin/../lib/gcc/arm-none-eabi/4.6.1/../../../../arm-none-eabi/lib/thumb2/libc.a(lib_a-fwrite.o)
                0x00403870                _fwrite_r
                0x00403908                fwrite
 .text          0x0040392c       0x64 /usr/local/Sourcery/bin/../lib/gcc/arm-none-eabi/4.6.1/../../../../arm-none-eabi/lib/thumb2/libc.a(lib_a-iprintf.o)
                0x0040392c                iprintf
                0x00403964                _iprintf_r
 .text          0x00403990      0x57c /usr/local/Sourcery/bin/../lib/gcc/arm-none-eabi/4.6.1/../../../../arm-none-eabi/lib/thumb2/libc.a(lib_a-mallocr.o)
                0x00403990                _malloc_r
 .text          0x00403f0c       0x88 /usr/local/Sourcery/bin/../lib/gcc/arm-none-eabi/4.6.1/../../../../arm-none-eabi/lib/thumb2/libc.a(lib_a-memchr.o)
                0x00403f0c                memchr
 .text          0x00403f94       0xf0 /usr/local/Sourcery/bin/../lib/gcc/arm-none-eabi/4.6.1/../../../../arm-none-eabi/lib/thumb2/libc.a(lib_a-memcpy.o)
                0x00403f94                memcpy
 .text          0x00404084       0xbc /usr/local/Sourcery/bin/../lib/gcc/arm-none-eabi/4.6.1/../../../../arm-none-eabi/lib/thumb2/libc.a(lib_a-memmove.o)
                0x00404084                memmove
 .text          0x00404140        0x8 /usr/local/Sourcery/bin/../lib/gcc/arm-none-eabi/4.6.1/../../../../arm-none-eabi/lib/thumb2/libc.a(lib_a-mlock.o)
                0x00404140                __malloc_lock
                0x00404144                __malloc_unlock
 .text          0x00404148      0x138 /usr/local/Sourcery/bin/../lib/gcc/arm-none-eabi/4.6.1/../../../../arm-none-eabi/lib/thumb2/libc.a(lib_a-putc.o)
                0x00404148                _putc_r
                0x004041d8                putc
 .text          0x00404280      0x3d8 /usr/local/Sourcery/bin/../lib/gcc/arm-none-eabi/4.6.1/../../../../arm-none-eabi/lib/thumb2/libc.a(lib_a-reallocr.o)
                0x00404280                _realloc_r
 .text          0x00404658       0x28 /usr/local/Sourcery/bin/../lib/gcc/arm-none-eabi/4.6.1/../../../../arm-none-eabi/lib/thumb2/libc.a(lib_a-sbrkr.o)
                0x00404658                _sbrk_r
 .text          0x00404680       0x10 /usr/local/Sourcery/bin/../lib/gcc/arm-none-eabi/4.6.1/../../../../arm-none-eabi/lib/thumb2/libc.a(lib_a-setbuf.o)
                0x00404680                setbuf
 .text          0x00404690      0x15c /usr/local/Sourcery/bin/../lib/gcc/arm-none-eabi/4.6.1/../../../../arm-none-eabi/lib/thumb2/libc.a(lib_a-setvbuf.o)
                0x00404690                setvbuf
 .text          0x004047ec       0x60 /usr/local/Sourcery/bin/../lib/gcc/arm-none-eabi/4.6.1/../../../../arm-none-eabi/lib/thumb2/libc.a(lib_a-strlen.o)
                0x004047ec                strlen
 .text          0x0040484c      0xd18 /usr/local/Sourcery/bin/../lib/gcc/arm-none-eabi/4.6.1/../../../../arm-none-eabi/lib/thumb2/libc.a(lib_a-vfiprintf.o)
                0x0040484c                __sprint_r
                0x004048cc                _vfiprintf_r
                0x00405548                vfiprintf
 .text          0x00405564     0x184c /usr/local/Sourcery/bin/../lib/gcc/arm-none-eabi/4.6.1/../../../../arm-none-eabi/lib/thumb2/libc.a(lib_a-vfprintf.o)
                0x00405564                _vfprintf_r
                0x00406d94                vfprintf
 .text          0x00406db0       0xfc /usr/local/Sourcery/bin/../lib/gcc/arm-none-eabi/4.6.1/../../../../arm-none-eabi/lib/thumb2/libc.a(lib_a-wbuf.o)
                0x00406db0                __swbuf_r
                0x00406e98                __swbuf
 .text          0x00406eac       0xf8 /usr/local/Sourcery/bin/../lib/gcc/arm-none-eabi/4.6.1/../../../../arm-none-eabi/lib/thumb2/libc.a(lib_a-wsetup.o)
                0x00406eac                __swsetup_r
 .text          0x00406fa4       0x10 /usr/local/Sourcery/bin/../lib/gcc/arm-none-eabi/4.6.1/../../../../arm-none-eabi/lib/thumb2/libc.a(lib_a-abort.o)
                0x00406fa4                abort
 *fill*         0x00406fb4        0x4 00
 .text          0x00406fb8     0x1030 /usr/local/Sourcery/bin/../lib/gcc/arm-none-eabi/4.6.1/../../../../arm-none-eabi/lib/thumb2/libc.a(lib_a-dtoa.o)
                0x00407100                _dtoa_r
 .text          0x00407fe8      0x1e0 /usr/local/Sourcery/bin/../lib/gcc/arm-none-eabi/4.6.1/../../../../arm-none-eabi/lib/thumb2/libc.a(lib_a-fflush.o)
                0x00407fe8                _fflush_r
                0x004081a0                fflush
 .text          0x004081c8      0x1dc /usr/local/Sourcery/bin/../lib/gcc/arm-none-eabi/4.6.1/../../../../arm-none-eabi/lib/thumb2/libc.a(lib_a-findfp.o)
                0x004081d0                _cleanup_r
                0x0040822c                __sfmoreglue
                0x0040825c                _cleanup
                0x0040826c                __sinit
                0x004082c8                __sfp
                0x00408364                __sfp_lock_acquire
                0x00408368                __sfp_lock_release
                0x0040836c                __sinit_lock_acquire
                0x00408370                __sinit_lock_release
                0x00408374                __fp_lock_all
                0x0040838c                __fp_unlock_all
 .text          0x004083a4      0x13c /usr/local/Sourcery/bin/../lib/gcc/arm-none-eabi/4.6.1/../../../../arm-none-eabi/lib/thumb2/libc.a(lib_a-fputwc.o)
                0x004083a4                _fputwc_r
                0x00408488                fputwc
 .text          0x004084e0      0x234 /usr/local/Sourcery/bin/../lib/gcc/arm-none-eabi/4.6.1/../../../../arm-none-eabi/lib/thumb2/libc.a(lib_a-freer.o)
                0x004084e0                _malloc_trim_r
                0x00408584                _free_r
 .text          0x00408714       0xa0 /usr/local/Sourcery/bin/../lib/gcc/arm-none-eabi/4.6.1/../../../../arm-none-eabi/lib/thumb2/libc.a(lib_a-fwalk.o)
                0x00408714                _fwalk
                0x00408760                _fwalk_reent
 .text          0x004087b4       0xa4 /usr/local/Sourcery/bin/../lib/gcc/arm-none-eabi/4.6.1/../../../../arm-none-eabi/lib/thumb2/libc.a(lib_a-locale.o)
                0x004087b4                _setlocale_r
                0x00408810                __locale_charset
                0x0040881c                __locale_mb_cur_max
                0x00408828                __locale_msgcharset
                0x00408830                __locale_cjk_lang
                0x00408834                _localeconv_r
                0x0040883c                setlocale
                0x00408850                localeconv
 .text          0x00408858       0xe8 /usr/local/Sourcery/bin/../lib/gcc/arm-none-eabi/4.6.1/../../../../arm-none-eabi/lib/thumb2/libc.a(lib_a-makebuf.o)
                0x00408858                __smakebuf_r
 .text          0x00408940       0x20 /usr/local/Sourcery/bin/../lib/gcc/arm-none-eabi/4.6.1/../../../../arm-none-eabi/lib/thumb2/libc.a(lib_a-malloc.o)
                0x00408940                malloc
                0x00408950                free
 .text          0x00408960       0x8c /usr/local/Sourcery/bin/../lib/gcc/arm-none-eabi/4.6.1/../../../../arm-none-eabi/lib/thumb2/libc.a(lib_a-memset.o)
                0x00408960                memset
 .text          0x004089ec      0x904 /usr/local/Sourcery/bin/../lib/gcc/arm-none-eabi/4.6.1/../../../../arm-none-eabi/lib/thumb2/libc.a(lib_a-mprec.o)
                0x004089ec                _Balloc
                0x00408a54                _Bfree
                0x00408a8c                __multadd
                0x00408b10                __s2b
                0x00408ba4                __hi0bits
                0x00408be0                __lo0bits
                0x00408c3c                __i2b
                0x00408c50                __multiply
                0x00408d8c                __pow5mult
                0x00408e2c                __lshift
                0x00408ee8                __mcmp
                0x00408f28                __mdiff
                0x00409008                __ulp
                0x0040904c                __b2d
                0x004090f8                __d2b
                0x004091c0                __ratio
                0x00409214                _mprec_log10
                0x00409248                __copybits
                0x00409290                __any_on
 .text          0x004092f0       0x90 /usr/local/Sourcery/bin/../lib/gcc/arm-none-eabi/4.6.1/../../../../arm-none-eabi/lib/thumb2/libc.a(lib_a-s_fpclassify.o)
                0x004092f0                __fpclassifyd
 .text          0x00409380      0x150 /usr/local/Sourcery/bin/../lib/gcc/arm-none-eabi/4.6.1/../../../../arm-none-eabi/lib/thumb2/libc.a(lib_a-signal.o)
                0x00409380                _init_signal_r
                0x004093b0                _signal_r
                0x004093ec                _raise_r
                0x00409440                __sigtramp_r
                0x0040948c                raise
                0x0040949c                signal
                0x004094b0                _init_signal
                0x004094c0                __sigtramp
 .text          0x004094d0       0x2c /usr/local/Sourcery/bin/../lib/gcc/arm-none-eabi/4.6.1/../../../../arm-none-eabi/lib/thumb2/libc.a(lib_a-signalr.o)
                0x004094d0                _kill_r
                0x004094f8                _getpid_r
 .text          0x004094fc       0x8c /usr/local/Sourcery/bin/../lib/gcc/arm-none-eabi/4.6.1/../../../../arm-none-eabi/lib/thumb2/libc.a(lib_a-stdio.o)
                0x004094fc                __sread
                0x00409520                __seofread
                0x00409524                __swrite
                0x0040955c                __sseek
                0x00409580                __sclose
 .text          0x00409588      0x1dc /usr/local/Sourcery/bin/../lib/gcc/arm-none-eabi/4.6.1/../../../../arm-none-eabi/lib/thumb2/libc.a(lib_a-strcmp.o)
                0x00409588                strcmp
 .text          0x00409764       0xb0 /usr/local/Sourcery/bin/../lib/gcc/arm-none-eabi/4.6.1/../../../../arm-none-eabi/lib/thumb2/libc.a(lib_a-wcrtomb.o)
                0x00409764                _wcrtomb_r
                0x004097b4                wcrtomb
 .text          0x00409814       0x4c /usr/local/Sourcery/bin/../lib/gcc/arm-none-eabi/4.6.1/../../../../arm-none-eabi/lib/thumb2/libc.a(lib_a-wctomb_r.o)
                0x00409814                __ascii_wctomb
                0x00409830                _wctomb_r
 .text          0x00409860       0x2c /usr/local/Sourcery/bin/../lib/gcc/arm-none-eabi/4.6.1/../../../../arm-none-eabi/lib/thumb2/libc.a(lib_a-writer.o)
                0x00409860                _write_r
 .text          0x0040988c       0x60 /usr/local/Sourcery/bin/../lib/gcc/arm-none-eabi/4.6.1/../../../../arm-none-eabi/lib/thumb2/libc.a(lib_a-callocr.o)
                0x0040988c                _calloc_r
 .text          0x004098ec       0x28 /usr/local/Sourcery/bin/../lib/gcc/arm-none-eabi/4.6.1/../../../../arm-none-eabi/lib/thumb2/libc.a(lib_a-closer.o)
                0x004098ec                _close_r
 .text          0x00409914       0xc4 /usr/local/Sourcery/bin/../lib/gcc/arm-none-eabi/4.6.1/../../../../arm-none-eabi/lib/thumb2/libc.a(lib_a-fclose.o)
                0x00409914                _fclose_r
                0x004099c8                fclose
 .text          0x004099d8       0x28 /usr/local/Sourcery/bin/../lib/gcc/arm-none-eabi/4.6.1/../../../../arm-none-eabi/lib/thumb2/libc.a(lib_a-fstatr.o)
                0x004099d8                _fstat_r
 .text          0x00409a00       0x28 /usr/local/Sourcery/bin/../lib/gcc/arm-none-eabi/4.6.1/../../../../arm-none-eabi/lib/thumb2/libc.a(lib_a-isattyr.o)
                0x00409a00                _isatty_r
 .text          0x00409a28       0x2c /usr/local/Sourcery/bin/../lib/gcc/arm-none-eabi/4.6.1/../../../../arm-none-eabi/lib/thumb2/libc.a(lib_a-lseekr.o)
                0x00409a28                _lseek_r
 .text          0x00409a54       0x2c /usr/local/Sourcery/bin/../lib/gcc/arm-none-eabi/4.6.1/../../../../arm-none-eabi/lib/thumb2/libc.a(lib_a-readr.o)
                0x00409a54                _read_r
 .text          0x00409a80      0x278 /usr/local/Sourcery/bin/../lib/gcc/arm-none-eabi/4.6.1/thumb2/libgcc.a(_udivsi3.o)
                0x00409a80                __udivsi3
                0x00409a80                __aeabi_uidiv
                0x00409cdc                __aeabi_uidivmod
 .text          0x00409cf8        0x4 /usr/local/Sourcery/bin/../lib/gcc/arm-none-eabi/4.6.1/thumb2/libgcc.a(_dvmd_tls.o)
                0x00409cf8                __aeabi_ldiv0
                0x00409cf8                __aeabi_idiv0
 .text          0x00409cfc      0x370 /usr/local/Sourcery/bin/../lib/gcc/arm-none-eabi/4.6.1/thumb2/libgcc.a(_arm_addsubdf3.o)
                0x00409cfc                __aeabi_drsub
                0x00409d04                __aeabi_dsub
                0x00409d04                __subdf3
                0x00409d08                __adddf3
                0x00409d08                __aeabi_dadd
                0x00409f80                __aeabi_ui2d
                0x00409f80                __floatunsidf
                0x00409fa0                __floatsidf
                0x00409fa0                __aeabi_i2d
                0x00409fc4                __extendsfdf2
                0x00409fc4                __aeabi_f2d
                0x0040a000                __aeabi_ul2d
                0x0040a000                __floatundidf
                0x0040a010                __floatdidf
                0x0040a010                __aeabi_l2d
 .text          0x0040a06c      0x424 /usr/local/Sourcery/bin/../lib/gcc/arm-none-eabi/4.6.1/thumb2/libgcc.a(_arm_muldivdf3.o)
                0x0040a06c                __aeabi_dmul
                0x0040a06c                __muldf3
                0x0040a2c0                __aeabi_ddiv
                0x0040a2c0                __divdf3
 .text          0x0040a490      0x110 /usr/local/Sourcery/bin/../lib/gcc/arm-none-eabi/4.6.1/thumb2/libgcc.a(_arm_cmpdf2.o)
                0x0040a490                __gtdf2
                0x0040a490                __gedf2
                0x0040a498                __ltdf2
                0x0040a498                __ledf2
                0x0040a4a0                __cmpdf2
                0x0040a4a0                __eqdf2
                0x0040a4a0                __nedf2
                0x0040a51c                __aeabi_cdrcmple
                0x0040a52c                __aeabi_cdcmple
                0x0040a52c                __aeabi_cdcmpeq
                0x0040a53c                __aeabi_dcmpeq
                0x0040a550                __aeabi_dcmplt
                0x0040a564                __aeabi_dcmple
                0x0040a578                __aeabi_dcmpge
                0x0040a58c                __aeabi_dcmpgt
 .text          0x0040a5a0       0x50 /usr/local/Sourcery/bin/../lib/gcc/arm-none-eabi/4.6.1/thumb2/libgcc.a(_arm_fixdfsi.o)
                0x0040a5a0                __fixdfsi
                0x0040a5a0                __aeabi_d2iz
 .text          0x0040a5f0       0x2c /usr/local/Sourcery/bin/../lib/gcc/arm-none-eabi/4.6.1/thumb2/libgcc.a(_aeabi_uldivmod.o)
                0x0040a5f0                __aeabi_uldivmod
 .text          0x0040a61c       0x5c /usr/local/Sourcery/bin/../lib/gcc/arm-none-eabi/4.6.1/thumb2/libgcc.a(bpabi.o)
                0x0040a61c                __gnu_ldivmod_helper
                0x0040a64c                __gnu_uldivmod_helper
 .text          0x0040a678      0x364 /usr/local/Sourcery/bin/../lib/gcc/arm-none-eabi/4.6.1/thumb2/libgcc.a(_divdi3.o)
                0x0040a678                __divdi3
 .text          0x0040a9dc      0x334 /usr/local/Sourcery/bin/../lib/gcc/arm-none-eabi/4.6.1/thumb2/libgcc.a(_udivdi3.o)
                0x0040a9dc                __udivdi3
 *(.glue_7t)
 .glue_7t       0x00000000        0x0 linker stubs
 *(.glue_7)
 .glue_7        0x00000000        0x0 linker stubs
 *(.rodata .rodata* .gnu.linkonce.r.*)
 .rodata        0x0040ad10       0x1c build/obj/flash_syscalls.o
 .rodata        0x0040ad2c        0xc build/obj/flash_uart_console.o
 .rodata        0x0040ad38      0x124 build/obj/flash_usb_console.o
 .rodata        0x0040ae5c       0x54 build/obj/flash_led.o
 .rodata        0x0040aeb0       0xa0 build/obj/flash_usb_device_descriptor.o
                0x0040aeb0                deviceDescriptor
                0x0040aec4                configurationDescriptorsFS
                0x0040af08                languageIdStringDescriptor
                0x0040af0c                productStringDescriptor
                0x0040af28                cdcdSerialDriverDescriptors
 .rodata        0x0040af50       0x44 build/obj/flash_main.o
 .rodata.str1.1
                0x0040af94       0x69 libusb/lib/libusb_sam3s_rel.a(release-USBD_HAL.o)
 .rodata.str1.1
                0x0040affd       0x30 libusb/lib/libusb_sam3s_rel.a(release-USBD.o)
 .rodata.str1.1
                0x0040b02d       0xef libusb/lib/libusb_sam3s_rel.a(release-USBDDriver.o)
 .rodata        0x0040b11c       0x3f libchip/lib/libchip_sam3s4_rel.a(release-pio_it.o)
 .rodata.str1.1
                0x0040b15b       0x67 libchip/lib/libchip_sam3s4_rel.a(release-pio_it.o)
 .rodata        0x0040b1c2       0x3f libchip/lib/libchip_sam3s4_rel.a(release-pmc.o)
 .rodata.str1.1
                0x0040b201       0x17 libchip/lib/libchip_sam3s4_rel.a(release-pmc.o)
 .rodata        0x0040b218       0x1e libchip/lib/libchip_sam3s4_rel.a(release-tc.o)
 .rodata.str1.1
                0x0040b236       0x51 libchip/lib/libchip_sam3s4_rel.a(release-tc.o)
 *fill*         0x0040b287        0x1 00
 .rodata.str1.4
                0x0040b288       0x3f /usr/local/Sourcery/bin/../lib/gcc/arm-none-eabi/4.6.1/../../../../arm-none-eabi/lib/thumb2/libc.a(lib_a-assert.o)
                                 0x44 (size before relaxing)
 *fill*         0x0040b2c7        0x1 00
 .rodata        0x0040b2c8        0x4 /usr/local/Sourcery/bin/../lib/gcc/arm-none-eabi/4.6.1/../../../../arm-none-eabi/lib/thumb2/libc.a(lib_a-impure.o)
                0x0040b2c8                _global_impure_ptr
 .rodata.str1.4
                0x0040b2cc        0x2 /usr/local/Sourcery/bin/../lib/gcc/arm-none-eabi/4.6.1/../../../../arm-none-eabi/lib/thumb2/libc.a(lib_a-impure.o)
                                  0x4 (size before relaxing)
 *fill*         0x0040b2ce        0x2 00
 .rodata        0x0040b2d0       0x20 /usr/local/Sourcery/bin/../lib/gcc/arm-none-eabi/4.6.1/../../../../arm-none-eabi/lib/thumb2/libc.a(lib_a-vfiprintf.o)
 .rodata.str1.4
                0x0040b2f0       0x2f /usr/local/Sourcery/bin/../lib/gcc/arm-none-eabi/4.6.1/../../../../arm-none-eabi/lib/thumb2/libc.a(lib_a-vfiprintf.o)
                                 0x30 (size before relaxing)
 *fill*         0x0040b31f        0x1 00
 .rodata        0x0040b320       0x20 /usr/local/Sourcery/bin/../lib/gcc/arm-none-eabi/4.6.1/../../../../arm-none-eabi/lib/thumb2/libc.a(lib_a-vfprintf.o)
 .rodata.str1.4
                0x0040b340       0x12 /usr/local/Sourcery/bin/../lib/gcc/arm-none-eabi/4.6.1/../../../../arm-none-eabi/lib/thumb2/libc.a(lib_a-vfprintf.o)
                                 0x44 (size before relaxing)
 *fill*         0x0040b352        0x2 00
 .rodata.str1.4
                0x0040b354       0x10 /usr/local/Sourcery/bin/../lib/gcc/arm-none-eabi/4.6.1/../../../../arm-none-eabi/lib/thumb2/libc.a(lib_a-dtoa.o)
                                 0x14 (size before relaxing)
 .rodata        0x0040b364       0x60 /usr/local/Sourcery/bin/../lib/gcc/arm-none-eabi/4.6.1/../../../../arm-none-eabi/lib/thumb2/libc.a(lib_a-findfp.o)
                0x0040b364                __sf_fake_stderr
                0x0040b384                __sf_fake_stdout
                0x0040b3a4                __sf_fake_stdin
 .rodata.str1.4
                0x0040b3c4        0xc /usr/local/Sourcery/bin/../lib/gcc/arm-none-eabi/4.6.1/../../../../arm-none-eabi/lib/thumb2/libc.a(lib_a-locale.o)
                                 0x14 (size before relaxing)
 .rodata        0x0040b3d0      0x128 /usr/local/Sourcery/bin/../lib/gcc/arm-none-eabi/4.6.1/../../../../arm-none-eabi/lib/thumb2/libc.a(lib_a-mprec.o)
                0x0040b3e0                __mprec_tens
                0x0040b4a8                __mprec_tinytens
                0x0040b4d0                __mprec_bigtens
 *(.ARM.extab* .gnu.linkonce.armextab.*)
                0x0040b4f8                . = ALIGN (0x4)
 *(.init)
 .init          0x0040b4f8        0x4 /usr/local/Sourcery/bin/../lib/gcc/arm-none-eabi/4.6.1/thumb2/crti.o
                0x0040b4f8                _init
 .init          0x0040b4fc        0x8 /usr/local/Sourcery/bin/../lib/gcc/arm-none-eabi/4.6.1/thumb2/crtn.o
                0x0040b504                . = ALIGN (0x4)
                0x0040b504                __preinit_array_start = .
 *(.preinit_array)
                0x0040b504                __preinit_array_end = .
                0x0040b504                . = ALIGN (0x4)
                0x0040b504                __init_array_start = .
 *(SORT(.init_array.*))
 *(.init_array)
 .init_array    0x0040b504        0x4 /usr/local/Sourcery/bin/../lib/gcc/arm-none-eabi/4.6.1/thumb2/crtbegin.o
                0x0040b508                __init_array_end = .
                0x0040b508                . = ALIGN (0x4)
 *crtbegin.o(.ctors)
 *(EXCLUDE_FILE(*crtend.o) .ctors)
 *(SORT(.ctors.*))
 *crtend.o(.ctors)
                0x0040b508                . = ALIGN (0x4)
 *(.fini)
 .fini          0x0040b508        0x4 /usr/local/Sourcery/bin/../lib/gcc/arm-none-eabi/4.6.1/thumb2/crti.o
                0x0040b508                _fini
 .fini          0x0040b50c        0x8 /usr/local/Sourcery/bin/../lib/gcc/arm-none-eabi/4.6.1/thumb2/crtn.o
                0x0040b514                . = ALIGN (0x4)
                0x0040b514                __fini_array_start = .
 *(.fini_array)
 .fini_array    0x0040b514        0x4 /usr/local/Sourcery/bin/../lib/gcc/arm-none-eabi/4.6.1/thumb2/crtbegin.o
 *(SORT(.fini_array.*))
                0x0040b518                __fini_array_end = .
 *crtbegin.o(.dtors)
 *(EXCLUDE_FILE(*crtend.o) .dtors)
 *(SORT(.dtors.*))
 *crtend.o(.dtors)
                0x0040b518                . = ALIGN (0x4)
                0x0040b518                _efixed = .
                0x0040b518                PROVIDE (__exidx_start, .)

.vfp11_veneer   0x0040b518        0x0
 .vfp11_veneer  0x00000000        0x0 linker stubs

.v4_bx          0x0040b518        0x0
 .v4_bx         0x00000000        0x0 linker stubs

.iplt           0x0040b518        0x0
 .iplt          0x00000000        0x0 /usr/local/Sourcery/bin/../lib/gcc/arm-none-eabi/4.6.1/thumb2/crtbegin.o

.ARM.exidx      0x0040b518        0x8
 *(.ARM.exidx* .gnu.linkonce.armexidx.*)
 .ARM.exidx     0x0040b518        0x8 /usr/local/Sourcery/bin/../lib/gcc/arm-none-eabi/4.6.1/thumb2/libgcc.a(_divdi3.o)
 .ARM.exidx     0x0040b520        0x0 /usr/local/Sourcery/bin/../lib/gcc/arm-none-eabi/4.6.1/thumb2/libgcc.a(_udivdi3.o)
                                  0x8 (size before relaxing)
                0x0040b520                PROVIDE (__exidx_end, .)

.eh_frame       0x0040b520        0x0
 .eh_frame      0x0040b520        0x0 /usr/local/Sourcery/bin/../lib/gcc/arm-none-eabi/4.6.1/thumb2/crtbegin.o

.rel.dyn        0x0040b520        0x0
 .rel.iplt      0x00000000        0x0 /usr/local/Sourcery/bin/../lib/gcc/arm-none-eabi/4.6.1/thumb2/crtbegin.o

.jcr            0x0040b520        0x0
 .jcr           0x0040b520        0x0 /usr/local/Sourcery/bin/../lib/gcc/arm-none-eabi/4.6.1/thumb2/crtbegin.o

.igot.plt       0x0040b520        0x0
 .igot.plt      0x00000000        0x0 /usr/local/Sourcery/bin/../lib/gcc/arm-none-eabi/4.6.1/thumb2/crtbegin.o
                0x0040b520                . = ALIGN (0x4)
                0x0040b520                _etext = .

.relocate       0x20000000      0x598 load address 0x0040b520
                0x20000000                . = ALIGN (0x4)
                0x20000000                _srelocate = .
 *(.ramfunc .ramfunc.*)
 *(.data .data.*)
 .data          0x20000000        0x4 build/obj/flash_system.o
                0x20000000                SystemCoreClock
 .data          0x20000004        0x4 build/obj/flash_uart_console.o
 .data          0x20000008        0x4 build/obj/flash_usb_console.o
 .data          0x2000000c        0x8 build/obj/flash_usb_device_descriptor.o
                0x2000000c                stringDescriptors
 .data          0x20000014       0xf4 /usr/local/Sourcery/bin/../lib/gcc/arm-none-eabi/4.6.1/../../../../arm-none-eabi/lib/thumb2/libc.a(lib_a-impure.o)
                0x20000014                _impure_ptr
 .data          0x20000108      0x410 /usr/local/Sourcery/bin/../lib/gcc/arm-none-eabi/4.6.1/../../../../arm-none-eabi/lib/thumb2/libc.a(lib_a-mallocr.o)
                0x20000108                __malloc_av_
                0x20000510                __malloc_sbrk_base
                0x20000514                __malloc_trim_threshold
 .data          0x20000518       0x7c /usr/local/Sourcery/bin/../lib/gcc/arm-none-eabi/4.6.1/../../../../arm-none-eabi/lib/thumb2/libc.a(lib_a-locale.o)
                0x20000538                __mb_cur_max
 .data          0x20000594        0x4 /usr/local/Sourcery/bin/../lib/gcc/arm-none-eabi/4.6.1/../../../../arm-none-eabi/lib/thumb2/libc.a(lib_a-wctomb_r.o)
                0x20000594                __wctomb
                0x20000598                . = ALIGN (0x4)
                0x20000598                _erelocate = .

.bss            0x20000598      0x2d0 load address 0x0040bab8
                0x20000598                . = ALIGN (0x4)
                0x20000598                _sbss = .
                0x20000598                _szero = .
 *(.bss .bss.*)
 .bss           0x20000598       0x1c /usr/local/Sourcery/bin/../lib/gcc/arm-none-eabi/4.6.1/thumb2/crtbegin.o
 .bss           0x200005b4        0x4 build/obj/flash_syscalls.o
 .bss           0x200005b8        0x1 build/obj/flash_uart_console.o
 *fill*         0x200005b9        0x3 00
 .bss           0x200005bc      0x10c build/obj/flash_usb_console.o
 .bss           0x200006c8        0xc build/obj/flash_led.o
 .bss           0x200006d4        0x4 build/obj/flash_timetick.o
 .bss           0x200006d8       0xe0 libusb/lib/libusb_sam3s_rel.a(release-USBD_HAL.o)
 .bss           0x200007b8        0x2 libusb/lib/libusb_sam3s_rel.a(release-USBD.o)
 *fill*         0x200007ba        0x2 00
 .bss           0x200007bc       0x10 libusb/lib/libusb_sam3s_rel.a(release-USBDDriver.o)
 .bss           0x200007cc       0x1c libusb/lib/libusb_sam3s_rel.a(release-CDCDSerial.o)
 .bss           0x200007e8        0x7 libusb/lib/libusb_sam3s_rel.a(release-CDCDSerialPort.o)
 *fill*         0x200007ef        0x1 00
 .bss           0x200007f0       0x3c libchip/lib/libchip_sam3s4_rel.a(release-pio_it.o)
 .bss           0x2000082c        0x4 libchip/lib/libchip_sam3s4_rel.a(release-pio_capture.o)
 .bss           0x20000830       0x34 /usr/local/Sourcery/bin/../lib/gcc/arm-none-eabi/4.6.1/../../../../arm-none-eabi/lib/thumb2/libc.a(lib_a-mallocr.o)
                0x20000830                __malloc_top_pad
                0x20000834                __malloc_current_mallinfo
                0x2000085c                __malloc_max_sbrked_mem
                0x20000860                __malloc_max_total_mem
 *(COMMON)
 COMMON         0x20000864        0x4 /usr/local/Sourcery/bin/../lib/gcc/arm-none-eabi/4.6.1/../../../../arm-none-eabi/lib/thumb2/libc.a(lib_a-reent.o)
                0x20000864                errno
                0x20000868                . = ALIGN (0x4)
                0x20000868                _ebss = .
                0x20000868                _ezero = .

.stack          0x20000868     0x1000 load address 0x0040bd88
                0x20000868                . = ALIGN (0x8)
 *(.stack .stack.*)
 .stack         0x20000868     0x1000 build/obj/flash_startup.o
                0x20000868                pdwStack
                0x20001868                . = ALIGN (0x4)
                0x20001868                _end = .
OUTPUT(build/bin/project-flash.elf elf32-littlearm)

.ARM.attributes
                0x00000000       0x29
 .ARM.attributes
                0x00000000       0x1b /usr/local/Sourcery/bin/../lib/gcc/arm-none-eabi/4.6.1/thumb2/crti.o
 .ARM.attributes
                0x0000001b       0x2b /usr/local/Sourcery/bin/../lib/gcc/arm-none-eabi/4.6.1/thumb2/crtbegin.o
 .ARM.attributes
                0x00000046       0x33 build/obj/flash_syscalls.o
 .ARM.attributes
                0x00000079       0x33 build/obj/flash_system.o
 .ARM.attributes
                0x000000ac       0x33 build/obj/flash_uart_console.o
 .ARM.attributes
                0x000000df       0x33 build/obj/flash_usb_console.o
 .ARM.attributes
                0x00000112       0x33 build/obj/flash_led.o
 .ARM.attributes
                0x00000145       0x33 build/obj/flash_timetick.o
 .ARM.attributes
                0x00000178       0x33 build/obj/flash_startup.o
 .ARM.attributes
                0x000001ab       0x33 build/obj/flash_usb_device_descriptor.o
 .ARM.attributes
                0x000001de       0x33 build/obj/flash_main.o
 .ARM.attributes
                0x00000211       0x33 libusb/lib/libusb_sam3s_rel.a(release-USBD_HAL.o)
 .ARM.attributes
                0x00000244       0x33 libusb/lib/libusb_sam3s_rel.a(release-USBDescriptors.o)
 .ARM.attributes
                0x00000277       0x33 libusb/lib/libusb_sam3s_rel.a(release-USBD.o)
 .ARM.attributes
                0x000002aa       0x33 libusb/lib/libusb_sam3s_rel.a(release-USBDCallbacks.o)
 .ARM.attributes
                0x000002dd       0x33 libusb/lib/libusb_sam3s_rel.a(release-USBDDriver.o)
 .ARM.attributes
                0x00000310       0x33 libusb/lib/libusb_sam3s_rel.a(release-CDCDSerial.o)
 .ARM.attributes
                0x00000343       0x33 libusb/lib/libusb_sam3s_rel.a(release-USBDDriverCallbacks.o)
 .ARM.attributes
                0x00000376       0x33 libusb/lib/libusb_sam3s_rel.a(release-CDCDSerialDriver.o)
 .ARM.attributes
                0x000003a9       0x33 libusb/lib/libusb_sam3s_rel.a(release-USBRequests.o)
 .ARM.attributes
                0x000003dc       0x33 libusb/lib/libusb_sam3s_rel.a(release-CDCDSerialPort.o)
 .ARM.attributes
                0x0000040f       0x33 libusb/lib/libusb_sam3s_rel.a(release-CDCLineCoding.o)
 .ARM.attributes
                0x00000442       0x33 libchip/lib/libchip_sam3s4_rel.a(release-pio_it.o)
 .ARM.attributes
                0x00000475       0x33 libchip/lib/libchip_sam3s4_rel.a(release-exceptions.o)
 .ARM.attributes
                0x000004a8       0x33 libchip/lib/libchip_sam3s4_rel.a(release-pio.o)
 .ARM.attributes
                0x000004db       0x33 libchip/lib/libchip_sam3s4_rel.a(release-pmc.o)
 .ARM.attributes
                0x0000050e       0x33 libchip/lib/libchip_sam3s4_rel.a(release-tc.o)
 .ARM.attributes
                0x00000541       0x33 libchip/lib/libchip_sam3s4_rel.a(release-pio_capture.o)
 .ARM.attributes
                0x00000574       0x2b /usr/local/Sourcery/bin/../lib/gcc/arm-none-eabi/4.6.1/../../../../arm-none-eabi/lib/thumb2/libc.a(lib_a-assert.o)
 .ARM.attributes
                0x0000059f       0x2b /usr/local/Sourcery/bin/../lib/gcc/arm-none-eabi/4.6.1/../../../../arm-none-eabi/lib/thumb2/libc.a(lib_a-fiprintf.o)
 .ARM.attributes
                0x000005ca       0x2b /usr/local/Sourcery/bin/../lib/gcc/arm-none-eabi/4.6.1/../../../../arm-none-eabi/lib/thumb2/libc.a(lib_a-fprintf.o)
 .ARM.attributes
                0x000005f5       0x2b /usr/local/Sourcery/bin/../lib/gcc/arm-none-eabi/4.6.1/../../../../arm-none-eabi/lib/thumb2/libc.a(lib_a-fputc.o)
 .ARM.attributes
                0x00000620       0x2b /usr/local/Sourcery/bin/../lib/gcc/arm-none-eabi/4.6.1/../../../../arm-none-eabi/lib/thumb2/libc.a(lib_a-fputs.o)
 .ARM.attributes
                0x0000064b       0x2b /usr/local/Sourcery/bin/../lib/gcc/arm-none-eabi/4.6.1/../../../../arm-none-eabi/lib/thumb2/libc.a(lib_a-fvwrite.o)
 .ARM.attributes
                0x00000676       0x2b /usr/local/Sourcery/bin/../lib/gcc/arm-none-eabi/4.6.1/../../../../arm-none-eabi/lib/thumb2/libc.a(lib_a-fwrite.o)
 .ARM.attributes
                0x000006a1       0x2b /usr/local/Sourcery/bin/../lib/gcc/arm-none-eabi/4.6.1/../../../../arm-none-eabi/lib/thumb2/libc.a(lib_a-impure.o)
 .ARM.attributes
                0x000006cc       0x2b /usr/local/Sourcery/bin/../lib/gcc/arm-none-eabi/4.6.1/../../../../arm-none-eabi/lib/thumb2/libc.a(lib_a-iprintf.o)
 .ARM.attributes
                0x000006f7       0x2b /usr/local/Sourcery/bin/../lib/gcc/arm-none-eabi/4.6.1/../../../../arm-none-eabi/lib/thumb2/libc.a(lib_a-mallocr.o)
 .ARM.attributes
                0x00000722       0x2b /usr/local/Sourcery/bin/../lib/gcc/arm-none-eabi/4.6.1/../../../../arm-none-eabi/lib/thumb2/libc.a(lib_a-memchr.o)
 .ARM.attributes
                0x0000074d       0x2b /usr/local/Sourcery/bin/../lib/gcc/arm-none-eabi/4.6.1/../../../../arm-none-eabi/lib/thumb2/libc.a(lib_a-memcpy.o)
 .ARM.attributes
                0x00000778       0x2b /usr/local/Sourcery/bin/../lib/gcc/arm-none-eabi/4.6.1/../../../../arm-none-eabi/lib/thumb2/libc.a(lib_a-memmove.o)
 .ARM.attributes
                0x000007a3       0x2b /usr/local/Sourcery/bin/../lib/gcc/arm-none-eabi/4.6.1/../../../../arm-none-eabi/lib/thumb2/libc.a(lib_a-mlock.o)
 .ARM.attributes
                0x000007ce       0x2b /usr/local/Sourcery/bin/../lib/gcc/arm-none-eabi/4.6.1/../../../../arm-none-eabi/lib/thumb2/libc.a(lib_a-putc.o)
 .ARM.attributes
                0x000007f9       0x2b /usr/local/Sourcery/bin/../lib/gcc/arm-none-eabi/4.6.1/../../../../arm-none-eabi/lib/thumb2/libc.a(lib_a-reallocr.o)
 .ARM.attributes
                0x00000824       0x2b /usr/local/Sourcery/bin/../lib/gcc/arm-none-eabi/4.6.1/../../../../arm-none-eabi/lib/thumb2/libc.a(lib_a-reent.o)
 .ARM.attributes
                0x0000084f       0x2b /usr/local/Sourcery/bin/../lib/gcc/arm-none-eabi/4.6.1/../../../../arm-none-eabi/lib/thumb2/libc.a(lib_a-sbrkr.o)
 .ARM.attributes
                0x0000087a       0x2b /usr/local/Sourcery/bin/../lib/gcc/arm-none-eabi/4.6.1/../../../../arm-none-eabi/lib/thumb2/libc.a(lib_a-setbuf.o)
 .ARM.attributes
                0x000008a5       0x2b /usr/local/Sourcery/bin/../lib/gcc/arm-none-eabi/4.6.1/../../../../arm-none-eabi/lib/thumb2/libc.a(lib_a-setvbuf.o)
 .ARM.attributes
                0x000008d0       0x2b /usr/local/Sourcery/bin/../lib/gcc/arm-none-eabi/4.6.1/../../../../arm-none-eabi/lib/thumb2/libc.a(lib_a-strlen.o)
 .ARM.attributes
                0x000008fb       0x2b /usr/local/Sourcery/bin/../lib/gcc/arm-none-eabi/4.6.1/../../../../arm-none-eabi/lib/thumb2/libc.a(lib_a-vfiprintf.o)
 .ARM.attributes
                0x00000926       0x2b /usr/local/Sourcery/bin/../lib/gcc/arm-none-eabi/4.6.1/../../../../arm-none-eabi/lib/thumb2/libc.a(lib_a-vfprintf.o)
 .ARM.attributes
                0x00000951       0x2b /usr/local/Sourcery/bin/../lib/gcc/arm-none-eabi/4.6.1/../../../../arm-none-eabi/lib/thumb2/libc.a(lib_a-wbuf.o)
 .ARM.attributes
                0x0000097c       0x2b /usr/local/Sourcery/bin/../lib/gcc/arm-none-eabi/4.6.1/../../../../arm-none-eabi/lib/thumb2/libc.a(lib_a-wsetup.o)
 .ARM.attributes
                0x000009a7       0x2b /usr/local/Sourcery/bin/../lib/gcc/arm-none-eabi/4.6.1/../../../../arm-none-eabi/lib/thumb2/libc.a(lib_a-abort.o)
 .ARM.attributes
                0x000009d2       0x2b /usr/local/Sourcery/bin/../lib/gcc/arm-none-eabi/4.6.1/../../../../arm-none-eabi/lib/thumb2/libc.a(lib_a-dtoa.o)
 .ARM.attributes
                0x000009fd       0x2b /usr/local/Sourcery/bin/../lib/gcc/arm-none-eabi/4.6.1/../../../../arm-none-eabi/lib/thumb2/libc.a(lib_a-fflush.o)
 .ARM.attributes
                0x00000a28       0x2b /usr/local/Sourcery/bin/../lib/gcc/arm-none-eabi/4.6.1/../../../../arm-none-eabi/lib/thumb2/libc.a(lib_a-findfp.o)
 .ARM.attributes
                0x00000a53       0x2b /usr/local/Sourcery/bin/../lib/gcc/arm-none-eabi/4.6.1/../../../../arm-none-eabi/lib/thumb2/libc.a(lib_a-fputwc.o)
 .ARM.attributes
                0x00000a7e       0x2b /usr/local/Sourcery/bin/../lib/gcc/arm-none-eabi/4.6.1/../../../../arm-none-eabi/lib/thumb2/libc.a(lib_a-freer.o)
 .ARM.attributes
                0x00000aa9       0x2b /usr/local/Sourcery/bin/../lib/gcc/arm-none-eabi/4.6.1/../../../../arm-none-eabi/lib/thumb2/libc.a(lib_a-fwalk.o)
 .ARM.attributes
                0x00000ad4       0x2b /usr/local/Sourcery/bin/../lib/gcc/arm-none-eabi/4.6.1/../../../../arm-none-eabi/lib/thumb2/libc.a(lib_a-locale.o)
 .ARM.attributes
                0x00000aff       0x2b /usr/local/Sourcery/bin/../lib/gcc/arm-none-eabi/4.6.1/../../../../arm-none-eabi/lib/thumb2/libc.a(lib_a-makebuf.o)
 .ARM.attributes
                0x00000b2a       0x2b /usr/local/Sourcery/bin/../lib/gcc/arm-none-eabi/4.6.1/../../../../arm-none-eabi/lib/thumb2/libc.a(lib_a-malloc.o)
 .ARM.attributes
                0x00000b55       0x2b /usr/local/Sourcery/bin/../lib/gcc/arm-none-eabi/4.6.1/../../../../arm-none-eabi/lib/thumb2/libc.a(lib_a-memset.o)
 .ARM.attributes
                0x00000b80       0x2b /usr/local/Sourcery/bin/../lib/gcc/arm-none-eabi/4.6.1/../../../../arm-none-eabi/lib/thumb2/libc.a(lib_a-mprec.o)
 .ARM.attributes
                0x00000bab       0x2b /usr/local/Sourcery/bin/../lib/gcc/arm-none-eabi/4.6.1/../../../../arm-none-eabi/lib/thumb2/libc.a(lib_a-s_fpclassify.o)
 .ARM.attributes
                0x00000bd6       0x2b /usr/local/Sourcery/bin/../lib/gcc/arm-none-eabi/4.6.1/../../../../arm-none-eabi/lib/thumb2/libc.a(lib_a-signal.o)
 .ARM.attributes
                0x00000c01       0x2b /usr/local/Sourcery/bin/../lib/gcc/arm-none-eabi/4.6.1/../../../../arm-none-eabi/lib/thumb2/libc.a(lib_a-signalr.o)
 .ARM.attributes
                0x00000c2c       0x2b /usr/local/Sourcery/bin/../lib/gcc/arm-none-eabi/4.6.1/../../../../arm-none-eabi/lib/thumb2/libc.a(lib_a-stdio.o)
 .ARM.attributes
                0x00000c57       0x2b /usr/local/Sourcery/bin/../lib/gcc/arm-none-eabi/4.6.1/../../../../arm-none-eabi/lib/thumb2/libc.a(lib_a-strcmp.o)
 .ARM.attributes
                0x00000c82       0x2b /usr/local/Sourcery/bin/../lib/gcc/arm-none-eabi/4.6.1/../../../../arm-none-eabi/lib/thumb2/libc.a(lib_a-wcrtomb.o)
 .ARM.attributes
                0x00000cad       0x2b /usr/local/Sourcery/bin/../lib/gcc/arm-none-eabi/4.6.1/../../../../arm-none-eabi/lib/thumb2/libc.a(lib_a-wctomb_r.o)
 .ARM.attributes
                0x00000cd8       0x2b /usr/local/Sourcery/bin/../lib/gcc/arm-none-eabi/4.6.1/../../../../arm-none-eabi/lib/thumb2/libc.a(lib_a-writer.o)
 .ARM.attributes
                0x00000d03       0x2b /usr/local/Sourcery/bin/../lib/gcc/arm-none-eabi/4.6.1/../../../../arm-none-eabi/lib/thumb2/libc.a(lib_a-callocr.o)
 .ARM.attributes
                0x00000d2e       0x2b /usr/local/Sourcery/bin/../lib/gcc/arm-none-eabi/4.6.1/../../../../arm-none-eabi/lib/thumb2/libc.a(lib_a-closer.o)
 .ARM.attributes
                0x00000d59       0x2b /usr/local/Sourcery/bin/../lib/gcc/arm-none-eabi/4.6.1/../../../../arm-none-eabi/lib/thumb2/libc.a(lib_a-fclose.o)
 .ARM.attributes
                0x00000d84       0x2b /usr/local/Sourcery/bin/../lib/gcc/arm-none-eabi/4.6.1/../../../../arm-none-eabi/lib/thumb2/libc.a(lib_a-fstatr.o)
 .ARM.attributes
                0x00000daf       0x2b /usr/local/Sourcery/bin/../lib/gcc/arm-none-eabi/4.6.1/../../../../arm-none-eabi/lib/thumb2/libc.a(lib_a-isattyr.o)
 .ARM.attributes
                0x00000dda       0x2b /usr/local/Sourcery/bin/../lib/gcc/arm-none-eabi/4.6.1/../../../../arm-none-eabi/lib/thumb2/libc.a(lib_a-lseekr.o)
 .ARM.attributes
                0x00000e05       0x2b /usr/local/Sourcery/bin/../lib/gcc/arm-none-eabi/4.6.1/../../../../arm-none-eabi/lib/thumb2/libc.a(lib_a-readr.o)
 .ARM.attributes
                0x00000e30       0x1b /usr/local/Sourcery/bin/../lib/gcc/arm-none-eabi/4.6.1/thumb2/libgcc.a(_udivsi3.o)
 .ARM.attributes
                0x00000e4b       0x1b /usr/local/Sourcery/bin/../lib/gcc/arm-none-eabi/4.6.1/thumb2/libgcc.a(_dvmd_tls.o)
 .ARM.attributes
                0x00000e66       0x1b /usr/local/Sourcery/bin/../lib/gcc/arm-none-eabi/4.6.1/thumb2/libgcc.a(_arm_addsubdf3.o)
 .ARM.attributes
                0x00000e81       0x1b /usr/local/Sourcery/bin/../lib/gcc/arm-none-eabi/4.6.1/thumb2/libgcc.a(_arm_muldivdf3.o)
 .ARM.attributes
                0x00000e9c       0x1b /usr/local/Sourcery/bin/../lib/gcc/arm-none-eabi/4.6.1/thumb2/libgcc.a(_arm_cmpdf2.o)
 .ARM.attributes
                0x00000eb7       0x1b /usr/local/Sourcery/bin/../lib/gcc/arm-none-eabi/4.6.1/thumb2/libgcc.a(_arm_fixdfsi.o)
 .ARM.attributes
                0x00000ed2       0x1b /usr/local/Sourcery/bin/../lib/gcc/arm-none-eabi/4.6.1/thumb2/libgcc.a(_aeabi_uldivmod.o)
 .ARM.attributes
                0x00000eed       0x2b /usr/local/Sourcery/bin/../lib/gcc/arm-none-eabi/4.6.1/thumb2/libgcc.a(bpabi.o)
 .ARM.attributes
                0x00000f18       0x2b /usr/local/Sourcery/bin/../lib/gcc/arm-none-eabi/4.6.1/thumb2/libgcc.a(_divdi3.o)
 .ARM.attributes
                0x00000f43       0x2b /usr/local/Sourcery/bin/../lib/gcc/arm-none-eabi/4.6.1/thumb2/libgcc.a(_udivdi3.o)
 .ARM.attributes
                0x00000f6e       0x1b /usr/local/Sourcery/bin/../lib/gcc/arm-none-eabi/4.6.1/thumb2/crtn.o

.comment        0x00000000       0x30
 .comment       0x00000000       0x30 build/obj/flash_syscalls.o
                                 0x31 (size before relaxing)
 .comment       0x00000000       0x31 build/obj/flash_system.o
 .comment       0x00000000       0x31 build/obj/flash_uart_console.o
 .comment       0x00000000       0x31 build/obj/flash_usb_console.o
 .comment       0x00000000       0x31 build/obj/flash_led.o
 .comment       0x00000000       0x31 build/obj/flash_timetick.o
 .comment       0x00000000       0x31 build/obj/flash_startup.o
 .comment       0x00000000       0x31 build/obj/flash_usb_device_descriptor.o
 .comment       0x00000000       0x31 build/obj/flash_main.o
 .comment       0x00000000       0x31 libusb/lib/libusb_sam3s_rel.a(release-USBD_HAL.o)
 .comment       0x00000000       0x31 libusb/lib/libusb_sam3s_rel.a(release-USBDescriptors.o)
 .comment       0x00000000       0x31 libusb/lib/libusb_sam3s_rel.a(release-USBD.o)
 .comment       0x00000000       0x31 libusb/lib/libusb_sam3s_rel.a(release-USBDCallbacks.o)
 .comment       0x00000000       0x31 libusb/lib/libusb_sam3s_rel.a(release-USBDDriver.o)
 .comment       0x00000000       0x31 libusb/lib/libusb_sam3s_rel.a(release-CDCDSerial.o)
 .comment       0x00000000       0x31 libusb/lib/libusb_sam3s_rel.a(release-USBDDriverCallbacks.o)
 .comment       0x00000000       0x31 libusb/lib/libusb_sam3s_rel.a(release-CDCDSerialDriver.o)
 .comment       0x00000000       0x31 libusb/lib/libusb_sam3s_rel.a(release-USBRequests.o)
 .comment       0x00000000       0x31 libusb/lib/libusb_sam3s_rel.a(release-CDCDSerialPort.o)
 .comment       0x00000000       0x31 libusb/lib/libusb_sam3s_rel.a(release-CDCLineCoding.o)
 .comment       0x00000000       0x31 libchip/lib/libchip_sam3s4_rel.a(release-pio_it.o)
 .comment       0x00000000       0x31 libchip/lib/libchip_sam3s4_rel.a(release-exceptions.o)
 .comment       0x00000000       0x31 libchip/lib/libchip_sam3s4_rel.a(release-pio.o)
 .comment       0x00000000       0x31 libchip/lib/libchip_sam3s4_rel.a(release-pmc.o)
 .comment       0x00000000       0x31 libchip/lib/libchip_sam3s4_rel.a(release-tc.o)
 .comment       0x00000000       0x31 libchip/lib/libchip_sam3s4_rel.a(release-pio_capture.o)

.debug_info     0x00000000     0xfc53
 .debug_info    0x00000000      0x4e1 build/obj/flash_syscalls.o
 .debug_info    0x000004e1      0x3e9 build/obj/flash_system.o
 .debug_info    0x000008ca      0xbfa build/obj/flash_uart_console.o
 .debug_info    0x000014c4     0x1b58 build/obj/flash_usb_console.o
 .debug_info    0x0000301c     0x1009 build/obj/flash_led.o
 .debug_info    0x00004025      0x649 build/obj/flash_timetick.o
 .debug_info    0x0000466e      0x37b build/obj/flash_startup.o
 .debug_info    0x000049e9      0x7bd build/obj/flash_usb_device_descriptor.o
 .debug_info    0x000051a6     0x11ea build/obj/flash_main.o
 .debug_info    0x00006390     0x2144 libusb/lib/libusb_sam3s_rel.a(release-USBD_HAL.o)
 .debug_info    0x000084d4      0x5c9 libusb/lib/libusb_sam3s_rel.a(release-USBDescriptors.o)
 .debug_info    0x00008a9d      0xd8c libusb/lib/libusb_sam3s_rel.a(release-USBD.o)
 .debug_info    0x00009829      0x181 libusb/lib/libusb_sam3s_rel.a(release-USBDCallbacks.o)
 .debug_info    0x000099aa     0x13d8 libusb/lib/libusb_sam3s_rel.a(release-USBDDriver.o)
 .debug_info    0x0000ad82      0x9c5 libusb/lib/libusb_sam3s_rel.a(release-CDCDSerial.o)
 .debug_info    0x0000b747       0xd7 libusb/lib/libusb_sam3s_rel.a(release-USBDDriverCallbacks.o)
 .debug_info    0x0000b81e      0x563 libusb/lib/libusb_sam3s_rel.a(release-CDCDSerialDriver.o)
 .debug_info    0x0000bd81      0x3cd libusb/lib/libusb_sam3s_rel.a(release-USBRequests.o)
 .debug_info    0x0000c14e      0xc73 libusb/lib/libusb_sam3s_rel.a(release-CDCDSerialPort.o)
 .debug_info    0x0000cdc1      0x140 libusb/lib/libusb_sam3s_rel.a(release-CDCLineCoding.o)
 .debug_info    0x0000cf01      0xe46 libchip/lib/libchip_sam3s4_rel.a(release-pio_it.o)
 .debug_info    0x0000dd47      0x3f0 libchip/lib/libchip_sam3s4_rel.a(release-exceptions.o)
 .debug_info    0x0000e137      0xa6c libchip/lib/libchip_sam3s4_rel.a(release-pio.o)
 .debug_info    0x0000eba3      0x44d libchip/lib/libchip_sam3s4_rel.a(release-pmc.o)
 .debug_info    0x0000eff0      0x488 libchip/lib/libchip_sam3s4_rel.a(release-tc.o)
 .debug_info    0x0000f478      0x7db libchip/lib/libchip_sam3s4_rel.a(release-pio_capture.o)

.debug_abbrev   0x00000000     0x27bd
 .debug_abbrev  0x00000000      0x10f build/obj/flash_syscalls.o
 .debug_abbrev  0x0000010f       0xfb build/obj/flash_system.o
 .debug_abbrev  0x0000020a      0x14f build/obj/flash_uart_console.o
 .debug_abbrev  0x00000359      0x2f9 build/obj/flash_usb_console.o
 .debug_abbrev  0x00000652      0x1d2 build/obj/flash_led.o
 .debug_abbrev  0x00000824      0x1c3 build/obj/flash_timetick.o
 .debug_abbrev  0x000009e7       0xf6 build/obj/flash_startup.o
 .debug_abbrev  0x00000add       0xdc build/obj/flash_usb_device_descriptor.o
 .debug_abbrev  0x00000bb9      0x236 build/obj/flash_main.o
 .debug_abbrev  0x00000def      0x3c3 libusb/lib/libusb_sam3s_rel.a(release-USBD_HAL.o)
 .debug_abbrev  0x000011b2      0x10a libusb/lib/libusb_sam3s_rel.a(release-USBDescriptors.o)
 .debug_abbrev  0x000012bc      0x265 libusb/lib/libusb_sam3s_rel.a(release-USBD.o)
 .debug_abbrev  0x00001521       0xb3 libusb/lib/libusb_sam3s_rel.a(release-USBDCallbacks.o)
 .debug_abbrev  0x000015d4      0x309 libusb/lib/libusb_sam3s_rel.a(release-USBDDriver.o)
 .debug_abbrev  0x000018dd      0x192 libusb/lib/libusb_sam3s_rel.a(release-CDCDSerial.o)
 .debug_abbrev  0x00001a6f       0x74 libusb/lib/libusb_sam3s_rel.a(release-USBDDriverCallbacks.o)
 .debug_abbrev  0x00001ae3       0xf6 libusb/lib/libusb_sam3s_rel.a(release-CDCDSerialDriver.o)
 .debug_abbrev  0x00001bd9       0xd0 libusb/lib/libusb_sam3s_rel.a(release-USBRequests.o)
 .debug_abbrev  0x00001ca9      0x264 libusb/lib/libusb_sam3s_rel.a(release-CDCDSerialPort.o)
 .debug_abbrev  0x00001f0d       0x95 libusb/lib/libusb_sam3s_rel.a(release-CDCLineCoding.o)
 .debug_abbrev  0x00001fa2      0x256 libchip/lib/libchip_sam3s4_rel.a(release-pio_it.o)
 .debug_abbrev  0x000021f8       0x6e libchip/lib/libchip_sam3s4_rel.a(release-exceptions.o)
 .debug_abbrev  0x00002266      0x1d5 libchip/lib/libchip_sam3s4_rel.a(release-pio.o)
 .debug_abbrev  0x0000243b       0xf4 libchip/lib/libchip_sam3s4_rel.a(release-pmc.o)
 .debug_abbrev  0x0000252f      0x131 libchip/lib/libchip_sam3s4_rel.a(release-tc.o)
 .debug_abbrev  0x00002660      0x15d libchip/lib/libchip_sam3s4_rel.a(release-pio_capture.o)

.debug_loc      0x00000000     0x466b
 .debug_loc     0x00000000      0x25c build/obj/flash_syscalls.o
 .debug_loc     0x0000025c       0x64 build/obj/flash_system.o
 .debug_loc     0x000002c0      0x150 build/obj/flash_uart_console.o
 .debug_loc     0x00000410      0x39c build/obj/flash_usb_console.o
 .debug_loc     0x000007ac      0x294 build/obj/flash_led.o
 .debug_loc     0x00000a40      0x19c build/obj/flash_timetick.o
 .debug_loc     0x00000bdc       0x38 build/obj/flash_startup.o
 .debug_loc     0x00000c14       0xc8 build/obj/flash_main.o
 .debug_loc     0x00000cdc     0x1666 libusb/lib/libusb_sam3s_rel.a(release-USBD_HAL.o)
 .debug_loc     0x00002342      0x2fe libusb/lib/libusb_sam3s_rel.a(release-USBDescriptors.o)
 .debug_loc     0x00002640      0x3db libusb/lib/libusb_sam3s_rel.a(release-USBD.o)
 .debug_loc     0x00002a1b       0x3e libusb/lib/libusb_sam3s_rel.a(release-USBDCallbacks.o)
 .debug_loc     0x00002a59      0x776 libusb/lib/libusb_sam3s_rel.a(release-USBDDriver.o)
 .debug_loc     0x000031cf      0x369 libusb/lib/libusb_sam3s_rel.a(release-CDCDSerial.o)
 .debug_loc     0x00003538       0xfe libusb/lib/libusb_sam3s_rel.a(release-CDCDSerialDriver.o)
 .debug_loc     0x00003636      0x250 libusb/lib/libusb_sam3s_rel.a(release-USBRequests.o)
 .debug_loc     0x00003886      0x548 libusb/lib/libusb_sam3s_rel.a(release-CDCDSerialPort.o)
 .debug_loc     0x00003dce       0x1f libusb/lib/libusb_sam3s_rel.a(release-CDCLineCoding.o)
 .debug_loc     0x00003ded      0x2e3 libchip/lib/libchip_sam3s4_rel.a(release-pio_it.o)
 .debug_loc     0x000040d0      0x24d libchip/lib/libchip_sam3s4_rel.a(release-pio.o)
 .debug_loc     0x0000431d      0x102 libchip/lib/libchip_sam3s4_rel.a(release-pmc.o)
 .debug_loc     0x0000441f      0x1b9 libchip/lib/libchip_sam3s4_rel.a(release-tc.o)
 .debug_loc     0x000045d8       0x93 libchip/lib/libchip_sam3s4_rel.a(release-pio_capture.o)

.debug_aranges  0x00000000      0xa18
 .debug_aranges
                0x00000000       0x70 build/obj/flash_syscalls.o
 .debug_aranges
                0x00000070       0x28 build/obj/flash_system.o
 .debug_aranges
                0x00000098       0x48 build/obj/flash_uart_console.o
 .debug_aranges
                0x000000e0       0xa8 build/obj/flash_usb_console.o
 .debug_aranges
                0x00000188       0x78 build/obj/flash_led.o
 .debug_aranges
                0x00000200       0x58 build/obj/flash_timetick.o
 .debug_aranges
                0x00000258       0x20 build/obj/flash_startup.o
 .debug_aranges
                0x00000278       0x38 build/obj/flash_main.o
 .debug_aranges
                0x000002b0       0xd8 libusb/lib/libusb_sam3s_rel.a(release-USBD_HAL.o)
 .debug_aranges
                0x00000388       0x80 libusb/lib/libusb_sam3s_rel.a(release-USBDescriptors.o)
 .debug_aranges
                0x00000408       0xb0 libusb/lib/libusb_sam3s_rel.a(release-USBD.o)
 .debug_aranges
                0x000004b8       0x40 libusb/lib/libusb_sam3s_rel.a(release-USBDCallbacks.o)
 .debug_aranges
                0x000004f8       0x58 libusb/lib/libusb_sam3s_rel.a(release-USBDDriver.o)
 .debug_aranges
                0x00000550       0x78 libusb/lib/libusb_sam3s_rel.a(release-CDCDSerial.o)
 .debug_aranges
                0x000005c8       0x28 libusb/lib/libusb_sam3s_rel.a(release-USBDDriverCallbacks.o)
 .debug_aranges
                0x000005f0       0x30 libusb/lib/libusb_sam3s_rel.a(release-CDCDSerialDriver.o)
 .debug_aranges
                0x00000620       0x98 libusb/lib/libusb_sam3s_rel.a(release-USBRequests.o)
 .debug_aranges
                0x000006b8       0x70 libusb/lib/libusb_sam3s_rel.a(release-CDCDSerialPort.o)
 .debug_aranges
                0x00000728       0x20 libusb/lib/libusb_sam3s_rel.a(release-CDCLineCoding.o)
 .debug_aranges
                0x00000748       0x60 libchip/lib/libchip_sam3s4_rel.a(release-pio_it.o)
 .debug_aranges
                0x000007a8      0x168 libchip/lib/libchip_sam3s4_rel.a(release-exceptions.o)
 .debug_aranges
                0x00000910       0x48 libchip/lib/libchip_sam3s4_rel.a(release-pio.o)
 .debug_aranges
                0x00000958       0x40 libchip/lib/libchip_sam3s4_rel.a(release-pmc.o)
 .debug_aranges
                0x00000998       0x38 libchip/lib/libchip_sam3s4_rel.a(release-tc.o)
 .debug_aranges
                0x000009d0       0x48 libchip/lib/libchip_sam3s4_rel.a(release-pio_capture.o)

.debug_ranges   0x00000000      0xb78
 .debug_ranges  0x00000000       0x60 build/obj/flash_syscalls.o
 .debug_ranges  0x00000060       0x18 build/obj/flash_system.o
 .debug_ranges  0x00000078       0x38 build/obj/flash_uart_console.o
 .debug_ranges  0x000000b0       0x98 build/obj/flash_usb_console.o
 .debug_ranges  0x00000148       0x68 build/obj/flash_led.o
 .debug_ranges  0x000001b0       0x48 build/obj/flash_timetick.o
 .debug_ranges  0x000001f8       0x10 build/obj/flash_startup.o
 .debug_ranges  0x00000208       0x28 build/obj/flash_main.o
 .debug_ranges  0x00000230      0x308 libusb/lib/libusb_sam3s_rel.a(release-USBD_HAL.o)
 .debug_ranges  0x00000538       0x88 libusb/lib/libusb_sam3s_rel.a(release-USBDescriptors.o)
 .debug_ranges  0x000005c0       0xa0 libusb/lib/libusb_sam3s_rel.a(release-USBD.o)
 .debug_ranges  0x00000660       0x30 libusb/lib/libusb_sam3s_rel.a(release-USBDCallbacks.o)
 .debug_ranges  0x00000690       0x78 libusb/lib/libusb_sam3s_rel.a(release-USBDDriver.o)
 .debug_ranges  0x00000708       0x68 libusb/lib/libusb_sam3s_rel.a(release-CDCDSerial.o)
 .debug_ranges  0x00000770       0x18 libusb/lib/libusb_sam3s_rel.a(release-USBDDriverCallbacks.o)
 .debug_ranges  0x00000788       0x20 libusb/lib/libusb_sam3s_rel.a(release-CDCDSerialDriver.o)
 .debug_ranges  0x000007a8       0x88 libusb/lib/libusb_sam3s_rel.a(release-USBRequests.o)
 .debug_ranges  0x00000830       0x78 libusb/lib/libusb_sam3s_rel.a(release-CDCDSerialPort.o)
 .debug_ranges  0x000008a8       0x10 libusb/lib/libusb_sam3s_rel.a(release-CDCLineCoding.o)
 .debug_ranges  0x000008b8       0x88 libchip/lib/libchip_sam3s4_rel.a(release-pio_it.o)
 .debug_ranges  0x00000940      0x158 libchip/lib/libchip_sam3s4_rel.a(release-exceptions.o)
 .debug_ranges  0x00000a98       0x50 libchip/lib/libchip_sam3s4_rel.a(release-pio.o)
 .debug_ranges  0x00000ae8       0x30 libchip/lib/libchip_sam3s4_rel.a(release-pmc.o)
 .debug_ranges  0x00000b18       0x28 libchip/lib/libchip_sam3s4_rel.a(release-tc.o)
 .debug_ranges  0x00000b40       0x38 libchip/lib/libchip_sam3s4_rel.a(release-pio_capture.o)

.debug_line     0x00000000     0x3491
 .debug_line    0x00000000      0x1b7 build/obj/flash_syscalls.o
 .debug_line    0x000001b7      0x155 build/obj/flash_system.o
 .debug_line    0x0000030c      0x180 build/obj/flash_uart_console.o
 .debug_line    0x0000048c      0x3de build/obj/flash_usb_console.o
 .debug_line    0x0000086a      0x213 build/obj/flash_led.o
 .debug_line    0x00000a7d      0x184 build/obj/flash_timetick.o
 .debug_line    0x00000c01      0x105 build/obj/flash_startup.o
 .debug_line    0x00000d06      0x11c build/obj/flash_usb_device_descriptor.o
 .debug_line    0x00000e22      0x202 build/obj/flash_main.o
 .debug_line    0x00001024      0x72d libusb/lib/libusb_sam3s_rel.a(release-USBD_HAL.o)
 .debug_line    0x00001751      0x1d4 libusb/lib/libusb_sam3s_rel.a(release-USBDescriptors.o)
 .debug_line    0x00001925      0x31f libusb/lib/libusb_sam3s_rel.a(release-USBD.o)
 .debug_line    0x00001c44      0x10a libusb/lib/libusb_sam3s_rel.a(release-USBDCallbacks.o)
 .debug_line    0x00001d4e      0x313 libusb/lib/libusb_sam3s_rel.a(release-USBDDriver.o)
 .debug_line    0x00002061      0x1f8 libusb/lib/libusb_sam3s_rel.a(release-CDCDSerial.o)
 .debug_line    0x00002259       0xc3 libusb/lib/libusb_sam3s_rel.a(release-USBDDriverCallbacks.o)
 .debug_line    0x0000231c      0x120 libusb/lib/libusb_sam3s_rel.a(release-CDCDSerialDriver.o)
 .debug_line    0x0000243c      0x1ce libusb/lib/libusb_sam3s_rel.a(release-USBRequests.o)
 .debug_line    0x0000260a      0x25b libusb/lib/libusb_sam3s_rel.a(release-CDCDSerialPort.o)
 .debug_line    0x00002865       0xca libusb/lib/libusb_sam3s_rel.a(release-CDCLineCoding.o)
 .debug_line    0x0000292f      0x285 libchip/lib/libchip_sam3s4_rel.a(release-pio_it.o)
 .debug_line    0x00002bb4      0x2e8 libchip/lib/libchip_sam3s4_rel.a(release-exceptions.o)
 .debug_line    0x00002e9c      0x1bf libchip/lib/libchip_sam3s4_rel.a(release-pio.o)
 .debug_line    0x0000305b      0x154 libchip/lib/libchip_sam3s4_rel.a(release-pmc.o)
 .debug_line    0x000031af      0x14e libchip/lib/libchip_sam3s4_rel.a(release-tc.o)
 .debug_line    0x000032fd      0x194 libchip/lib/libchip_sam3s4_rel.a(release-pio_capture.o)

.debug_str      0x00000000     0x31ca
 .debug_str     0x00000000      0x1df build/obj/flash_syscalls.o
                                0x24c (size before relaxing)
 .debug_str     0x000001df      0x1b2 build/obj/flash_system.o
                                0x283 (size before relaxing)
 .debug_str     0x00000391      0x3ee build/obj/flash_uart_console.o
                                0x60f (size before relaxing)
 .debug_str     0x0000077f      0xaa0 build/obj/flash_usb_console.o
                               0x103e (size before relaxing)
 .debug_str     0x0000121f      0x143 build/obj/flash_led.o
                                0x836 (size before relaxing)
 .debug_str     0x00001362      0x118 build/obj/flash_timetick.o
                                0x421 (size before relaxing)
 .debug_str     0x0000147a       0x7e build/obj/flash_startup.o
                                0x1ae (size before relaxing)
 .debug_str     0x000014f8      0x2cb build/obj/flash_usb_device_descriptor.o
                                0x6e7 (size before relaxing)
 .debug_str     0x000017c3       0x87 build/obj/flash_main.o
                                0x944 (size before relaxing)
 .debug_str     0x0000184a      0x510 libusb/lib/libusb_sam3s_rel.a(release-USBD_HAL.o)
                                0xc98 (size before relaxing)
 .debug_str     0x00001d5a      0x262 libusb/lib/libusb_sam3s_rel.a(release-USBDescriptors.o)
                                0x504 (size before relaxing)
 .debug_str     0x00001fbc      0x154 libusb/lib/libusb_sam3s_rel.a(release-USBD.o)
                                0x7d3 (size before relaxing)
 .debug_str     0x00002110       0x59 libusb/lib/libusb_sam3s_rel.a(release-USBDCallbacks.o)
                                0x19a (size before relaxing)
 .debug_str     0x00002169      0x218 libusb/lib/libusb_sam3s_rel.a(release-USBDDriver.o)
                                0xb35 (size before relaxing)
 .debug_str     0x00002381      0x26f libusb/lib/libusb_sam3s_rel.a(release-CDCDSerial.o)
                                0x79d (size before relaxing)
 .debug_str     0x000025f0       0x53 libusb/lib/libusb_sam3s_rel.a(release-USBDDriverCallbacks.o)