Archive member included because of file (symbol)

/usr/local/lib64/gcc/arm-none-eabi/4.5.2/../../../../arm-none-eabi/lib/libc.a(lib_a-atexit.o)
                              /usr/local/lib64/gcc/arm-none-eabi/4.5.2/../../../../arm-none-eabi/lib/crt0.o (atexit)
/usr/local/lib64/gcc/arm-none-eabi/4.5.2/../../../../arm-none-eabi/lib/libc.a(lib_a-__atexit.o)
                              /usr/local/lib64/gcc/arm-none-eabi/4.5.2/../../../../arm-none-eabi/lib/libc.a(lib_a-atexit.o) (__register_exitproc)
/usr/local/lib64/gcc/arm-none-eabi/4.5.2/../../../../arm-none-eabi/lib/libc.a(lib_a-exit.o)
                              /usr/local/lib64/gcc/arm-none-eabi/4.5.2/../../../../arm-none-eabi/lib/crt0.o (exit)
/usr/local/lib64/gcc/arm-none-eabi/4.5.2/../../../../arm-none-eabi/lib/libc.a(lib_a-fini.o)
                              /usr/local/lib64/gcc/arm-none-eabi/4.5.2/../../../../arm-none-eabi/lib/crt0.o (__libc_fini_array)
/usr/local/lib64/gcc/arm-none-eabi/4.5.2/../../../../arm-none-eabi/lib/libc.a(lib_a-impure.o)
                              /usr/local/lib64/gcc/arm-none-eabi/4.5.2/../../../../arm-none-eabi/lib/libc.a(lib_a-__atexit.o) (_global_impure_ptr)
/usr/local/lib64/gcc/arm-none-eabi/4.5.2/../../../../arm-none-eabi/lib/libc.a(lib_a-init.o)
                              /usr/local/lib64/gcc/arm-none-eabi/4.5.2/../../../../arm-none-eabi/lib/crt0.o (__libc_init_array)
/usr/local/lib64/gcc/arm-none-eabi/4.5.2/../../../../arm-none-eabi/lib/libc.a(lib_a-memset.o)
                              /usr/local/lib64/gcc/arm-none-eabi/4.5.2/../../../../arm-none-eabi/lib/crt0.o (memset)
/usr/local/lib64/gcc/arm-none-eabi/4.5.2/../../../../arm-none-eabi/lib/libc.a(lib_a-__call_atexit.o)
                              /usr/local/lib64/gcc/arm-none-eabi/4.5.2/../../../../arm-none-eabi/lib/libc.a(lib_a-exit.o) (__call_exitprocs)
libusb/lib/libusb_sam3s_rel.a(release-USBD_HAL.o)
                              build/obj/startup.o (USBD_IrqHandler)
libusb/lib/libusb_sam3s_rel.a(release-USBDescriptors.o)
                              libusb/lib/libusb_sam3s_rel.a(release-USBD_HAL.o) (USBEndpointDescriptor_GetNumber)
libusb/lib/libusb_sam3s_rel.a(release-USBD.o)
                              libusb/lib/libusb_sam3s_rel.a(release-USBD_HAL.o) (USBD_SuspendHandler)
libusb/lib/libusb_sam3s_rel.a(release-USBDCallbacks.o)
                              libusb/lib/libusb_sam3s_rel.a(release-USBD.o) (USBDCallbacks_Reset)
libusb/lib/libusb_sam3s_rel.a(release-USBDDriver.o)
                              libusb/lib/libusb_sam3s_rel.a(release-USBDCallbacks.o) (USBD_GetDriver)
libusb/lib/libusb_sam3s_rel.a(release-CDCDSerial.o)
                              build/obj/usb_console.o (CDCDSerial_Read)
libusb/lib/libusb_sam3s_rel.a(release-USBDDriverCallbacks.o)
                              libusb/lib/libusb_sam3s_rel.a(release-USBDDriver.o) (USBDDriverCallbacks_InterfaceSettingChanged)
libusb/lib/libusb_sam3s_rel.a(release-CDCDSerialDriver.o)
                              build/obj/usb_console.o (CDCDSerialDriver_Initialize)
libusb/lib/libusb_sam3s_rel.a(release-USBRequests.o)
                              libusb/lib/libusb_sam3s_rel.a(release-USBDDriver.o) (USBGenericRequest_GetRequest)
libusb/lib/libusb_sam3s_rel.a(release-CDCDSerialPort.o)
                              libusb/lib/libusb_sam3s_rel.a(release-CDCDSerial.o) (CDCDSerialPort_Initialize)
libusb/lib/libusb_sam3s_rel.a(release-CDCLineCoding.o)
                              libusb/lib/libusb_sam3s_rel.a(release-CDCDSerialPort.o) (CDCLineCoding_Initialize)
libchip/lib/libchip_sam3s4_rel.a(release-pio_it.o)
                              build/obj/startup.o (PIOA_IrqHandler)
libchip/lib/libchip_sam3s4_rel.a(release-exceptions.o)
                              build/obj/startup.o (IrqHandlerNotUsed)
libchip/lib/libchip_sam3s4_rel.a(release-adc.o)
                              build/obj/main.o (ADC_Initialize)
libchip/lib/libchip_sam3s4_rel.a(release-pio.o)
                              build/obj/uart_console.o (PIO_Configure)
libchip/lib/libchip_sam3s4_rel.a(release-pmc.o)
                              build/obj/main.o (PMC_EnablePeripheral)
libchip/lib/libchip_sam3s4_rel.a(release-tc.o)
                              build/obj/main.o (TC_Configure)
libchip/lib/libchip_sam3s4_rel.a(release-pio_capture.o)
                              libchip/lib/libchip_sam3s4_rel.a(release-pio_it.o) (PIO_CaptureHandler)
/usr/local/lib64/gcc/arm-none-eabi/4.5.2/../../../../arm-none-eabi/lib/libg.a(lib_a-assert.o)
                              build/obj/led.o (__assert_func)
/usr/local/lib64/gcc/arm-none-eabi/4.5.2/../../../../arm-none-eabi/lib/libg.a(lib_a-fiprintf.o)
                              build/obj/usb_console.o (fiprintf)
/usr/local/lib64/gcc/arm-none-eabi/4.5.2/../../../../arm-none-eabi/lib/libg.a(lib_a-gets.o)
                              build/obj/main.o (gets)
/usr/local/lib64/gcc/arm-none-eabi/4.5.2/../../../../arm-none-eabi/lib/libg.a(lib_a-iprintf.o)
[...]
Memory Configuration

Name             Origin             Length             Attributes
rom              0x0000000000400000 0x0000000000040000 xr
ram              0x0000000020000000 0x000000000000c000 xrw
*default*        0x0000000000000000 0xffffffffffffffff

Linker script and memory map

LOAD /usr/local/lib64/gcc/arm-none-eabi/4.5.2/thumb/v7/crti.o
LOAD /usr/local/lib64/gcc/arm-none-eabi/4.5.2/thumb/v7/crtbegin.o
LOAD /usr/local/lib64/gcc/arm-none-eabi/4.5.2/../../../../arm-none-eabi/lib/crt0.o
START GROUP
LOAD /usr/local/lib64/gcc/arm-none-eabi/4.5.2/thumb/v7/libgcc.a
LOAD /usr/local/lib64/gcc/arm-none-eabi/4.5.2/../../../../arm-none-eabi/lib/libc.a
END GROUP
LOAD build/obj/syscalls.o
LOAD build/obj/system.o
LOAD build/obj/uart_console.o
LOAD build/obj/usb_console.o
LOAD build/obj/led.o
LOAD build/obj/timetick.o
LOAD build/obj/startup.o
LOAD build/obj/usb_device_descriptor.o
LOAD build/obj/main.o
LOAD libusb/lib/libusb_sam3s_rel.a
LOAD libchip/lib/libchip_sam3s4_rel.a
START GROUP
LOAD /usr/local/lib64/gcc/arm-none-eabi/4.5.2/thumb/v7/libgcc.a
LOAD /usr/local/lib64/gcc/arm-none-eabi/4.5.2/../../../../arm-none-eabi/lib/libg.a
LOAD /usr/local/lib64/gcc/arm-none-eabi/4.5.2/../../../../arm-none-eabi/lib/libc.a
END GROUP
LOAD /usr/local/lib64/gcc/arm-none-eabi/4.5.2/thumb/v7/crtend.o
LOAD /usr/local/lib64/gcc/arm-none-eabi/4.5.2/thumb/v7/crtn.o

.text           0x0000000000400000     0xa4f4
                0x0000000000400000                . = ALIGN (0x4)
                0x0000000000400000                _sfixed = .
 *(.vectors .vectors.*)
 .vectors       0x0000000000400000       0xd0 build/obj/startup.o
                0x0000000000400000                exception_table
 *(.text .text.* .gnu.linkonce.t.*)
 .text          0x00000000004000d0       0x30 /usr/local/lib64/gcc/arm-none-eabi/4.5.2/thumb/v7/crtbegin.o
 .text          0x0000000000400100       0xf0 /usr/local/lib64/gcc/arm-none-eabi/4.5.2/../../../../arm-none-eabi/lib/libc.a(lib_a-memset.o)
                0x0000000000400100                memset
 .text._read    0x00000000004001f0       0x54 build/obj/syscalls.o
                0x00000000004001f0                _read
 .text._write   0x0000000000400244       0x54 build/obj/syscalls.o
                0x0000000000400244                _write
 .text._sbrk    0x0000000000400298       0x5c build/obj/syscalls.o
                0x0000000000400298                _sbrk
 .text._isatty  0x00000000004002f4       0x28 build/obj/syscalls.o
                0x00000000004002f4                _isatty
 .text._exit    0x000000000040031c       0x18 build/obj/syscalls.o
                0x000000000040031c                _exit
 .text._lseek   0x0000000000400334       0x1c build/obj/syscalls.o
                0x0000000000400334                _lseek
 .text._kill    0x0000000000400350       0x28 build/obj/syscalls.o
                0x0000000000400350                _kill
 .text._getpid  0x0000000000400378       0x10 build/obj/syscalls.o
                0x0000000000400378                _getpid
 .text._close   0x0000000000400388       0x18 build/obj/syscalls.o
                0x0000000000400388                _close
 .text._fstat   0x00000000004003a0       0x24 build/obj/syscalls.o
                0x00000000004003a0                _fstat
 .text.SystemCoreClockUpdate
                0x00000000004003c4       0x1c build/obj/system.o
                0x00000000004003c4                SystemCoreClockUpdate
 .text.SystemInit
                0x00000000004003e0      0x1dc build/obj/system.o
                0x00000000004003e0                SystemInit
 .text.UART_Configure
                0x00000000004005bc       0x8c build/obj/uart_console.o
                0x00000000004005bc                UART_Configure
 .text.UART_Put
                0x0000000000400648       0x78 build/obj/uart_console.o
                0x0000000000400648                UART_Put
 .text.UART_Get
                0x00000000004006c0       0x70 build/obj/uart_console.o
                0x00000000004006c0                UART_Get
 .text.UART_Puts
                0x0000000000400730       0x50 build/obj/uart_console.o
                0x0000000000400730                UART_Puts
 .text.UART_Gets
                0x0000000000400780       0x54 build/obj/uart_console.o
                0x0000000000400780                UART_Gets
 .text.CDCDSerialDriver_Write
                0x00000000004007d4       0x28 build/obj/usb_console.o
 .text.CDCDSerialDriver_Read
                0x00000000004007fc       0x28 build/obj/usb_console.o
 .text.NVIC_EnableIRQ
                0x0000000000400824       0x38 build/obj/usb_console.o
 .text.ISR_Vbus
                0x000000000040085c       0x60 build/obj/usb_console.o
 .text.VBus_Configure
                0x00000000004008bc       0x54 build/obj/usb_console.o
 .text.ConfigureUsbClock
                0x0000000000400910       0x40 build/obj/usb_console.o
 .text.USBDCallbacks_Initialized
                0x0000000000400950       0x10 build/obj/usb_console.o
                0x0000000000400950                USBDCallbacks_Initialized
 .text.USBDDriverCallbacks_ConfigurationChanged
                0x0000000000400960       0x1c build/obj/usb_console.o
                0x0000000000400960                USBDDriverCallbacks_ConfigurationChanged
 .text.USBDCallbacks_RequestReceived
                0x000000000040097c       0x18 build/obj/usb_console.o
                0x000000000040097c                USBDCallbacks_RequestReceived
 .text.UsbWriteDone
                0x0000000000400994       0x48 build/obj/usb_console.o
 .text.UsbReadDone
                0x00000000004009dc       0x48 build/obj/usb_console.o
 .text.USBC_isConfigured
                0x0000000000400a24       0x68 build/obj/usb_console.o
                0x0000000000400a24                USBC_isConfigured
 .text.USBC_hasData
                0x0000000000400a8c       0x20 build/obj/usb_console.o
                0x0000000000400a8c                USBC_hasData
 .text.USBC_Configure
                0x0000000000400aac       0x3c build/obj/usb_console.o
                0x0000000000400aac                USBC_Configure
 .text.USBC_StartListening
                0x0000000000400ae8       0x50 build/obj/usb_console.o
                0x0000000000400ae8                USBC_StartListening
 .text.USBC_Gets
                0x0000000000400b38      0x100 build/obj/usb_console.o
                0x0000000000400b38                USBC_Gets
 .text.USBC_Puts
                0x0000000000400c38       0xb8 build/obj/usb_console.o
                0x0000000000400c38                USBC_Puts
 .text.blinkhandler
                0x0000000000400cf0       0x84 build/obj/led.o
                0x0000000000400cf0                blinkhandler
 .text.LEDs_configure
                0x0000000000400d74       0x18 build/obj/led.o
                0x0000000000400d74                LEDs_configure
 .text.LED_tgl  0x0000000000400d8c       0x90 build/obj/led.o
                0x0000000000400d8c                LED_tgl
 .text.LED_clr  0x0000000000400e1c       0x7c build/obj/led.o
                0x0000000000400e1c                LED_clr
 .text.LED_blink
                0x0000000000400e98       0x3c build/obj/led.o
                0x0000000000400e98                LED_blink
 .text.LED_blinkstop
                0x0000000000400ed4       0x28 build/obj/led.o
                0x0000000000400ed4                LED_blinkstop
 .text.LED_blinking
                0x0000000000400efc       0x28 build/obj/led.o
                0x0000000000400efc                LED_blinking
 .text.NVIC_SetPriority
                0x0000000000400f24       0x5c build/obj/timetick.o
 .text.SysTick_Config
                0x0000000000400f80       0x64 build/obj/timetick.o
 .text.SysTick_Handler
                0x0000000000400fe4       0x30 build/obj/timetick.o
                0x0000000000400fe4                SysTick_Handler
 .text.TimeTick_Configure
                0x0000000000401014       0x3c build/obj/timetick.o
                0x0000000000401014                TimeTick_Configure
 .text.GetTickCount
                0x0000000000401050       0x18 build/obj/timetick.o
                0x0000000000401050                GetTickCount
 .text.ResetException
                0x0000000000401068       0xd0 build/obj/startup.o
                0x0000000000401068                ResetException
 .text.NVIC_EnableIRQ
                0x0000000000401138       0x38 build/obj/main.o
 .text.NVIC_SetPriority
                0x0000000000401170       0x5c build/obj/main.o
 .text.main     0x00000000004011cc       0xc0 build/obj/main.o
                0x00000000004011cc                main
 .text.TC0_IrqHandler
                0x000000000040128c       0x2c build/obj/main.o
                0x000000000040128c                TC0_IrqHandler
 .text.ADC_IrqHandler
                0x00000000004012b8       0xf4 build/obj/main.o
                0x00000000004012b8                ADC_IrqHandler
 .text.init     0x00000000004013ac      0x184 build/obj/main.o
 .text.state    0x0000000000401530       0xe0 build/obj/main.o
 .text.cli      0x0000000000401610       0xac build/obj/main.o
 .text.UDP_EndOfTransfer
                0x00000000004016bc       0x70 libusb/lib/libusb_sam3s_rel.a(release-USBD_HAL.o)
 .text.UDP_ClearRxFlag
                0x000000000040172c       0x80 libusb/lib/libusb_sam3s_rel.a(release-USBD_HAL.o)
 .text.UDP_WritePayload
                0x00000000004017ac       0x44 libusb/lib/libusb_sam3s_rel.a(release-USBD_HAL.o)
 .text.UDP_EnablePeripheralClock
                0x00000000004017f0       0x20 libusb/lib/libusb_sam3s_rel.a(release-USBD_HAL.o)
 .text.UDP_MblWriteFifo
                0x0000000000401810      0x128 libusb/lib/libusb_sam3s_rel.a(release-USBD_HAL.o)
 .text.USBD_IrqHandler
                0x0000000000401938      0x5f8 libusb/lib/libusb_sam3s_rel.a(release-USBD_HAL.o)
                0x0000000000401938                USBD_IrqHandler
 .text.USBD_HAL_ResetEPs
                0x0000000000401f30       0xc0 libusb/lib/libusb_sam3s_rel.a(release-USBD_HAL.o)
                0x0000000000401f30                USBD_HAL_ResetEPs
 .text.USBD_HAL_CancelIo
                0x0000000000401ff0       0x54 libusb/lib/libusb_sam3s_rel.a(release-USBD_HAL.o)
                0x0000000000401ff0                USBD_HAL_CancelIo
 .text.USBD_HAL_ConfigureEP
                0x0000000000402044       0xf0 libusb/lib/libusb_sam3s_rel.a(release-USBD_HAL.o)
                0x0000000000402044                USBD_HAL_ConfigureEP
 .text.USBD_HAL_SetTransferCallback
                0x0000000000402134       0x20 libusb/lib/libusb_sam3s_rel.a(release-USBD_HAL.o)
                0x0000000000402134                USBD_HAL_SetTransferCallback
 .text.USBD_HAL_Write
                0x0000000000402154      0x188 libusb/lib/libusb_sam3s_rel.a(release-USBD_HAL.o)
                0x0000000000402154                USBD_HAL_Write
 .text.USBD_HAL_Read
                0x00000000004022dc       0x40 libusb/lib/libusb_sam3s_rel.a(release-USBD_HAL.o)
                0x00000000004022dc                USBD_HAL_Read
 .text.USBD_HAL_Connect
                0x000000000040231c       0x28 libusb/lib/libusb_sam3s_rel.a(release-USBD_HAL.o)
                0x000000000040231c                USBD_HAL_Connect
 .text.USBD_HAL_Disconnect
                0x0000000000402344       0x28 libusb/lib/libusb_sam3s_rel.a(release-USBD_HAL.o)
                0x0000000000402344                USBD_HAL_Disconnect
 .text.USBD_HAL_SetAddress
                0x000000000040236c       0x1c libusb/lib/libusb_sam3s_rel.a(release-USBD_HAL.o)
                0x000000000040236c                USBD_HAL_SetAddress
 .text.USBD_HAL_SetConfiguration
                0x0000000000402388       0x18 libusb/lib/libusb_sam3s_rel.a(release-USBD_HAL.o)
                0x0000000000402388                USBD_HAL_SetConfiguration
 .text.USBD_HAL_Init
                0x00000000004023a0       0x40 libusb/lib/libusb_sam3s_rel.a(release-USBD_HAL.o)
                0x00000000004023a0                USBD_HAL_Init
 .text.USBD_HAL_Stall
                0x00000000004023e0       0x60 libusb/lib/libusb_sam3s_rel.a(release-USBD_HAL.o)
                0x00000000004023e0                USBD_HAL_Stall
 .text.USBD_HAL_Halt
                0x0000000000402440       0xc4 libusb/lib/libusb_sam3s_rel.a(release-USBD_HAL.o)
                0x0000000000402440                USBD_HAL_Halt
 .text.USBD_HAL_IsHighSpeed
                0x0000000000402504        0x4 libusb/lib/libusb_sam3s_rel.a(release-USBD_HAL.o)
                0x0000000000402504                USBD_HAL_IsHighSpeed
 .text.USBD_HAL_Suspend
                0x0000000000402508       0x28 libusb/lib/libusb_sam3s_rel.a(release-USBD_HAL.o)
                0x0000000000402508                USBD_HAL_Suspend
 .text.USBD_HAL_Activate
                0x0000000000402530       0x24 libusb/lib/libusb_sam3s_rel.a(release-USBD_HAL.o)
                0x0000000000402530                USBD_HAL_Activate
 .text.USBGenericDescriptor_GetLength
                0x0000000000402554        0x4 libusb/lib/libusb_sam3s_rel.a(release-USBDescriptors.o)
                0x0000000000402554                USBGenericDescriptor_GetLength
 .text.USBGenericDescriptor_GetType
                0x0000000000402558        0x4 libusb/lib/libusb_sam3s_rel.a(release-USBDescriptors.o)
                0x0000000000402558                USBGenericDescriptor_GetType
 .text.USBGenericDescriptor_GetNextDescriptor
                0x000000000040255c       0x10 libusb/lib/libusb_sam3s_rel.a(release-USBDescriptors.o)
                0x000000000040255c                USBGenericDescriptor_GetNextDescriptor
 .text.USBGenericDescriptor_Parse
                0x000000000040256c       0x4c libusb/lib/libusb_sam3s_rel.a(release-USBDescriptors.o)
                0x000000000040256c                USBGenericDescriptor_Parse
 .text.USBEndpointDescriptor_GetNumber
                0x00000000004025b8        0x8 libusb/lib/libusb_sam3s_rel.a(release-USBDescriptors.o)
                0x00000000004025b8                USBEndpointDescriptor_GetNumber
 .text.USBEndpointDescriptor_GetDirection
                0x00000000004025c0        0x6 libusb/lib/libusb_sam3s_rel.a(release-USBDescriptors.o)
                0x00000000004025c0                USBEndpointDescriptor_GetDirection
 .text.USBEndpointDescriptor_GetType
                0x00000000004025c6        0x8 libusb/lib/libusb_sam3s_rel.a(release-USBDescriptors.o)
                0x00000000004025c6                USBEndpointDescriptor_GetType
 .text.USBEndpointDescriptor_GetMaxPacketSize
                0x00000000004025ce        0x4 libusb/lib/libusb_sam3s_rel.a(release-USBDescriptors.o)
                0x00000000004025ce                USBEndpointDescriptor_GetMaxPacketSize
 .text.USBConfigurationDescriptor_GetTotalLength
                0x00000000004025d2        0x4 libusb/lib/libusb_sam3s_rel.a(release-USBDescriptors.o)
                0x00000000004025d2                USBConfigurationDescriptor_GetTotalLength
 .text.USBConfigurationDescriptor_IsSelfPowered
                0x00000000004025d6        0x8 libusb/lib/libusb_sam3s_rel.a(release-USBDescriptors.o)
                0x00000000004025d6                USBConfigurationDescriptor_IsSelfPowered
 *fill*         0x00000000004025de        0x2 00
 .text.USBConfigurationDescriptor_Parse
                0x00000000004025e0       0x78 libusb/lib/libusb_sam3s_rel.a(release-USBDescriptors.o)
                0x00000000004025e0                USBConfigurationDescriptor_Parse
 .text.USBD_SuspendHandler
                0x0000000000402658       0x24 libusb/lib/libusb_sam3s_rel.a(release-USBD.o)
                0x0000000000402658                USBD_SuspendHandler
 .text.USBD_ResumeHandler
                0x000000000040267c       0x28 libusb/lib/libusb_sam3s_rel.a(release-USBD.o)
                0x000000000040267c                USBD_ResumeHandler
 .text.USBD_RequestHandler
                0x00000000004026a4       0x2c libusb/lib/libusb_sam3s_rel.a(release-USBD.o)
                0x00000000004026a4                USBD_RequestHandler
 .text.USBD_ConfigureEndpoint
                0x00000000004026d0        0xc libusb/lib/libusb_sam3s_rel.a(release-USBD.o)
                0x00000000004026d0                USBD_ConfigureEndpoint
 .text.USBD_ResetHandler
                0x00000000004026dc       0x38 libusb/lib/libusb_sam3s_rel.a(release-USBD.o)
                0x00000000004026dc                USBD_ResetHandler
 .text.USBD_Write
                0x0000000000402714       0x24 libusb/lib/libusb_sam3s_rel.a(release-USBD.o)
                0x0000000000402714                USBD_Write
 .text.USBD_Read
                0x0000000000402738       0x24 libusb/lib/libusb_sam3s_rel.a(release-USBD.o)
                0x0000000000402738                USBD_Read
 .text.USBD_Halt
                0x000000000040275c       0x10 libusb/lib/libusb_sam3s_rel.a(release-USBD.o)
                0x000000000040275c                USBD_Halt
 .text.USBD_Unhalt
                0x000000000040276c       0x10 libusb/lib/libusb_sam3s_rel.a(release-USBD.o)
                0x000000000040276c                USBD_Unhalt
 .text.USBD_IsHighSpeed
                0x000000000040277c        0xc libusb/lib/libusb_sam3s_rel.a(release-USBD.o)
                0x000000000040277c                USBD_IsHighSpeed
 .text.USBD_Stall
                0x0000000000402788        0xc libusb/lib/libusb_sam3s_rel.a(release-USBD.o)
                0x0000000000402788                USBD_Stall
 .text.USBD_SetAddress
                0x0000000000402794       0x20 libusb/lib/libusb_sam3s_rel.a(release-USBD.o)
                0x0000000000402794                USBD_SetAddress
 .text.USBD_SetConfiguration
                0x00000000004027b4       0x30 libusb/lib/libusb_sam3s_rel.a(release-USBD.o)
                0x00000000004027b4                USBD_SetConfiguration
 .text.USBD_Connect
                0x00000000004027e4        0xc libusb/lib/libusb_sam3s_rel.a(release-USBD.o)
                0x00000000004027e4                USBD_Connect
 .text.USBD_Disconnect
                0x00000000004027f0       0x28 libusb/lib/libusb_sam3s_rel.a(release-USBD.o)
                0x00000000004027f0                USBD_Disconnect
 .text.USBD_Init
                0x0000000000402818       0x24 libusb/lib/libusb_sam3s_rel.a(release-USBD.o)
                0x0000000000402818                USBD_Init
 .text.USBD_GetState
                0x000000000040283c        0xc libusb/lib/libusb_sam3s_rel.a(release-USBD.o)
                0x000000000040283c                USBD_GetState
 .text.USBDCallbacks_Reset
                0x0000000000402848        0x2 libusb/lib/libusb_sam3s_rel.a(release-USBDCallbacks.o)
                0x0000000000402848                USBDCallbacks_Reset
 .text.USBDCallbacks_Suspended
                0x000000000040284a        0x2 libusb/lib/libusb_sam3s_rel.a(release-USBDCallbacks.o)
                0x000000000040284a                USBDCallbacks_Suspended
 .text.USBDCallbacks_Resumed
                0x000000000040284c        0x2 libusb/lib/libusb_sam3s_rel.a(release-USBDCallbacks.o)
                0x000000000040284c                USBDCallbacks_Resumed
 *fill*         0x000000000040284e        0x2 00
 .text.TerminateCtrlInWithNull
                0x0000000000402850       0x18 libusb/lib/libusb_sam3s_rel.a(release-USBDDriver.o)
 .text.USBD_GetDriver
                0x0000000000402868        0x8 libusb/lib/libusb_sam3s_rel.a(release-USBDDriver.o)
                0x0000000000402868                USBD_GetDriver
 .text.USBDDriver_Initialize
                0x0000000000402870        0xc libusb/lib/libusb_sam3s_rel.a(release-USBDDriver.o)
                0x0000000000402870                USBDDriver_Initialize
 .text.USBDDriver_GetCfgDescriptors
                0x000000000040287c       0x18 libusb/lib/libusb_sam3s_rel.a(release-USBDDriver.o)
                0x000000000040287c                USBDDriver_GetCfgDescriptors
 .text.USBDDriver_RequestHandler
                0x0000000000402894      0x3f0 libusb/lib/libusb_sam3s_rel.a(release-USBDDriver.o)
                0x0000000000402894                USBDDriver_RequestHandler
 .text.CDCDSerial_Initialize
                0x0000000000402c84       0x24 libusb/lib/libusb_sam3s_rel.a(release-CDCDSerial.o)
                0x0000000000402c84                CDCDSerial_Initialize
 .text.CDCDSerial_ConfigureFunction
                0x0000000000402ca8       0x18 libusb/lib/libusb_sam3s_rel.a(release-CDCDSerial.o)
                0x0000000000402ca8                CDCDSerial_ConfigureFunction
 .text.CDCDSerial_RequestHandler
                0x0000000000402cc0       0x14 libusb/lib/libusb_sam3s_rel.a(release-CDCDSerial.o)
                0x0000000000402cc0                CDCDSerial_RequestHandler
 .text.CDCDSerial_Read
                0x0000000000402cd4       0x20 libusb/lib/libusb_sam3s_rel.a(release-CDCDSerial.o)
                0x0000000000402cd4                CDCDSerial_Read
 .text.CDCDSerial_Write
                0x0000000000402cf4       0x20 libusb/lib/libusb_sam3s_rel.a(release-CDCDSerial.o)
                0x0000000000402cf4                CDCDSerial_Write
 .text.CDCDSerial_LineCodingIsToChange
                0x0000000000402d14        0x4 libusb/lib/libusb_sam3s_rel.a(release-CDCDSerial.o)
                0x0000000000402d14                CDCDSerial_LineCodingIsToChange
 .text.CDCDSerial_ControlLineStateChanged
                0x0000000000402d18        0x2 libusb/lib/libusb_sam3s_rel.a(release-CDCDSerial.o)
                0x0000000000402d18                CDCDSerial_ControlLineStateChanged
 *fill*         0x0000000000402d1a        0x2 00
 .text.CDCDSerial_EventHandler
                0x0000000000402d1c       0x34 libusb/lib/libusb_sam3s_rel.a(release-CDCDSerial.o)
 .text.USBDDriverCallbacks_InterfaceSettingChanged
                0x0000000000402d50        0x2 libusb/lib/libusb_sam3s_rel.a(release-USBDDriverCallbacks.o)
                0x0000000000402d50                USBDDriverCallbacks_InterfaceSettingChanged
 *fill*         0x0000000000402d52        0x2 00
 .text.CDCDSerialDriver_Initialize
                0x0000000000402d54       0x30 libusb/lib/libusb_sam3s_rel.a(release-CDCDSerialDriver.o)
                0x0000000000402d54                CDCDSerialDriver_Initialize
 .text.CDCDSerialDriver_ConfigurationChangedHandler
                0x0000000000402d84       0x24 libusb/lib/libusb_sam3s_rel.a(release-CDCDSerialDriver.o)
                0x0000000000402d84                CDCDSerialDriver_ConfigurationChangedHandler
 .text.CDCDSerialDriver_RequestHandler
                0x0000000000402da8       0x28 libusb/lib/libusb_sam3s_rel.a(release-CDCDSerialDriver.o)
                0x0000000000402da8                CDCDSerialDriver_RequestHandler
 .text.USBGenericRequest_GetType
                0x0000000000402dd0        0xa libusb/lib/libusb_sam3s_rel.a(release-USBRequests.o)
                0x0000000000402dd0                USBGenericRequest_GetType
 .text.USBGenericRequest_GetRequest
                0x0000000000402dda        0x4 libusb/lib/libusb_sam3s_rel.a(release-USBRequests.o)
                0x0000000000402dda                USBGenericRequest_GetRequest
 .text.USBGenericRequest_GetValue
                0x0000000000402dde        0x4 libusb/lib/libusb_sam3s_rel.a(release-USBRequests.o)
                0x0000000000402dde                USBGenericRequest_GetValue
 .text.USBGenericRequest_GetIndex
                0x0000000000402de2        0x4 libusb/lib/libusb_sam3s_rel.a(release-USBRequests.o)
                0x0000000000402de2                USBGenericRequest_GetIndex
 .text.USBGenericRequest_GetLength
                0x0000000000402de6        0x4 libusb/lib/libusb_sam3s_rel.a(release-USBRequests.o)
                0x0000000000402de6                USBGenericRequest_GetLength
 *fill*         0x0000000000402dea        0x2 00
 .text.USBGenericRequest_GetEndpointNumber
                0x0000000000402dec       0x10 libusb/lib/libusb_sam3s_rel.a(release-USBRequests.o)
                0x0000000000402dec                USBGenericRequest_GetEndpointNumber
 .text.USBGenericRequest_GetRecipient
                0x0000000000402dfc        0x8 libusb/lib/libusb_sam3s_rel.a(release-USBRequests.o)
                0x0000000000402dfc                USBGenericRequest_GetRecipient
 .text.USBGenericRequest_GetDirection
                0x0000000000402e04        0x6 libusb/lib/libusb_sam3s_rel.a(release-USBRequests.o)
                0x0000000000402e04                USBGenericRequest_GetDirection
 *fill*         0x0000000000402e0a        0x2 00
 .text.USBGetDescriptorRequest_GetDescriptorType
                0x0000000000402e0c       0x10 libusb/lib/libusb_sam3s_rel.a(release-USBRequests.o)
                0x0000000000402e0c                USBGetDescriptorRequest_GetDescriptorType
 .text.USBGetDescriptorRequest_GetDescriptorIndex
                0x0000000000402e1c       0x10 libusb/lib/libusb_sam3s_rel.a(release-USBRequests.o)
                0x0000000000402e1c                USBGetDescriptorRequest_GetDescriptorIndex
 .text.USBSetAddressRequest_GetAddress
                0x0000000000402e2c       0x10 libusb/lib/libusb_sam3s_rel.a(release-USBRequests.o)
                0x0000000000402e2c                USBSetAddressRequest_GetAddress
 .text.USBSetConfigurationRequest_GetConfiguration
                0x0000000000402e3c       0x10 libusb/lib/libusb_sam3s_rel.a(release-USBRequests.o)
                0x0000000000402e3c                USBSetConfigurationRequest_GetConfiguration
 .text.USBInterfaceRequest_GetInterface
                0x0000000000402e4c       0x10 libusb/lib/libusb_sam3s_rel.a(release-USBRequests.o)
                0x0000000000402e4c                USBInterfaceRequest_GetInterface
 .text.USBInterfaceRequest_GetAlternateSetting
                0x0000000000402e5c       0x10 libusb/lib/libusb_sam3s_rel.a(release-USBRequests.o)
                0x0000000000402e5c                USBInterfaceRequest_GetAlternateSetting
 .text.USBFeatureRequest_GetFeatureSelector
                0x0000000000402e6c       0x10 libusb/lib/libusb_sam3s_rel.a(release-USBRequests.o)
                0x0000000000402e6c                USBFeatureRequest_GetFeatureSelector
 .text._Interfaces_Parse
                0x0000000000402e7c       0xa6 libusb/lib/libusb_sam3s_rel.a(release-CDCDSerialPort.o)
 *fill*         0x0000000000402f22        0x2 00
 .text._SetLineCodingCallback
                0x0000000000402f24       0x48 libusb/lib/libusb_sam3s_rel.a(release-CDCDSerialPort.o)
 .text.CDCDSerialPort_Initialize
                0x0000000000402f6c       0x34 libusb/lib/libusb_sam3s_rel.a(release-CDCDSerialPort.o)
                0x0000000000402f6c                CDCDSerialPort_Initialize
 .text.CDCDSerialPort_ParseInterfaces
                0x0000000000402fa0       0x20 libusb/lib/libusb_sam3s_rel.a(release-CDCDSerialPort.o)
                0x0000000000402fa0                CDCDSerialPort_ParseInterfaces
 .text.CDCDSerialPort_RequestHandler
                0x0000000000402fc0       0x9c libusb/lib/libusb_sam3s_rel.a(release-CDCDSerialPort.o)
                0x0000000000402fc0                CDCDSerialPort_RequestHandler
 .text.CDCDSerialPort_Read
                0x000000000040305c       0x18 libusb/lib/libusb_sam3s_rel.a(release-CDCDSerialPort.o)
                0x000000000040305c                CDCDSerialPort_Read
 .text.CDCDSerialPort_Write
                0x0000000000403074       0x18 libusb/lib/libusb_sam3s_rel.a(release-CDCDSerialPort.o)
                0x0000000000403074                CDCDSerialPort_Write
 .text.CDCLineCoding_Initialize
                0x000000000040308c        0xe libusb/lib/libusb_sam3s_rel.a(release-CDCLineCoding.o)
                0x000000000040308c                CDCLineCoding_Initialize
 *fill*         0x000000000040309a        0x2 00
 .text.NVIC_SetPriority
                0x000000000040309c       0x28 libchip/lib/libchip_sam3s4_rel.a(release-pio_it.o)
 .text.PioInterruptHandler
                0x00000000004030c4       0x6c libchip/lib/libchip_sam3s4_rel.a(release-pio_it.o)
                0x00000000004030c4                PioInterruptHandler
 .text.PIOA_IrqHandler
                0x0000000000403130       0x24 libchip/lib/libchip_sam3s4_rel.a(release-pio_it.o)
                0x0000000000403130                PIOA_IrqHandler
 .text.PIOB_IrqHandler
                0x0000000000403154       0x14 libchip/lib/libchip_sam3s4_rel.a(release-pio_it.o)
                0x0000000000403154                PIOB_IrqHandler
 .text.PIOC_IrqHandler
                0x0000000000403168       0x14 libchip/lib/libchip_sam3s4_rel.a(release-pio_it.o)
                0x0000000000403168                PIOC_IrqHandler
 .text.PIO_InitializeInterrupts
                0x000000000040317c       0x98 libchip/lib/libchip_sam3s4_rel.a(release-pio_it.o)
                0x000000000040317c                PIO_InitializeInterrupts
 .text.PIO_ConfigureIt
                0x0000000000403214       0x84 libchip/lib/libchip_sam3s4_rel.a(release-pio_it.o)
                0x0000000000403214                PIO_ConfigureIt
 .text.PIO_EnableIt
                0x0000000000403298       0x70 libchip/lib/libchip_sam3s4_rel.a(release-pio_it.o)
                0x0000000000403298                PIO_EnableIt
 .text.IrqHandlerNotUsed
                0x0000000000403308        0x2 libchip/lib/libchip_sam3s4_rel.a(release-exceptions.o)
                0x0000000000403308                IrqHandlerNotUsed
 .text.NMI_Handler
                0x000000000040330a        0x2 libchip/lib/libchip_sam3s4_rel.a(release-exceptions.o)
                0x000000000040330a                NMI_Handler
 .text.HardFault_Handler
                0x000000000040330c        0x2 libchip/lib/libchip_sam3s4_rel.a(release-exceptions.o)
                0x000000000040330c                HardFault_Handler
 .text.MemManage_Handler
                0x000000000040330e        0x2 libchip/lib/libchip_sam3s4_rel.a(release-exceptions.o)
                0x000000000040330e                MemManage_Handler
 .text.BusFault_Handler
                0x0000000000403310        0x2 libchip/lib/libchip_sam3s4_rel.a(release-exceptions.o)
                0x0000000000403310                BusFault_Handler
 .text.UsageFault_Handler
                0x0000000000403312        0x2 libchip/lib/libchip_sam3s4_rel.a(release-exceptions.o)
                0x0000000000403312                UsageFault_Handler
 .text.SVC_Handler
                0x0000000000403314        0x2 libchip/lib/libchip_sam3s4_rel.a(release-exceptions.o)
                0x0000000000403314                SVC_Handler
 .text.DebugMon_Handler
                0x0000000000403316        0x2 libchip/lib/libchip_sam3s4_rel.a(release-exceptions.o)
                0x0000000000403316                DebugMon_Handler
 .text.PendSV_Handler
                0x0000000000403318        0x2 libchip/lib/libchip_sam3s4_rel.a(release-exceptions.o)
                0x0000000000403318                PendSV_Handler
 .text.SUPC_IrqHandler
                0x000000000040331a        0x2 libchip/lib/libchip_sam3s4_rel.a(release-exceptions.o)
                0x000000000040331a                SUPC_IrqHandler
 .text.RSTC_IrqHandler
                0x000000000040331c        0x2 libchip/lib/libchip_sam3s4_rel.a(release-exceptions.o)
                0x000000000040331c                RSTC_IrqHandler
 .text.RTC_IrqHandler
                0x000000000040331e        0x2 libchip/lib/libchip_sam3s4_rel.a(release-exceptions.o)
                0x000000000040331e                RTC_IrqHandler
 .text.RTT_IrqHandler
                0x0000000000403320        0x2 libchip/lib/libchip_sam3s4_rel.a(release-exceptions.o)
                0x0000000000403320                RTT_IrqHandler
 .text.WDT_IrqHandler
                0x0000000000403322        0x2 libchip/lib/libchip_sam3s4_rel.a(release-exceptions.o)
                0x0000000000403322                WDT_IrqHandler
 .text.PMC_IrqHandler
                0x0000000000403324        0x2 libchip/lib/libchip_sam3s4_rel.a(release-exceptions.o)
                0x0000000000403324                PMC_IrqHandler
 .text.EEFC_IrqHandler
                0x0000000000403326        0x2 libchip/lib/libchip_sam3s4_rel.a(release-exceptions.o)
                0x0000000000403326                EEFC_IrqHandler
 .text.UART0_IrqHandler
                0x0000000000403328        0x2 libchip/lib/libchip_sam3s4_rel.a(release-exceptions.o)
                0x0000000000403328                UART0_IrqHandler
 .text.UART1_IrqHandler
                0x000000000040332a        0x2 libchip/lib/libchip_sam3s4_rel.a(release-exceptions.o)
                0x000000000040332a                UART1_IrqHandler
 .text.SMC_IrqHandler
                0x000000000040332c        0x2 libchip/lib/libchip_sam3s4_rel.a(release-exceptions.o)
                0x000000000040332c                SMC_IrqHandler
 .text.USART0_IrqHandler
                0x000000000040332e        0x2 libchip/lib/libchip_sam3s4_rel.a(release-exceptions.o)
                0x000000000040332e                USART0_IrqHandler
 .text.USART1_IrqHandler
                0x0000000000403330        0x2 libchip/lib/libchip_sam3s4_rel.a(release-exceptions.o)
                0x0000000000403330                USART1_IrqHandler
 .text.MCI_IrqHandler
                0x0000000000403332        0x2 libchip/lib/libchip_sam3s4_rel.a(release-exceptions.o)
                0x0000000000403332                MCI_IrqHandler
 .text.TWI0_IrqHandler
                0x0000000000403334        0x2 libchip/lib/libchip_sam3s4_rel.a(release-exceptions.o)
                0x0000000000403334                TWI0_IrqHandler
 .text.TWI1_IrqHandler
                0x0000000000403336        0x2 libchip/lib/libchip_sam3s4_rel.a(release-exceptions.o)
                0x0000000000403336                TWI1_IrqHandler
 .text.SPI_IrqHandler
                0x0000000000403338        0x2 libchip/lib/libchip_sam3s4_rel.a(release-exceptions.o)
                0x0000000000403338                SPI_IrqHandler
 .text.SSC_IrqHandler
                0x000000000040333a        0x2 libchip/lib/libchip_sam3s4_rel.a(release-exceptions.o)
                0x000000000040333a                SSC_IrqHandler
 .text.TC1_IrqHandler
                0x000000000040333c        0x2 libchip/lib/libchip_sam3s4_rel.a(release-exceptions.o)
                0x000000000040333c                TC1_IrqHandler
 .text.TC2_IrqHandler
                0x000000000040333e        0x2 libchip/lib/libchip_sam3s4_rel.a(release-exceptions.o)
                0x000000000040333e                TC2_IrqHandler
 .text.TC3_IrqHandler
                0x0000000000403340        0x2 libchip/lib/libchip_sam3s4_rel.a(release-exceptions.o)
                0x0000000000403340                TC3_IrqHandler
 .text.TC4_IrqHandler
                0x0000000000403342        0x2 libchip/lib/libchip_sam3s4_rel.a(release-exceptions.o)
                0x0000000000403342                TC4_IrqHandler
 .text.TC5_IrqHandler
                0x0000000000403344        0x2 libchip/lib/libchip_sam3s4_rel.a(release-exceptions.o)
                0x0000000000403344                TC5_IrqHandler
 .text.DAC_IrqHandler
                0x0000000000403346        0x2 libchip/lib/libchip_sam3s4_rel.a(release-exceptions.o)
                0x0000000000403346                DAC_IrqHandler
 .text.PWM_IrqHandler
                0x0000000000403348        0x2 libchip/lib/libchip_sam3s4_rel.a(release-exceptions.o)
                0x0000000000403348                PWM_IrqHandler
 .text.CRCCU_IrqHandler
                0x000000000040334a        0x2 libchip/lib/libchip_sam3s4_rel.a(release-exceptions.o)
                0x000000000040334a                CRCCU_IrqHandler
 .text.ACC_IrqHandler
                0x000000000040334c        0x2 libchip/lib/libchip_sam3s4_rel.a(release-exceptions.o)
                0x000000000040334c                ACC_IrqHandler
 *fill*         0x000000000040334e        0x2 00
 .text.ADC_Initialize
                0x0000000000403350       0x1c libchip/lib/libchip_sam3s4_rel.a(release-adc.o)
                0x0000000000403350                ADC_Initialize
 .text.ADC_cfgFrequency
                0x000000000040336c       0x16 libchip/lib/libchip_sam3s4_rel.a(release-adc.o)
                0x000000000040336c                ADC_cfgFrequency
 .text.ADC_ReadBuffer
                0x0000000000403382       0x34 libchip/lib/libchip_sam3s4_rel.a(release-adc.o)
                0x0000000000403382                ADC_ReadBuffer
 *fill*         0x00000000004033b6        0x2 00
 .text.PIO_Configure
                0x00000000004033b8      0x14c libchip/lib/libchip_sam3s4_rel.a(release-pio.o)
                0x00000000004033b8                PIO_Configure
 .text.PIO_Get  0x0000000000403504       0x1c libchip/lib/libchip_sam3s4_rel.a(release-pio.o)
                0x0000000000403504                PIO_Get
 .text.PMC_EnablePeripheral
                0x0000000000403520       0x5c libchip/lib/libchip_sam3s4_rel.a(release-pmc.o)
                0x0000000000403520                PMC_EnablePeripheral
 .text.PMC_DisablePeripheral
                0x000000000040357c       0x58 libchip/lib/libchip_sam3s4_rel.a(release-pmc.o)
                0x000000000040357c                PMC_DisablePeripheral
 .text.PMC_IsPeriphEnabled
                0x00000000004035d4       0x4c libchip/lib/libchip_sam3s4_rel.a(release-pmc.o)
                0x00000000004035d4                PMC_IsPeriphEnabled
 .text.TC_Configure
                0x0000000000403620       0x38 libchip/lib/libchip_sam3s4_rel.a(release-tc.o)
                0x0000000000403620                TC_Configure
 .text.TC_Start
                0x0000000000403658       0x2c libchip/lib/libchip_sam3s4_rel.a(release-tc.o)
                0x0000000000403658                TC_Start
 .text.TC_FindMckDivisor
                0x0000000000403684       0x70 libchip/lib/libchip_sam3s4_rel.a(release-tc.o)
                0x0000000000403684                TC_FindMckDivisor
 .text.PIO_CaptureHandler
                0x00000000004036f4       0x60 libchip/lib/libchip_sam3s4_rel.a(release-pio_capture.o)
                0x00000000004036f4                PIO_CaptureHandler
 .text          0x0000000000403754       0x6c /usr/local/lib64/gcc/arm-none-eabi/4.5.2/../../../../arm-none-eabi/lib/libg.a(lib_a-assert.o)
                0x0000000000403754                __assert_func
                0x00000000004037b0                __assert
 .text          0x00000000004037c0       0x70 /usr/local/lib64/gcc/arm-none-eabi/4.5.2/../../../../arm-none-eabi/lib/libg.a(lib_a-fiprintf.o)
                0x00000000004037c0                _fiprintf_r
                0x00000000004037f0                fiprintf
 .text          0x0000000000403830       0xac /usr/local/lib64/gcc/arm-none-eabi/4.5.2/../../../../arm-none-eabi/lib/libg.a(lib_a-gets.o)
                0x0000000000403830                _gets_r
                0x00000000004038c8                gets
 .text          0x00000000004038dc       0x74 /usr/local/lib64/gcc/arm-none-eabi/4.5.2/../../../../arm-none-eabi/lib/libg.a(lib_a-iprintf.o)
                0x00000000004038dc                iprintf
                0x000000000040391c                _iprintf_r
 .text          0x0000000000403950       0xd8 /usr/local/lib64/gcc/arm-none-eabi/4.5.2/../../../../arm-none-eabi/lib/libg.a(lib_a-memcpy.o)
                0x0000000000403950                memcpy
 .text          0x0000000000403a28      0x118 /usr/local/lib64/gcc/arm-none-eabi/4.5.2/../../../../arm-none-eabi/lib/libg.a(lib_a-memmove.o)
                0x0000000000403a28                memmove
 .text          0x0000000000403b40       0x6c /usr/local/lib64/gcc/arm-none-eabi/4.5.2/../../../../arm-none-eabi/lib/libg.a(lib_a-rget.o)
                0x0000000000403b40                __srget_r
                0x0000000000403b98                __srget
 .text          0x0000000000403bac       0x20 /usr/local/lib64/gcc/arm-none-eabi/4.5.2/../../../../arm-none-eabi/lib/libg.a(lib_a-setbuf.o)
                0x0000000000403bac                setbuf
 .text          0x0000000000403bcc      0x178 /usr/local/lib64/gcc/arm-none-eabi/4.5.2/../../../../arm-none-eabi/lib/libg.a(lib_a-setvbuf.o)
                0x0000000000403bcc                setvbuf
 .text          0x0000000000403d44      0x100 /usr/local/lib64/gcc/arm-none-eabi/4.5.2/../../../../arm-none-eabi/lib/libg.a(lib_a-siscanf.o)
                0x0000000000403d44                siscanf
                0x0000000000403dc4                _siscanf_r
 .text          0x0000000000403e44       0xdc /usr/local/lib64/gcc/arm-none-eabi/4.5.2/../../../../arm-none-eabi/lib/libg.a(lib_a-stdio.o)
                0x0000000000403e44                __sread
                0x0000000000403e78                __seofread
                0x0000000000403e80                __swrite
                0x0000000000403ed8                __sseek
                0x0000000000403f0c                __sclose
 .text          0x0000000000403f20       0x60 /usr/local/lib64/gcc/arm-none-eabi/4.5.2/../../../../arm-none-eabi/lib/libg.a(lib_a-strlen.o)
                0x0000000000403f20                strlen
 .text          0x0000000000403f80     0x1144 /usr/local/lib64/gcc/arm-none-eabi/4.5.2/../../../../arm-none-eabi/lib/libg.a(lib_a-svfiscanf.o)
                0x0000000000403f80                _sungetc_r
                0x0000000000404080                __ssrefill_r
                0x00000000004040ec                _sfread_r
                0x00000000004041ac                __ssvfiscanf_r
 .text          0x00000000004050c4      0x24c /usr/local/lib64/gcc/arm-none-eabi/4.5.2/../../../../arm-none-eabi/lib/libg.a(lib_a-ungetc.o)
                0x00000000004050c4                __submore
                0x0000000000405170                _ungetc_r
                0x00000000004052f4                ungetc
 .text          0x0000000000405310     0x11b8 /usr/local/lib64/gcc/arm-none-eabi/4.5.2/../../../../arm-none-eabi/lib/libg.a(lib_a-vfiprintf.o)
                0x0000000000405310                __sprint_r
                0x00000000004053d0                _vfiprintf_r
                0x000000000040649c                vfiprintf
 .text          0x00000000004064c8       0x44 /usr/local/lib64/gcc/arm-none-eabi/4.5.2/../../../../arm-none-eabi/lib/libg.a(lib_a-writer.o)
                0x00000000004064c8                _write_r
 .text          0x000000000040650c      0x134 /usr/local/lib64/gcc/arm-none-eabi/4.5.2/../../../../arm-none-eabi/lib/libg.a(lib_a-wsetup.o)
                0x000000000040650c                __swsetup_r
 .text          0x0000000000406640       0x14 /usr/local/lib64/gcc/arm-none-eabi/4.5.2/../../../../arm-none-eabi/lib/libg.a(lib_a-abort.o)
                0x0000000000406640                abort
 .text          0x0000000000406654       0x3c /usr/local/lib64/gcc/arm-none-eabi/4.5.2/../../../../arm-none-eabi/lib/libg.a(lib_a-closer.o)
                0x0000000000406654                _close_r
 .text          0x0000000000406690      0x294 /usr/local/lib64/gcc/arm-none-eabi/4.5.2/../../../../arm-none-eabi/lib/libg.a(lib_a-fflush.o)
                0x0000000000406690                _fflush_r
                0x00000000004068e4                fflush
 .text          0x0000000000406924      0x334 /usr/local/lib64/gcc/arm-none-eabi/4.5.2/../../../../arm-none-eabi/lib/libg.a(lib_a-findfp.o)
                0x0000000000406934                _cleanup_r
                0x000000000040694c                __sfmoreglue
                0x0000000000406994                _cleanup
                0x00000000004069a4                __sinit
                0x0000000000406b0c                __sfp
                0x0000000000406c00                __sfp_lock_acquire
                0x0000000000406c04                __sfp_lock_release
                0x0000000000406c08                __sinit_lock_acquire
                0x0000000000406c0c                __sinit_lock_release
                0x0000000000406c10                __fp_lock_all
                0x0000000000406c34                __fp_unlock_all
 .text          0x0000000000406c58      0x1a8 /usr/local/lib64/gcc/arm-none-eabi/4.5.2/../../../../arm-none-eabi/lib/libg.a(lib_a-fputwc.o)
                0x0000000000406c58                _fputwc_r
                0x0000000000406db4                fputwc
 .text          0x0000000000406e00      0x360 /usr/local/lib64/gcc/arm-none-eabi/4.5.2/../../../../arm-none-eabi/lib/libg.a(lib_a-freer.o)
                0x0000000000406e00                _malloc_trim_r
                0x0000000000406efc                _free_r
 .text          0x0000000000407160      0x4b0 /usr/local/lib64/gcc/arm-none-eabi/4.5.2/../../../../arm-none-eabi/lib/libg.a(lib_a-fvwrite.o)
                0x0000000000407160                __sfvwrite_r
 .text          0x0000000000407610      0x10c /usr/local/lib64/gcc/arm-none-eabi/4.5.2/../../../../arm-none-eabi/lib/libg.a(lib_a-fwalk.o)
                0x0000000000407610                _fwalk
                0x0000000000407694                _fwalk_reent
 .text          0x000000000040771c       0x24 /usr/local/lib64/gcc/arm-none-eabi/4.5.2/../../../../arm-none-eabi/lib/libg.a(lib_a-iswspace.o)
                0x000000000040771c                iswspace
 .text          0x0000000000407740       0xd0 /usr/local/lib64/gcc/arm-none-eabi/4.5.2/../../../../arm-none-eabi/lib/libg.a(lib_a-locale.o)
                0x0000000000407740                _setlocale_r
                0x00000000004077ac                __locale_charset
                0x00000000004077b8                __locale_mb_cur_max
                0x00000000004077c8                __locale_msgcharset
                0x00000000004077d4                __locale_cjk_lang
                0x00000000004077dc                _localeconv_r
                0x00000000004077e8                setlocale
                0x0000000000407804                localeconv
 .text          0x0000000000407810       0x44 /usr/local/lib64/gcc/arm-none-eabi/4.5.2/../../../../arm-none-eabi/lib/libg.a(lib_a-lseekr.o)
                0x0000000000407810                _lseek_r
 .text          0x0000000000407854      0x164 /usr/local/lib64/gcc/arm-none-eabi/4.5.2/../../../../arm-none-eabi/lib/libg.a(lib_a-makebuf.o)
                0x0000000000407854                __smakebuf_r
 .text          0x00000000004079b8       0x40 /usr/local/lib64/gcc/arm-none-eabi/4.5.2/../../../../arm-none-eabi/lib/libg.a(lib_a-malloc.o)
                0x00000000004079b8                malloc
                0x00000000004079d8                free
 .text          0x00000000004079f8      0x70c /usr/local/lib64/gcc/arm-none-eabi/4.5.2/../../../../arm-none-eabi/lib/libg.a(lib_a-mallocr.o)
                0x00000000004079f8                _malloc_r
 .text          0x0000000000408104      0x14c /usr/local/lib64/gcc/arm-none-eabi/4.5.2/../../../../arm-none-eabi/lib/libg.a(lib_a-mbrtowc.o)
                0x0000000000408104                _mbrtowc_r
                0x00000000004081a0                mbrtowc
 .text          0x0000000000408250       0x98 /usr/local/lib64/gcc/arm-none-eabi/4.5.2/../../../../arm-none-eabi/lib/libg.a(lib_a-mbtowc_r.o)
                0x0000000000408250                __ascii_mbtowc
                0x0000000000408294                _mbtowc_r
 .text          0x00000000004082e8      0x100 /usr/local/lib64/gcc/arm-none-eabi/4.5.2/../../../../arm-none-eabi/lib/libg.a(lib_a-memchr.o)
                0x00000000004082e8                memchr
 .text          0x00000000004083e8        0x8 /usr/local/lib64/gcc/arm-none-eabi/4.5.2/../../../../arm-none-eabi/lib/libg.a(lib_a-mlock.o)
                0x00000000004083e8                __malloc_lock
                0x00000000004083ec                __malloc_unlock
 .text          0x00000000004083f0       0x44 /usr/local/lib64/gcc/arm-none-eabi/4.5.2/../../../../arm-none-eabi/lib/libg.a(lib_a-readr.o)
                0x00000000004083f0                _read_r
 .text          0x0000000000408434      0x5c0 /usr/local/lib64/gcc/arm-none-eabi/4.5.2/../../../../arm-none-eabi/lib/libg.a(lib_a-reallocr.o)
                0x0000000000408434                _realloc_r
 .text          0x00000000004089f4      0x1c4 /usr/local/lib64/gcc/arm-none-eabi/4.5.2/../../../../arm-none-eabi/lib/libg.a(lib_a-refill.o)
                0x0000000000408a1c                __srefill_r
 .text          0x0000000000408bb8       0x40 /usr/local/lib64/gcc/arm-none-eabi/4.5.2/../../../../arm-none-eabi/lib/libg.a(lib_a-sbrkr.o)
                0x0000000000408bb8                _sbrk_r
 .text          0x0000000000408bf8       0xc4 /usr/local/lib64/gcc/arm-none-eabi/4.5.2/../../../../arm-none-eabi/lib/libg.a(lib_a-sccl.o)
                0x0000000000408bf8                __sccl
 .text          0x0000000000408cbc      0x238 /usr/local/lib64/gcc/arm-none-eabi/4.5.2/../../../../arm-none-eabi/lib/libg.a(lib_a-signal.o)
                0x0000000000408cbc                _init_signal_r
                0x0000000000408d10                _signal_r
                0x0000000000408d78                _raise_r
                0x0000000000408e0c                __sigtramp_r
                0x0000000000408ea0                raise
                0x0000000000408eb4                signal
                0x0000000000408ed0                _init_signal
                0x0000000000408ee0                __sigtramp
 .text          0x0000000000408ef4       0x50 /usr/local/lib64/gcc/arm-none-eabi/4.5.2/../../../../arm-none-eabi/lib/libg.a(lib_a-signalr.o)
                0x0000000000408ef4                _kill_r
                0x0000000000408f34                _getpid_r
 .text          0x0000000000408f44      0x230 /usr/local/lib64/gcc/arm-none-eabi/4.5.2/../../../../arm-none-eabi/lib/libg.a(lib_a-strcmp.o)
                0x0000000000408f44                strcmp
 .text          0x0000000000409174      0x1ec /usr/local/lib64/gcc/arm-none-eabi/4.5.2/../../../../arm-none-eabi/lib/libg.a(lib_a-strtol.o)
                0x0000000000409174                _strtol_r
                0x0000000000409334                strtol
 .text          0x0000000000409360      0x1e8 /usr/local/lib64/gcc/arm-none-eabi/4.5.2/../../../../arm-none-eabi/lib/libg.a(lib_a-strtoul.o)
                0x0000000000409360                _strtoul_r
                0x000000000040951c                strtoul
 .text          0x0000000000409548      0x15c /usr/local/lib64/gcc/arm-none-eabi/4.5.2/../../../../arm-none-eabi/lib/libg.a(lib_a-wbuf.o)
                0x0000000000409548                __swbuf_r
                0x0000000000409688                __swbuf
 .text          0x00000000004096a4      0x13c /usr/local/lib64/gcc/arm-none-eabi/4.5.2/../../../../arm-none-eabi/lib/libg.a(lib_a-wcrtomb.o)
                0x00000000004096a4                _wcrtomb_r
                0x0000000000409738                wcrtomb
 .text          0x00000000004097e0       0x7c /usr/local/lib64/gcc/arm-none-eabi/4.5.2/../../../../arm-none-eabi/lib/libg.a(lib_a-wctomb_r.o)
                0x00000000004097e0                __ascii_wctomb
                0x000000000040980c                _wctomb_r
 .text          0x000000000040985c      0x10c /usr/local/lib64/gcc/arm-none-eabi/4.5.2/../../../../arm-none-eabi/lib/libg.a(lib_a-fclose.o)
                0x000000000040985c                _fclose_r
                0x0000000000409954                fclose
 .text          0x0000000000409968       0x40 /usr/local/lib64/gcc/arm-none-eabi/4.5.2/../../../../arm-none-eabi/lib/libg.a(lib_a-fstatr.o)
                0x0000000000409968                _fstat_r
 .text          0x00000000004099a8       0x3c /usr/local/lib64/gcc/arm-none-eabi/4.5.2/../../../../arm-none-eabi/lib/libg.a(lib_a-isattyr.o)
                0x00000000004099a8                _isatty_r
 *fill*         0x00000000004099e4        0x4 00
 .text          0x00000000004099e8      0x278 /usr/local/lib64/gcc/arm-none-eabi/4.5.2/thumb/v7/libgcc.a(_udivsi3.o)
                0x00000000004099e8                __udivsi3
                0x00000000004099e8                __aeabi_uidiv
                0x0000000000409c44                __aeabi_uidivmod
 .text          0x0000000000409c60        0x4 /usr/local/lib64/gcc/arm-none-eabi/4.5.2/thumb/v7/libgcc.a(_dvmd_tls.o)
                0x0000000000409c60                __aeabi_ldiv0
                0x0000000000409c60                __aeabi_idiv0
 *(.glue_7t)
 .glue_7t       0x0000000000000000        0x0 linker stubs
 *(.glue_7)
 .glue_7        0x0000000000000000        0x0 linker stubs
 *(.rodata .rodata* .gnu.linkonce.r.*)
 .rodata        0x0000000000409c64        0x4 /usr/local/lib64/gcc/arm-none-eabi/4.5.2/../../../../arm-none-eabi/lib/libc.a(lib_a-impure.o)
                0x0000000000409c64                _global_impure_ptr
 .rodata.str1.4
                0x0000000000409c68        0x2 /usr/local/lib64/gcc/arm-none-eabi/4.5.2/../../../../arm-none-eabi/lib/libc.a(lib_a-impure.o)
                                          0x4 (size before relaxing)
 *fill*         0x0000000000409c6a        0x2 00
 .rodata        0x0000000000409c6c       0x1c build/obj/syscalls.o
 .rodata        0x0000000000409c88        0xc build/obj/uart_console.o
 .rodata        0x0000000000409c94      0x124 build/obj/usb_console.o
 .rodata        0x0000000000409db8       0x54 build/obj/led.o
 .rodata        0x0000000000409e0c       0xa0 build/obj/usb_device_descriptor.o
                0x0000000000409e0c                deviceDescriptor
                0x0000000000409e20                configurationDescriptorsFS
                0x0000000000409e64                languageIdStringDescriptor
                0x0000000000409e68                productStringDescriptor
                0x0000000000409e84                cdcdSerialDriverDescriptors
 .rodata        0x0000000000409eac      0x170 build/obj/main.o
 .rodata.str1.1
                0x000000000040a01c       0x69 libusb/lib/libusb_sam3s_rel.a(release-USBD_HAL.o)
                                         0x6b (size before relaxing)
 .rodata.str1.1
                0x000000000040a085       0x30 libusb/lib/libusb_sam3s_rel.a(release-USBD.o)
 .rodata.str1.1
                0x000000000040a0b5       0xef libusb/lib/libusb_sam3s_rel.a(release-USBDDriver.o)
 .rodata        0x000000000040a1a4       0x3f libchip/lib/libchip_sam3s4_rel.a(release-pio_it.o)
 .rodata.str1.1
                0x000000000040a1e3       0x67 libchip/lib/libchip_sam3s4_rel.a(release-pio_it.o)
 .rodata        0x000000000040a24a       0x3f libchip/lib/libchip_sam3s4_rel.a(release-pmc.o)
 .rodata.str1.1
                0x000000000040a289       0x17 libchip/lib/libchip_sam3s4_rel.a(release-pmc.o)
 .rodata        0x000000000040a2a0       0x1e libchip/lib/libchip_sam3s4_rel.a(release-tc.o)
 .rodata.str1.1
                0x000000000040a2be       0x51 libchip/lib/libchip_sam3s4_rel.a(release-tc.o)
 *fill*         0x000000000040a30f        0x1 00
 .rodata.str1.4
                0x000000000040a310       0x3f /usr/local/lib64/gcc/arm-none-eabi/4.5.2/../../../../arm-none-eabi/lib/libg.a(lib_a-assert.o)
                                         0x44 (size before relaxing)
 *fill*         0x000000000040a34f        0x1 00
 .rodata        0x000000000040a350       0x24 /usr/local/lib64/gcc/arm-none-eabi/4.5.2/../../../../arm-none-eabi/lib/libg.a(lib_a-svfiscanf.o)
 .rodata        0x000000000040a374       0x20 /usr/local/lib64/gcc/arm-none-eabi/4.5.2/../../../../arm-none-eabi/lib/libg.a(lib_a-vfiprintf.o)
 .rodata.str1.4
                0x000000000040a394       0x2f /usr/local/lib64/gcc/arm-none-eabi/4.5.2/../../../../arm-none-eabi/lib/libg.a(lib_a-vfiprintf.o)
                                         0x30 (size before relaxing)
 *fill*         0x000000000040a3c3        0x1 00
 .rodata        0x000000000040a3c4      0x104 /usr/local/lib64/gcc/arm-none-eabi/4.5.2/../../../../arm-none-eabi/lib/libg.a(lib_a-ctype_.o)
                0x000000000040a3c4                _ctype_
 .rodata.str1.4
                0x000000000040a4c8        0xc /usr/local/lib64/gcc/arm-none-eabi/4.5.2/../../../../arm-none-eabi/lib/libg.a(lib_a-locale.o)
                                         0x14 (size before relaxing)
 .rodata.str1.4
                0x0000000000000000        0x4 /usr/local/lib64/gcc/arm-none-eabi/4.5.2/../../../../arm-none-eabi/lib/libg.a(lib_a-mbrtowc.o)
 *(.ARM.extab* .gnu.linkonce.armextab.*)
                0x000000000040a4d4                . = ALIGN (0x4)
 *(.init)
 .init          0x000000000040a4d4        0x4 /usr/local/lib64/gcc/arm-none-eabi/4.5.2/thumb/v7/crti.o
                0x000000000040a4d4                _init
 .init          0x000000000040a4d8        0x8 /usr/local/lib64/gcc/arm-none-eabi/4.5.2/thumb/v7/crtn.o
                0x000000000040a4e0                . = ALIGN (0x4)
                0x000000000040a4e0                __preinit_array_start = .
 *(.preinit_array)
                0x000000000040a4e0                __preinit_array_end = .
                0x000000000040a4e0                . = ALIGN (0x4)
                0x000000000040a4e0                __init_array_start = .
 *(SORT(.init_array.*))
 *(.init_array)
 .init_array    0x000000000040a4e0        0x4 /usr/local/lib64/gcc/arm-none-eabi/4.5.2/thumb/v7/crtbegin.o
                0x000000000040a4e4                __init_array_end = .
                0x000000000040a4e4                . = ALIGN (0x4)
 *crtbegin.o(.ctors)
 *(EXCLUDE_FILE(*crtend.o) .ctors)
 *(SORT(.ctors.*))
 *crtend.o(.ctors)
                0x000000000040a4e4                . = ALIGN (0x4)
 *(.fini)
 .fini          0x000000000040a4e4        0x4 /usr/local/lib64/gcc/arm-none-eabi/4.5.2/thumb/v7/crti.o
                0x000000000040a4e4                _fini
 .fini          0x000000000040a4e8        0x8 /usr/local/lib64/gcc/arm-none-eabi/4.5.2/thumb/v7/crtn.o
                0x000000000040a4f0                . = ALIGN (0x4)
                0x000000000040a4f0                __fini_array_start = .
 *(.fini_array)
 .fini_array    0x000000000040a4f0        0x4 /usr/local/lib64/gcc/arm-none-eabi/4.5.2/thumb/v7/crtbegin.o
 *(SORT(.fini_array.*))
                0x000000000040a4f4                __fini_array_end = .
 *crtbegin.o(.dtors)
 *(EXCLUDE_FILE(*crtend.o) .dtors)
 *(SORT(.dtors.*))
 *crtend.o(.dtors)
                0x000000000040a4f4                . = ALIGN (0x4)
                0x000000000040a4f4                _efixed = .
                0x000000000040a4f4                PROVIDE (__exidx_start, .)

.jcr            0x000000000040a4f4        0x0
 .jcr           0x000000000040a4f4        0x0 /usr/local/lib64/gcc/arm-none-eabi/4.5.2/thumb/v7/crtbegin.o

.vfp11_veneer   0x000000000040a4f4        0x0
 .vfp11_veneer  0x0000000000000000        0x0 linker stubs

.v4_bx          0x000000000040a4f4        0x0
 .v4_bx         0x0000000000000000        0x0 linker stubs

.ARM.exidx
 *(.ARM.exidx* .gnu.linkonce.armexidx.*)
                0x000000000040a4f4                PROVIDE (__exidx_end, .)
                0x000000000040a4f4                . = ALIGN (0x4)
                0x000000000040a4f4                _etext = .

.relocate       0x0000000020000000      0x8dc load address 0x000000000040a4f4
                0x0000000020000000                . = ALIGN (0x4)
                0x0000000020000000                _srelocate = .
 *(.ramfunc .ramfunc.*)
 *(.data .data.*)
 .data          0x0000000020000000      0x430 /usr/local/lib64/gcc/arm-none-eabi/4.5.2/../../../../arm-none-eabi/lib/libc.a(lib_a-impure.o)
                0x0000000020000000                _impure_ptr
 .data          0x0000000020000430        0x4 build/obj/system.o
                0x0000000020000430                SystemCoreClock
 .data          0x0000000020000434        0x4 build/obj/uart_console.o
 .data          0x0000000020000438        0x4 build/obj/usb_console.o
 .data          0x000000002000043c        0x8 build/obj/usb_device_descriptor.o
                0x000000002000043c                stringDescriptors
 .data          0x0000000020000444        0x4 /usr/local/lib64/gcc/arm-none-eabi/4.5.2/../../../../arm-none-eabi/lib/libg.a(lib_a-ctype_.o)
                0x0000000020000444                __ctype_ptr__
 .data          0x0000000020000448       0x7c /usr/local/lib64/gcc/arm-none-eabi/4.5.2/../../../../arm-none-eabi/lib/libg.a(lib_a-locale.o)
                0x0000000020000468                __mb_cur_max
 .data          0x00000000200004c4      0x410 /usr/local/lib64/gcc/arm-none-eabi/4.5.2/../../../../arm-none-eabi/lib/libg.a(lib_a-mallocr.o)
                0x00000000200004c4                __malloc_av_
                0x00000000200008cc                __malloc_sbrk_base
                0x00000000200008d0                __malloc_trim_threshold
 .data          0x00000000200008d4        0x4 /usr/local/lib64/gcc/arm-none-eabi/4.5.2/../../../../arm-none-eabi/lib/libg.a(lib_a-mbtowc_r.o)
                0x00000000200008d4                __mbtowc
 .data          0x00000000200008d8        0x4 /usr/local/lib64/gcc/arm-none-eabi/4.5.2/../../../../arm-none-eabi/lib/libg.a(lib_a-wctomb_r.o)
                0x00000000200008d8                __wctomb
                0x00000000200008dc                . = ALIGN (0x4)
                0x00000000200008dc                _erelocate = .

.bss            0x00000000200008dc      0x2d0 load address 0x000000000040add0
                0x00000000200008dc                . = ALIGN (0x4)
                0x00000000200008dc                _sbss = .
                0x00000000200008dc                _szero = .
 *(.bss .bss.*)
 .bss           0x00000000200008dc        0x1 /usr/local/lib64/gcc/arm-none-eabi/4.5.2/thumb/v7/crtbegin.o
 *fill*         0x00000000200008dd        0x3 00
 .bss           0x00000000200008e0        0x4 build/obj/syscalls.o
 .bss           0x00000000200008e4        0x1 build/obj/uart_console.o
 *fill*         0x00000000200008e5        0x3 00
 .bss           0x00000000200008e8      0x10c build/obj/usb_console.o
 .bss           0x00000000200009f4        0x8 build/obj/led.o
 .bss           0x00000000200009fc        0x4 build/obj/timetick.o
 .bss           0x0000000020000a00       0x1c build/obj/main.o
                0x0000000020000a00                current
                0x0000000020000a08                previous
                0x0000000020000a10                next
                0x0000000020000a16                _state
 .bss           0x0000000020000a1c       0xe0 libusb/lib/libusb_sam3s_rel.a(release-USBD_HAL.o)
 .bss           0x0000000020000afc        0x2 libusb/lib/libusb_sam3s_rel.a(release-USBD.o)
 *fill*         0x0000000020000afe        0x2 00
 .bss           0x0000000020000b00       0x10 libusb/lib/libusb_sam3s_rel.a(release-USBDDriver.o)
 .bss           0x0000000020000b10       0x1c libusb/lib/libusb_sam3s_rel.a(release-CDCDSerial.o)
 .bss           0x0000000020000b2c        0x7 libusb/lib/libusb_sam3s_rel.a(release-CDCDSerialPort.o)
 *fill*         0x0000000020000b33        0x1 00
 .bss           0x0000000020000b34       0x3c libchip/lib/libchip_sam3s4_rel.a(release-pio_it.o)
 .bss           0x0000000020000b70        0x4 libchip/lib/libchip_sam3s4_rel.a(release-pio_capture.o)
 .bss           0x0000000020000b74       0x34 /usr/local/lib64/gcc/arm-none-eabi/4.5.2/../../../../arm-none-eabi/lib/libg.a(lib_a-mallocr.o)
                0x0000000020000b74                __malloc_top_pad
                0x0000000020000b78                __malloc_current_mallinfo
                0x0000000020000ba0                __malloc_max_sbrked_mem
                0x0000000020000ba4                __malloc_max_total_mem
 *(COMMON)
 COMMON         0x0000000020000ba8        0x4 /usr/local/lib64/gcc/arm-none-eabi/4.5.2/../../../../arm-none-eabi/lib/libg.a(lib_a-reent.o)
                0x0000000020000ba8                errno
                0x0000000020000bac                . = ALIGN (0x4)
                0x0000000020000bac                _ebss = .
                0x0000000020000bac                _ezero = .

.stack          0x0000000020000bb0     0x1000 load address 0x000000000040b0a8
                0x0000000020000bb0                . = ALIGN (0x8)
 *(.stack .stack.*)
 .stack         0x0000000020000bb0     0x1000 build/obj/startup.o
                0x0000000020000bb0                pdwStack
                0x0000000020001bb0                . = ALIGN (0x4)
                0x0000000020001bb0                _end = .
OUTPUT(build/bin/project.elf elf32-littlearm)

.ARM.attributes
                0x0000000000000000       0x29
 .ARM.attributes
                0x0000000000000000       0x1b /usr/local/lib64/gcc/arm-none-eabi/4.5.2/thumb/v7/crti.o
 .ARM.attributes
                0x000000000000001b       0x2b /usr/local/lib64/gcc/arm-none-eabi/4.5.2/thumb/v7/crtbegin.o
 .ARM.attributes
                0x0000000000000046       0x16 /usr/local/lib64/gcc/arm-none-eabi/4.5.2/../../../../arm-none-eabi/lib/crt0.o
 .ARM.attributes
                0x000000000000005c       0x34 /usr/local/lib64/gcc/arm-none-eabi/4.5.2/../../../../arm-none-eabi/lib/libc.a(lib_a-atexit.o)
 .ARM.attributes
                0x0000000000000090       0x34 /usr/local/lib64/gcc/arm-none-eabi/4.5.2/../../../../arm-none-eabi/lib/libc.a(lib_a-__atexit.o)
 .ARM.attributes
                0x00000000000000c4       0x34 /usr/local/lib64/gcc/arm-none-eabi/4.5.2/../../../../arm-none-eabi/lib/libc.a(lib_a-exit.o)
 .ARM.attributes
                0x00000000000000f8       0x34 /usr/local/lib64/gcc/arm-none-eabi/4.5.2/../../../../arm-none-eabi/lib/libc.a(lib_a-fini.o)
 .ARM.attributes
                0x000000000000012c       0x34 /usr/local/lib64/gcc/arm-none-eabi/4.5.2/../../../../arm-none-eabi/lib/libc.a(lib_a-impure.o)
 .ARM.attributes
                0x0000000000000160       0x34 /usr/local/lib64/gcc/arm-none-eabi/4.5.2/../../../../arm-none-eabi/lib/libc.a(lib_a-init.o)
 .ARM.attributes
                0x0000000000000194       0x34 /usr/local/lib64/gcc/arm-none-eabi/4.5.2/../../../../arm-none-eabi/lib/libc.a(lib_a-memset.o)
 .ARM.attributes
                0x00000000000001c8       0x34 /usr/local/lib64/gcc/arm-none-eabi/4.5.2/../../../../arm-none-eabi/lib/libc.a(lib_a-__call_atexit.o)
 .ARM.attributes
                0x00000000000001fc       0x33 build/obj/syscalls.o
 .ARM.attributes
                0x000000000000022f       0x33 build/obj/system.o
 .ARM.attributes
                0x0000000000000262       0x33 build/obj/uart_console.o
 .ARM.attributes
                0x0000000000000295       0x33 build/obj/usb_console.o
 .ARM.attributes
                0x00000000000002c8       0x33 build/obj/led.o
 .ARM.attributes
                0x00000000000002fb       0x33 build/obj/timetick.o
 .ARM.attributes
                0x000000000000032e       0x33 build/obj/startup.o
 .ARM.attributes
                0x0000000000000361       0x33 build/obj/usb_device_descriptor.o
 .ARM.attributes
                0x0000000000000394       0x31 build/obj/main.o
 .ARM.attributes
                0x00000000000003c5       0x33 libusb/lib/libusb_sam3s_rel.a(release-USBD_HAL.o)
 .ARM.attributes
                0x00000000000003f8       0x33 libusb/lib/libusb_sam3s_rel.a(release-USBDescriptors.o)
 .ARM.attributes
                0x000000000000042b       0x33 libusb/lib/libusb_sam3s_rel.a(release-USBD.o)
 .ARM.attributes
                0x000000000000045e       0x33 libusb/lib/libusb_sam3s_rel.a(release-USBDCallbacks.o)
 .ARM.attributes
                0x0000000000000491       0x33 libusb/lib/libusb_sam3s_rel.a(release-USBDDriver.o)
 .ARM.attributes
                0x00000000000004c4       0x33 libusb/lib/libusb_sam3s_rel.a(release-CDCDSerial.o)
 .ARM.attributes
                0x00000000000004f7       0x33 libusb/lib/libusb_sam3s_rel.a(release-USBDDriverCallbacks.o)
 .ARM.attributes
                0x000000000000052a       0x33 libusb/lib/libusb_sam3s_rel.a(release-CDCDSerialDriver.o)
 .ARM.attributes
                0x000000000000055d       0x33 libusb/lib/libusb_sam3s_rel.a(release-USBRequests.o)
 .ARM.attributes
                0x0000000000000590       0x33 libusb/lib/libusb_sam3s_rel.a(release-CDCDSerialPort.o)
 .ARM.attributes
                0x00000000000005c3       0x33 libusb/lib/libusb_sam3s_rel.a(release-CDCLineCoding.o)
 .ARM.attributes
                0x00000000000005f6       0x33 libchip/lib/libchip_sam3s4_rel.a(release-pio_it.o)
 .ARM.attributes
                0x0000000000000629       0x33 libchip/lib/libchip_sam3s4_rel.a(release-exceptions.o)
 .ARM.attributes
                0x000000000000065c       0x33 libchip/lib/libchip_sam3s4_rel.a(release-adc.o)
 .ARM.attributes
                0x000000000000068f       0x33 libchip/lib/libchip_sam3s4_rel.a(release-pio.o)
 .ARM.attributes
                0x00000000000006c2       0x33 libchip/lib/libchip_sam3s4_rel.a(release-pmc.o)
 .ARM.attributes
                0x00000000000006f5       0x33 libchip/lib/libchip_sam3s4_rel.a(release-tc.o)
 .ARM.attributes
                0x0000000000000728       0x33 libchip/lib/libchip_sam3s4_rel.a(release-pio_capture.o)
 .ARM.attributes
                0x000000000000075b       0x34 /usr/local/lib64/gcc/arm-none-eabi/4.5.2/../../../../arm-none-eabi/lib/libg.a(lib_a-assert.o)
 .ARM.attributes
                0x000000000000078f       0x34 /usr/local/lib64/gcc/arm-none-eabi/4.5.2/../../../../arm-none-eabi/lib/libg.a(lib_a-fiprintf.o)
 .ARM.attributes
                0x00000000000007c3       0x34 /usr/local/lib64/gcc/arm-none-eabi/4.5.2/../../../../arm-none-eabi/lib/libg.a(lib_a-gets.o)
 .ARM.attributes
                0x00000000000007f7       0x34 /usr/local/lib64/gcc/arm-none-eabi/4.5.2/../../../../arm-none-eabi/lib/libg.a(lib_a-iprintf.o)
 .ARM.attributes
                0x000000000000082b       0x34 /usr/local/lib64/gcc/arm-none-eabi/4.5.2/../../../../arm-none-eabi/lib/libg.a(lib_a-memcpy.o)
 .ARM.attributes
                0x000000000000085f       0x34 /usr/local/lib64/gcc/arm-none-eabi/4.5.2/../../../../arm-none-eabi/lib/libg.a(lib_a-memmove.o)
 .ARM.attributes
                0x0000000000000893       0x34 /usr/local/lib64/gcc/arm-none-eabi/4.5.2/../../../../arm-none-eabi/lib/libg.a(lib_a-reent.o)
 .ARM.attributes
                0x00000000000008c7       0x34 /usr/local/lib64/gcc/arm-none-eabi/4.5.2/../../../../arm-none-eabi/lib/libg.a(lib_a-rget.o)
 .ARM.attributes
                0x00000000000008fb       0x34 /usr/local/lib64/gcc/arm-none-eabi/4.5.2/../../../../arm-none-eabi/lib/libg.a(lib_a-setbuf.o)
 .ARM.attributes
                0x000000000000092f       0x34 /usr/local/lib64/gcc/arm-none-eabi/4.5.2/../../../../arm-none-eabi/lib/libg.a(lib_a-setvbuf.o)
 .ARM.attributes
                0x0000000000000963       0x34 /usr/local/lib64/gcc/arm-none-eabi/4.5.2/../../../../arm-none-eabi/lib/libg.a(lib_a-siscanf.o)
 .ARM.attributes
                0x0000000000000997       0x34 /usr/local/lib64/gcc/arm-none-eabi/4.5.2/../../../../arm-none-eabi/lib/libg.a(lib_a-stdio.o)
 .ARM.attributes
                0x00000000000009cb       0x34 /usr/local/lib64/gcc/arm-none-eabi/4.5.2/../../../../arm-none-eabi/lib/libg.a(lib_a-strlen.o)
 .ARM.attributes
                0x00000000000009ff       0x34 /usr/local/lib64/gcc/arm-none-eabi/4.5.2/../../../../arm-none-eabi/lib/libg.a(lib_a-svfiscanf.o)
 .ARM.attributes
                0x0000000000000a33       0x34 /usr/local/lib64/gcc/arm-none-eabi/4.5.2/../../../../arm-none-eabi/lib/libg.a(lib_a-ungetc.o)
 .ARM.attributes
                0x0000000000000a67       0x34 /usr/local/lib64/gcc/arm-none-eabi/4.5.2/../../../../arm-none-eabi/lib/libg.a(lib_a-vfiprintf.o)
 .ARM.attributes
                0x0000000000000a9b       0x34 /usr/local/lib64/gcc/arm-none-eabi/4.5.2/../../../../arm-none-eabi/lib/libg.a(lib_a-writer.o)
 .ARM.attributes
                0x0000000000000acf       0x34 /usr/local/lib64/gcc/arm-none-eabi/4.5.2/../../../../arm-none-eabi/lib/libg.a(lib_a-wsetup.o)
 .ARM.attributes
                0x0000000000000b03       0x34 /usr/local/lib64/gcc/arm-none-eabi/4.5.2/../../../../arm-none-eabi/lib/libg.a(lib_a-abort.o)
 .ARM.attributes
                0x0000000000000b37       0x34 /usr/local/lib64/gcc/arm-none-eabi/4.5.2/../../../../arm-none-eabi/lib/libg.a(lib_a-closer.o)
 .ARM.attributes
                0x0000000000000b6b       0x34 /usr/local/lib64/gcc/arm-none-eabi/4.5.2/../../../../arm-none-eabi/lib/libg.a(lib_a-ctype_.o)
 .ARM.attributes
                0x0000000000000b9f       0x34 /usr/local/lib64/gcc/arm-none-eabi/4.5.2/../../../../arm-none-eabi/lib/libg.a(lib_a-fflush.o)
 .ARM.attributes
                0x0000000000000bd3       0x34 /usr/local/lib64/gcc/arm-none-eabi/4.5.2/../../../../arm-none-eabi/lib/libg.a(lib_a-findfp.o)
 .ARM.attributes
                0x0000000000000c07       0x34 /usr/local/lib64/gcc/arm-none-eabi/4.5.2/../../../../arm-none-eabi/lib/libg.a(lib_a-fputwc.o)
 .ARM.attributes
                0x0000000000000c3b       0x34 /usr/local/lib64/gcc/arm-none-eabi/4.5.2/../../../../arm-none-eabi/lib/libg.a(lib_a-freer.o)
 .ARM.attributes
                0x0000000000000c6f       0x34 /usr/local/lib64/gcc/arm-none-eabi/4.5.2/../../../../arm-none-eabi/lib/libg.a(lib_a-fvwrite.o)
 .ARM.attributes
                0x0000000000000ca3       0x34 /usr/local/lib64/gcc/arm-none-eabi/4.5.2/../../../../arm-none-eabi/lib/libg.a(lib_a-fwalk.o)
 .ARM.attributes
                0x0000000000000cd7       0x34 /usr/local/lib64/gcc/arm-none-eabi/4.5.2/../../../../arm-none-eabi/lib/libg.a(lib_a-iswspace.o)
 .ARM.attributes
                0x0000000000000d0b       0x34 /usr/local/lib64/gcc/arm-none-eabi/4.5.2/../../../../arm-none-eabi/lib/libg.a(lib_a-locale.o)
 .ARM.attributes
                0x0000000000000d3f       0x34 /usr/local/lib64/gcc/arm-none-eabi/4.5.2/../../../../arm-none-eabi/lib/libg.a(lib_a-lseekr.o)
 .ARM.attributes
                0x0000000000000d73       0x34 /usr/local/lib64/gcc/arm-none-eabi/4.5.2/../../../../arm-none-eabi/lib/libg.a(lib_a-makebuf.o)
 .ARM.attributes
                0x0000000000000da7       0x34 /usr/local/lib64/gcc/arm-none-eabi/4.5.2/../../../../arm-none-eabi/lib/libg.a(lib_a-malloc.o)
 .ARM.attributes
                0x0000000000000ddb       0x34 /usr/local/lib64/gcc/arm-none-eabi/4.5.2/../../../../arm-none-eabi/lib/libg.a(lib_a-mallocr.o)
 .ARM.attributes
                0x0000000000000e0f       0x34 /usr/local/lib64/gcc/arm-none-eabi/4.5.2/../../../../arm-none-eabi/lib/libg.a(lib_a-mbrtowc.o)
 .ARM.attributes
                0x0000000000000e43       0x34 /usr/local/lib64/gcc/arm-none-eabi/4.5.2/../../../../arm-none-eabi/lib/libg.a(lib_a-mbtowc_r.o)
 .ARM.attributes
                0x0000000000000e77       0x34 /usr/local/lib64/gcc/arm-none-eabi/4.5.2/../../../../arm-none-eabi/lib/libg.a(lib_a-memchr.o)
 .ARM.attributes
                0x0000000000000eab       0x34 /usr/local/lib64/gcc/arm-none-eabi/4.5.2/../../../../arm-none-eabi/lib/libg.a(lib_a-mlock.o)
 .ARM.attributes
                0x0000000000000edf       0x34 /usr/local/lib64/gcc/arm-none-eabi/4.5.2/../../../../arm-none-eabi/lib/libg.a(lib_a-readr.o)
 .ARM.attributes
                0x0000000000000f13       0x34 /usr/local/lib64/gcc/arm-none-eabi/4.5.2/../../../../arm-none-eabi/lib/libg.a(lib_a-reallocr.o)
 .ARM.attributes
                0x0000000000000f47       0x34 /usr/local/lib64/gcc/arm-none-eabi/4.5.2/../../../../arm-none-eabi/lib/libg.a(lib_a-refill.o)
 .ARM.attributes
                0x0000000000000f7b       0x34 /usr/local/lib64/gcc/arm-none-eabi/4.5.2/../../../../arm-none-eabi/lib/libg.a(lib_a-sbrkr.o)
 .ARM.attributes
                0x0000000000000faf       0x34 /usr/local/lib64/gcc/arm-none-eabi/4.5.2/../../../../arm-none-eabi/lib/libg.a(lib_a-sccl.o)
 .ARM.attributes
                0x0000000000000fe3       0x34 /usr/local/lib64/gcc/arm-none-eabi/4.5.2/../../../../arm-none-eabi/lib/libg.a(lib_a-signal.o)
 .ARM.attributes
                0x0000000000001017       0x34 /usr/local/lib64/gcc/arm-none-eabi/4.5.2/../../../../arm-none-eabi/lib/libg.a(lib_a-signalr.o)
 .ARM.attributes
                0x000000000000104b       0x34 /usr/local/lib64/gcc/arm-none-eabi/4.5.2/../../../../arm-none-eabi/lib/libg.a(lib_a-strcmp.o)
 .ARM.attributes
                0x000000000000107f       0x34 /usr/local/lib64/gcc/arm-none-eabi/4.5.2/../../../../arm-none-eabi/lib/libg.a(lib_a-strtol.o)
 .ARM.attributes
                0x00000000000010b3       0x34 /usr/local/lib64/gcc/arm-none-eabi/4.5.2/../../../../arm-none-eabi/lib/libg.a(lib_a-strtoul.o)
 .ARM.attributes
                0x00000000000010e7       0x34 /usr/local/lib64/gcc/arm-none-eabi/4.5.2/../../../../arm-none-eabi/lib/libg.a(lib_a-wbuf.o)
 .ARM.attributes
                0x000000000000111b       0x34 /usr/local/lib64/gcc/arm-none-eabi/4.5.2/../../../../arm-none-eabi/lib/libg.a(lib_a-wcrtomb.o)
 .ARM.attributes
                0x000000000000114f       0x34 /usr/local/lib64/gcc/arm-none-eabi/4.5.2/../../../../arm-none-eabi/lib/libg.a(lib_a-wctomb_r.o)
 .ARM.attributes
                0x0000000000001183       0x34 /usr/local/lib64/gcc/arm-none-eabi/4.5.2/../../../../arm-none-eabi/lib/libg.a(lib_a-fclose.o)
 .ARM.attributes
                0x00000000000011b7       0x34 /usr/local/lib64/gcc/arm-none-eabi/4.5.2/../../../../arm-none-eabi/lib/libg.a(lib_a-fstatr.o)
 .ARM.attributes
                0x00000000000011eb       0x34 /usr/local/lib64/gcc/arm-none-eabi/4.5.2/../../../../arm-none-eabi/lib/libg.a(lib_a-isattyr.o)
 .ARM.attributes
                0x000000000000121f       0x1d /usr/local/lib64/gcc/arm-none-eabi/4.5.2/thumb/v7/libgcc.a(_udivsi3.o)
 .ARM.attributes
                0x000000000000123c       0x1d /usr/local/lib64/gcc/arm-none-eabi/4.5.2/thumb/v7/libgcc.a(_dvmd_tls.o)
 .ARM.attributes
                0x0000000000001259       0x2b /usr/local/lib64/gcc/arm-none-eabi/4.5.2/thumb/v7/crtend.o
 .ARM.attributes
                0x0000000000001284       0x1b /usr/local/lib64/gcc/arm-none-eabi/4.5.2/thumb/v7/crtn.o

.comment        0x0000000000000000       0x56
 .comment       0x0000000000000000       0x26 /usr/local/lib64/gcc/arm-none-eabi/4.5.2/thumb/v7/crtbegin.o
                                         0x27 (size before relaxing)
 .comment       0x0000000000000000       0x27 /usr/local/lib64/gcc/arm-none-eabi/4.5.2/../../../../arm-none-eabi/lib/libc.a(lib_a-atexit.o)
 .comment       0x0000000000000000       0x27 /usr/local/lib64/gcc/arm-none-eabi/4.5.2/../../../../arm-none-eabi/lib/libc.a(lib_a-__atexit.o)
 .comment       0x0000000000000000       0x27 /usr/local/lib64/gcc/arm-none-eabi/4.5.2/../../../../arm-none-eabi/lib/libc.a(lib_a-exit.o)
 .comment       0x0000000000000000       0x27 /usr/local/lib64/gcc/arm-none-eabi/4.5.2/../../../../arm-none-eabi/lib/libc.a(lib_a-fini.o)
 .comment       0x0000000000000000       0x27 /usr/local/lib64/gcc/arm-none-eabi/4.5.2/../../../../arm-none-eabi/lib/libc.a(lib_a-impure.o)
 .comment       0x0000000000000000       0x27 /usr/local/lib64/gcc/arm-none-eabi/4.5.2/../../../../arm-none-eabi/lib/libc.a(lib_a-init.o)
 .comment       0x0000000000000000       0x27 /usr/local/lib64/gcc/arm-none-eabi/4.5.2/../../../../arm-none-eabi/lib/libc.a(lib_a-memset.o)
 .comment       0x0000000000000000       0x27 /usr/local/lib64/gcc/arm-none-eabi/4.5.2/../../../../arm-none-eabi/lib/libc.a(lib_a-__call_atexit.o)
 .comment       0x0000000000000026       0x30 build/obj/syscalls.o
                                         0x31 (size before relaxing)
 .comment       0x0000000000000000       0x31 build/obj/system.o
 .comment       0x0000000000000000       0x31 build/obj/uart_console.o
 .comment       0x0000000000000000       0x31 build/obj/usb_console.o
 .comment       0x0000000000000000       0x31 build/obj/led.o
 .comment       0x0000000000000000       0x31 build/obj/timetick.o
 .comment       0x0000000000000000       0x31 build/obj/startup.o
 .comment       0x0000000000000000       0x31 build/obj/usb_device_descriptor.o
 .comment       0x0000000000000000       0x27 build/obj/main.o
 .comment       0x0000000000000000       0x31 libusb/lib/libusb_sam3s_rel.a(release-USBD_HAL.o)
 .comment       0x0000000000000000       0x31 libusb/lib/libusb_sam3s_rel.a(release-USBDescriptors.o)
 .comment       0x0000000000000000       0x31 libusb/lib/libusb_sam3s_rel.a(release-USBD.o)
 .comment       0x0000000000000000       0x31 libusb/lib/libusb_sam3s_rel.a(release-USBDCallbacks.o)
 .comment       0x0000000000000000       0x31 libusb/lib/libusb_sam3s_rel.a(release-USBDDriver.o)
 .comment       0x0000000000000000       0x31 libusb/lib/libusb_sam3s_rel.a(release-CDCDSerial.o)
 .comment       0x0000000000000000       0x31 libusb/lib/libusb_sam3s_rel.a(release-USBDDriverCallbacks.o)
 .comment       0x0000000000000000       0x31 libusb/lib/libusb_sam3s_rel.a(release-CDCDSerialDriver.o)
 .comment       0x0000000000000000       0x31 libusb/lib/libusb_sam3s_rel.a(release-USBRequests.o)
 .comment       0x0000000000000000       0x31 libusb/lib/libusb_sam3s_rel.a(release-CDCDSerialPort.o)
 .comment       0x0000000000000000       0x31 libusb/lib/libusb_sam3s_rel.a(release-CDCLineCoding.o)
 .comment       0x0000000000000000       0x31 libchip/lib/libchip_sam3s4_rel.a(release-pio_it.o)
 .comment       0x0000000000000000       0x31 libchip/lib/libchip_sam3s4_rel.a(release-exceptions.o)
 .comment       0x0000000000000000       0x31 libchip/lib/libchip_sam3s4_rel.a(release-adc.o)
 .comment       0x0000000000000000       0x31 libchip/lib/libchip_sam3s4_rel.a(release-pio.o)
 .comment       0x0000000000000000       0x31 libchip/lib/libchip_sam3s4_rel.a(release-pmc.o)
 .comment       0x0000000000000000       0x31 libchip/lib/libchip_sam3s4_rel.a(release-tc.o)
 .comment       0x0000000000000000       0x31 libchip/lib/libchip_sam3s4_rel.a(release-pio_capture.o)
 .comment       0x0000000000000000       0x27 /usr/local/lib64/gcc/arm-none-eabi/4.5.2/../../../../arm-none-eabi/lib/libg.a(lib_a-assert.o)
 .comment       0x0000000000000000       0x27 /usr/local/lib64/gcc/arm-none-eabi/4.5.2/../../../../arm-none-eabi/lib/libg.a(lib_a-fiprintf.o)
 .comment       0x0000000000000000       0x27 /usr/local/lib64/gcc/arm-none-eabi/4.5.2/../../../../arm-none-eabi/lib/libg.a(lib_a-gets.o)
 .comment       0x0000000000000000       0x27 /usr/local/lib64/gcc/arm-none-eabi/4.5.2/../../../../arm-none-eabi/lib/libg.a(lib_a-iprintf.o)
 .comment       0x0000000000000000       0x27 /usr/local/lib64/gcc/arm-none-eabi/4.5.2/../../../../arm-none-eabi/lib/libg.a(lib_a-memcpy.o)
 .comment       0x0000000000000000       0x27 /usr/local/lib64/gcc/arm-none-eabi/4.5.2/../../../../arm-none-eabi/lib/libg.a(lib_a-memmove.o)
 .comment       0x0000000000000000       0x27 /usr/local/lib64/gcc/arm-none-eabi/4.5.2/../../../../arm-none-eabi/lib/libg.a(lib_a-reent.o)
 .comment       0x0000000000000000       0x27 /usr/local/lib64/gcc/arm-none-eabi/4.5.2/../../../../arm-none-eabi/lib/libg.a(lib_a-rget.o)
 .comment       0x0000000000000000       0x27 /usr/local/lib64/gcc/arm-none-eabi/4.5.2/../../../../arm-none-eabi/lib/libg.a(lib_a-setbuf.o)
 .comment       0x0000000000000000       0x27 /usr/local/lib64/gcc/arm-none-eabi/4.5.2/../../../../arm-none-eabi/lib/libg.a(lib_a-setvbuf.o)
 .comment       0x0000000000000000       0x27 /usr/local/lib64/gcc/arm-none-eabi/4.5.2/../../../../arm-none-eabi/lib/libg.a(lib_a-siscanf.o)
 .comment       0x0000000000000000       0x27 /usr/local/lib64/gcc/arm-none-eabi/4.5.2/../../../../arm-none-eabi/lib/libg.a(lib_a-stdio.o)
 .comment       0x0000000000000000       0x27 /usr/local/lib64/gcc/arm-none-eabi/4.5.2/../../../../arm-none-eabi/lib/libg.a(lib_a-strlen.o)
 .comment       0x0000000000000000       0x27 /usr/local/lib64/gcc/arm-none-eabi/4.5.2/../../../../arm-none-eabi/lib/libg.a(lib_a-svfiscanf.o)
 .comment       0x0000000000000000       0x27 /usr/local/lib64/gcc/arm-none-eabi/4.5.2/../../../../arm-none-eabi/lib/libg.a(lib_a-ungetc.o)
 .comment       0x0000000000000000       0x27 /usr/local/lib64/gcc/arm-none-eabi/4.5.2/../../../../arm-none-eabi/lib/libg.a(lib_a-vfiprintf.o)
 .comment       0x0000000000000000       0x27 /usr/local/lib64/gcc/arm-none-eabi/4.5.2/../../../../arm-none-eabi/lib/libg.a(lib_a-writer.o)
 .comment       0x0000000000000000       0x27 /usr/local/lib64/gcc/arm-none-eabi/4.5.2/../../../../arm-none-eabi/lib/libg.a(lib_a-wsetup.o)
 .comment       0x0000000000000000       0x27 /usr/local/lib64/gcc/arm-none-eabi/4.5.2/../../../../arm-none-eabi/lib/libg.a(lib_a-abort.o)
 .comment       0x0000000000000000       0x27 /usr/local/lib64/gcc/arm-none-eabi/4.5.2/../../../../arm-none-eabi/lib/libg.a(lib_a-closer.o)
 .comment       0x0000000000000000       0x27 /usr/local/lib64/gcc/arm-none-eabi/4.5.2/../../../../arm-none-eabi/lib/libg.a(lib_a-ctype_.o)
 .comment       0x0000000000000000       0x27 /usr/local/lib64/gcc/arm-none-eabi/4.5.2/../../../../arm-none-eabi/lib/libg.a(lib_a-fflush.o)
 .comment       0x0000000000000000       0x27 /usr/local/lib64/gcc/arm-none-eabi/4.5.2/../../../../arm-none-eabi/lib/libg.a(lib_a-findfp.o)
 .comment       0x0000000000000000       0x27 /usr/local/lib64/gcc/arm-none-eabi/4.5.2/../../../../arm-none-eabi/lib/libg.a(lib_a-fputwc.o)
 .comment       0x0000000000000000       0x27 /usr/local/lib64/gcc/arm-none-eabi/4.5.2/../../../../arm-none-eabi/lib/libg.a(lib_a-freer.o)
 .comment       0x0000000000000000       0x27 /usr/local/lib64/gcc/arm-none-eabi/4.5.2/../../../../arm-none-eabi/lib/libg.a(lib_a-fvwrite.o)
 .comment       0x0000000000000000       0x27 /usr/local/lib64/gcc/arm-none-eabi/4.5.2/../../../../arm-none-eabi/lib/libg.a(lib_a-fwalk.o)
 .comment       0x0000000000000000       0x27 /usr/local/lib64/gcc/arm-none-eabi/4.5.2/../../../../arm-none-eabi/lib/libg.a(lib_a-iswspace.o)
 .comment       0x0000000000000000       0x27 /usr/local/lib64/gcc/arm-none-eabi/4.5.2/../../../../arm-none-eabi/lib/libg.a(lib_a-locale.o)
 .comment       0x0000000000000000       0x27 /usr/local/lib64/gcc/arm-none-eabi/4.5.2/../../../../arm-none-eabi/lib/libg.a(lib_a-lseekr.o)
 .comment       0x0000000000000000       0x27 /usr/local/lib64/gcc/arm-none-eabi/4.5.2/../../../../arm-none-eabi/lib/libg.a(lib_a-makebuf.o)
 .comment       0x0000000000000000       0x27 /usr/local/lib64/gcc/arm-none-eabi/4.5.2/../../../../arm-none-eabi/lib/libg.a(lib_a-malloc.o)
 .comment       0x0000000000000000       0x27 /usr/local/lib64/gcc/arm-none-eabi/4.5.2/../../../../arm-none-eabi/lib/libg.a(lib_a-mallocr.o)
 .comment       0x0000000000000000       0x27 /usr/local/lib64/gcc/arm-none-eabi/4.5.2/../../../../arm-none-eabi/lib/libg.a(lib_a-mbrtowc.o)
 .comment       0x0000000000000000       0x27 /usr/local/lib64/gcc/arm-none-eabi/4.5.2/../../../../arm-none-eabi/lib/libg.a(lib_a-mbtowc_r.o)
 .comment       0x0000000000000000       0x27 /usr/local/lib64/gcc/arm-none-eabi/4.5.2/../../../../arm-none-eabi/lib/libg.a(lib_a-memchr.o)
 .comment       0x0000000000000000       0x27 /usr/local/lib64/gcc/arm-none-eabi/4.5.2/../../../../arm-none-eabi/lib/libg.a(lib_a-mlock.o)
 .comment       0x0000000000000000       0x27 /usr/local/lib64/gcc/arm-none-eabi/4.5.2/../../../../arm-none-eabi/lib/libg.a(lib_a-readr.o)
 .comment       0x0000000000000000       0x27 /usr/local/lib64/gcc/arm-none-eabi/4.5.2/../../../../arm-none-eabi/lib/libg.a(lib_a-reallocr.o)
 .comment       0x0000000000000000       0x27 /usr/local/lib64/gcc/arm-none-eabi/4.5.2/../../../../arm-none-eabi/lib/libg.a(lib_a-refill.o)
 .comment       0x0000000000000000       0x27 /usr/local/lib64/gcc/arm-none-eabi/4.5.2/../../../../arm-none-eabi/lib/libg.a(lib_a-sbrkr.o)
 .comment       0x0000000000000000       0x27 /usr/local/lib64/gcc/arm-none-eabi/4.5.2/../../../../arm-none-eabi/lib/libg.a(lib_a-sccl.o)
 .comment       0x0000000000000000       0x27 /usr/local/lib64/gcc/arm-none-eabi/4.5.2/../../../../arm-none-eabi/lib/libg.a(lib_a-signal.o)
 .comment       0x0000000000000000       0x27 /usr/local/lib64/gcc/arm-none-eabi/4.5.2/../../../../arm-none-eabi/lib/libg.a(lib_a-signalr.o)
 .comment       0x0000000000000000       0x27 /usr/local/lib64/gcc/arm-none-eabi/4.5.2/../../../../arm-none-eabi/lib/libg.a(lib_a-strcmp.o)
 .comment       0x0000000000000000       0x27 /usr/local/lib64/gcc/arm-none-eabi/4.5.2/../../../../arm-none-eabi/lib/libg.a(lib_a-strtol.o)
 .comment       0x0000000000000000       0x27 /usr/local/lib64/gcc/arm-none-eabi/4.5.2/../../../../arm-none-eabi/lib/libg.a(lib_a-strtoul.o)
 .comment       0x0000000000000000       0x27 /usr/local/lib64/gcc/arm-none-eabi/4.5.2/../../../../arm-none-eabi/lib/libg.a(lib_a-wbuf.o)
 .comment       0x0000000000000000       0x27 /usr/local/lib64/gcc/arm-none-eabi/4.5.2/../../../../arm-none-eabi/lib/libg.a(lib_a-wcrtomb.o)
 .comment       0x0000000000000000       0x27 /usr/local/lib64/gcc/arm-none-eabi/4.5.2/../../../../arm-none-eabi/lib/libg.a(lib_a-wctomb_r.o)
 .comment       0x0000000000000000       0x27 /usr/local/lib64/gcc/arm-none-eabi/4.5.2/../../../../arm-none-eabi/lib/libg.a(lib_a-fclose.o)
 .comment       0x0000000000000000       0x27 /usr/local/lib64/gcc/arm-none-eabi/4.5.2/../../../../arm-none-eabi/lib/libg.a(lib_a-fstatr.o)
 .comment       0x0000000000000000       0x27 /usr/local/lib64/gcc/arm-none-eabi/4.5.2/../../../../arm-none-eabi/lib/libg.a(lib_a-isattyr.o)
 .comment       0x0000000000000000       0x27 /usr/local/lib64/gcc/arm-none-eabi/4.5.2/thumb/v7/crtend.o

.debug_line     0x0000000000000000     0xa3bb
 .debug_line    0x0000000000000000       0x76 /usr/local/lib64/gcc/arm-none-eabi/4.5.2/thumb/v7/crti.o
 .debug_line    0x0000000000000076       0xa9 /usr/local/lib64/gcc/arm-none-eabi/4.5.2/../../../../arm-none-eabi/lib/crt0.o
 .debug_line    0x000000000000011f       0xda /usr/local/lib64/gcc/arm-none-eabi/4.5.2/../../../../arm-none-eabi/lib/libc.a(lib_a-atexit.o)
 .debug_line    0x00000000000001f9      0x16a /usr/local/lib64/gcc/arm-none-eabi/4.5.2/../../../../arm-none-eabi/lib/libc.a(lib_a-__atexit.o)
 .debug_line    0x0000000000000363      0x17c /usr/local/lib64/gcc/arm-none-eabi/4.5.2/../../../../arm-none-eabi/lib/libc.a(lib_a-exit.o)
 .debug_line    0x00000000000004df       0xbe /usr/local/lib64/gcc/arm-none-eabi/4.5.2/../../../../arm-none-eabi/lib/libc.a(lib_a-fini.o)
 .debug_line    0x000000000000059d      0x111 /usr/local/lib64/gcc/arm-none-eabi/4.5.2/../../../../arm-none-eabi/lib/libc.a(lib_a-impure.o)
 .debug_line    0x00000000000006ae       0xdb /usr/local/lib64/gcc/arm-none-eabi/4.5.2/../../../../arm-none-eabi/lib/libc.a(lib_a-init.o)
 .debug_line    0x0000000000000789      0x169 /usr/local/lib64/gcc/arm-none-eabi/4.5.2/../../../../arm-none-eabi/lib/libc.a(lib_a-memset.o)
 .debug_line    0x00000000000008f2      0x18e /usr/local/lib64/gcc/arm-none-eabi/4.5.2/../../../../arm-none-eabi/lib/libc.a(lib_a-__call_atexit.o)
 .debug_line    0x0000000000000a80      0x1b7 build/obj/syscalls.o
 .debug_line    0x0000000000000c37      0x155 build/obj/system.o
 .debug_line    0x0000000000000d8c      0x180 build/obj/uart_console.o
 .debug_line    0x0000000000000f0c      0x3de build/obj/usb_console.o
 .debug_line    0x00000000000012ea      0x1c0 build/obj/led.o
 .debug_line    0x00000000000014aa      0x185 build/obj/timetick.o
 .debug_line    0x000000000000162f      0x105 build/obj/startup.o
 .debug_line    0x0000000000001734      0x11c build/obj/usb_device_descriptor.o
 .debug_line    0x0000000000001850      0x268 build/obj/main.o
 .debug_line    0x0000000000001ab8      0x72d libusb/lib/libusb_sam3s_rel.a(release-USBD_HAL.o)
 .debug_line    0x00000000000021e5      0x1d4 libusb/lib/libusb_sam3s_rel.a(release-USBDescriptors.o)
 .debug_line    0x00000000000023b9      0x31f libusb/lib/libusb_sam3s_rel.a(release-USBD.o)
 .debug_line    0x00000000000026d8      0x10a libusb/lib/libusb_sam3s_rel.a(release-USBDCallbacks.o)
 .debug_line    0x00000000000027e2      0x313 libusb/lib/libusb_sam3s_rel.a(release-USBDDriver.o)
 .debug_line    0x0000000000002af5      0x1f8 libusb/lib/libusb_sam3s_rel.a(release-CDCDSerial.o)
 .debug_line    0x0000000000002ced       0xc3 libusb/lib/libusb_sam3s_rel.a(release-USBDDriverCallbacks.o)
 .debug_line    0x0000000000002db0      0x120 libusb/lib/libusb_sam3s_rel.a(release-CDCDSerialDriver.o)
 .debug_line    0x0000000000002ed0      0x1ce libusb/lib/libusb_sam3s_rel.a(release-USBRequests.o)
 .debug_line    0x000000000000309e      0x25b libusb/lib/libusb_sam3s_rel.a(release-CDCDSerialPort.o)
 .debug_line    0x00000000000032f9       0xca libusb/lib/libusb_sam3s_rel.a(release-CDCLineCoding.o)
 .debug_line    0x00000000000033c3      0x285 libchip/lib/libchip_sam3s4_rel.a(release-pio_it.o)
 .debug_line    0x0000000000003648      0x2e8 libchip/lib/libchip_sam3s4_rel.a(release-exceptions.o)
 .debug_line    0x0000000000003930      0x264 libchip/lib/libchip_sam3s4_rel.a(release-adc.o)
 .debug_line    0x0000000000003b94      0x1bf libchip/lib/libchip_sam3s4_rel.a(release-pio.o)
 .debug_line    0x0000000000003d53      0x154 libchip/lib/libchip_sam3s4_rel.a(release-pmc.o)
 .debug_line    0x0000000000003ea7      0x14e libchip/lib/libchip_sam3s4_rel.a(release-tc.o)
 .debug_line    0x0000000000003ff5      0x194 libchip/lib/libchip_sam3s4_rel.a(release-pio_capture.o)
 .debug_line    0x0000000000004189      0x186 /usr/local/lib64/gcc/arm-none-eabi/4.5.2/../../../../arm-none-eabi/lib/libg.a(lib_a-assert.o)
 .debug_line    0x000000000000430f      0x1a0 /usr/local/lib64/gcc/arm-none-eabi/4.5.2/../../../../arm-none-eabi/lib/libg.a(lib_a-fiprintf.o)
 .debug_line    0x00000000000044af      0x19a /usr/local/lib64/gcc/arm-none-eabi/4.5.2/../../../../arm-none-eabi/lib/libg.a(lib_a-gets.o)
 .debug_line    0x0000000000004649      0x19f /usr/local/lib64/gcc/arm-none-eabi/4.5.2/../../../../arm-none-eabi/lib/libg.a(lib_a-iprintf.o)
 .debug_line    0x00000000000047e8      0x164 /usr/local/lib64/gcc/arm-none-eabi/4.5.2/../../../../arm-none-eabi/lib/libg.a(lib_a-memcpy.o)
 .debug_line    0x000000000000494c      0x17a /usr/local/lib64/gcc/arm-none-eabi/4.5.2/../../../../arm-none-eabi/lib/libg.a(lib_a-memmove.o)
 .debug_line    0x0000000000004ac6      0x167 /usr/local/lib64/gcc/arm-none-eabi/4.5.2/../../../../arm-none-eabi/lib/libg.a(lib_a-reent.o)
 .debug_line    0x0000000000004c2d      0x195 /usr/local/lib64/gcc/arm-none-eabi/4.5.2/../../../../arm-none-eabi/lib/libg.a(lib_a-rget.o)
 .debug_line    0x0000000000004dc2      0x17b /usr/local/lib64/gcc/arm-none-eabi/4.5.2/../../../../arm-none-eabi/lib/libg.a(lib_a-setbuf.o)
 .debug_line    0x0000000000004f3d      0x1d1 /usr/local/lib64/gcc/arm-none-eabi/4.5.2/../../../../arm-none-eabi/lib/libg.a(lib_a-setvbuf.o)
 .debug_line    0x000000000000510e      0x1cb /usr/local/lib64/gcc/arm-none-eabi/4.5.2/../../../../arm-none-eabi/lib/libg.a(lib_a-siscanf.o)
 .debug_line    0x00000000000052d9      0x1a0 /usr/local/lib64/gcc/arm-none-eabi/4.5.2/../../../../arm-none-eabi/lib/libg.a(lib_a-stdio.o)
 .debug_line    0x0000000000005479      0x112 /usr/local/lib64/gcc/arm-none-eabi/4.5.2/../../../../arm-none-eabi/lib/libg.a(lib_a-strlen.o)
 .debug_line    0x000000000000558b      0x596 /usr/local/lib64/gcc/arm-none-eabi/4.5.2/../../../../arm-none-eabi/lib/libg.a(lib_a-svfiscanf.o)