Archive member included because of file (symbol)

libusb/lib/libusb_sam3s_rel.a(release-USBD_HAL.o)
                              build/obj/startup.o (USBD_IrqHandler)
libusb/lib/libusb_sam3s_rel.a(release-USBDescriptors.o)
                              libusb/lib/libusb_sam3s_rel.a(release-USBD_HAL.o) (USBEndpointDescriptor_GetNumber)
libusb/lib/libusb_sam3s_rel.a(release-USBD.o)
                              libusb/lib/libusb_sam3s_rel.a(release-USBD_HAL.o) (USBD_SuspendHandler)
libusb/lib/libusb_sam3s_rel.a(release-USBDCallbacks.o)
                              libusb/lib/libusb_sam3s_rel.a(release-USBD.o) (USBDCallbacks_Reset)
libusb/lib/libusb_sam3s_rel.a(release-USBDDriver.o)
                              libusb/lib/libusb_sam3s_rel.a(release-USBDCallbacks.o) (USBD_GetDriver)
libusb/lib/libusb_sam3s_rel.a(release-CDCDSerial.o)
                              build/obj/usb_console.o (CDCDSerial_Read)
libusb/lib/libusb_sam3s_rel.a(release-USBDDriverCallbacks.o)
                              libusb/lib/libusb_sam3s_rel.a(release-USBDDriver.o) (USBDDriverCallbacks_InterfaceSettingChanged)
libusb/lib/libusb_sam3s_rel.a(release-CDCDSerialDriver.o)
                              build/obj/usb_console.o (CDCDSerialDriver_Initialize)
libusb/lib/libusb_sam3s_rel.a(release-USBRequests.o)
                              libusb/lib/libusb_sam3s_rel.a(release-USBDDriver.o) (USBGenericRequest_GetRequest)
libusb/lib/libusb_sam3s_rel.a(release-CDCDSerialPort.o)
                              libusb/lib/libusb_sam3s_rel.a(release-CDCDSerial.o) (CDCDSerialPort_Initialize)
libusb/lib/libusb_sam3s_rel.a(release-CDCLineCoding.o)
                              libusb/lib/libusb_sam3s_rel.a(release-CDCDSerialPort.o) (CDCLineCoding_Initialize)
libchip/lib/libchip_sam3s4_rel.a(release-pio_it.o)
                              build/obj/startup.o (PIOA_IrqHandler)
libchip/lib/libchip_sam3s4_rel.a(release-exceptions.o)
                              build/obj/startup.o (IrqHandlerNotUsed)
libchip/lib/libchip_sam3s4_rel.a(release-adc.o)
                              build/obj/main.o (ADC_Initialize)
libchip/lib/libchip_sam3s4_rel.a(release-pio.o)
                              build/obj/uart_console.o (PIO_Configure)
libchip/lib/libchip_sam3s4_rel.a(release-pmc.o)
                              build/obj/main.o (PMC_EnablePeripheral)
libchip/lib/libchip_sam3s4_rel.a(release-tc.o)
                              build/obj/led.o (TC_Configure)
libchip/lib/libchip_sam3s4_rel.a(release-pwmc.o)
                              build/obj/main.o (PWMC_ConfigureChannelExt)
libchip/lib/libchip_sam3s4_rel.a(release-pio_capture.o)
                              libchip/lib/libchip_sam3s4_rel.a(release-pio_it.o) (PIO_CaptureHandler)
/usr/local/Sourcery/bin/../lib/gcc/arm-none-eabi/4.6.1/../../../../arm-none-eabi/lib/thumb2/libc.a(lib_a-assert.o)
                              build/obj/led.o (__assert_func)
/usr/local/Sourcery/bin/../lib/gcc/arm-none-eabi/4.6.1/../../../../arm-none-eabi/lib/thumb2/libc.a(lib_a-fiprintf.o)
                              build/obj/usb_console.o (fiprintf)
/usr/local/Sourcery/bin/../lib/gcc/arm-none-eabi/4.6.1/../../../../arm-none-eabi/lib/thumb2/libc.a(lib_a-gets.o)
                              build/obj/main.o (gets)
/usr/local/Sourcery/bin/../lib/gcc/arm-none-eabi/4.6.1/../../../../arm-none-eabi/lib/thumb2/libc.a(lib_a-impure.o)
                              build/obj/usb_console.o (_impure_ptr)
/usr/local/Sourcery/bin/../lib/gcc/arm-none-eabi/4.6.1/../../../../arm-none-eabi/lib/thumb2/libc.a(lib_a-iprintf.o)
                              build/obj/syscalls.o (iprintf)
/usr/local/Sourcery/bin/../lib/gcc/arm-none-eabi/4.6.1/../../../../arm-none-eabi/lib/thumb2/libc.a(lib_a-memcpy.o)
                              build/obj/usb_console.o (memcpy)
/usr/local/Sourcery/bin/../lib/gcc/arm-none-eabi/4.6.1/../../../../arm-none-eabi/lib/thumb2/libc.a(lib_a-memmove.o)
                              build/obj/usb_console.o (memmove)
/usr/local/Sourcery/bin/../lib/gcc/arm-none-eabi/4.6.1/../../../../arm-none-eabi/lib/thumb2/libc.a(lib_a-reent.o)
                              build/obj/syscalls.o (errno)
/usr/local/Sourcery/bin/../lib/gcc/arm-none-eabi/4.6.1/../../../../arm-none-eabi/lib/thumb2/libc.a(lib_a-rget.o)
                              /usr/local/Sourcery/bin/../lib/gcc/arm-none-eabi/4.6.1/../../../../arm-none-eabi/lib/thumb2/libc.a(lib_a-gets.o) (__srget_r)
/usr/local/Sourcery/bin/../lib/gcc/arm-none-eabi/4.6.1/../../../../arm-none-eabi/lib/thumb2/libc.a(lib_a-setbuf.o)
                              build/obj/main.o (setbuf)
/usr/local/Sourcery/bin/../lib/gcc/arm-none-eabi/4.6.1/../../../../arm-none-eabi/lib/thumb2/libc.a(lib_a-setvbuf.o)
                              /usr/local/Sourcery/bin/../lib/gcc/arm-none-eabi/4.6.1/../../../../arm-none-eabi/lib/thumb2/libc.a(lib_a-setbuf.o) (setvbuf)
/usr/local/Sourcery/bin/../lib/gcc/arm-none-eabi/4.6.1/../../../../arm-none-eabi/lib/thumb2/libc.a(lib_a-siscanf.o)
[...]
Memory Configuration

Name             Origin             Length             Attributes
rom              0x00400000         0x00040000         xr
ram              0x20000000         0x0000c000         xrw
*default*        0x00000000         0xffffffff

Linker script and memory map

LOAD /usr/local/Sourcery/bin/../lib/gcc/arm-none-eabi/4.6.1/thumb2/crti.o
LOAD /usr/local/Sourcery/bin/../lib/gcc/arm-none-eabi/4.6.1/thumb2/crtbegin.o
START GROUP
LOAD /usr/local/Sourcery/bin/../lib/gcc/arm-none-eabi/4.6.1/thumb2/libgcc.a
LOAD /usr/local/Sourcery/bin/../lib/gcc/arm-none-eabi/4.6.1/../../../../arm-none-eabi/lib/thumb2/libc.a
END GROUP
LOAD build/obj/syscalls.o
LOAD build/obj/system.o
LOAD build/obj/uart_console.o
LOAD build/obj/usb_console.o
LOAD build/obj/led.o
LOAD build/obj/timetick.o
LOAD build/obj/startup.o
LOAD build/obj/usb_device_descriptor.o
LOAD build/obj/main.o
LOAD build/obj/controller.o
LOAD libusb/lib/libusb_sam3s_rel.a
LOAD libchip/lib/libchip_sam3s4_rel.a
START GROUP
LOAD /usr/local/Sourcery/bin/../lib/gcc/arm-none-eabi/4.6.1/thumb2/libgcc.a
LOAD /usr/local/Sourcery/bin/../lib/gcc/arm-none-eabi/4.6.1/../../../../arm-none-eabi/lib/thumb2/libc.a
END GROUP
LOAD /usr/local/Sourcery/bin/../lib/gcc/arm-none-eabi/4.6.1/thumb2/crtend.o
LOAD /usr/local/Sourcery/bin/../lib/gcc/arm-none-eabi/4.6.1/thumb2/crtn.o

.text           0x00400000     0xa3a0
                0x00400000                . = ALIGN (0x4)
                0x00400000                _sfixed = .
 *(.vectors .vectors.*)
 .vectors       0x00400000       0xd0 build/obj/startup.o
                0x00400000                exception_table
 *(.text .text.* .gnu.linkonce.t.*)
 .text          0x004000d0       0x68 /usr/local/Sourcery/bin/../lib/gcc/arm-none-eabi/4.6.1/thumb2/crtbegin.o
 .text._read    0x00400138       0x54 build/obj/syscalls.o
                0x00400138                _read
 .text._write   0x0040018c       0x54 build/obj/syscalls.o
                0x0040018c                _write
 .text._sbrk    0x004001e0       0x5c build/obj/syscalls.o
                0x004001e0                _sbrk
 .text._isatty  0x0040023c       0x28 build/obj/syscalls.o
                0x0040023c                _isatty
 .text._exit    0x00400264       0x18 build/obj/syscalls.o
                0x00400264                _exit
 .text._lseek   0x0040027c       0x1c build/obj/syscalls.o
                0x0040027c                _lseek
 .text._kill    0x00400298       0x28 build/obj/syscalls.o
                0x00400298                _kill
 .text._getpid  0x004002c0       0x10 build/obj/syscalls.o
                0x004002c0                _getpid
 .text._close   0x004002d0       0x18 build/obj/syscalls.o
                0x004002d0                _close
 .text._fstat   0x004002e8       0x24 build/obj/syscalls.o
                0x004002e8                _fstat
 .text.SystemCoreClockUpdate
                0x0040030c       0x1c build/obj/system.o
                0x0040030c                SystemCoreClockUpdate
 .text.SystemInit
                0x00400328      0x1dc build/obj/system.o
                0x00400328                SystemInit
 .text.UART_Configure
                0x00400504       0x8c build/obj/uart_console.o
                0x00400504                UART_Configure
 .text.UART_Put
                0x00400590       0x78 build/obj/uart_console.o
                0x00400590                UART_Put
 .text.UART_Get
                0x00400608       0x70 build/obj/uart_console.o
                0x00400608                UART_Get
 .text.UART_Puts
                0x00400678       0x50 build/obj/uart_console.o
                0x00400678                UART_Puts
 .text.UART_Gets
                0x004006c8       0x54 build/obj/uart_console.o
                0x004006c8                UART_Gets
 .text.CDCDSerialDriver_Write
                0x0040071c       0x28 build/obj/usb_console.o
 .text.CDCDSerialDriver_Read
                0x00400744       0x28 build/obj/usb_console.o
 .text.NVIC_EnableIRQ
                0x0040076c       0x38 build/obj/usb_console.o
 .text.ISR_Vbus
                0x004007a4       0x60 build/obj/usb_console.o
 .text.VBus_Configure
                0x00400804       0x54 build/obj/usb_console.o
 .text.ConfigureUsbClock
                0x00400858       0x40 build/obj/usb_console.o
 .text.USBDCallbacks_Initialized
                0x00400898       0x10 build/obj/usb_console.o
                0x00400898                USBDCallbacks_Initialized
 .text.USBDDriverCallbacks_ConfigurationChanged
                0x004008a8       0x1c build/obj/usb_console.o
                0x004008a8                USBDDriverCallbacks_ConfigurationChanged
 .text.USBDCallbacks_RequestReceived
                0x004008c4       0x18 build/obj/usb_console.o
                0x004008c4                USBDCallbacks_RequestReceived
 .text.UsbWriteDone
                0x004008dc       0x48 build/obj/usb_console.o
 .text.UsbReadDone
                0x00400924       0x48 build/obj/usb_console.o
 .text.USBC_isConfigured
                0x0040096c       0x68 build/obj/usb_console.o
                0x0040096c                USBC_isConfigured
 .text.USBC_hasData
                0x004009d4       0x20 build/obj/usb_console.o
                0x004009d4                USBC_hasData
 .text.USBC_Configure
                0x004009f4       0x3c build/obj/usb_console.o
                0x004009f4                USBC_Configure
 .text.USBC_StartListening
                0x00400a30       0x50 build/obj/usb_console.o
                0x00400a30                USBC_StartListening
 .text.USBC_Gets
                0x00400a80      0x100 build/obj/usb_console.o
                0x00400a80                USBC_Gets
 .text.USBC_Puts
                0x00400b80       0xb8 build/obj/usb_console.o
                0x00400b80                USBC_Puts
 .text.NVIC_EnableIRQ
                0x00400c38       0x38 build/obj/led.o
 .text.TC0_IrqHandler
                0x00400c70       0x90 build/obj/led.o
                0x00400c70                TC0_IrqHandler
 .text.configure
                0x00400d00       0xa0 build/obj/led.o
 .text.LEDs_configure
                0x00400da0       0x18 build/obj/led.o
                0x00400da0                LEDs_configure
 .text.LED_tgl  0x00400db8       0x90 build/obj/led.o
                0x00400db8                LED_tgl
 .text.LED_clr  0x00400e48       0x7c build/obj/led.o
                0x00400e48                LED_clr
 .text.LED_blink
                0x00400ec4       0x6c build/obj/led.o
                0x00400ec4                LED_blink
 .text.NVIC_SetPriority
                0x00400f30       0x5c build/obj/timetick.o
 .text.SysTick_Config
                0x00400f8c       0x64 build/obj/timetick.o
 .text.SysTick_Handler
                0x00400ff0       0x24 build/obj/timetick.o
                0x00400ff0                SysTick_Handler
 .text.TimeTick_Configure
                0x00401014       0x3c build/obj/timetick.o
                0x00401014                TimeTick_Configure
 .text.GetTickCount
                0x00401050       0x18 build/obj/timetick.o
                0x00401050                GetTickCount
 .text.ResetException
                0x00401068       0xd0 build/obj/startup.o
                0x00401068                ResetException
 .text.NVIC_EnableIRQ
                0x00401138       0x38 build/obj/main.o
 .text.NVIC_SetPriority
                0x00401170       0x5c build/obj/main.o
 .text.main     0x004011cc      0x26c build/obj/main.o
                0x004011cc                main
 .text.TC1_IrqHandler
                0x00401438       0x2c build/obj/main.o
                0x00401438                TC1_IrqHandler
 .text.ADC_IrqHandler
                0x00401464      0x144 build/obj/main.o
                0x00401464                ADC_IrqHandler
 .text.init     0x004015a8      0x24c build/obj/main.o
 .text.state    0x004017f4      0x1ac build/obj/main.o
 .text.cli      0x004019a0      0x3d8 build/obj/main.o
 .text.pid      0x00401d78       0xc4 build/obj/controller.o
 .text.update   0x00401e3c       0x90 build/obj/controller.o
 .text.mode     0x00401ecc       0xd0 build/obj/controller.o
                0x00401ecc                mode
 .text.control  0x00401f9c       0x9c build/obj/controller.o
                0x00401f9c                control
 .text.tristate
                0x00402038       0x7c build/obj/controller.o
                0x00402038                tristate
 .text.tris     0x004020b4       0x98 build/obj/controller.o
                0x004020b4                tris
 .text.UDP_EndOfTransfer
                0x0040214c       0x70 libusb/lib/libusb_sam3s_rel.a(release-USBD_HAL.o)
 .text.UDP_ClearRxFlag
                0x004021bc       0x80 libusb/lib/libusb_sam3s_rel.a(release-USBD_HAL.o)
 .text.UDP_WritePayload
                0x0040223c       0x44 libusb/lib/libusb_sam3s_rel.a(release-USBD_HAL.o)
 .text.UDP_EnablePeripheralClock
                0x00402280       0x20 libusb/lib/libusb_sam3s_rel.a(release-USBD_HAL.o)
 .text.UDP_MblWriteFifo
                0x004022a0      0x128 libusb/lib/libusb_sam3s_rel.a(release-USBD_HAL.o)
 .text.USBD_IrqHandler
                0x004023c8      0x5f8 libusb/lib/libusb_sam3s_rel.a(release-USBD_HAL.o)
                0x004023c8                USBD_IrqHandler
 .text.USBD_HAL_ResetEPs
                0x004029c0       0xc0 libusb/lib/libusb_sam3s_rel.a(release-USBD_HAL.o)
                0x004029c0                USBD_HAL_ResetEPs
 .text.USBD_HAL_CancelIo
                0x00402a80       0x54 libusb/lib/libusb_sam3s_rel.a(release-USBD_HAL.o)
                0x00402a80                USBD_HAL_CancelIo
 .text.USBD_HAL_ConfigureEP
                0x00402ad4       0xf0 libusb/lib/libusb_sam3s_rel.a(release-USBD_HAL.o)
                0x00402ad4                USBD_HAL_ConfigureEP
 .text.USBD_HAL_SetTransferCallback
                0x00402bc4       0x20 libusb/lib/libusb_sam3s_rel.a(release-USBD_HAL.o)
                0x00402bc4                USBD_HAL_SetTransferCallback
 .text.USBD_HAL_Write
                0x00402be4      0x188 libusb/lib/libusb_sam3s_rel.a(release-USBD_HAL.o)
                0x00402be4                USBD_HAL_Write
 .text.USBD_HAL_Read
                0x00402d6c       0x40 libusb/lib/libusb_sam3s_rel.a(release-USBD_HAL.o)
                0x00402d6c                USBD_HAL_Read
 .text.USBD_HAL_Connect
                0x00402dac       0x28 libusb/lib/libusb_sam3s_rel.a(release-USBD_HAL.o)
                0x00402dac                USBD_HAL_Connect
 .text.USBD_HAL_Disconnect
                0x00402dd4       0x28 libusb/lib/libusb_sam3s_rel.a(release-USBD_HAL.o)
                0x00402dd4                USBD_HAL_Disconnect
 .text.USBD_HAL_SetAddress
                0x00402dfc       0x1c libusb/lib/libusb_sam3s_rel.a(release-USBD_HAL.o)
                0x00402dfc                USBD_HAL_SetAddress
 .text.USBD_HAL_SetConfiguration
                0x00402e18       0x18 libusb/lib/libusb_sam3s_rel.a(release-USBD_HAL.o)
                0x00402e18                USBD_HAL_SetConfiguration
 .text.USBD_HAL_Init
                0x00402e30       0x40 libusb/lib/libusb_sam3s_rel.a(release-USBD_HAL.o)
                0x00402e30                USBD_HAL_Init
 .text.USBD_HAL_Stall
                0x00402e70       0x60 libusb/lib/libusb_sam3s_rel.a(release-USBD_HAL.o)
                0x00402e70                USBD_HAL_Stall
 .text.USBD_HAL_Halt
                0x00402ed0       0xc4 libusb/lib/libusb_sam3s_rel.a(release-USBD_HAL.o)
                0x00402ed0                USBD_HAL_Halt
 .text.USBD_HAL_IsHighSpeed
                0x00402f94        0x4 libusb/lib/libusb_sam3s_rel.a(release-USBD_HAL.o)
                0x00402f94                USBD_HAL_IsHighSpeed
 .text.USBD_HAL_Suspend
                0x00402f98       0x28 libusb/lib/libusb_sam3s_rel.a(release-USBD_HAL.o)
                0x00402f98                USBD_HAL_Suspend
 .text.USBD_HAL_Activate
                0x00402fc0       0x24 libusb/lib/libusb_sam3s_rel.a(release-USBD_HAL.o)
                0x00402fc0                USBD_HAL_Activate
 .text.USBGenericDescriptor_GetLength
                0x00402fe4        0x4 libusb/lib/libusb_sam3s_rel.a(release-USBDescriptors.o)
                0x00402fe4                USBGenericDescriptor_GetLength
 .text.USBGenericDescriptor_GetType
                0x00402fe8        0x4 libusb/lib/libusb_sam3s_rel.a(release-USBDescriptors.o)
                0x00402fe8                USBGenericDescriptor_GetType
 .text.USBGenericDescriptor_GetNextDescriptor
                0x00402fec       0x10 libusb/lib/libusb_sam3s_rel.a(release-USBDescriptors.o)
                0x00402fec                USBGenericDescriptor_GetNextDescriptor
 .text.USBGenericDescriptor_Parse
                0x00402ffc       0x4c libusb/lib/libusb_sam3s_rel.a(release-USBDescriptors.o)
                0x00402ffc                USBGenericDescriptor_Parse
 .text.USBEndpointDescriptor_GetNumber
                0x00403048        0x8 libusb/lib/libusb_sam3s_rel.a(release-USBDescriptors.o)
                0x00403048                USBEndpointDescriptor_GetNumber
 .text.USBEndpointDescriptor_GetDirection
                0x00403050        0x6 libusb/lib/libusb_sam3s_rel.a(release-USBDescriptors.o)
                0x00403050                USBEndpointDescriptor_GetDirection
 .text.USBEndpointDescriptor_GetType
                0x00403056        0x8 libusb/lib/libusb_sam3s_rel.a(release-USBDescriptors.o)
                0x00403056                USBEndpointDescriptor_GetType
 .text.USBEndpointDescriptor_GetMaxPacketSize
                0x0040305e        0x4 libusb/lib/libusb_sam3s_rel.a(release-USBDescriptors.o)
                0x0040305e                USBEndpointDescriptor_GetMaxPacketSize
 .text.USBConfigurationDescriptor_GetTotalLength
                0x00403062        0x4 libusb/lib/libusb_sam3s_rel.a(release-USBDescriptors.o)
                0x00403062                USBConfigurationDescriptor_GetTotalLength
 .text.USBConfigurationDescriptor_IsSelfPowered
                0x00403066        0x8 libusb/lib/libusb_sam3s_rel.a(release-USBDescriptors.o)
                0x00403066                USBConfigurationDescriptor_IsSelfPowered
 *fill*         0x0040306e        0x2 00
 .text.USBConfigurationDescriptor_Parse
                0x00403070       0x78 libusb/lib/libusb_sam3s_rel.a(release-USBDescriptors.o)
                0x00403070                USBConfigurationDescriptor_Parse
 .text.USBD_SuspendHandler
                0x004030e8       0x24 libusb/lib/libusb_sam3s_rel.a(release-USBD.o)
                0x004030e8                USBD_SuspendHandler
 .text.USBD_ResumeHandler
                0x0040310c       0x28 libusb/lib/libusb_sam3s_rel.a(release-USBD.o)
                0x0040310c                USBD_ResumeHandler
 .text.USBD_RequestHandler
                0x00403134       0x2c libusb/lib/libusb_sam3s_rel.a(release-USBD.o)
                0x00403134                USBD_RequestHandler
 .text.USBD_ConfigureEndpoint
                0x00403160        0xc libusb/lib/libusb_sam3s_rel.a(release-USBD.o)
                0x00403160                USBD_ConfigureEndpoint
 .text.USBD_ResetHandler
                0x0040316c       0x38 libusb/lib/libusb_sam3s_rel.a(release-USBD.o)
                0x0040316c                USBD_ResetHandler
 .text.USBD_Write
                0x004031a4       0x24 libusb/lib/libusb_sam3s_rel.a(release-USBD.o)
                0x004031a4                USBD_Write
 .text.USBD_Read
                0x004031c8       0x24 libusb/lib/libusb_sam3s_rel.a(release-USBD.o)
                0x004031c8                USBD_Read
 .text.USBD_Halt
                0x004031ec       0x10 libusb/lib/libusb_sam3s_rel.a(release-USBD.o)
                0x004031ec                USBD_Halt
 .text.USBD_Unhalt
                0x004031fc       0x10 libusb/lib/libusb_sam3s_rel.a(release-USBD.o)
                0x004031fc                USBD_Unhalt
 .text.USBD_IsHighSpeed
                0x0040320c        0xc libusb/lib/libusb_sam3s_rel.a(release-USBD.o)
                0x0040320c                USBD_IsHighSpeed
 .text.USBD_Stall
                0x00403218        0xc libusb/lib/libusb_sam3s_rel.a(release-USBD.o)
                0x00403218                USBD_Stall
 .text.USBD_SetAddress
                0x00403224       0x20 libusb/lib/libusb_sam3s_rel.a(release-USBD.o)
                0x00403224                USBD_SetAddress
 .text.USBD_SetConfiguration
                0x00403244       0x30 libusb/lib/libusb_sam3s_rel.a(release-USBD.o)
                0x00403244                USBD_SetConfiguration
 .text.USBD_Connect
                0x00403274        0xc libusb/lib/libusb_sam3s_rel.a(release-USBD.o)
                0x00403274                USBD_Connect
 .text.USBD_Disconnect
                0x00403280       0x28 libusb/lib/libusb_sam3s_rel.a(release-USBD.o)
                0x00403280                USBD_Disconnect
 .text.USBD_Init
                0x004032a8       0x24 libusb/lib/libusb_sam3s_rel.a(release-USBD.o)
                0x004032a8                USBD_Init
 .text.USBD_GetState
                0x004032cc        0xc libusb/lib/libusb_sam3s_rel.a(release-USBD.o)
                0x004032cc                USBD_GetState
 .text.USBDCallbacks_Reset
                0x004032d8        0x2 libusb/lib/libusb_sam3s_rel.a(release-USBDCallbacks.o)
                0x004032d8                USBDCallbacks_Reset
 .text.USBDCallbacks_Suspended
                0x004032da        0x2 libusb/lib/libusb_sam3s_rel.a(release-USBDCallbacks.o)
                0x004032da                USBDCallbacks_Suspended
 .text.USBDCallbacks_Resumed
                0x004032dc        0x2 libusb/lib/libusb_sam3s_rel.a(release-USBDCallbacks.o)
                0x004032dc                USBDCallbacks_Resumed
 *fill*         0x004032de        0x2 00
 .text.TerminateCtrlInWithNull
                0x004032e0       0x18 libusb/lib/libusb_sam3s_rel.a(release-USBDDriver.o)
 .text.USBD_GetDriver
                0x004032f8        0x8 libusb/lib/libusb_sam3s_rel.a(release-USBDDriver.o)
                0x004032f8                USBD_GetDriver
 .text.USBDDriver_Initialize
                0x00403300        0xc libusb/lib/libusb_sam3s_rel.a(release-USBDDriver.o)
                0x00403300                USBDDriver_Initialize
 .text.USBDDriver_GetCfgDescriptors
                0x0040330c       0x18 libusb/lib/libusb_sam3s_rel.a(release-USBDDriver.o)
                0x0040330c                USBDDriver_GetCfgDescriptors
 .text.USBDDriver_RequestHandler
                0x00403324      0x3f0 libusb/lib/libusb_sam3s_rel.a(release-USBDDriver.o)
                0x00403324                USBDDriver_RequestHandler
 .text.CDCDSerial_Initialize
                0x00403714       0x24 libusb/lib/libusb_sam3s_rel.a(release-CDCDSerial.o)
                0x00403714                CDCDSerial_Initialize
 .text.CDCDSerial_ConfigureFunction
                0x00403738       0x18 libusb/lib/libusb_sam3s_rel.a(release-CDCDSerial.o)
                0x00403738                CDCDSerial_ConfigureFunction
 .text.CDCDSerial_RequestHandler
                0x00403750       0x14 libusb/lib/libusb_sam3s_rel.a(release-CDCDSerial.o)
                0x00403750                CDCDSerial_RequestHandler
 .text.CDCDSerial_Read
                0x00403764       0x20 libusb/lib/libusb_sam3s_rel.a(release-CDCDSerial.o)
                0x00403764                CDCDSerial_Read
 .text.CDCDSerial_Write
                0x00403784       0x20 libusb/lib/libusb_sam3s_rel.a(release-CDCDSerial.o)
                0x00403784                CDCDSerial_Write
 .text.CDCDSerial_LineCodingIsToChange
                0x004037a4        0x4 libusb/lib/libusb_sam3s_rel.a(release-CDCDSerial.o)
                0x004037a4                CDCDSerial_LineCodingIsToChange
 .text.CDCDSerial_ControlLineStateChanged
                0x004037a8        0x2 libusb/lib/libusb_sam3s_rel.a(release-CDCDSerial.o)
                0x004037a8                CDCDSerial_ControlLineStateChanged
 *fill*         0x004037aa        0x2 00
 .text.CDCDSerial_EventHandler
                0x004037ac       0x34 libusb/lib/libusb_sam3s_rel.a(release-CDCDSerial.o)
 .text.USBDDriverCallbacks_InterfaceSettingChanged
                0x004037e0        0x2 libusb/lib/libusb_sam3s_rel.a(release-USBDDriverCallbacks.o)
                0x004037e0                USBDDriverCallbacks_InterfaceSettingChanged
 *fill*         0x004037e2        0x2 00
 .text.CDCDSerialDriver_Initialize
                0x004037e4       0x30 libusb/lib/libusb_sam3s_rel.a(release-CDCDSerialDriver.o)
                0x004037e4                CDCDSerialDriver_Initialize
 .text.CDCDSerialDriver_ConfigurationChangedHandler
                0x00403814       0x24 libusb/lib/libusb_sam3s_rel.a(release-CDCDSerialDriver.o)
                0x00403814                CDCDSerialDriver_ConfigurationChangedHandler
 .text.CDCDSerialDriver_RequestHandler
                0x00403838       0x28 libusb/lib/libusb_sam3s_rel.a(release-CDCDSerialDriver.o)
                0x00403838                CDCDSerialDriver_RequestHandler
 .text.USBGenericRequest_GetType
                0x00403860        0xa libusb/lib/libusb_sam3s_rel.a(release-USBRequests.o)
                0x00403860                USBGenericRequest_GetType
 .text.USBGenericRequest_GetRequest
                0x0040386a        0x4 libusb/lib/libusb_sam3s_rel.a(release-USBRequests.o)
                0x0040386a                USBGenericRequest_GetRequest
 .text.USBGenericRequest_GetValue
                0x0040386e        0x4 libusb/lib/libusb_sam3s_rel.a(release-USBRequests.o)
                0x0040386e                USBGenericRequest_GetValue
 .text.USBGenericRequest_GetIndex
                0x00403872        0x4 libusb/lib/libusb_sam3s_rel.a(release-USBRequests.o)
                0x00403872                USBGenericRequest_GetIndex
 .text.USBGenericRequest_GetLength
                0x00403876        0x4 libusb/lib/libusb_sam3s_rel.a(release-USBRequests.o)
                0x00403876                USBGenericRequest_GetLength
 *fill*         0x0040387a        0x2 00
 .text.USBGenericRequest_GetEndpointNumber
                0x0040387c       0x10 libusb/lib/libusb_sam3s_rel.a(release-USBRequests.o)
                0x0040387c                USBGenericRequest_GetEndpointNumber
 .text.USBGenericRequest_GetRecipient
                0x0040388c        0x8 libusb/lib/libusb_sam3s_rel.a(release-USBRequests.o)
                0x0040388c                USBGenericRequest_GetRecipient
 .text.USBGenericRequest_GetDirection
                0x00403894        0x6 libusb/lib/libusb_sam3s_rel.a(release-USBRequests.o)
                0x00403894                USBGenericRequest_GetDirection
 *fill*         0x0040389a        0x2 00
 .text.USBGetDescriptorRequest_GetDescriptorType
                0x0040389c       0x10 libusb/lib/libusb_sam3s_rel.a(release-USBRequests.o)
                0x0040389c                USBGetDescriptorRequest_GetDescriptorType
 .text.USBGetDescriptorRequest_GetDescriptorIndex
                0x004038ac       0x10 libusb/lib/libusb_sam3s_rel.a(release-USBRequests.o)
                0x004038ac                USBGetDescriptorRequest_GetDescriptorIndex
 .text.USBSetAddressRequest_GetAddress
                0x004038bc       0x10 libusb/lib/libusb_sam3s_rel.a(release-USBRequests.o)
                0x004038bc                USBSetAddressRequest_GetAddress
 .text.USBSetConfigurationRequest_GetConfiguration
                0x004038cc       0x10 libusb/lib/libusb_sam3s_rel.a(release-USBRequests.o)
                0x004038cc                USBSetConfigurationRequest_GetConfiguration
 .text.USBInterfaceRequest_GetInterface
                0x004038dc       0x10 libusb/lib/libusb_sam3s_rel.a(release-USBRequests.o)
                0x004038dc                USBInterfaceRequest_GetInterface
 .text.USBInterfaceRequest_GetAlternateSetting
                0x004038ec       0x10 libusb/lib/libusb_sam3s_rel.a(release-USBRequests.o)
                0x004038ec                USBInterfaceRequest_GetAlternateSetting
 .text.USBFeatureRequest_GetFeatureSelector
                0x004038fc       0x10 libusb/lib/libusb_sam3s_rel.a(release-USBRequests.o)
                0x004038fc                USBFeatureRequest_GetFeatureSelector
 .text._Interfaces_Parse
                0x0040390c       0xa6 libusb/lib/libusb_sam3s_rel.a(release-CDCDSerialPort.o)
 *fill*         0x004039b2        0x2 00
 .text._SetLineCodingCallback
                0x004039b4       0x48 libusb/lib/libusb_sam3s_rel.a(release-CDCDSerialPort.o)
 .text.CDCDSerialPort_Initialize
                0x004039fc       0x34 libusb/lib/libusb_sam3s_rel.a(release-CDCDSerialPort.o)
                0x004039fc                CDCDSerialPort_Initialize
 .text.CDCDSerialPort_ParseInterfaces
                0x00403a30       0x20 libusb/lib/libusb_sam3s_rel.a(release-CDCDSerialPort.o)
                0x00403a30                CDCDSerialPort_ParseInterfaces
 .text.CDCDSerialPort_RequestHandler
                0x00403a50       0x9c libusb/lib/libusb_sam3s_rel.a(release-CDCDSerialPort.o)
                0x00403a50                CDCDSerialPort_RequestHandler
 .text.CDCDSerialPort_Read
                0x00403aec       0x18 libusb/lib/libusb_sam3s_rel.a(release-CDCDSerialPort.o)
                0x00403aec                CDCDSerialPort_Read
 .text.CDCDSerialPort_Write
                0x00403b04       0x18 libusb/lib/libusb_sam3s_rel.a(release-CDCDSerialPort.o)
                0x00403b04                CDCDSerialPort_Write
 .text.CDCLineCoding_Initialize
                0x00403b1c        0xe libusb/lib/libusb_sam3s_rel.a(release-CDCLineCoding.o)
                0x00403b1c                CDCLineCoding_Initialize
 *fill*         0x00403b2a        0x2 00
 .text.NVIC_SetPriority
                0x00403b2c       0x28 libchip/lib/libchip_sam3s4_rel.a(release-pio_it.o)
 .text.PioInterruptHandler
                0x00403b54       0x6c libchip/lib/libchip_sam3s4_rel.a(release-pio_it.o)
                0x00403b54                PioInterruptHandler
 .text.PIOA_IrqHandler
                0x00403bc0       0x24 libchip/lib/libchip_sam3s4_rel.a(release-pio_it.o)
                0x00403bc0                PIOA_IrqHandler
 .text.PIOB_IrqHandler
                0x00403be4       0x14 libchip/lib/libchip_sam3s4_rel.a(release-pio_it.o)
                0x00403be4                PIOB_IrqHandler
 .text.PIOC_IrqHandler
                0x00403bf8       0x14 libchip/lib/libchip_sam3s4_rel.a(release-pio_it.o)
                0x00403bf8                PIOC_IrqHandler
 .text.PIO_InitializeInterrupts
                0x00403c0c       0x98 libchip/lib/libchip_sam3s4_rel.a(release-pio_it.o)
                0x00403c0c                PIO_InitializeInterrupts
 .text.PIO_ConfigureIt
                0x00403ca4       0x84 libchip/lib/libchip_sam3s4_rel.a(release-pio_it.o)
                0x00403ca4                PIO_ConfigureIt
 .text.PIO_EnableIt
                0x00403d28       0x70 libchip/lib/libchip_sam3s4_rel.a(release-pio_it.o)
                0x00403d28                PIO_EnableIt
 .text.IrqHandlerNotUsed
                0x00403d98        0x2 libchip/lib/libchip_sam3s4_rel.a(release-exceptions.o)
                0x00403d98                IrqHandlerNotUsed
 .text.NMI_Handler
                0x00403d9a        0x2 libchip/lib/libchip_sam3s4_rel.a(release-exceptions.o)
                0x00403d9a                NMI_Handler
 .text.HardFault_Handler
                0x00403d9c        0x2 libchip/lib/libchip_sam3s4_rel.a(release-exceptions.o)
                0x00403d9c                HardFault_Handler
 .text.MemManage_Handler
                0x00403d9e        0x2 libchip/lib/libchip_sam3s4_rel.a(release-exceptions.o)
                0x00403d9e                MemManage_Handler
 .text.BusFault_Handler
                0x00403da0        0x2 libchip/lib/libchip_sam3s4_rel.a(release-exceptions.o)
                0x00403da0                BusFault_Handler
 .text.UsageFault_Handler
                0x00403da2        0x2 libchip/lib/libchip_sam3s4_rel.a(release-exceptions.o)
                0x00403da2                UsageFault_Handler
 .text.SVC_Handler
                0x00403da4        0x2 libchip/lib/libchip_sam3s4_rel.a(release-exceptions.o)
                0x00403da4                SVC_Handler
 .text.DebugMon_Handler
                0x00403da6        0x2 libchip/lib/libchip_sam3s4_rel.a(release-exceptions.o)
                0x00403da6                DebugMon_Handler
 .text.PendSV_Handler
                0x00403da8        0x2 libchip/lib/libchip_sam3s4_rel.a(release-exceptions.o)
                0x00403da8                PendSV_Handler
 .text.SUPC_IrqHandler
                0x00403daa        0x2 libchip/lib/libchip_sam3s4_rel.a(release-exceptions.o)
                0x00403daa                SUPC_IrqHandler
 .text.RSTC_IrqHandler
                0x00403dac        0x2 libchip/lib/libchip_sam3s4_rel.a(release-exceptions.o)
                0x00403dac                RSTC_IrqHandler
 .text.RTC_IrqHandler
                0x00403dae        0x2 libchip/lib/libchip_sam3s4_rel.a(release-exceptions.o)
                0x00403dae                RTC_IrqHandler
 .text.RTT_IrqHandler
                0x00403db0        0x2 libchip/lib/libchip_sam3s4_rel.a(release-exceptions.o)
                0x00403db0                RTT_IrqHandler
 .text.WDT_IrqHandler
                0x00403db2        0x2 libchip/lib/libchip_sam3s4_rel.a(release-exceptions.o)
                0x00403db2                WDT_IrqHandler
 .text.PMC_IrqHandler
                0x00403db4        0x2 libchip/lib/libchip_sam3s4_rel.a(release-exceptions.o)
                0x00403db4                PMC_IrqHandler
 .text.EEFC_IrqHandler
                0x00403db6        0x2 libchip/lib/libchip_sam3s4_rel.a(release-exceptions.o)
                0x00403db6                EEFC_IrqHandler
 .text.UART0_IrqHandler
                0x00403db8        0x2 libchip/lib/libchip_sam3s4_rel.a(release-exceptions.o)
                0x00403db8                UART0_IrqHandler
 .text.UART1_IrqHandler
                0x00403dba        0x2 libchip/lib/libchip_sam3s4_rel.a(release-exceptions.o)
                0x00403dba                UART1_IrqHandler
 .text.SMC_IrqHandler
                0x00403dbc        0x2 libchip/lib/libchip_sam3s4_rel.a(release-exceptions.o)
                0x00403dbc                SMC_IrqHandler
 .text.USART0_IrqHandler
                0x00403dbe        0x2 libchip/lib/libchip_sam3s4_rel.a(release-exceptions.o)
                0x00403dbe                USART0_IrqHandler
 .text.USART1_IrqHandler
                0x00403dc0        0x2 libchip/lib/libchip_sam3s4_rel.a(release-exceptions.o)
                0x00403dc0                USART1_IrqHandler
 .text.MCI_IrqHandler
                0x00403dc2        0x2 libchip/lib/libchip_sam3s4_rel.a(release-exceptions.o)
                0x00403dc2                MCI_IrqHandler
 .text.TWI0_IrqHandler
                0x00403dc4        0x2 libchip/lib/libchip_sam3s4_rel.a(release-exceptions.o)
                0x00403dc4                TWI0_IrqHandler
 .text.TWI1_IrqHandler
                0x00403dc6        0x2 libchip/lib/libchip_sam3s4_rel.a(release-exceptions.o)
                0x00403dc6                TWI1_IrqHandler
 .text.SPI_IrqHandler
                0x00403dc8        0x2 libchip/lib/libchip_sam3s4_rel.a(release-exceptions.o)
                0x00403dc8                SPI_IrqHandler
 .text.SSC_IrqHandler
                0x00403dca        0x2 libchip/lib/libchip_sam3s4_rel.a(release-exceptions.o)
                0x00403dca                SSC_IrqHandler
 .text.TC2_IrqHandler
                0x00403dcc        0x2 libchip/lib/libchip_sam3s4_rel.a(release-exceptions.o)
                0x00403dcc                TC2_IrqHandler
 .text.TC3_IrqHandler
                0x00403dce        0x2 libchip/lib/libchip_sam3s4_rel.a(release-exceptions.o)
                0x00403dce                TC3_IrqHandler
 .text.TC4_IrqHandler
                0x00403dd0        0x2 libchip/lib/libchip_sam3s4_rel.a(release-exceptions.o)
                0x00403dd0                TC4_IrqHandler
 .text.TC5_IrqHandler
                0x00403dd2        0x2 libchip/lib/libchip_sam3s4_rel.a(release-exceptions.o)
                0x00403dd2                TC5_IrqHandler
 .text.DAC_IrqHandler
                0x00403dd4        0x2 libchip/lib/libchip_sam3s4_rel.a(release-exceptions.o)
                0x00403dd4                DAC_IrqHandler
 .text.PWM_IrqHandler
                0x00403dd6        0x2 libchip/lib/libchip_sam3s4_rel.a(release-exceptions.o)
                0x00403dd6                PWM_IrqHandler
 .text.CRCCU_IrqHandler
                0x00403dd8        0x2 libchip/lib/libchip_sam3s4_rel.a(release-exceptions.o)
                0x00403dd8                CRCCU_IrqHandler
 .text.ACC_IrqHandler
                0x00403dda        0x2 libchip/lib/libchip_sam3s4_rel.a(release-exceptions.o)
                0x00403dda                ACC_IrqHandler
 .text.ADC_Initialize
                0x00403ddc       0x1c libchip/lib/libchip_sam3s4_rel.a(release-adc.o)
                0x00403ddc                ADC_Initialize
 .text.ADC_cfgFrequency
                0x00403df8       0x16 libchip/lib/libchip_sam3s4_rel.a(release-adc.o)
                0x00403df8                ADC_cfgFrequency
 .text.ADC_ReadBuffer
                0x00403e0e       0x34 libchip/lib/libchip_sam3s4_rel.a(release-adc.o)
                0x00403e0e                ADC_ReadBuffer
 *fill*         0x00403e42        0x2 00
 .text.PIO_Configure
                0x00403e44      0x14c libchip/lib/libchip_sam3s4_rel.a(release-pio.o)
                0x00403e44                PIO_Configure
 .text.PIO_Get  0x00403f90       0x1c libchip/lib/libchip_sam3s4_rel.a(release-pio.o)
                0x00403f90                PIO_Get
 .text.PMC_EnablePeripheral
                0x00403fac       0x5c libchip/lib/libchip_sam3s4_rel.a(release-pmc.o)
                0x00403fac                PMC_EnablePeripheral
 .text.PMC_DisablePeripheral
                0x00404008       0x58 libchip/lib/libchip_sam3s4_rel.a(release-pmc.o)
                0x00404008                PMC_DisablePeripheral
 .text.PMC_IsPeriphEnabled
                0x00404060       0x4c libchip/lib/libchip_sam3s4_rel.a(release-pmc.o)
                0x00404060                PMC_IsPeriphEnabled
 .text.TC_Configure
                0x004040ac       0x38 libchip/lib/libchip_sam3s4_rel.a(release-tc.o)
                0x004040ac                TC_Configure
 .text.TC_Start
                0x004040e4       0x2c libchip/lib/libchip_sam3s4_rel.a(release-tc.o)
                0x004040e4                TC_Start
 .text.TC_Stop  0x00404110       0x2c libchip/lib/libchip_sam3s4_rel.a(release-tc.o)
                0x00404110                TC_Stop
 .text.TC_FindMckDivisor
                0x0040413c       0x70 libchip/lib/libchip_sam3s4_rel.a(release-tc.o)
                0x0040413c                TC_FindMckDivisor
 .text.FindClockConfiguration
                0x004041ac       0x7c libchip/lib/libchip_sam3s4_rel.a(release-pwmc.o)
 .text.PWMC_ConfigureChannelExt
                0x00404228       0xcc libchip/lib/libchip_sam3s4_rel.a(release-pwmc.o)
                0x00404228                PWMC_ConfigureChannelExt
 .text.PWMC_ConfigureClocks
                0x004042f4       0x54 libchip/lib/libchip_sam3s4_rel.a(release-pwmc.o)
                0x004042f4                PWMC_ConfigureClocks
 .text.PWMC_SetPeriod
                0x00404348       0x1e libchip/lib/libchip_sam3s4_rel.a(release-pwmc.o)
                0x00404348                PWMC_SetPeriod
 *fill*         0x00404366        0x2 00
 .text.PWMC_SetDutyCycle
                0x00404368       0x48 libchip/lib/libchip_sam3s4_rel.a(release-pwmc.o)
                0x00404368                PWMC_SetDutyCycle
 .text.PWMC_ConfigureSyncChannel
                0x004043b0       0x12 libchip/lib/libchip_sam3s4_rel.a(release-pwmc.o)
                0x004043b0                PWMC_ConfigureSyncChannel
 .text.PWMC_SetSyncChannelUpdatePeriod
                0x004043c2        0xc libchip/lib/libchip_sam3s4_rel.a(release-pwmc.o)
                0x004043c2                PWMC_SetSyncChannelUpdatePeriod
 *fill*         0x004043ce        0x2 00
 .text.PIO_CaptureHandler
                0x004043d0       0x60 libchip/lib/libchip_sam3s4_rel.a(release-pio_capture.o)
                0x004043d0                PIO_CaptureHandler
 .text          0x00404430       0x54 /usr/local/Sourcery/bin/../lib/gcc/arm-none-eabi/4.6.1/../../../../arm-none-eabi/lib/thumb2/libc.a(lib_a-assert.o)
                0x00404430                __assert_func
                0x00404478                __assert
 .text          0x00404484       0x4c /usr/local/Sourcery/bin/../lib/gcc/arm-none-eabi/4.6.1/../../../../arm-none-eabi/lib/thumb2/libc.a(lib_a-fiprintf.o)
                0x00404484                _fiprintf_r
                0x004044a4                fiprintf
 .text          0x004044d0       0x6c /usr/local/Sourcery/bin/../lib/gcc/arm-none-eabi/4.6.1/../../../../arm-none-eabi/lib/thumb2/libc.a(lib_a-gets.o)
                0x004044d0                _gets_r
                0x0040452c                gets
 .text          0x0040453c       0x64 /usr/local/Sourcery/bin/../lib/gcc/arm-none-eabi/4.6.1/../../../../arm-none-eabi/lib/thumb2/libc.a(lib_a-iprintf.o)
                0x0040453c                iprintf
                0x00404574                _iprintf_r
 .text          0x004045a0       0xf0 /usr/local/Sourcery/bin/../lib/gcc/arm-none-eabi/4.6.1/../../../../arm-none-eabi/lib/thumb2/libc.a(lib_a-memcpy.o)
                0x004045a0                memcpy
 .text          0x00404690       0xbc /usr/local/Sourcery/bin/../lib/gcc/arm-none-eabi/4.6.1/../../../../arm-none-eabi/lib/thumb2/libc.a(lib_a-memmove.o)
                0x00404690                memmove
 .text          0x0040474c       0x70 /usr/local/Sourcery/bin/../lib/gcc/arm-none-eabi/4.6.1/../../../../arm-none-eabi/lib/thumb2/libc.a(lib_a-rget.o)
                0x0040474c                __srget_r
                0x004047ac                __srget
 .text          0x004047bc       0x10 /usr/local/Sourcery/bin/../lib/gcc/arm-none-eabi/4.6.1/../../../../arm-none-eabi/lib/thumb2/libc.a(lib_a-setbuf.o)
                0x004047bc                setbuf
 .text          0x004047cc      0x15c /usr/local/Sourcery/bin/../lib/gcc/arm-none-eabi/4.6.1/../../../../arm-none-eabi/lib/thumb2/libc.a(lib_a-setvbuf.o)
                0x004047cc                setvbuf
 .text          0x00404928       0xb4 /usr/local/Sourcery/bin/../lib/gcc/arm-none-eabi/4.6.1/../../../../arm-none-eabi/lib/thumb2/libc.a(lib_a-siscanf.o)
                0x00404928                siscanf
                0x00404984                _siscanf_r
 .text          0x004049dc       0x8c /usr/local/Sourcery/bin/../lib/gcc/arm-none-eabi/4.6.1/../../../../arm-none-eabi/lib/thumb2/libc.a(lib_a-stdio.o)
                0x004049dc                __sread
                0x00404a00                __seofread
                0x00404a04                __swrite
                0x00404a3c                __sseek
                0x00404a60                __sclose
 .text          0x00404a68       0x60 /usr/local/Sourcery/bin/../lib/gcc/arm-none-eabi/4.6.1/../../../../arm-none-eabi/lib/thumb2/libc.a(lib_a-strlen.o)
                0x00404a68                strlen
 .text          0x00404ac8      0xb5c /usr/local/Sourcery/bin/../lib/gcc/arm-none-eabi/4.6.1/../../../../arm-none-eabi/lib/thumb2/libc.a(lib_a-svfiscanf.o)
                0x00404ac8                _sungetc_r
                0x00404b4c                __ssrefill_r
                0x00404b88                _sfread_r
                0x00404c00                __ssvfiscanf_r
 .text          0x00405624      0x19c /usr/local/Sourcery/bin/../lib/gcc/arm-none-eabi/4.6.1/../../../../arm-none-eabi/lib/thumb2/libc.a(lib_a-ungetc.o)
                0x00405624                __submore
                0x004056a8                _ungetc_r
                0x004057ac                ungetc
 .text          0x004057c0      0xd18 /usr/local/Sourcery/bin/../lib/gcc/arm-none-eabi/4.6.1/../../../../arm-none-eabi/lib/thumb2/libc.a(lib_a-vfiprintf.o)
                0x004057c0                __sprint_r
                0x00405840                _vfiprintf_r
                0x004064bc                vfiprintf
 .text          0x004064d8       0x2c /usr/local/Sourcery/bin/../lib/gcc/arm-none-eabi/4.6.1/../../../../arm-none-eabi/lib/thumb2/libc.a(lib_a-writer.o)
                0x004064d8                _write_r
 .text          0x00406504       0xf8 /usr/local/Sourcery/bin/../lib/gcc/arm-none-eabi/4.6.1/../../../../arm-none-eabi/lib/thumb2/libc.a(lib_a-wsetup.o)
                0x00406504                __swsetup_r
 .text          0x004065fc       0x10 /usr/local/Sourcery/bin/../lib/gcc/arm-none-eabi/4.6.1/../../../../arm-none-eabi/lib/thumb2/libc.a(lib_a-abort.o)
                0x004065fc                abort
 .text          0x0040660c       0x28 /usr/local/Sourcery/bin/../lib/gcc/arm-none-eabi/4.6.1/../../../../arm-none-eabi/lib/thumb2/libc.a(lib_a-closer.o)
                0x0040660c                _close_r
 .text          0x00406634      0x1e0 /usr/local/Sourcery/bin/../lib/gcc/arm-none-eabi/4.6.1/../../../../arm-none-eabi/lib/thumb2/libc.a(lib_a-fflush.o)
                0x00406634                _fflush_r
                0x004067ec                fflush
 .text          0x00406814      0x1dc /usr/local/Sourcery/bin/../lib/gcc/arm-none-eabi/4.6.1/../../../../arm-none-eabi/lib/thumb2/libc.a(lib_a-findfp.o)
                0x0040681c                _cleanup_r
                0x00406878                __sfmoreglue
                0x004068a8                _cleanup
                0x004068b8                __sinit
                0x00406914                __sfp
                0x004069b0                __sfp_lock_acquire
                0x004069b4                __sfp_lock_release
                0x004069b8                __sinit_lock_acquire
                0x004069bc                __sinit_lock_release
                0x004069c0                __fp_lock_all
                0x004069d8                __fp_unlock_all
 .text          0x004069f0      0x13c /usr/local/Sourcery/bin/../lib/gcc/arm-none-eabi/4.6.1/../../../../arm-none-eabi/lib/thumb2/libc.a(lib_a-fputwc.o)
                0x004069f0                _fputwc_r
                0x00406ad4                fputwc
 .text          0x00406b2c      0x234 /usr/local/Sourcery/bin/../lib/gcc/arm-none-eabi/4.6.1/../../../../arm-none-eabi/lib/thumb2/libc.a(lib_a-freer.o)
                0x00406b2c                _malloc_trim_r
                0x00406bd0                _free_r
 .text          0x00406d60      0x32c /usr/local/Sourcery/bin/../lib/gcc/arm-none-eabi/4.6.1/../../../../arm-none-eabi/lib/thumb2/libc.a(lib_a-fvwrite.o)
                0x00406d60                __sfvwrite_r
 .text          0x0040708c       0xa0 /usr/local/Sourcery/bin/../lib/gcc/arm-none-eabi/4.6.1/../../../../arm-none-eabi/lib/thumb2/libc.a(lib_a-fwalk.o)
                0x0040708c                _fwalk
                0x004070d8                _fwalk_reent
 .text          0x0040712c       0x1c /usr/local/Sourcery/bin/../lib/gcc/arm-none-eabi/4.6.1/../../../../arm-none-eabi/lib/thumb2/libc.a(lib_a-iswspace.o)
                0x0040712c                iswspace
 .text          0x00407148       0xa4 /usr/local/Sourcery/bin/../lib/gcc/arm-none-eabi/4.6.1/../../../../arm-none-eabi/lib/thumb2/libc.a(lib_a-locale.o)
                0x00407148                _setlocale_r
                0x004071a4                __locale_charset
                0x004071b0                __locale_mb_cur_max
                0x004071bc                __locale_msgcharset
                0x004071c4                __locale_cjk_lang
                0x004071c8                _localeconv_r
                0x004071d0                setlocale
                0x004071e4                localeconv
 .text          0x004071ec       0x2c /usr/local/Sourcery/bin/../lib/gcc/arm-none-eabi/4.6.1/../../../../arm-none-eabi/lib/thumb2/libc.a(lib_a-lseekr.o)
                0x004071ec                _lseek_r
 .text          0x00407218       0xe8 /usr/local/Sourcery/bin/../lib/gcc/arm-none-eabi/4.6.1/../../../../arm-none-eabi/lib/thumb2/libc.a(lib_a-makebuf.o)
                0x00407218                __smakebuf_r
 .text          0x00407300       0x20 /usr/local/Sourcery/bin/../lib/gcc/arm-none-eabi/4.6.1/../../../../arm-none-eabi/lib/thumb2/libc.a(lib_a-malloc.o)
                0x00407300                malloc
                0x00407310                free
 .text          0x00407320      0x57c /usr/local/Sourcery/bin/../lib/gcc/arm-none-eabi/4.6.1/../../../../arm-none-eabi/lib/thumb2/libc.a(lib_a-mallocr.o)
                0x00407320                _malloc_r
 .text          0x0040789c       0xc8 /usr/local/Sourcery/bin/../lib/gcc/arm-none-eabi/4.6.1/../../../../arm-none-eabi/lib/thumb2/libc.a(lib_a-mbrtowc.o)
                0x0040789c                _mbrtowc_r
                0x004078f8                mbrtowc
 .text          0x00407964       0x58 /usr/local/Sourcery/bin/../lib/gcc/arm-none-eabi/4.6.1/../../../../arm-none-eabi/lib/thumb2/libc.a(lib_a-mbtowc_r.o)
                0x00407964                __ascii_mbtowc
                0x00407988                _mbtowc_r
 .text          0x004079bc       0x88 /usr/local/Sourcery/bin/../lib/gcc/arm-none-eabi/4.6.1/../../../../arm-none-eabi/lib/thumb2/libc.a(lib_a-memchr.o)
                0x004079bc                memchr
 .text          0x00407a44       0x8c /usr/local/Sourcery/bin/../lib/gcc/arm-none-eabi/4.6.1/../../../../arm-none-eabi/lib/thumb2/libc.a(lib_a-memset.o)
                0x00407a44                memset
 .text          0x00407ad0        0x8 /usr/local/Sourcery/bin/../lib/gcc/arm-none-eabi/4.6.1/../../../../arm-none-eabi/lib/thumb2/libc.a(lib_a-mlock.o)
                0x00407ad0                __malloc_lock
                0x00407ad4                __malloc_unlock
 .text          0x00407ad8       0x2c /usr/local/Sourcery/bin/../lib/gcc/arm-none-eabi/4.6.1/../../../../arm-none-eabi/lib/thumb2/libc.a(lib_a-readr.o)
                0x00407ad8                _read_r
 .text          0x00407b04      0x3d8 /usr/local/Sourcery/bin/../lib/gcc/arm-none-eabi/4.6.1/../../../../arm-none-eabi/lib/thumb2/libc.a(lib_a-reallocr.o)
                0x00407b04                _realloc_r
 .text          0x00407edc      0x144 /usr/local/Sourcery/bin/../lib/gcc/arm-none-eabi/4.6.1/../../../../arm-none-eabi/lib/thumb2/libc.a(lib_a-refill.o)
                0x00407ef0                __srefill_r
 .text          0x00408020       0x28 /usr/local/Sourcery/bin/../lib/gcc/arm-none-eabi/4.6.1/../../../../arm-none-eabi/lib/thumb2/libc.a(lib_a-sbrkr.o)
                0x00408020                _sbrk_r
 .text          0x00408048       0x78 /usr/local/Sourcery/bin/../lib/gcc/arm-none-eabi/4.6.1/../../../../arm-none-eabi/lib/thumb2/libc.a(lib_a-sccl.o)
                0x00408048                __sccl
 .text          0x004080c0      0x150 /usr/local/Sourcery/bin/../lib/gcc/arm-none-eabi/4.6.1/../../../../arm-none-eabi/lib/thumb2/libc.a(lib_a-signal.o)
                0x004080c0                _init_signal_r
                0x004080f0                _signal_r
                0x0040812c                _raise_r
                0x00408180                __sigtramp_r
                0x004081cc                raise
                0x004081dc                signal
                0x004081f0                _init_signal
                0x00408200                __sigtramp
 .text          0x00408210       0x2c /usr/local/Sourcery/bin/../lib/gcc/arm-none-eabi/4.6.1/../../../../arm-none-eabi/lib/thumb2/libc.a(lib_a-signalr.o)
                0x00408210                _kill_r
                0x00408238                _getpid_r
 .text          0x0040823c      0x1dc /usr/local/Sourcery/bin/../lib/gcc/arm-none-eabi/4.6.1/../../../../arm-none-eabi/lib/thumb2/libc.a(lib_a-strcmp.o)
                0x0040823c                strcmp
 .text          0x00408418      0x17c /usr/local/Sourcery/bin/../lib/gcc/arm-none-eabi/4.6.1/../../../../arm-none-eabi/lib/thumb2/libc.a(lib_a-strtol.o)
                0x00408418                _strtol_r
                0x00408578                strtol
 .text          0x00408594      0x1f4 /usr/local/Sourcery/bin/../lib/gcc/arm-none-eabi/4.6.1/../../../../arm-none-eabi/lib/thumb2/libc.a(lib_a-strtoll_r.o)
                0x00408594                _strtoll_r
 .text          0x00408788      0x180 /usr/local/Sourcery/bin/../lib/gcc/arm-none-eabi/4.6.1/../../../../arm-none-eabi/lib/thumb2/libc.a(lib_a-strtoul.o)
                0x00408788                _strtoul_r
                0x004088ec                strtoul
 .text          0x00408908      0x1e0 /usr/local/Sourcery/bin/../lib/gcc/arm-none-eabi/4.6.1/../../../../arm-none-eabi/lib/thumb2/libc.a(lib_a-strtoull_r.o)
                0x00408908                _strtoull_r
 .text          0x00408ae8       0xfc /usr/local/Sourcery/bin/../lib/gcc/arm-none-eabi/4.6.1/../../../../arm-none-eabi/lib/thumb2/libc.a(lib_a-wbuf.o)
                0x00408ae8                __swbuf_r
                0x00408bd0                __swbuf
 .text          0x00408be4       0xb0 /usr/local/Sourcery/bin/../lib/gcc/arm-none-eabi/4.6.1/../../../../arm-none-eabi/lib/thumb2/libc.a(lib_a-wcrtomb.o)
                0x00408be4                _wcrtomb_r
                0x00408c34                wcrtomb
 .text          0x00408c94       0x4c /usr/local/Sourcery/bin/../lib/gcc/arm-none-eabi/4.6.1/../../../../arm-none-eabi/lib/thumb2/libc.a(lib_a-wctomb_r.o)
                0x00408c94                __ascii_wctomb
                0x00408cb0                _wctomb_r
 .text          0x00408ce0       0xc4 /usr/local/Sourcery/bin/../lib/gcc/arm-none-eabi/4.6.1/../../../../arm-none-eabi/lib/thumb2/libc.a(lib_a-fclose.o)
                0x00408ce0                _fclose_r
                0x00408d94                fclose
 .text          0x00408da4       0x28 /usr/local/Sourcery/bin/../lib/gcc/arm-none-eabi/4.6.1/../../../../arm-none-eabi/lib/thumb2/libc.a(lib_a-fstatr.o)
                0x00408da4                _fstat_r
 .text          0x00408dcc       0x28 /usr/local/Sourcery/bin/../lib/gcc/arm-none-eabi/4.6.1/../../../../arm-none-eabi/lib/thumb2/libc.a(lib_a-isattyr.o)
                0x00408dcc                _isatty_r
 *fill*         0x00408df4        0x4 00
 .text          0x00408df8      0x278 /usr/local/Sourcery/bin/../lib/gcc/arm-none-eabi/4.6.1/thumb2/libgcc.a(_udivsi3.o)
                0x00408df8                __udivsi3
                0x00408df8                __aeabi_uidiv
                0x00409054                __aeabi_uidivmod
 .text          0x00409070        0x4 /usr/local/Sourcery/bin/../lib/gcc/arm-none-eabi/4.6.1/thumb2/libgcc.a(_dvmd_tls.o)
                0x00409070                __aeabi_ldiv0
                0x00409070                __aeabi_idiv0
 .text          0x00409074       0x2c /usr/local/Sourcery/bin/../lib/gcc/arm-none-eabi/4.6.1/thumb2/libgcc.a(_aeabi_uldivmod.o)
                0x00409074                __aeabi_uldivmod
 .text          0x004090a0       0x5c /usr/local/Sourcery/bin/../lib/gcc/arm-none-eabi/4.6.1/thumb2/libgcc.a(bpabi.o)
                0x004090a0                __gnu_ldivmod_helper
                0x004090d0                __gnu_uldivmod_helper
 .text          0x004090fc      0x364 /usr/local/Sourcery/bin/../lib/gcc/arm-none-eabi/4.6.1/thumb2/libgcc.a(_divdi3.o)
                0x004090fc                __divdi3
 .text          0x00409460      0x334 /usr/local/Sourcery/bin/../lib/gcc/arm-none-eabi/4.6.1/thumb2/libgcc.a(_udivdi3.o)
                0x00409460                __udivdi3
 *(.glue_7t)
 .glue_7t       0x00000000        0x0 linker stubs
 *(.glue_7)
 .glue_7        0x00000000        0x0 linker stubs
 *(.rodata .rodata* .gnu.linkonce.r.*)
 .rodata        0x00409794       0x1c build/obj/syscalls.o
 .rodata        0x004097b0        0xc build/obj/uart_console.o
 .rodata        0x004097bc      0x124 build/obj/usb_console.o
 .rodata        0x004098e0       0x54 build/obj/led.o
 .rodata        0x00409934       0xa0 build/obj/usb_device_descriptor.o
                0x00409934                deviceDescriptor
                0x00409948                configurationDescriptorsFS
                0x0040998c                languageIdStringDescriptor
                0x00409990                productStringDescriptor
                0x004099ac                cdcdSerialDriverDescriptors
 .rodata        0x004099d4      0x1b4 build/obj/main.o
 .rodata        0x00409b88       0x34 build/obj/controller.o
 .rodata.str1.1
                0x00409bbc       0x69 libusb/lib/libusb_sam3s_rel.a(release-USBD_HAL.o)
                                 0x6b (size before relaxing)
 .rodata.str1.1
                0x00409c25       0x30 libusb/lib/libusb_sam3s_rel.a(release-USBD.o)
 .rodata.str1.1
                0x00409c55       0xef libusb/lib/libusb_sam3s_rel.a(release-USBDDriver.o)
 .rodata        0x00409d44       0x3f libchip/lib/libchip_sam3s4_rel.a(release-pio_it.o)
 .rodata.str1.1
                0x00409d83       0x67 libchip/lib/libchip_sam3s4_rel.a(release-pio_it.o)
 .rodata        0x00409dea       0x3f libchip/lib/libchip_sam3s4_rel.a(release-pmc.o)
 .rodata.str1.1
                0x00409e29       0x17 libchip/lib/libchip_sam3s4_rel.a(release-pmc.o)
 .rodata        0x00409e40       0x1e libchip/lib/libchip_sam3s4_rel.a(release-tc.o)
 .rodata.str1.1
                0x00409e5e       0x51 libchip/lib/libchip_sam3s4_rel.a(release-tc.o)
 *fill*         0x00409eaf        0x1 00
 .rodata        0x00409eb0       0xe4 libchip/lib/libchip_sam3s4_rel.a(release-pwmc.o)
 .rodata.str1.1
                0x00409f94      0x1c0 libchip/lib/libchip_sam3s4_rel.a(release-pwmc.o)
 .rodata.str1.4
                0x0040a154       0x3f /usr/local/Sourcery/bin/../lib/gcc/arm-none-eabi/4.6.1/../../../../arm-none-eabi/lib/thumb2/libc.a(lib_a-assert.o)
                                 0x44 (size before relaxing)
 *fill*         0x0040a193        0x1 00
 .rodata        0x0040a194        0x4 /usr/local/Sourcery/bin/../lib/gcc/arm-none-eabi/4.6.1/../../../../arm-none-eabi/lib/thumb2/libc.a(lib_a-impure.o)
                0x0040a194                _global_impure_ptr
 .rodata.str1.4
                0x0040a198        0x2 /usr/local/Sourcery/bin/../lib/gcc/arm-none-eabi/4.6.1/../../../../arm-none-eabi/lib/thumb2/libc.a(lib_a-impure.o)
                                  0x4 (size before relaxing)
 *fill*         0x0040a19a        0x2 00
 .rodata        0x0040a19c       0x24 /usr/local/Sourcery/bin/../lib/gcc/arm-none-eabi/4.6.1/../../../../arm-none-eabi/lib/thumb2/libc.a(lib_a-svfiscanf.o)
 .rodata        0x0040a1c0       0x20 /usr/local/Sourcery/bin/../lib/gcc/arm-none-eabi/4.6.1/../../../../arm-none-eabi/lib/thumb2/libc.a(lib_a-vfiprintf.o)
 .rodata.str1.4
                0x0040a1e0       0x2f /usr/local/Sourcery/bin/../lib/gcc/arm-none-eabi/4.6.1/../../../../arm-none-eabi/lib/thumb2/libc.a(lib_a-vfiprintf.o)
                                 0x30 (size before relaxing)
 *fill*         0x0040a20f        0x1 00
 .rodata        0x0040a210      0x104 /usr/local/Sourcery/bin/../lib/gcc/arm-none-eabi/4.6.1/../../../../arm-none-eabi/lib/thumb2/libc.a(lib_a-ctype_.o)
                0x0040a210                _ctype_
 .rodata        0x0040a314       0x60 /usr/local/Sourcery/bin/../lib/gcc/arm-none-eabi/4.6.1/../../../../arm-none-eabi/lib/thumb2/libc.a(lib_a-findfp.o)
                0x0040a314                __sf_fake_stderr
                0x0040a334                __sf_fake_stdout
                0x0040a354                __sf_fake_stdin
 .rodata.str1.4
                0x0040a374        0xc /usr/local/Sourcery/bin/../lib/gcc/arm-none-eabi/4.6.1/../../../../arm-none-eabi/lib/thumb2/libc.a(lib_a-locale.o)
                                 0x14 (size before relaxing)
 .rodata.str1.4
                0x00000000        0x4 /usr/local/Sourcery/bin/../lib/gcc/arm-none-eabi/4.6.1/../../../../arm-none-eabi/lib/thumb2/libc.a(lib_a-mbrtowc.o)
 *(.ARM.extab* .gnu.linkonce.armextab.*)
                0x0040a380                . = ALIGN (0x4)
 *(.init)
 .init          0x0040a380        0x4 /usr/local/Sourcery/bin/../lib/gcc/arm-none-eabi/4.6.1/thumb2/crti.o
                0x0040a380                _init
 .init          0x0040a384        0x8 /usr/local/Sourcery/bin/../lib/gcc/arm-none-eabi/4.6.1/thumb2/crtn.o
                0x0040a38c                . = ALIGN (0x4)
                0x0040a38c                __preinit_array_start = .
 *(.preinit_array)
                0x0040a38c                __preinit_array_end = .
                0x0040a38c                . = ALIGN (0x4)
                0x0040a38c                __init_array_start = .
 *(SORT(.init_array.*))
 *(.init_array)
 .init_array    0x0040a38c        0x4 /usr/local/Sourcery/bin/../lib/gcc/arm-none-eabi/4.6.1/thumb2/crtbegin.o
                0x0040a390                __init_array_end = .
                0x0040a390                . = ALIGN (0x4)
 *crtbegin.o(.ctors)
 *(EXCLUDE_FILE(*crtend.o) .ctors)
 *(SORT(.ctors.*))
 *crtend.o(.ctors)
                0x0040a390                . = ALIGN (0x4)
 *(.fini)
 .fini          0x0040a390        0x4 /usr/local/Sourcery/bin/../lib/gcc/arm-none-eabi/4.6.1/thumb2/crti.o
                0x0040a390                _fini
 .fini          0x0040a394        0x8 /usr/local/Sourcery/bin/../lib/gcc/arm-none-eabi/4.6.1/thumb2/crtn.o
                0x0040a39c                . = ALIGN (0x4)
                0x0040a39c                __fini_array_start = .
 *(.fini_array)
 .fini_array    0x0040a39c        0x4 /usr/local/Sourcery/bin/../lib/gcc/arm-none-eabi/4.6.1/thumb2/crtbegin.o
 *(SORT(.fini_array.*))
                0x0040a3a0                __fini_array_end = .
 *crtbegin.o(.dtors)
 *(EXCLUDE_FILE(*crtend.o) .dtors)
 *(SORT(.dtors.*))
 *crtend.o(.dtors)
                0x0040a3a0                . = ALIGN (0x4)
                0x0040a3a0                _efixed = .
                0x0040a3a0                PROVIDE (__exidx_start, .)

.vfp11_veneer   0x0040a3a0        0x0
 .vfp11_veneer  0x00000000        0x0 linker stubs

.v4_bx          0x0040a3a0        0x0
 .v4_bx         0x00000000        0x0 linker stubs

.iplt           0x0040a3a0        0x0
 .iplt          0x00000000        0x0 /usr/local/Sourcery/bin/../lib/gcc/arm-none-eabi/4.6.1/thumb2/crtbegin.o

.ARM.exidx      0x0040a3a0        0x8
 *(.ARM.exidx* .gnu.linkonce.armexidx.*)
 .ARM.exidx     0x0040a3a0        0x8 /usr/local/Sourcery/bin/../lib/gcc/arm-none-eabi/4.6.1/thumb2/libgcc.a(_divdi3.o)
 .ARM.exidx     0x0040a3a8        0x0 /usr/local/Sourcery/bin/../lib/gcc/arm-none-eabi/4.6.1/thumb2/libgcc.a(_udivdi3.o)
                                  0x8 (size before relaxing)
                0x0040a3a8                PROVIDE (__exidx_end, .)

.eh_frame       0x0040a3a8        0x0
 .eh_frame      0x0040a3a8        0x0 /usr/local/Sourcery/bin/../lib/gcc/arm-none-eabi/4.6.1/thumb2/crtbegin.o

.rel.dyn        0x0040a3a8        0x0
 .rel.iplt      0x00000000        0x0 /usr/local/Sourcery/bin/../lib/gcc/arm-none-eabi/4.6.1/thumb2/crtbegin.o

.jcr            0x0040a3a8        0x0
 .jcr           0x0040a3a8        0x0 /usr/local/Sourcery/bin/../lib/gcc/arm-none-eabi/4.6.1/thumb2/crtbegin.o

.igot.plt       0x0040a3a8        0x0
 .igot.plt      0x00000000        0x0 /usr/local/Sourcery/bin/../lib/gcc/arm-none-eabi/4.6.1/thumb2/crtbegin.o
                0x0040a3a8                . = ALIGN (0x4)
                0x0040a3a8                _etext = .

.relocate       0x20000000      0x5cc load address 0x0040a3a8
                0x20000000                . = ALIGN (0x4)
                0x20000000                _srelocate = .
 *(.ramfunc .ramfunc.*)
 *(.data .data.*)
 .data          0x20000000        0x4 build/obj/system.o
                0x20000000                SystemCoreClock
 .data          0x20000004        0x4 build/obj/uart_console.o
 .data          0x20000008        0x4 build/obj/usb_console.o
 .data          0x2000000c        0x8 build/obj/usb_device_descriptor.o
                0x2000000c                stringDescriptors
 .data          0x20000014       0x2c build/obj/main.o
                0x20000014                _state
                0x20000018                ntrip
                0x20000028                rtrip
                0x20000038                releasetime
                0x2000003c                dxmax
 .data          0x20000040       0xf4 /usr/local/Sourcery/bin/../lib/gcc/arm-none-eabi/4.6.1/../../../../arm-none-eabi/lib/thumb2/libc.a(lib_a-impure.o)
                0x20000040                _impure_ptr
 .data          0x20000134        0x4 /usr/local/Sourcery/bin/../lib/gcc/arm-none-eabi/4.6.1/../../../../arm-none-eabi/lib/thumb2/libc.a(lib_a-ctype_.o)
                0x20000134                __ctype_ptr__
 .data          0x20000138       0x7c /usr/local/Sourcery/bin/../lib/gcc/arm-none-eabi/4.6.1/../../../../arm-none-eabi/lib/thumb2/libc.a(lib_a-locale.o)
                0x20000158                __mb_cur_max
 .data          0x200001b4      0x410 /usr/local/Sourcery/bin/../lib/gcc/arm-none-eabi/4.6.1/../../../../arm-none-eabi/lib/thumb2/libc.a(lib_a-mallocr.o)
                0x200001b4                __malloc_av_
                0x200005bc                __malloc_sbrk_base
                0x200005c0                __malloc_trim_threshold
 .data          0x200005c4        0x4 /usr/local/Sourcery/bin/../lib/gcc/arm-none-eabi/4.6.1/../../../../arm-none-eabi/lib/thumb2/libc.a(lib_a-mbtowc_r.o)
                0x200005c4                __mbtowc
 .data          0x200005c8        0x4 /usr/local/Sourcery/bin/../lib/gcc/arm-none-eabi/4.6.1/../../../../arm-none-eabi/lib/thumb2/libc.a(lib_a-wctomb_r.o)
                0x200005c8                __wctomb
                0x200005cc                . = ALIGN (0x4)
                0x200005cc                _erelocate = .

.bss            0x200005cc      0x300 load address 0x0040a974
                0x200005cc                . = ALIGN (0x4)
                0x200005cc                _sbss = .
                0x200005cc                _szero = .
 *(.bss .bss.*)
 .bss           0x200005cc       0x1c /usr/local/Sourcery/bin/../lib/gcc/arm-none-eabi/4.6.1/thumb2/crtbegin.o
 .bss           0x200005e8        0x4 build/obj/syscalls.o
 .bss           0x200005ec        0x1 build/obj/uart_console.o
 *fill*         0x200005ed        0x3 00
 .bss           0x200005f0      0x10c build/obj/usb_console.o
 .bss           0x200006fc        0xc build/obj/led.o
 .bss           0x20000708        0x4 build/obj/timetick.o
 .bss           0x2000070c       0x30 build/obj/main.o
                0x2000070c                input
                0x20000710                loop
 .bss           0x2000073c       0xe0 libusb/lib/libusb_sam3s_rel.a(release-USBD_HAL.o)
 .bss           0x2000081c        0x2 libusb/lib/libusb_sam3s_rel.a(release-USBD.o)
 *fill*         0x2000081e        0x2 00
 .bss           0x20000820       0x10 libusb/lib/libusb_sam3s_rel.a(release-USBDDriver.o)
 .bss           0x20000830       0x1c libusb/lib/libusb_sam3s_rel.a(release-CDCDSerial.o)
 .bss           0x2000084c        0x7 libusb/lib/libusb_sam3s_rel.a(release-CDCDSerialPort.o)
 *fill*         0x20000853        0x1 00
 .bss           0x20000854       0x3c libchip/lib/libchip_sam3s4_rel.a(release-pio_it.o)
 .bss           0x20000890        0x4 libchip/lib/libchip_sam3s4_rel.a(release-pio_capture.o)
 .bss           0x20000894       0x34 /usr/local/Sourcery/bin/../lib/gcc/arm-none-eabi/4.6.1/../../../../arm-none-eabi/lib/thumb2/libc.a(lib_a-mallocr.o)
                0x20000894                __malloc_top_pad
                0x20000898                __malloc_current_mallinfo
                0x200008c0                __malloc_max_sbrked_mem
                0x200008c4                __malloc_max_total_mem
 *(COMMON)
 COMMON         0x200008c8        0x4 /usr/local/Sourcery/bin/../lib/gcc/arm-none-eabi/4.6.1/../../../../arm-none-eabi/lib/thumb2/libc.a(lib_a-reent.o)
                0x200008c8                errno
                0x200008cc                . = ALIGN (0x4)
                0x200008cc                _ebss = .
                0x200008cc                _ezero = .

.stack          0x200008d0     0x1000 load address 0x0040ac78
                0x200008d0                . = ALIGN (0x8)
 *(.stack .stack.*)
 .stack         0x200008d0     0x1000 build/obj/startup.o
                0x200008d0                pdwStack
                0x200018d0                . = ALIGN (0x4)
                0x200018d0                _end = .
OUTPUT(build/bin/project.elf elf32-littlearm)

.ARM.attributes
                0x00000000       0x29
 .ARM.attributes
                0x00000000       0x1b /usr/local/Sourcery/bin/../lib/gcc/arm-none-eabi/4.6.1/thumb2/crti.o
 .ARM.attributes
                0x0000001b       0x2b /usr/local/Sourcery/bin/../lib/gcc/arm-none-eabi/4.6.1/thumb2/crtbegin.o
 .ARM.attributes
                0x00000046       0x33 build/obj/syscalls.o
 .ARM.attributes
                0x00000079       0x33 build/obj/system.o
 .ARM.attributes
                0x000000ac       0x33 build/obj/uart_console.o
 .ARM.attributes
                0x000000df       0x33 build/obj/usb_console.o
 .ARM.attributes
                0x00000112       0x33 build/obj/led.o
 .ARM.attributes
                0x00000145       0x33 build/obj/timetick.o
 .ARM.attributes
                0x00000178       0x33 build/obj/startup.o
 .ARM.attributes
                0x000001ab       0x33 build/obj/usb_device_descriptor.o
 .ARM.attributes
                0x000001de       0x33 build/obj/main.o
 .ARM.attributes
                0x00000211       0x33 build/obj/controller.o
 .ARM.attributes
                0x00000244       0x33 libusb/lib/libusb_sam3s_rel.a(release-USBD_HAL.o)
 .ARM.attributes
                0x00000277       0x33 libusb/lib/libusb_sam3s_rel.a(release-USBDescriptors.o)
 .ARM.attributes
                0x000002aa       0x33 libusb/lib/libusb_sam3s_rel.a(release-USBD.o)
 .ARM.attributes
                0x000002dd       0x33 libusb/lib/libusb_sam3s_rel.a(release-USBDCallbacks.o)
 .ARM.attributes
                0x00000310       0x33 libusb/lib/libusb_sam3s_rel.a(release-USBDDriver.o)
 .ARM.attributes
                0x00000343       0x33 libusb/lib/libusb_sam3s_rel.a(release-CDCDSerial.o)
 .ARM.attributes
                0x00000376       0x33 libusb/lib/libusb_sam3s_rel.a(release-USBDDriverCallbacks.o)
 .ARM.attributes
                0x000003a9       0x33 libusb/lib/libusb_sam3s_rel.a(release-CDCDSerialDriver.o)
 .ARM.attributes
                0x000003dc       0x33 libusb/lib/libusb_sam3s_rel.a(release-USBRequests.o)
 .ARM.attributes
                0x0000040f       0x33 libusb/lib/libusb_sam3s_rel.a(release-CDCDSerialPort.o)
 .ARM.attributes
                0x00000442       0x33 libusb/lib/libusb_sam3s_rel.a(release-CDCLineCoding.o)
 .ARM.attributes
                0x00000475       0x33 libchip/lib/libchip_sam3s4_rel.a(release-pio_it.o)
 .ARM.attributes
                0x000004a8       0x33 libchip/lib/libchip_sam3s4_rel.a(release-exceptions.o)
 .ARM.attributes
                0x000004db       0x33 libchip/lib/libchip_sam3s4_rel.a(release-adc.o)
 .ARM.attributes
                0x0000050e       0x33 libchip/lib/libchip_sam3s4_rel.a(release-pio.o)
 .ARM.attributes
                0x00000541       0x33 libchip/lib/libchip_sam3s4_rel.a(release-pmc.o)
 .ARM.attributes
                0x00000574       0x33 libchip/lib/libchip_sam3s4_rel.a(release-tc.o)
 .ARM.attributes
                0x000005a7       0x33 libchip/lib/libchip_sam3s4_rel.a(release-pwmc.o)
 .ARM.attributes
                0x000005da       0x33 libchip/lib/libchip_sam3s4_rel.a(release-pio_capture.o)
 .ARM.attributes
                0x0000060d       0x2b /usr/local/Sourcery/bin/../lib/gcc/arm-none-eabi/4.6.1/../../../../arm-none-eabi/lib/thumb2/libc.a(lib_a-assert.o)
 .ARM.attributes
                0x00000638       0x2b /usr/local/Sourcery/bin/../lib/gcc/arm-none-eabi/4.6.1/../../../../arm-none-eabi/lib/thumb2/libc.a(lib_a-fiprintf.o)
 .ARM.attributes
                0x00000663       0x2b /usr/local/Sourcery/bin/../lib/gcc/arm-none-eabi/4.6.1/../../../../arm-none-eabi/lib/thumb2/libc.a(lib_a-gets.o)
 .ARM.attributes
                0x0000068e       0x2b /usr/local/Sourcery/bin/../lib/gcc/arm-none-eabi/4.6.1/../../../../arm-none-eabi/lib/thumb2/libc.a(lib_a-impure.o)
 .ARM.attributes
                0x000006b9       0x2b /usr/local/Sourcery/bin/../lib/gcc/arm-none-eabi/4.6.1/../../../../arm-none-eabi/lib/thumb2/libc.a(lib_a-iprintf.o)
 .ARM.attributes
                0x000006e4       0x2b /usr/local/Sourcery/bin/../lib/gcc/arm-none-eabi/4.6.1/../../../../arm-none-eabi/lib/thumb2/libc.a(lib_a-memcpy.o)
 .ARM.attributes
                0x0000070f       0x2b /usr/local/Sourcery/bin/../lib/gcc/arm-none-eabi/4.6.1/../../../../arm-none-eabi/lib/thumb2/libc.a(lib_a-memmove.o)
 .ARM.attributes
                0x0000073a       0x2b /usr/local/Sourcery/bin/../lib/gcc/arm-none-eabi/4.6.1/../../../../arm-none-eabi/lib/thumb2/libc.a(lib_a-reent.o)
 .ARM.attributes
                0x00000765       0x2b /usr/local/Sourcery/bin/../lib/gcc/arm-none-eabi/4.6.1/../../../../arm-none-eabi/lib/thumb2/libc.a(lib_a-rget.o)
 .ARM.attributes
                0x00000790       0x2b /usr/local/Sourcery/bin/../lib/gcc/arm-none-eabi/4.6.1/../../../../arm-none-eabi/lib/thumb2/libc.a(lib_a-setbuf.o)
 .ARM.attributes
                0x000007bb       0x2b /usr/local/Sourcery/bin/../lib/gcc/arm-none-eabi/4.6.1/../../../../arm-none-eabi/lib/thumb2/libc.a(lib_a-setvbuf.o)
 .ARM.attributes
                0x000007e6       0x2b /usr/local/Sourcery/bin/../lib/gcc/arm-none-eabi/4.6.1/../../../../arm-none-eabi/lib/thumb2/libc.a(lib_a-siscanf.o)
 .ARM.attributes
                0x00000811       0x2b /usr/local/Sourcery/bin/../lib/gcc/arm-none-eabi/4.6.1/../../../../arm-none-eabi/lib/thumb2/libc.a(lib_a-stdio.o)
 .ARM.attributes
                0x0000083c       0x2b /usr/local/Sourcery/bin/../lib/gcc/arm-none-eabi/4.6.1/../../../../arm-none-eabi/lib/thumb2/libc.a(lib_a-strlen.o)
 .ARM.attributes
                0x00000867       0x2b /usr/local/Sourcery/bin/../lib/gcc/arm-none-eabi/4.6.1/../../../../arm-none-eabi/lib/thumb2/libc.a(lib_a-svfiscanf.o)
 .ARM.attributes
                0x00000892       0x2b /usr/local/Sourcery/bin/../lib/gcc/arm-none-eabi/4.6.1/../../../../arm-none-eabi/lib/thumb2/libc.a(lib_a-ungetc.o)
 .ARM.attributes
                0x000008bd       0x2b /usr/local/Sourcery/bin/../lib/gcc/arm-none-eabi/4.6.1/../../../../arm-none-eabi/lib/thumb2/libc.a(lib_a-vfiprintf.o)
 .ARM.attributes
                0x000008e8       0x2b /usr/local/Sourcery/bin/../lib/gcc/arm-none-eabi/4.6.1/../../../../arm-none-eabi/lib/thumb2/libc.a(lib_a-writer.o)
 .ARM.attributes
                0x00000913       0x2b /usr/local/Sourcery/bin/../lib/gcc/arm-none-eabi/4.6.1/../../../../arm-none-eabi/lib/thumb2/libc.a(lib_a-wsetup.o)
 .ARM.attributes
                0x0000093e       0x2b /usr/local/Sourcery/bin/../lib/gcc/arm-none-eabi/4.6.1/../../../../arm-none-eabi/lib/thumb2/libc.a(lib_a-abort.o)
 .ARM.attributes
                0x00000969       0x2b /usr/local/Sourcery/bin/../lib/gcc/arm-none-eabi/4.6.1/../../../../arm-none-eabi/lib/thumb2/libc.a(lib_a-closer.o)
 .ARM.attributes
                0x00000994       0x2b /usr/local/Sourcery/bin/../lib/gcc/arm-none-eabi/4.6.1/../../../../arm-none-eabi/lib/thumb2/libc.a(lib_a-ctype_.o)
 .ARM.attributes
                0x000009bf       0x2b /usr/local/Sourcery/bin/../lib/gcc/arm-none-eabi/4.6.1/../../../../arm-none-eabi/lib/thumb2/libc.a(lib_a-fflush.o)
 .ARM.attributes
                0x000009ea       0x2b /usr/local/Sourcery/bin/../lib/gcc/arm-none-eabi/4.6.1/../../../../arm-none-eabi/lib/thumb2/libc.a(lib_a-findfp.o)
 .ARM.attributes
                0x00000a15       0x2b /usr/local/Sourcery/bin/../lib/gcc/arm-none-eabi/4.6.1/../../../../arm-none-eabi/lib/thumb2/libc.a(lib_a-fputwc.o)
 .ARM.attributes
                0x00000a40       0x2b /usr/local/Sourcery/bin/../lib/gcc/arm-none-eabi/4.6.1/../../../../arm-none-eabi/lib/thumb2/libc.a(lib_a-freer.o)
 .ARM.attributes
                0x00000a6b       0x2b /usr/local/Sourcery/bin/../lib/gcc/arm-none-eabi/4.6.1/../../../../arm-none-eabi/lib/thumb2/libc.a(lib_a-fvwrite.o)
 .ARM.attributes
                0x00000a96       0x2b /usr/local/Sourcery/bin/../lib/gcc/arm-none-eabi/4.6.1/../../../../arm-none-eabi/lib/thumb2/libc.a(lib_a-fwalk.o)
 .ARM.attributes
                0x00000ac1       0x2b /usr/local/Sourcery/bin/../lib/gcc/arm-none-eabi/4.6.1/../../../../arm-none-eabi/lib/thumb2/libc.a(lib_a-iswspace.o)
 .ARM.attributes
                0x00000aec       0x2b /usr/local/Sourcery/bin/../lib/gcc/arm-none-eabi/4.6.1/../../../../arm-none-eabi/lib/thumb2/libc.a(lib_a-locale.o)
 .ARM.attributes
                0x00000b17       0x2b /usr/local/Sourcery/bin/../lib/gcc/arm-none-eabi/4.6.1/../../../../arm-none-eabi/lib/thumb2/libc.a(lib_a-lseekr.o)
 .ARM.attributes
                0x00000b42       0x2b /usr/local/Sourcery/bin/../lib/gcc/arm-none-eabi/4.6.1/../../../../arm-none-eabi/lib/thumb2/libc.a(lib_a-makebuf.o)
 .ARM.attributes
                0x00000b6d       0x2b /usr/local/Sourcery/bin/../lib/gcc/arm-none-eabi/4.6.1/../../../../arm-none-eabi/lib/thumb2/libc.a(lib_a-malloc.o)
 .ARM.attributes
                0x00000b98       0x2b /usr/local/Sourcery/bin/../lib/gcc/arm-none-eabi/4.6.1/../../../../arm-none-eabi/lib/thumb2/libc.a(lib_a-mallocr.o)
 .ARM.attributes
                0x00000bc3       0x2b /usr/local/Sourcery/bin/../lib/gcc/arm-none-eabi/4.6.1/../../../../arm-none-eabi/lib/thumb2/libc.a(lib_a-mbrtowc.o)
 .ARM.attributes
                0x00000bee       0x2b /usr/local/Sourcery/bin/../lib/gcc/arm-none-eabi/4.6.1/../../../../arm-none-eabi/lib/thumb2/libc.a(lib_a-mbtowc_r.o)
 .ARM.attributes
                0x00000c19       0x2b /usr/local/Sourcery/bin/../lib/gcc/arm-none-eabi/4.6.1/../../../../arm-none-eabi/lib/thumb2/libc.a(lib_a-memchr.o)
 .ARM.attributes
                0x00000c44       0x2b /usr/local/Sourcery/bin/../lib/gcc/arm-none-eabi/4.6.1/../../../../arm-none-eabi/lib/thumb2/libc.a(lib_a-memset.o)
 .ARM.attributes
                0x00000c6f       0x2b /usr/local/Sourcery/bin/../lib/gcc/arm-none-eabi/4.6.1/../../../../arm-none-eabi/lib/thumb2/libc.a(lib_a-mlock.o)
 .ARM.attributes
                0x00000c9a       0x2b /usr/local/Sourcery/bin/../lib/gcc/arm-none-eabi/4.6.1/../../../../arm-none-eabi/lib/thumb2/libc.a(lib_a-readr.o)
 .ARM.attributes
                0x00000cc5       0x2b /usr/local/Sourcery/bin/../lib/gcc/arm-none-eabi/4.6.1/../../../../arm-none-eabi/lib/thumb2/libc.a(lib_a-reallocr.o)
 .ARM.attributes
                0x00000cf0       0x2b /usr/local/Sourcery/bin/../lib/gcc/arm-none-eabi/4.6.1/../../../../arm-none-eabi/lib/thumb2/libc.a(lib_a-refill.o)
 .ARM.attributes
                0x00000d1b       0x2b /usr/local/Sourcery/bin/../lib/gcc/arm-none-eabi/4.6.1/../../../../arm-none-eabi/lib/thumb2/libc.a(lib_a-sbrkr.o)
 .ARM.attributes
                0x00000d46       0x2b /usr/local/Sourcery/bin/../lib/gcc/arm-none-eabi/4.6.1/../../../../arm-none-eabi/lib/thumb2/libc.a(lib_a-sccl.o)
 .ARM.attributes
                0x00000d71       0x2b /usr/local/Sourcery/bin/../lib/gcc/arm-none-eabi/4.6.1/../../../../arm-none-eabi/lib/thumb2/libc.a(lib_a-signal.o)
 .ARM.attributes
                0x00000d9c       0x2b /usr/local/Sourcery/bin/../lib/gcc/arm-none-eabi/4.6.1/../../../../arm-none-eabi/lib/thumb2/libc.a(lib_a-signalr.o)
 .ARM.attributes
                0x00000dc7       0x2b /usr/local/Sourcery/bin/../lib/gcc/arm-none-eabi/4.6.1/../../../../arm-none-eabi/lib/thumb2/libc.a(lib_a-strcmp.o)
 .ARM.attributes
                0x00000df2       0x2b /usr/local/Sourcery/bin/../lib/gcc/arm-none-eabi/4.6.1/../../../../arm-none-eabi/lib/thumb2/libc.a(lib_a-strtol.o)
 .ARM.attributes
                0x00000e1d       0x2b /usr/local/Sourcery/bin/../lib/gcc/arm-none-eabi/4.6.1/../../../../arm-none-eabi/lib/thumb2/libc.a(lib_a-strtoll_r.o)
 .ARM.attributes
                0x00000e48       0x2b /usr/local/Sourcery/bin/../lib/gcc/arm-none-eabi/4.6.1/../../../../arm-none-eabi/lib/thumb2/libc.a(lib_a-strtoul.o)
 .ARM.attributes
                0x00000e73       0x2b /usr/local/Sourcery/bin/../lib/gcc/arm-none-eabi/4.6.1/../../../../arm-none-eabi/lib/thumb2/libc.a(lib_a-strtoull_r.o)
 .ARM.attributes
                0x00000e9e       0x2b /usr/local/Sourcery/bin/../lib/gcc/arm-none-eabi/4.6.1/../../../../arm-none-eabi/lib/thumb2/libc.a(lib_a-wbuf.o)
 .ARM.attributes
                0x00000ec9       0x2b /usr/local/Sourcery/bin/../lib/gcc/arm-none-eabi/4.6.1/../../../../arm-none-eabi/lib/thumb2/libc.a(lib_a-wcrtomb.o)
 .ARM.attributes
                0x00000ef4       0x2b /usr/local/Sourcery/bin/../lib/gcc/arm-none-eabi/4.6.1/../../../../arm-none-eabi/lib/thumb2/libc.a(lib_a-wctomb_r.o)
 .ARM.attributes
                0x00000f1f       0x2b /usr/local/Sourcery/bin/../lib/gcc/arm-none-eabi/4.6.1/../../../../arm-none-eabi/lib/thumb2/libc.a(lib_a-fclose.o)
 .ARM.attributes
                0x00000f4a       0x2b /usr/local/Sourcery/bin/../lib/gcc/arm-none-eabi/4.6.1/../../../../arm-none-eabi/lib/thumb2/libc.a(lib_a-fstatr.o)
 .ARM.attributes
                0x00000f75       0x2b /usr/local/Sourcery/bin/../lib/gcc/arm-none-eabi/4.6.1/../../../../arm-none-eabi/lib/thumb2/libc.a(lib_a-isattyr.o)
 .ARM.attributes
                0x00000fa0       0x1b /usr/local/Sourcery/bin/../lib/gcc/arm-none-eabi/4.6.1/thumb2/libgcc.a(_udivsi3.o)
 .ARM.attributes
                0x00000fbb       0x1b /usr/local/Sourcery/bin/../lib/gcc/arm-none-eabi/4.6.1/thumb2/libgcc.a(_dvmd_tls.o)
 .ARM.attributes
                0x00000fd6       0x1b /usr/local/Sourcery/bin/../lib/gcc/arm-none-eabi/4.6.1/thumb2/libgcc.a(_aeabi_uldivmod.o)
 .ARM.attributes
                0x00000ff1       0x2b /usr/local/Sourcery/bin/../lib/gcc/arm-none-eabi/4.6.1/thumb2/libgcc.a(bpabi.o)
 .ARM.attributes
                0x0000101c       0x2b /usr/local/Sourcery/bin/../lib/gcc/arm-none-eabi/4.6.1/thumb2/libgcc.a(_divdi3.o)
 .ARM.attributes
                0x00001047       0x2b /usr/local/Sourcery/bin/../lib/gcc/arm-none-eabi/4.6.1/thumb2/libgcc.a(_udivdi3.o)
 .ARM.attributes
                0x00001072       0x1b /usr/local/Sourcery/bin/../lib/gcc/arm-none-eabi/4.6.1/thumb2/crtn.o

.comment        0x00000000       0x30
 .comment       0x00000000       0x30 build/obj/syscalls.o
                                 0x31 (size before relaxing)
 .comment       0x00000000       0x31 build/obj/system.o
 .comment       0x00000000       0x31 build/obj/uart_console.o
 .comment       0x00000000       0x31 build/obj/usb_console.o
 .comment       0x00000000       0x31 build/obj/led.o
 .comment       0x00000000       0x31 build/obj/timetick.o
 .comment       0x00000000       0x31 build/obj/startup.o
 .comment       0x00000000       0x31 build/obj/usb_device_descriptor.o
 .comment       0x00000000       0x31 build/obj/main.o
 .comment       0x00000000       0x31 build/obj/controller.o
 .comment       0x00000000       0x31 libusb/lib/libusb_sam3s_rel.a(release-USBD_HAL.o)
 .comment       0x00000000       0x31 libusb/lib/libusb_sam3s_rel.a(release-USBDescriptors.o)
 .comment       0x00000000       0x31 libusb/lib/libusb_sam3s_rel.a(release-USBD.o)
 .comment       0x00000000       0x31 libusb/lib/libusb_sam3s_rel.a(release-USBDCallbacks.o)
 .comment       0x00000000       0x31 libusb/lib/libusb_sam3s_rel.a(release-USBDDriver.o)
 .comment       0x00000000       0x31 libusb/lib/libusb_sam3s_rel.a(release-CDCDSerial.o)
 .comment       0x00000000       0x31 libusb/lib/libusb_sam3s_rel.a(release-USBDDriverCallbacks.o)
 .comment       0x00000000       0x31 libusb/lib/libusb_sam3s_rel.a(release-CDCDSerialDriver.o)
 .comment       0x00000000       0x31 libusb/lib/libusb_sam3s_rel.a(release-USBRequests.o)
 .comment       0x00000000       0x31 libusb/lib/libusb_sam3s_rel.a(release-CDCDSerialPort.o)
 .comment       0x00000000       0x31 libusb/lib/libusb_sam3s_rel.a(release-CDCLineCoding.o)
 .comment       0x00000000       0x31 libchip/lib/libchip_sam3s4_rel.a(release-pio_it.o)
 .comment       0x00000000       0x31 libchip/lib/libchip_sam3s4_rel.a(release-exceptions.o)
 .comment       0x00000000       0x31 libchip/lib/libchip_sam3s4_rel.a(release-adc.o)
 .comment       0x00000000       0x31 libchip/lib/libchip_sam3s4_rel.a(release-pio.o)
 .comment       0x00000000       0x31 libchip/lib/libchip_sam3s4_rel.a(release-pmc.o)
 .comment       0x00000000       0x31 libchip/lib/libchip_sam3s4_rel.a(release-tc.o)
 .comment       0x00000000       0x31 libchip/lib/libchip_sam3s4_rel.a(release-pwmc.o)
 .comment       0x00000000       0x31 libchip/lib/libchip_sam3s4_rel.a(release-pio_capture.o)

.debug_info     0x00000000    0x120c3
 .debug_info    0x00000000      0x4e1 build/obj/syscalls.o
 .debug_info    0x000004e1      0x3e9 build/obj/system.o
 .debug_info    0x000008ca      0xbfa build/obj/uart_console.o
 .debug_info    0x000014c4     0x1b58 build/obj/usb_console.o
 .debug_info    0x0000301c     0x1009 build/obj/led.o
 .debug_info    0x00004025      0x649 build/obj/timetick.o
 .debug_info    0x0000466e      0x37b build/obj/startup.o
 .debug_info    0x000049e9      0x7bd build/obj/usb_device_descriptor.o
 .debug_info    0x000051a6     0x1a0a build/obj/main.o
 .debug_info    0x00006bb0      0x398 build/obj/controller.o
 .debug_info    0x00006f48     0x2144 libusb/lib/libusb_sam3s_rel.a(release-USBD_HAL.o)
 .debug_info    0x0000908c      0x5c9 libusb/lib/libusb_sam3s_rel.a(release-USBDescriptors.o)
 .debug_info    0x00009655      0xd8c libusb/lib/libusb_sam3s_rel.a(release-USBD.o)
 .debug_info    0x0000a3e1      0x181 libusb/lib/libusb_sam3s_rel.a(release-USBDCallbacks.o)
 .debug_info    0x0000a562     0x13d8 libusb/lib/libusb_sam3s_rel.a(release-USBDDriver.o)
 .debug_info    0x0000b93a      0x9c5 libusb/lib/libusb_sam3s_rel.a(release-CDCDSerial.o)
 .debug_info    0x0000c2ff       0xd7 libusb/lib/libusb_sam3s_rel.a(release-USBDDriverCallbacks.o)
 .debug_info    0x0000c3d6      0x563 libusb/lib/libusb_sam3s_rel.a(release-CDCDSerialDriver.o)
 .debug_info    0x0000c939      0x3cd libusb/lib/libusb_sam3s_rel.a(release-USBRequests.o)
 .debug_info    0x0000cd06      0xc73 libusb/lib/libusb_sam3s_rel.a(release-CDCDSerialPort.o)
 .debug_info    0x0000d979      0x140 libusb/lib/libusb_sam3s_rel.a(release-CDCLineCoding.o)
 .debug_info    0x0000dab9      0xe46 libchip/lib/libchip_sam3s4_rel.a(release-pio_it.o)
 .debug_info    0x0000e8ff      0x3f0 libchip/lib/libchip_sam3s4_rel.a(release-exceptions.o)
 .debug_info    0x0000ecef      0xaa1 libchip/lib/libchip_sam3s4_rel.a(release-adc.o)
 .debug_info    0x0000f790      0xa6c libchip/lib/libchip_sam3s4_rel.a(release-pio.o)
 .debug_info    0x000101fc      0x44d libchip/lib/libchip_sam3s4_rel.a(release-pmc.o)
 .debug_info    0x00010649      0x488 libchip/lib/libchip_sam3s4_rel.a(release-tc.o)
 .debug_info    0x00010ad1      0xe17 libchip/lib/libchip_sam3s4_rel.a(release-pwmc.o)
 .debug_info    0x000118e8      0x7db libchip/lib/libchip_sam3s4_rel.a(release-pio_capture.o)

.debug_abbrev   0x00000000     0x2d12
 .debug_abbrev  0x00000000      0x10f build/obj/syscalls.o
 .debug_abbrev  0x0000010f       0xfb build/obj/system.o
 .debug_abbrev  0x0000020a      0x14f build/obj/uart_console.o
 .debug_abbrev  0x00000359      0x2f9 build/obj/usb_console.o
 .debug_abbrev  0x00000652      0x1d2 build/obj/led.o
 .debug_abbrev  0x00000824      0x1c3 build/obj/timetick.o
 .debug_abbrev  0x000009e7       0xf6 build/obj/startup.o
 .debug_abbrev  0x00000add       0xdc build/obj/usb_device_descriptor.o
 .debug_abbrev  0x00000bb9      0x2a0 build/obj/main.o
 .debug_abbrev  0x00000e59      0x161 build/obj/controller.o
 .debug_abbrev  0x00000fba      0x3c3 libusb/lib/libusb_sam3s_rel.a(release-USBD_HAL.o)
 .debug_abbrev  0x0000137d      0x10a libusb/lib/libusb_sam3s_rel.a(release-USBDescriptors.o)
 .debug_abbrev  0x00001487      0x265 libusb/lib/libusb_sam3s_rel.a(release-USBD.o)
 .debug_abbrev  0x000016ec       0xb3 libusb/lib/libusb_sam3s_rel.a(release-USBDCallbacks.o)
 .debug_abbrev  0x0000179f      0x309 libusb/lib/libusb_sam3s_rel.a(release-USBDDriver.o)
 .debug_abbrev  0x00001aa8      0x192 libusb/lib/libusb_sam3s_rel.a(release-CDCDSerial.o)
 .debug_abbrev  0x00001c3a       0x74 libusb/lib/libusb_sam3s_rel.a(release-USBDDriverCallbacks.o)
 .debug_abbrev  0x00001cae       0xf6 libusb/lib/libusb_sam3s_rel.a(release-CDCDSerialDriver.o)
 .debug_abbrev  0x00001da4       0xd0 libusb/lib/libusb_sam3s_rel.a(release-USBRequests.o)
 .debug_abbrev  0x00001e74      0x264 libusb/lib/libusb_sam3s_rel.a(release-CDCDSerialPort.o)
 .debug_abbrev  0x000020d8       0x95 libusb/lib/libusb_sam3s_rel.a(release-CDCLineCoding.o)
 .debug_abbrev  0x0000216d      0x256 libchip/lib/libchip_sam3s4_rel.a(release-pio_it.o)
 .debug_abbrev  0x000023c3       0x6e libchip/lib/libchip_sam3s4_rel.a(release-exceptions.o)
 .debug_abbrev  0x00002431      0x1d3 libchip/lib/libchip_sam3s4_rel.a(release-adc.o)
 .debug_abbrev  0x00002604      0x1d5 libchip/lib/libchip_sam3s4_rel.a(release-pio.o)
 .debug_abbrev  0x000027d9       0xf4 libchip/lib/libchip_sam3s4_rel.a(release-pmc.o)
 .debug_abbrev  0x000028cd      0x131 libchip/lib/libchip_sam3s4_rel.a(release-tc.o)
 .debug_abbrev  0x000029fe      0x1b7 libchip/lib/libchip_sam3s4_rel.a(release-pwmc.o)
 .debug_abbrev  0x00002bb5      0x15d libchip/lib/libchip_sam3s4_rel.a(release-pio_capture.o)

.debug_loc      0x00000000     0x53fd
 .debug_loc     0x00000000      0x25c build/obj/syscalls.o
 .debug_loc     0x0000025c       0x64 build/obj/system.o
 .debug_loc     0x000002c0      0x150 build/obj/uart_console.o
 .debug_loc     0x00000410      0x39c build/obj/usb_console.o
 .debug_loc     0x000007ac      0x294 build/obj/led.o
 .debug_loc     0x00000a40      0x19c build/obj/timetick.o
 .debug_loc     0x00000bdc       0x38 build/obj/startup.o
 .debug_loc     0x00000c14      0x1b6 build/obj/main.o
 .debug_loc     0x00000dca      0x150 build/obj/controller.o
 .debug_loc     0x00000f1a     0x1666 libusb/lib/libusb_sam3s_rel.a(release-USBD_HAL.o)
 .debug_loc     0x00002580      0x2fe libusb/lib/libusb_sam3s_rel.a(release-USBDescriptors.o)
 .debug_loc     0x0000287e      0x3db libusb/lib/libusb_sam3s_rel.a(release-USBD.o)
 .debug_loc     0x00002c59       0x3e libusb/lib/libusb_sam3s_rel.a(release-USBDCallbacks.o)
 .debug_loc     0x00002c97      0x776 libusb/lib/libusb_sam3s_rel.a(release-USBDDriver.o)
 .debug_loc     0x0000340d      0x369 libusb/lib/libusb_sam3s_rel.a(release-CDCDSerial.o)
 .debug_loc     0x00003776       0xfe libusb/lib/libusb_sam3s_rel.a(release-CDCDSerialDriver.o)
 .debug_loc     0x00003874      0x250 libusb/lib/libusb_sam3s_rel.a(release-USBRequests.o)
 .debug_loc     0x00003ac4      0x548 libusb/lib/libusb_sam3s_rel.a(release-CDCDSerialPort.o)
 .debug_loc     0x0000400c       0x1f libusb/lib/libusb_sam3s_rel.a(release-CDCLineCoding.o)
 .debug_loc     0x0000402b      0x2e3 libchip/lib/libchip_sam3s4_rel.a(release-pio_it.o)
 .debug_loc     0x0000430e      0x43d libchip/lib/libchip_sam3s4_rel.a(release-adc.o)
 .debug_loc     0x0000474b      0x24d libchip/lib/libchip_sam3s4_rel.a(release-pio.o)
 .debug_loc     0x00004998      0x102 libchip/lib/libchip_sam3s4_rel.a(release-pmc.o)
 .debug_loc     0x00004a9a      0x1b9 libchip/lib/libchip_sam3s4_rel.a(release-tc.o)
 .debug_loc     0x00004c53      0x717 libchip/lib/libchip_sam3s4_rel.a(release-pwmc.o)
 .debug_loc     0x0000536a       0x93 libchip/lib/libchip_sam3s4_rel.a(release-pio_capture.o)

.debug_aranges  0x00000000      0xc08
 .debug_aranges
                0x00000000       0x70 build/obj/syscalls.o
 .debug_aranges
                0x00000070       0x28 build/obj/system.o
 .debug_aranges
                0x00000098       0x48 build/obj/uart_console.o
 .debug_aranges
                0x000000e0       0xa8 build/obj/usb_console.o
 .debug_aranges
                0x00000188       0x78 build/obj/led.o
 .debug_aranges
                0x00000200       0x58 build/obj/timetick.o
 .debug_aranges
                0x00000258       0x20 build/obj/startup.o
 .debug_aranges
                0x00000278       0x58 build/obj/main.o
 .debug_aranges
                0x000002d0       0x48 build/obj/controller.o
 .debug_aranges
                0x00000318       0xd8 libusb/lib/libusb_sam3s_rel.a(release-USBD_HAL.o)
 .debug_aranges
                0x000003f0       0x80 libusb/lib/libusb_sam3s_rel.a(release-USBDescriptors.o)
 .debug_aranges
                0x00000470       0xb0 libusb/lib/libusb_sam3s_rel.a(release-USBD.o)
 .debug_aranges
                0x00000520       0x40 libusb/lib/libusb_sam3s_rel.a(release-USBDCallbacks.o)
 .debug_aranges
                0x00000560       0x58 libusb/lib/libusb_sam3s_rel.a(release-USBDDriver.o)
 .debug_aranges
                0x000005b8       0x78 libusb/lib/libusb_sam3s_rel.a(release-CDCDSerial.o)
 .debug_aranges
                0x00000630       0x28 libusb/lib/libusb_sam3s_rel.a(release-USBDDriverCallbacks.o)
 .debug_aranges
                0x00000658       0x30 libusb/lib/libusb_sam3s_rel.a(release-CDCDSerialDriver.o)
 .debug_aranges
                0x00000688       0x98 libusb/lib/libusb_sam3s_rel.a(release-USBRequests.o)
 .debug_aranges
                0x00000720       0x70 libusb/lib/libusb_sam3s_rel.a(release-CDCDSerialPort.o)
 .debug_aranges
                0x00000790       0x20 libusb/lib/libusb_sam3s_rel.a(release-CDCLineCoding.o)
 .debug_aranges
                0x000007b0       0x60 libchip/lib/libchip_sam3s4_rel.a(release-pio_it.o)
 .debug_aranges
                0x00000810      0x168 libchip/lib/libchip_sam3s4_rel.a(release-exceptions.o)
 .debug_aranges
                0x00000978       0xa0 libchip/lib/libchip_sam3s4_rel.a(release-adc.o)
 .debug_aranges
                0x00000a18       0x48 libchip/lib/libchip_sam3s4_rel.a(release-pio.o)
 .debug_aranges
                0x00000a60       0x40 libchip/lib/libchip_sam3s4_rel.a(release-pmc.o)
 .debug_aranges
                0x00000aa0       0x38 libchip/lib/libchip_sam3s4_rel.a(release-tc.o)
 .debug_aranges
                0x00000ad8       0xe8 libchip/lib/libchip_sam3s4_rel.a(release-pwmc.o)
 .debug_aranges
                0x00000bc0       0x48 libchip/lib/libchip_sam3s4_rel.a(release-pio_capture.o)

.debug_ranges   0x00000000      0xd38
 .debug_ranges  0x00000000       0x60 build/obj/syscalls.o
 .debug_ranges  0x00000060       0x18 build/obj/system.o
 .debug_ranges  0x00000078       0x38 build/obj/uart_console.o
 .debug_ranges  0x000000b0       0x98 build/obj/usb_console.o
 .debug_ranges  0x00000148       0x68 build/obj/led.o
 .debug_ranges  0x000001b0       0x48 build/obj/timetick.o
 .debug_ranges  0x000001f8       0x10 build/obj/startup.o
 .debug_ranges  0x00000208       0x48 build/obj/main.o
 .debug_ranges  0x00000250       0x38 build/obj/controller.o
 .debug_ranges  0x00000288      0x308 libusb/lib/libusb_sam3s_rel.a(release-USBD_HAL.o)
 .debug_ranges  0x00000590       0x88 libusb/lib/libusb_sam3s_rel.a(release-USBDescriptors.o)
 .debug_ranges  0x00000618       0xa0 libusb/lib/libusb_sam3s_rel.a(release-USBD.o)
 .debug_ranges  0x000006b8       0x30 libusb/lib/libusb_sam3s_rel.a(release-USBDCallbacks.o)
 .debug_ranges  0x000006e8       0x78 libusb/lib/libusb_sam3s_rel.a(release-USBDDriver.o)
 .debug_ranges  0x00000760       0x68 libusb/lib/libusb_sam3s_rel.a(release-CDCDSerial.o)
 .debug_ranges  0x000007c8       0x18 libusb/lib/libusb_sam3s_rel.a(release-USBDDriverCallbacks.o)
 .debug_ranges  0x000007e0       0x20 libusb/lib/libusb_sam3s_rel.a(release-CDCDSerialDriver.o)
 .debug_ranges  0x00000800       0x88 libusb/lib/libusb_sam3s_rel.a(release-USBRequests.o)
 .debug_ranges  0x00000888       0x78 libusb/lib/libusb_sam3s_rel.a(release-CDCDSerialPort.o)
 .debug_ranges  0x00000900       0x10 libusb/lib/libusb_sam3s_rel.a(release-CDCLineCoding.o)
 .debug_ranges  0x00000910       0x88 libchip/lib/libchip_sam3s4_rel.a(release-pio_it.o)
 .debug_ranges  0x00000998      0x158 libchip/lib/libchip_sam3s4_rel.a(release-exceptions.o)
 .debug_ranges  0x00000af0       0x90 libchip/lib/libchip_sam3s4_rel.a(release-adc.o)
 .debug_ranges  0x00000b80       0x50 libchip/lib/libchip_sam3s4_rel.a(release-pio.o)
 .debug_ranges  0x00000bd0       0x30 libchip/lib/libchip_sam3s4_rel.a(release-pmc.o)
 .debug_ranges  0x00000c00       0x28 libchip/lib/libchip_sam3s4_rel.a(release-tc.o)
 .debug_ranges  0x00000c28       0xd8 libchip/lib/libchip_sam3s4_rel.a(release-pwmc.o)
 .debug_ranges  0x00000d00       0x38 libchip/lib/libchip_sam3s4_rel.a(release-pio_capture.o)

.debug_line     0x00000000     0x3d58
 .debug_line    0x00000000      0x1b7 build/obj/syscalls.o
 .debug_line    0x000001b7      0x155 build/obj/system.o
 .debug_line    0x0000030c      0x180 build/obj/uart_console.o
 .debug_line    0x0000048c      0x3de build/obj/usb_console.o
 .debug_line    0x0000086a      0x213 build/obj/led.o
 .debug_line    0x00000a7d      0x184 build/obj/timetick.o
 .debug_line    0x00000c01      0x105 build/obj/startup.o
 .debug_line    0x00000d06      0x11c build/obj/usb_device_descriptor.o
 .debug_line    0x00000e22      0x34d build/obj/main.o
 .debug_line    0x0000116f      0x1ab build/obj/controller.o
 .debug_line    0x0000131a      0x72d libusb/lib/libusb_sam3s_rel.a(release-USBD_HAL.o)
 .debug_line    0x00001a47      0x1d4 libusb/lib/libusb_sam3s_rel.a(release-USBDescriptors.o)
 .debug_line    0x00001c1b      0x31f libusb/lib/libusb_sam3s_rel.a(release-USBD.o)
 .debug_line    0x00001f3a      0x10a libusb/lib/libusb_sam3s_rel.a(release-USBDCallbacks.o)
 .debug_line    0x00002044      0x313 libusb/lib/libusb_sam3s_rel.a(release-USBDDriver.o)
 .debug_line    0x00002357      0x1f8 libusb/lib/libusb_sam3s_rel.a(release-CDCDSerial.o)
 .debug_line    0x0000254f       0xc3 libusb/lib/libusb_sam3s_rel.a(release-USBDDriverCallbacks.o)
 .debug_line    0x00002612      0x120 libusb/lib/libusb_sam3s_rel.a(release-CDCDSerialDriver.o)
 .debug_line    0x00002732      0x1ce libusb/lib/libusb_sam3s_rel.a(release-USBRequests.o)
 .debug_line    0x00002900      0x25b libusb/lib/libusb_sam3s_rel.a(release-CDCDSerialPort.o)
 .debug_line    0x00002b5b       0xca libusb/lib/libusb_sam3s_rel.a(release-CDCLineCoding.o)
 .debug_line    0x00002c25      0x285 libchip/lib/libchip_sam3s4_rel.a(release-pio_it.o)
 .debug_line    0x00002eaa      0x2e8 libchip/lib/libchip_sam3s4_rel.a(release-exceptions.o)
 .debug_line    0x00003192      0x264 libchip/lib/libchip_sam3s4_rel.a(release-adc.o)
 .debug_line    0x000033f6      0x1bf libchip/lib/libchip_sam3s4_rel.a(release-pio.o)