Archive member included because of file (symbol)

libusb/lib/libusb_sam3s_rel.a(release-USBD_HAL.o)
                              build/obj/startup.o (USBD_IrqHandler)
libusb/lib/libusb_sam3s_rel.a(release-USBDescriptors.o)
                              libusb/lib/libusb_sam3s_rel.a(release-USBD_HAL.o) (USBEndpointDescriptor_GetNumber)
libusb/lib/libusb_sam3s_rel.a(release-USBD.o)
                              libusb/lib/libusb_sam3s_rel.a(release-USBD_HAL.o) (USBD_SuspendHandler)
libusb/lib/libusb_sam3s_rel.a(release-USBDCallbacks.o)
                              libusb/lib/libusb_sam3s_rel.a(release-USBD.o) (USBDCallbacks_Reset)
libusb/lib/libusb_sam3s_rel.a(release-USBDDriver.o)
                              libusb/lib/libusb_sam3s_rel.a(release-USBDCallbacks.o) (USBD_GetDriver)
libusb/lib/libusb_sam3s_rel.a(release-CDCDSerial.o)
                              build/obj/usb_console.o (CDCDSerial_Read)
libusb/lib/libusb_sam3s_rel.a(release-USBDDriverCallbacks.o)
                              libusb/lib/libusb_sam3s_rel.a(release-USBDDriver.o) (USBDDriverCallbacks_InterfaceSettingChanged)
libusb/lib/libusb_sam3s_rel.a(release-CDCDSerialDriver.o)
                              build/obj/usb_console.o (CDCDSerialDriver_Initialize)
libusb/lib/libusb_sam3s_rel.a(release-USBRequests.o)
                              libusb/lib/libusb_sam3s_rel.a(release-USBDDriver.o) (USBGenericRequest_GetRequest)
libusb/lib/libusb_sam3s_rel.a(release-CDCDSerialPort.o)
                              libusb/lib/libusb_sam3s_rel.a(release-CDCDSerial.o) (CDCDSerialPort_Initialize)
libusb/lib/libusb_sam3s_rel.a(release-CDCLineCoding.o)
                              libusb/lib/libusb_sam3s_rel.a(release-CDCDSerialPort.o) (CDCLineCoding_Initialize)
libchip/lib/libchip_sam3s4_rel.a(release-pio_it.o)
                              build/obj/startup.o (PIOA_IrqHandler)
libchip/lib/libchip_sam3s4_rel.a(release-exceptions.o)
                              build/obj/startup.o (IrqHandlerNotUsed)
libchip/lib/libchip_sam3s4_rel.a(release-adc.o)
                              build/obj/main.o (ADC_Initialize)
libchip/lib/libchip_sam3s4_rel.a(release-pio.o)
                              build/obj/uart_console.o (PIO_Configure)
libchip/lib/libchip_sam3s4_rel.a(release-pmc.o)
                              build/obj/main.o (PMC_EnablePeripheral)
libchip/lib/libchip_sam3s4_rel.a(release-tc.o)
                              build/obj/led.o (TC_Configure)
libchip/lib/libchip_sam3s4_rel.a(release-pio_capture.o)
                              libchip/lib/libchip_sam3s4_rel.a(release-pio_it.o) (PIO_CaptureHandler)
/usr/local/Sourcery/bin/../lib/gcc/arm-none-eabi/4.6.1/../../../../arm-none-eabi/lib/thumb2/libc.a(lib_a-assert.o)
                              build/obj/led.o (__assert_func)
/usr/local/Sourcery/bin/../lib/gcc/arm-none-eabi/4.6.1/../../../../arm-none-eabi/lib/thumb2/libc.a(lib_a-fiprintf.o)
                              build/obj/usb_console.o (fiprintf)
/usr/local/Sourcery/bin/../lib/gcc/arm-none-eabi/4.6.1/../../../../arm-none-eabi/lib/thumb2/libc.a(lib_a-gets.o)
                              build/obj/main.o (gets)
/usr/local/Sourcery/bin/../lib/gcc/arm-none-eabi/4.6.1/../../../../arm-none-eabi/lib/thumb2/libc.a(lib_a-impure.o)
                              build/obj/usb_console.o (_impure_ptr)
/usr/local/Sourcery/bin/../lib/gcc/arm-none-eabi/4.6.1/../../../../arm-none-eabi/lib/thumb2/libc.a(lib_a-iprintf.o)
                              build/obj/syscalls.o (iprintf)
/usr/local/Sourcery/bin/../lib/gcc/arm-none-eabi/4.6.1/../../../../arm-none-eabi/lib/thumb2/libc.a(lib_a-memcpy.o)
                              build/obj/usb_console.o (memcpy)
/usr/local/Sourcery/bin/../lib/gcc/arm-none-eabi/4.6.1/../../../../arm-none-eabi/lib/thumb2/libc.a(lib_a-memmove.o)
                              build/obj/usb_console.o (memmove)
/usr/local/Sourcery/bin/../lib/gcc/arm-none-eabi/4.6.1/../../../../arm-none-eabi/lib/thumb2/libc.a(lib_a-reent.o)
                              build/obj/syscalls.o (errno)
/usr/local/Sourcery/bin/../lib/gcc/arm-none-eabi/4.6.1/../../../../arm-none-eabi/lib/thumb2/libc.a(lib_a-rget.o)
                              /usr/local/Sourcery/bin/../lib/gcc/arm-none-eabi/4.6.1/../../../../arm-none-eabi/lib/thumb2/libc.a(lib_a-gets.o) (__srget_r)
/usr/local/Sourcery/bin/../lib/gcc/arm-none-eabi/4.6.1/../../../../arm-none-eabi/lib/thumb2/libc.a(lib_a-setbuf.o)
                              build/obj/main.o (setbuf)
/usr/local/Sourcery/bin/../lib/gcc/arm-none-eabi/4.6.1/../../../../arm-none-eabi/lib/thumb2/libc.a(lib_a-setvbuf.o)
                              /usr/local/Sourcery/bin/../lib/gcc/arm-none-eabi/4.6.1/../../../../arm-none-eabi/lib/thumb2/libc.a(lib_a-setbuf.o) (setvbuf)
/usr/local/Sourcery/bin/../lib/gcc/arm-none-eabi/4.6.1/../../../../arm-none-eabi/lib/thumb2/libc.a(lib_a-siscanf.o)
                              build/obj/main.o (siscanf)
[...]
Memory Configuration

Name             Origin             Length             Attributes
rom              0x00400000         0x00040000         xr
ram              0x20000000         0x0000c000         xrw
*default*        0x00000000         0xffffffff

Linker script and memory map

LOAD /usr/local/Sourcery/bin/../lib/gcc/arm-none-eabi/4.6.1/thumb2/crti.o
LOAD /usr/local/Sourcery/bin/../lib/gcc/arm-none-eabi/4.6.1/thumb2/crtbegin.o
START GROUP
LOAD /usr/local/Sourcery/bin/../lib/gcc/arm-none-eabi/4.6.1/thumb2/libgcc.a
LOAD /usr/local/Sourcery/bin/../lib/gcc/arm-none-eabi/4.6.1/../../../../arm-none-eabi/lib/thumb2/libc.a
END GROUP
LOAD build/obj/syscalls.o
LOAD build/obj/system.o
LOAD build/obj/uart_console.o
LOAD build/obj/usb_console.o
LOAD build/obj/led.o
LOAD build/obj/timetick.o
LOAD build/obj/startup.o
LOAD build/obj/usb_device_descriptor.o
LOAD build/obj/main.o
LOAD libusb/lib/libusb_sam3s_rel.a
LOAD libchip/lib/libchip_sam3s4_rel.a
START GROUP
LOAD /usr/local/Sourcery/bin/../lib/gcc/arm-none-eabi/4.6.1/thumb2/libgcc.a
LOAD /usr/local/Sourcery/bin/../lib/gcc/arm-none-eabi/4.6.1/../../../../arm-none-eabi/lib/thumb2/libc.a
END GROUP
LOAD /usr/local/Sourcery/bin/../lib/gcc/arm-none-eabi/4.6.1/thumb2/crtend.o
LOAD /usr/local/Sourcery/bin/../lib/gcc/arm-none-eabi/4.6.1/thumb2/crtn.o

.text           0x00400000     0x9470
                0x00400000                . = ALIGN (0x4)
                0x00400000                _sfixed = .
 *(.vectors .vectors.*)
 .vectors       0x00400000       0xd0 build/obj/startup.o
                0x00400000                exception_table
 *(.text .text.* .gnu.linkonce.t.*)
 .text          0x004000d0       0x68 /usr/local/Sourcery/bin/../lib/gcc/arm-none-eabi/4.6.1/thumb2/crtbegin.o
 .text._read    0x00400138       0x54 build/obj/syscalls.o
                0x00400138                _read
 .text._write   0x0040018c       0x54 build/obj/syscalls.o
                0x0040018c                _write
 .text._sbrk    0x004001e0       0x5c build/obj/syscalls.o
                0x004001e0                _sbrk
 .text._isatty  0x0040023c       0x28 build/obj/syscalls.o
                0x0040023c                _isatty
 .text._exit    0x00400264       0x18 build/obj/syscalls.o
                0x00400264                _exit
 .text._lseek   0x0040027c       0x1c build/obj/syscalls.o
                0x0040027c                _lseek
 .text._kill    0x00400298       0x28 build/obj/syscalls.o
                0x00400298                _kill
 .text._getpid  0x004002c0       0x10 build/obj/syscalls.o
                0x004002c0                _getpid
 .text._close   0x004002d0       0x18 build/obj/syscalls.o
                0x004002d0                _close
 .text._fstat   0x004002e8       0x24 build/obj/syscalls.o
                0x004002e8                _fstat
 .text.SystemCoreClockUpdate
                0x0040030c       0x1c build/obj/system.o
                0x0040030c                SystemCoreClockUpdate
 .text.SystemInit
                0x00400328      0x1dc build/obj/system.o
                0x00400328                SystemInit
 .text.UART_Configure
                0x00400504       0x8c build/obj/uart_console.o
                0x00400504                UART_Configure
 .text.UART_Put
                0x00400590       0x78 build/obj/uart_console.o
                0x00400590                UART_Put
 .text.UART_Get
                0x00400608       0x70 build/obj/uart_console.o
                0x00400608                UART_Get
 .text.UART_Puts
                0x00400678       0x50 build/obj/uart_console.o
                0x00400678                UART_Puts
 .text.UART_Gets
                0x004006c8       0x54 build/obj/uart_console.o
                0x004006c8                UART_Gets
 .text.CDCDSerialDriver_Write
                0x0040071c       0x28 build/obj/usb_console.o
 .text.CDCDSerialDriver_Read
                0x00400744       0x28 build/obj/usb_console.o
 .text.NVIC_EnableIRQ
                0x0040076c       0x38 build/obj/usb_console.o
 .text.ISR_Vbus
                0x004007a4       0x60 build/obj/usb_console.o
 .text.VBus_Configure
                0x00400804       0x54 build/obj/usb_console.o
 .text.ConfigureUsbClock
                0x00400858       0x40 build/obj/usb_console.o
 .text.USBDCallbacks_Initialized
                0x00400898       0x10 build/obj/usb_console.o
                0x00400898                USBDCallbacks_Initialized
 .text.USBDDriverCallbacks_ConfigurationChanged
                0x004008a8       0x1c build/obj/usb_console.o
                0x004008a8                USBDDriverCallbacks_ConfigurationChanged
 .text.USBDCallbacks_RequestReceived
                0x004008c4       0x18 build/obj/usb_console.o
                0x004008c4                USBDCallbacks_RequestReceived
 .text.UsbWriteDone
                0x004008dc       0x48 build/obj/usb_console.o
 .text.UsbReadDone
                0x00400924       0x48 build/obj/usb_console.o
 .text.USBC_isConfigured
                0x0040096c       0x68 build/obj/usb_console.o
                0x0040096c                USBC_isConfigured
 .text.USBC_hasData
                0x004009d4       0x20 build/obj/usb_console.o
                0x004009d4                USBC_hasData
 .text.USBC_Configure
                0x004009f4       0x3c build/obj/usb_console.o
                0x004009f4                USBC_Configure
 .text.USBC_StartListening
                0x00400a30       0x50 build/obj/usb_console.o
                0x00400a30                USBC_StartListening
 .text.USBC_Gets
                0x00400a80      0x100 build/obj/usb_console.o
                0x00400a80                USBC_Gets
 .text.USBC_Puts
                0x00400b80       0xb8 build/obj/usb_console.o
                0x00400b80                USBC_Puts
 .text.NVIC_EnableIRQ
                0x00400c38       0x38 build/obj/led.o
 .text.TC1_IrqHandler
                0x00400c70       0x90 build/obj/led.o
                0x00400c70                TC1_IrqHandler
 .text.configure
                0x00400d00       0xa0 build/obj/led.o
 .text.LEDs_configure
                0x00400da0       0x18 build/obj/led.o
                0x00400da0                LEDs_configure
 .text.LED_tgl  0x00400db8       0x90 build/obj/led.o
                0x00400db8                LED_tgl
 .text.LED_clr  0x00400e48       0x7c build/obj/led.o
                0x00400e48                LED_clr
 .text.LED_blink
                0x00400ec4       0x6c build/obj/led.o
                0x00400ec4                LED_blink
 .text.LED_blinkstop
                0x00400f30       0x44 build/obj/led.o
                0x00400f30                LED_blinkstop
 .text.NVIC_SetPriority
                0x00400f74       0x5c build/obj/timetick.o
 .text.SysTick_Config
                0x00400fd0       0x64 build/obj/timetick.o
 .text.SysTick_Handler
                0x00401034       0x24 build/obj/timetick.o
                0x00401034                SysTick_Handler
 .text.TimeTick_Configure
                0x00401058       0x3c build/obj/timetick.o
                0x00401058                TimeTick_Configure
 .text.GetTickCount
                0x00401094       0x18 build/obj/timetick.o
                0x00401094                GetTickCount
 .text.ResetException
                0x004010ac       0xd0 build/obj/startup.o
                0x004010ac                ResetException
 .text.NVIC_EnableIRQ
                0x0040117c       0x38 build/obj/main.o
 .text.NVIC_SetPriority
                0x004011b4       0x5c build/obj/main.o
 .text.main     0x00401210       0x68 build/obj/main.o
                0x00401210                main
 .text.TC0_IrqHandler
                0x00401278       0x40 build/obj/main.o
                0x00401278                TC0_IrqHandler
 .text.ADC_IrqHandler
                0x004012b8      0x14c build/obj/main.o
                0x004012b8                ADC_IrqHandler
 .text.init     0x00401404      0x1d4 build/obj/main.o
 .text.state    0x004015d8       0xf4 build/obj/main.o
 .text.cli      0x004016cc       0x94 build/obj/main.o
 .text.UDP_EndOfTransfer
                0x00401760       0x70 libusb/lib/libusb_sam3s_rel.a(release-USBD_HAL.o)
 .text.UDP_ClearRxFlag
                0x004017d0       0x80 libusb/lib/libusb_sam3s_rel.a(release-USBD_HAL.o)
 .text.UDP_WritePayload
                0x00401850       0x44 libusb/lib/libusb_sam3s_rel.a(release-USBD_HAL.o)
 .text.UDP_EnablePeripheralClock
                0x00401894       0x20 libusb/lib/libusb_sam3s_rel.a(release-USBD_HAL.o)
 .text.UDP_MblWriteFifo
                0x004018b4      0x128 libusb/lib/libusb_sam3s_rel.a(release-USBD_HAL.o)
 .text.USBD_IrqHandler
                0x004019dc      0x5f8 libusb/lib/libusb_sam3s_rel.a(release-USBD_HAL.o)
                0x004019dc                USBD_IrqHandler
 .text.USBD_HAL_ResetEPs
                0x00401fd4       0xc0 libusb/lib/libusb_sam3s_rel.a(release-USBD_HAL.o)
                0x00401fd4                USBD_HAL_ResetEPs
 .text.USBD_HAL_CancelIo
                0x00402094       0x54 libusb/lib/libusb_sam3s_rel.a(release-USBD_HAL.o)
                0x00402094                USBD_HAL_CancelIo
 .text.USBD_HAL_ConfigureEP
                0x004020e8       0xf0 libusb/lib/libusb_sam3s_rel.a(release-USBD_HAL.o)
                0x004020e8                USBD_HAL_ConfigureEP
 .text.USBD_HAL_SetTransferCallback
                0x004021d8       0x20 libusb/lib/libusb_sam3s_rel.a(release-USBD_HAL.o)
                0x004021d8                USBD_HAL_SetTransferCallback
 .text.USBD_HAL_Write
                0x004021f8      0x188 libusb/lib/libusb_sam3s_rel.a(release-USBD_HAL.o)
                0x004021f8                USBD_HAL_Write
 .text.USBD_HAL_Read
                0x00402380       0x40 libusb/lib/libusb_sam3s_rel.a(release-USBD_HAL.o)
                0x00402380                USBD_HAL_Read
 .text.USBD_HAL_Connect
                0x004023c0       0x28 libusb/lib/libusb_sam3s_rel.a(release-USBD_HAL.o)
                0x004023c0                USBD_HAL_Connect
 .text.USBD_HAL_Disconnect
                0x004023e8       0x28 libusb/lib/libusb_sam3s_rel.a(release-USBD_HAL.o)
                0x004023e8                USBD_HAL_Disconnect
 .text.USBD_HAL_SetAddress
                0x00402410       0x1c libusb/lib/libusb_sam3s_rel.a(release-USBD_HAL.o)
                0x00402410                USBD_HAL_SetAddress
 .text.USBD_HAL_SetConfiguration
                0x0040242c       0x18 libusb/lib/libusb_sam3s_rel.a(release-USBD_HAL.o)
                0x0040242c                USBD_HAL_SetConfiguration
 .text.USBD_HAL_Init
                0x00402444       0x40 libusb/lib/libusb_sam3s_rel.a(release-USBD_HAL.o)
                0x00402444                USBD_HAL_Init
 .text.USBD_HAL_Stall
                0x00402484       0x60 libusb/lib/libusb_sam3s_rel.a(release-USBD_HAL.o)
                0x00402484                USBD_HAL_Stall
 .text.USBD_HAL_Halt
                0x004024e4       0xc4 libusb/lib/libusb_sam3s_rel.a(release-USBD_HAL.o)
                0x004024e4                USBD_HAL_Halt
 .text.USBD_HAL_IsHighSpeed
                0x004025a8        0x4 libusb/lib/libusb_sam3s_rel.a(release-USBD_HAL.o)
                0x004025a8                USBD_HAL_IsHighSpeed
 .text.USBD_HAL_Suspend
                0x004025ac       0x28 libusb/lib/libusb_sam3s_rel.a(release-USBD_HAL.o)
                0x004025ac                USBD_HAL_Suspend
 .text.USBD_HAL_Activate
                0x004025d4       0x24 libusb/lib/libusb_sam3s_rel.a(release-USBD_HAL.o)
                0x004025d4                USBD_HAL_Activate
 .text.USBGenericDescriptor_GetLength
                0x004025f8        0x4 libusb/lib/libusb_sam3s_rel.a(release-USBDescriptors.o)
                0x004025f8                USBGenericDescriptor_GetLength
 .text.USBGenericDescriptor_GetType
                0x004025fc        0x4 libusb/lib/libusb_sam3s_rel.a(release-USBDescriptors.o)
                0x004025fc                USBGenericDescriptor_GetType
 .text.USBGenericDescriptor_GetNextDescriptor
                0x00402600       0x10 libusb/lib/libusb_sam3s_rel.a(release-USBDescriptors.o)
                0x00402600                USBGenericDescriptor_GetNextDescriptor
 .text.USBGenericDescriptor_Parse
                0x00402610       0x4c libusb/lib/libusb_sam3s_rel.a(release-USBDescriptors.o)
                0x00402610                USBGenericDescriptor_Parse
 .text.USBEndpointDescriptor_GetNumber
                0x0040265c        0x8 libusb/lib/libusb_sam3s_rel.a(release-USBDescriptors.o)
                0x0040265c                USBEndpointDescriptor_GetNumber
 .text.USBEndpointDescriptor_GetDirection
                0x00402664        0x6 libusb/lib/libusb_sam3s_rel.a(release-USBDescriptors.o)
                0x00402664                USBEndpointDescriptor_GetDirection
 .text.USBEndpointDescriptor_GetType
                0x0040266a        0x8 libusb/lib/libusb_sam3s_rel.a(release-USBDescriptors.o)
                0x0040266a                USBEndpointDescriptor_GetType
 .text.USBEndpointDescriptor_GetMaxPacketSize
                0x00402672        0x4 libusb/lib/libusb_sam3s_rel.a(release-USBDescriptors.o)
                0x00402672                USBEndpointDescriptor_GetMaxPacketSize
 .text.USBConfigurationDescriptor_GetTotalLength
                0x00402676        0x4 libusb/lib/libusb_sam3s_rel.a(release-USBDescriptors.o)
                0x00402676                USBConfigurationDescriptor_GetTotalLength
 .text.USBConfigurationDescriptor_IsSelfPowered
                0x0040267a        0x8 libusb/lib/libusb_sam3s_rel.a(release-USBDescriptors.o)
                0x0040267a                USBConfigurationDescriptor_IsSelfPowered
 *fill*         0x00402682        0x2 00
 .text.USBConfigurationDescriptor_Parse
                0x00402684       0x78 libusb/lib/libusb_sam3s_rel.a(release-USBDescriptors.o)
                0x00402684                USBConfigurationDescriptor_Parse
 .text.USBD_SuspendHandler
                0x004026fc       0x24 libusb/lib/libusb_sam3s_rel.a(release-USBD.o)
                0x004026fc                USBD_SuspendHandler
 .text.USBD_ResumeHandler
                0x00402720       0x28 libusb/lib/libusb_sam3s_rel.a(release-USBD.o)
                0x00402720                USBD_ResumeHandler
 .text.USBD_RequestHandler
                0x00402748       0x2c libusb/lib/libusb_sam3s_rel.a(release-USBD.o)
                0x00402748                USBD_RequestHandler
 .text.USBD_ConfigureEndpoint
                0x00402774        0xc libusb/lib/libusb_sam3s_rel.a(release-USBD.o)
                0x00402774                USBD_ConfigureEndpoint
 .text.USBD_ResetHandler
                0x00402780       0x38 libusb/lib/libusb_sam3s_rel.a(release-USBD.o)
                0x00402780                USBD_ResetHandler
 .text.USBD_Write
                0x004027b8       0x24 libusb/lib/libusb_sam3s_rel.a(release-USBD.o)
                0x004027b8                USBD_Write
 .text.USBD_Read
                0x004027dc       0x24 libusb/lib/libusb_sam3s_rel.a(release-USBD.o)
                0x004027dc                USBD_Read
 .text.USBD_Halt
                0x00402800       0x10 libusb/lib/libusb_sam3s_rel.a(release-USBD.o)
                0x00402800                USBD_Halt
 .text.USBD_Unhalt
                0x00402810       0x10 libusb/lib/libusb_sam3s_rel.a(release-USBD.o)
                0x00402810                USBD_Unhalt
 .text.USBD_IsHighSpeed
                0x00402820        0xc libusb/lib/libusb_sam3s_rel.a(release-USBD.o)
                0x00402820                USBD_IsHighSpeed
 .text.USBD_Stall
                0x0040282c        0xc libusb/lib/libusb_sam3s_rel.a(release-USBD.o)
                0x0040282c                USBD_Stall
 .text.USBD_SetAddress
                0x00402838       0x20 libusb/lib/libusb_sam3s_rel.a(release-USBD.o)
                0x00402838                USBD_SetAddress
 .text.USBD_SetConfiguration
                0x00402858       0x30 libusb/lib/libusb_sam3s_rel.a(release-USBD.o)
                0x00402858                USBD_SetConfiguration
 .text.USBD_Connect
                0x00402888        0xc libusb/lib/libusb_sam3s_rel.a(release-USBD.o)
                0x00402888                USBD_Connect
 .text.USBD_Disconnect
                0x00402894       0x28 libusb/lib/libusb_sam3s_rel.a(release-USBD.o)
                0x00402894                USBD_Disconnect
 .text.USBD_Init
                0x004028bc       0x24 libusb/lib/libusb_sam3s_rel.a(release-USBD.o)
                0x004028bc                USBD_Init
 .text.USBD_GetState
                0x004028e0        0xc libusb/lib/libusb_sam3s_rel.a(release-USBD.o)
                0x004028e0                USBD_GetState
 .text.USBDCallbacks_Reset
                0x004028ec        0x2 libusb/lib/libusb_sam3s_rel.a(release-USBDCallbacks.o)
                0x004028ec                USBDCallbacks_Reset
 .text.USBDCallbacks_Suspended
                0x004028ee        0x2 libusb/lib/libusb_sam3s_rel.a(release-USBDCallbacks.o)
                0x004028ee                USBDCallbacks_Suspended
 .text.USBDCallbacks_Resumed
                0x004028f0        0x2 libusb/lib/libusb_sam3s_rel.a(release-USBDCallbacks.o)
                0x004028f0                USBDCallbacks_Resumed
 *fill*         0x004028f2        0x2 00
 .text.TerminateCtrlInWithNull
                0x004028f4       0x18 libusb/lib/libusb_sam3s_rel.a(release-USBDDriver.o)
 .text.USBD_GetDriver
                0x0040290c        0x8 libusb/lib/libusb_sam3s_rel.a(release-USBDDriver.o)
                0x0040290c                USBD_GetDriver
 .text.USBDDriver_Initialize
                0x00402914        0xc libusb/lib/libusb_sam3s_rel.a(release-USBDDriver.o)
                0x00402914                USBDDriver_Initialize
 .text.USBDDriver_GetCfgDescriptors
                0x00402920       0x18 libusb/lib/libusb_sam3s_rel.a(release-USBDDriver.o)
                0x00402920                USBDDriver_GetCfgDescriptors
 .text.USBDDriver_RequestHandler
                0x00402938      0x3f0 libusb/lib/libusb_sam3s_rel.a(release-USBDDriver.o)
                0x00402938                USBDDriver_RequestHandler
 .text.CDCDSerial_Initialize
                0x00402d28       0x24 libusb/lib/libusb_sam3s_rel.a(release-CDCDSerial.o)
                0x00402d28                CDCDSerial_Initialize
 .text.CDCDSerial_ConfigureFunction
                0x00402d4c       0x18 libusb/lib/libusb_sam3s_rel.a(release-CDCDSerial.o)
                0x00402d4c                CDCDSerial_ConfigureFunction
 .text.CDCDSerial_RequestHandler
                0x00402d64       0x14 libusb/lib/libusb_sam3s_rel.a(release-CDCDSerial.o)
                0x00402d64                CDCDSerial_RequestHandler
 .text.CDCDSerial_Read
                0x00402d78       0x20 libusb/lib/libusb_sam3s_rel.a(release-CDCDSerial.o)
                0x00402d78                CDCDSerial_Read
 .text.CDCDSerial_Write
                0x00402d98       0x20 libusb/lib/libusb_sam3s_rel.a(release-CDCDSerial.o)
                0x00402d98                CDCDSerial_Write
 .text.CDCDSerial_LineCodingIsToChange
                0x00402db8        0x4 libusb/lib/libusb_sam3s_rel.a(release-CDCDSerial.o)
                0x00402db8                CDCDSerial_LineCodingIsToChange
 .text.CDCDSerial_ControlLineStateChanged
                0x00402dbc        0x2 libusb/lib/libusb_sam3s_rel.a(release-CDCDSerial.o)
                0x00402dbc                CDCDSerial_ControlLineStateChanged
 *fill*         0x00402dbe        0x2 00
 .text.CDCDSerial_EventHandler
                0x00402dc0       0x34 libusb/lib/libusb_sam3s_rel.a(release-CDCDSerial.o)
 .text.USBDDriverCallbacks_InterfaceSettingChanged
                0x00402df4        0x2 libusb/lib/libusb_sam3s_rel.a(release-USBDDriverCallbacks.o)
                0x00402df4                USBDDriverCallbacks_InterfaceSettingChanged
 *fill*         0x00402df6        0x2 00
 .text.CDCDSerialDriver_Initialize
                0x00402df8       0x30 libusb/lib/libusb_sam3s_rel.a(release-CDCDSerialDriver.o)
                0x00402df8                CDCDSerialDriver_Initialize
 .text.CDCDSerialDriver_ConfigurationChangedHandler
                0x00402e28       0x24 libusb/lib/libusb_sam3s_rel.a(release-CDCDSerialDriver.o)
                0x00402e28                CDCDSerialDriver_ConfigurationChangedHandler
 .text.CDCDSerialDriver_RequestHandler
                0x00402e4c       0x28 libusb/lib/libusb_sam3s_rel.a(release-CDCDSerialDriver.o)
                0x00402e4c                CDCDSerialDriver_RequestHandler
 .text.USBGenericRequest_GetType
                0x00402e74        0xa libusb/lib/libusb_sam3s_rel.a(release-USBRequests.o)
                0x00402e74                USBGenericRequest_GetType
 .text.USBGenericRequest_GetRequest
                0x00402e7e        0x4 libusb/lib/libusb_sam3s_rel.a(release-USBRequests.o)
                0x00402e7e                USBGenericRequest_GetRequest
 .text.USBGenericRequest_GetValue
                0x00402e82        0x4 libusb/lib/libusb_sam3s_rel.a(release-USBRequests.o)
                0x00402e82                USBGenericRequest_GetValue
 .text.USBGenericRequest_GetIndex
                0x00402e86        0x4 libusb/lib/libusb_sam3s_rel.a(release-USBRequests.o)
                0x00402e86                USBGenericRequest_GetIndex
 .text.USBGenericRequest_GetLength
                0x00402e8a        0x4 libusb/lib/libusb_sam3s_rel.a(release-USBRequests.o)
                0x00402e8a                USBGenericRequest_GetLength
 *fill*         0x00402e8e        0x2 00
 .text.USBGenericRequest_GetEndpointNumber
                0x00402e90       0x10 libusb/lib/libusb_sam3s_rel.a(release-USBRequests.o)
                0x00402e90                USBGenericRequest_GetEndpointNumber
 .text.USBGenericRequest_GetRecipient
                0x00402ea0        0x8 libusb/lib/libusb_sam3s_rel.a(release-USBRequests.o)
                0x00402ea0                USBGenericRequest_GetRecipient
 .text.USBGenericRequest_GetDirection
                0x00402ea8        0x6 libusb/lib/libusb_sam3s_rel.a(release-USBRequests.o)
                0x00402ea8                USBGenericRequest_GetDirection
 *fill*         0x00402eae        0x2 00
 .text.USBGetDescriptorRequest_GetDescriptorType
                0x00402eb0       0x10 libusb/lib/libusb_sam3s_rel.a(release-USBRequests.o)
                0x00402eb0                USBGetDescriptorRequest_GetDescriptorType
 .text.USBGetDescriptorRequest_GetDescriptorIndex
                0x00402ec0       0x10 libusb/lib/libusb_sam3s_rel.a(release-USBRequests.o)
                0x00402ec0                USBGetDescriptorRequest_GetDescriptorIndex
 .text.USBSetAddressRequest_GetAddress
                0x00402ed0       0x10 libusb/lib/libusb_sam3s_rel.a(release-USBRequests.o)
                0x00402ed0                USBSetAddressRequest_GetAddress
 .text.USBSetConfigurationRequest_GetConfiguration
                0x00402ee0       0x10 libusb/lib/libusb_sam3s_rel.a(release-USBRequests.o)
                0x00402ee0                USBSetConfigurationRequest_GetConfiguration
 .text.USBInterfaceRequest_GetInterface
                0x00402ef0       0x10 libusb/lib/libusb_sam3s_rel.a(release-USBRequests.o)
                0x00402ef0                USBInterfaceRequest_GetInterface
 .text.USBInterfaceRequest_GetAlternateSetting
                0x00402f00       0x10 libusb/lib/libusb_sam3s_rel.a(release-USBRequests.o)
                0x00402f00                USBInterfaceRequest_GetAlternateSetting
 .text.USBFeatureRequest_GetFeatureSelector
                0x00402f10       0x10 libusb/lib/libusb_sam3s_rel.a(release-USBRequests.o)
                0x00402f10                USBFeatureRequest_GetFeatureSelector
 .text._Interfaces_Parse
                0x00402f20       0xa6 libusb/lib/libusb_sam3s_rel.a(release-CDCDSerialPort.o)
 *fill*         0x00402fc6        0x2 00
 .text._SetLineCodingCallback
                0x00402fc8       0x48 libusb/lib/libusb_sam3s_rel.a(release-CDCDSerialPort.o)
 .text.CDCDSerialPort_Initialize
                0x00403010       0x34 libusb/lib/libusb_sam3s_rel.a(release-CDCDSerialPort.o)
                0x00403010                CDCDSerialPort_Initialize
 .text.CDCDSerialPort_ParseInterfaces
                0x00403044       0x20 libusb/lib/libusb_sam3s_rel.a(release-CDCDSerialPort.o)
                0x00403044                CDCDSerialPort_ParseInterfaces
 .text.CDCDSerialPort_RequestHandler
                0x00403064       0x9c libusb/lib/libusb_sam3s_rel.a(release-CDCDSerialPort.o)
                0x00403064                CDCDSerialPort_RequestHandler
 .text.CDCDSerialPort_Read
                0x00403100       0x18 libusb/lib/libusb_sam3s_rel.a(release-CDCDSerialPort.o)
                0x00403100                CDCDSerialPort_Read
 .text.CDCDSerialPort_Write
                0x00403118       0x18 libusb/lib/libusb_sam3s_rel.a(release-CDCDSerialPort.o)
                0x00403118                CDCDSerialPort_Write
 .text.CDCLineCoding_Initialize
                0x00403130        0xe libusb/lib/libusb_sam3s_rel.a(release-CDCLineCoding.o)
                0x00403130                CDCLineCoding_Initialize
 *fill*         0x0040313e        0x2 00
 .text.NVIC_SetPriority
                0x00403140       0x28 libchip/lib/libchip_sam3s4_rel.a(release-pio_it.o)
 .text.PioInterruptHandler
                0x00403168       0x6c libchip/lib/libchip_sam3s4_rel.a(release-pio_it.o)
                0x00403168                PioInterruptHandler
 .text.PIOA_IrqHandler
                0x004031d4       0x24 libchip/lib/libchip_sam3s4_rel.a(release-pio_it.o)
                0x004031d4                PIOA_IrqHandler
 .text.PIOB_IrqHandler
                0x004031f8       0x14 libchip/lib/libchip_sam3s4_rel.a(release-pio_it.o)
                0x004031f8                PIOB_IrqHandler
 .text.PIOC_IrqHandler
                0x0040320c       0x14 libchip/lib/libchip_sam3s4_rel.a(release-pio_it.o)
                0x0040320c                PIOC_IrqHandler
 .text.PIO_InitializeInterrupts
                0x00403220       0x98 libchip/lib/libchip_sam3s4_rel.a(release-pio_it.o)
                0x00403220                PIO_InitializeInterrupts
 .text.PIO_ConfigureIt
                0x004032b8       0x84 libchip/lib/libchip_sam3s4_rel.a(release-pio_it.o)
                0x004032b8                PIO_ConfigureIt
 .text.PIO_EnableIt
                0x0040333c       0x70 libchip/lib/libchip_sam3s4_rel.a(release-pio_it.o)
                0x0040333c                PIO_EnableIt
 .text.IrqHandlerNotUsed
                0x004033ac        0x2 libchip/lib/libchip_sam3s4_rel.a(release-exceptions.o)
                0x004033ac                IrqHandlerNotUsed
 .text.NMI_Handler
                0x004033ae        0x2 libchip/lib/libchip_sam3s4_rel.a(release-exceptions.o)
                0x004033ae                NMI_Handler
 .text.HardFault_Handler
                0x004033b0        0x2 libchip/lib/libchip_sam3s4_rel.a(release-exceptions.o)
                0x004033b0                HardFault_Handler
 .text.MemManage_Handler
                0x004033b2        0x2 libchip/lib/libchip_sam3s4_rel.a(release-exceptions.o)
                0x004033b2                MemManage_Handler
 .text.BusFault_Handler
                0x004033b4        0x2 libchip/lib/libchip_sam3s4_rel.a(release-exceptions.o)
                0x004033b4                BusFault_Handler
 .text.UsageFault_Handler
                0x004033b6        0x2 libchip/lib/libchip_sam3s4_rel.a(release-exceptions.o)
                0x004033b6                UsageFault_Handler
 .text.SVC_Handler
                0x004033b8        0x2 libchip/lib/libchip_sam3s4_rel.a(release-exceptions.o)
                0x004033b8                SVC_Handler
 .text.DebugMon_Handler
                0x004033ba        0x2 libchip/lib/libchip_sam3s4_rel.a(release-exceptions.o)
                0x004033ba                DebugMon_Handler
 .text.PendSV_Handler
                0x004033bc        0x2 libchip/lib/libchip_sam3s4_rel.a(release-exceptions.o)
                0x004033bc                PendSV_Handler
 .text.SUPC_IrqHandler
                0x004033be        0x2 libchip/lib/libchip_sam3s4_rel.a(release-exceptions.o)
                0x004033be                SUPC_IrqHandler
 .text.RSTC_IrqHandler
                0x004033c0        0x2 libchip/lib/libchip_sam3s4_rel.a(release-exceptions.o)
                0x004033c0                RSTC_IrqHandler
 .text.RTC_IrqHandler
                0x004033c2        0x2 libchip/lib/libchip_sam3s4_rel.a(release-exceptions.o)
                0x004033c2                RTC_IrqHandler
 .text.RTT_IrqHandler
                0x004033c4        0x2 libchip/lib/libchip_sam3s4_rel.a(release-exceptions.o)
                0x004033c4                RTT_IrqHandler
 .text.WDT_IrqHandler
                0x004033c6        0x2 libchip/lib/libchip_sam3s4_rel.a(release-exceptions.o)
                0x004033c6                WDT_IrqHandler
 .text.PMC_IrqHandler
                0x004033c8        0x2 libchip/lib/libchip_sam3s4_rel.a(release-exceptions.o)
                0x004033c8                PMC_IrqHandler
 .text.EEFC_IrqHandler
                0x004033ca        0x2 libchip/lib/libchip_sam3s4_rel.a(release-exceptions.o)
                0x004033ca                EEFC_IrqHandler
 .text.UART0_IrqHandler
                0x004033cc        0x2 libchip/lib/libchip_sam3s4_rel.a(release-exceptions.o)
                0x004033cc                UART0_IrqHandler
 .text.UART1_IrqHandler
                0x004033ce        0x2 libchip/lib/libchip_sam3s4_rel.a(release-exceptions.o)
                0x004033ce                UART1_IrqHandler
 .text.SMC_IrqHandler
                0x004033d0        0x2 libchip/lib/libchip_sam3s4_rel.a(release-exceptions.o)
                0x004033d0                SMC_IrqHandler
 .text.USART0_IrqHandler
                0x004033d2        0x2 libchip/lib/libchip_sam3s4_rel.a(release-exceptions.o)
                0x004033d2                USART0_IrqHandler
 .text.USART1_IrqHandler
                0x004033d4        0x2 libchip/lib/libchip_sam3s4_rel.a(release-exceptions.o)
                0x004033d4                USART1_IrqHandler
 .text.MCI_IrqHandler
                0x004033d6        0x2 libchip/lib/libchip_sam3s4_rel.a(release-exceptions.o)
                0x004033d6                MCI_IrqHandler
 .text.TWI0_IrqHandler
                0x004033d8        0x2 libchip/lib/libchip_sam3s4_rel.a(release-exceptions.o)
                0x004033d8                TWI0_IrqHandler
 .text.TWI1_IrqHandler
                0x004033da        0x2 libchip/lib/libchip_sam3s4_rel.a(release-exceptions.o)
                0x004033da                TWI1_IrqHandler
 .text.SPI_IrqHandler
                0x004033dc        0x2 libchip/lib/libchip_sam3s4_rel.a(release-exceptions.o)
                0x004033dc                SPI_IrqHandler
 .text.SSC_IrqHandler
                0x004033de        0x2 libchip/lib/libchip_sam3s4_rel.a(release-exceptions.o)
                0x004033de                SSC_IrqHandler
 .text.TC2_IrqHandler
                0x004033e0        0x2 libchip/lib/libchip_sam3s4_rel.a(release-exceptions.o)
                0x004033e0                TC2_IrqHandler
 .text.TC3_IrqHandler
                0x004033e2        0x2 libchip/lib/libchip_sam3s4_rel.a(release-exceptions.o)
                0x004033e2                TC3_IrqHandler
 .text.TC4_IrqHandler
                0x004033e4        0x2 libchip/lib/libchip_sam3s4_rel.a(release-exceptions.o)
                0x004033e4                TC4_IrqHandler
 .text.TC5_IrqHandler
                0x004033e6        0x2 libchip/lib/libchip_sam3s4_rel.a(release-exceptions.o)
                0x004033e6                TC5_IrqHandler
 .text.DAC_IrqHandler
                0x004033e8        0x2 libchip/lib/libchip_sam3s4_rel.a(release-exceptions.o)
                0x004033e8                DAC_IrqHandler
 .text.PWM_IrqHandler
                0x004033ea        0x2 libchip/lib/libchip_sam3s4_rel.a(release-exceptions.o)
                0x004033ea                PWM_IrqHandler
 .text.CRCCU_IrqHandler
                0x004033ec        0x2 libchip/lib/libchip_sam3s4_rel.a(release-exceptions.o)
                0x004033ec                CRCCU_IrqHandler
 .text.ACC_IrqHandler
                0x004033ee        0x2 libchip/lib/libchip_sam3s4_rel.a(release-exceptions.o)
                0x004033ee                ACC_IrqHandler
 .text.ADC_Initialize
                0x004033f0       0x1c libchip/lib/libchip_sam3s4_rel.a(release-adc.o)
                0x004033f0                ADC_Initialize
 .text.ADC_cfgFrequency
                0x0040340c       0x16 libchip/lib/libchip_sam3s4_rel.a(release-adc.o)
                0x0040340c                ADC_cfgFrequency
 .text.ADC_ReadBuffer
                0x00403422       0x34 libchip/lib/libchip_sam3s4_rel.a(release-adc.o)
                0x00403422                ADC_ReadBuffer
 *fill*         0x00403456        0x2 00
 .text.PIO_Configure
                0x00403458      0x14c libchip/lib/libchip_sam3s4_rel.a(release-pio.o)
                0x00403458                PIO_Configure
 .text.PIO_Get  0x004035a4       0x1c libchip/lib/libchip_sam3s4_rel.a(release-pio.o)
                0x004035a4                PIO_Get
 .text.PMC_EnablePeripheral
                0x004035c0       0x5c libchip/lib/libchip_sam3s4_rel.a(release-pmc.o)
                0x004035c0                PMC_EnablePeripheral
 .text.PMC_DisablePeripheral
                0x0040361c       0x58 libchip/lib/libchip_sam3s4_rel.a(release-pmc.o)
                0x0040361c                PMC_DisablePeripheral
 .text.PMC_IsPeriphEnabled
                0x00403674       0x4c libchip/lib/libchip_sam3s4_rel.a(release-pmc.o)
                0x00403674                PMC_IsPeriphEnabled
 .text.TC_Configure
                0x004036c0       0x38 libchip/lib/libchip_sam3s4_rel.a(release-tc.o)
                0x004036c0                TC_Configure
 .text.TC_Start
                0x004036f8       0x2c libchip/lib/libchip_sam3s4_rel.a(release-tc.o)
                0x004036f8                TC_Start
 .text.TC_Stop  0x00403724       0x2c libchip/lib/libchip_sam3s4_rel.a(release-tc.o)
                0x00403724                TC_Stop
 .text.TC_FindMckDivisor
                0x00403750       0x70 libchip/lib/libchip_sam3s4_rel.a(release-tc.o)
                0x00403750                TC_FindMckDivisor
 .text.PIO_CaptureHandler
                0x004037c0       0x60 libchip/lib/libchip_sam3s4_rel.a(release-pio_capture.o)
                0x004037c0                PIO_CaptureHandler
 .text          0x00403820       0x54 /usr/local/Sourcery/bin/../lib/gcc/arm-none-eabi/4.6.1/../../../../arm-none-eabi/lib/thumb2/libc.a(lib_a-assert.o)
                0x00403820                __assert_func
                0x00403868                __assert
 .text          0x00403874       0x4c /usr/local/Sourcery/bin/../lib/gcc/arm-none-eabi/4.6.1/../../../../arm-none-eabi/lib/thumb2/libc.a(lib_a-fiprintf.o)
                0x00403874                _fiprintf_r
                0x00403894                fiprintf
 .text          0x004038c0       0x6c /usr/local/Sourcery/bin/../lib/gcc/arm-none-eabi/4.6.1/../../../../arm-none-eabi/lib/thumb2/libc.a(lib_a-gets.o)
                0x004038c0                _gets_r
                0x0040391c                gets
 .text          0x0040392c       0x64 /usr/local/Sourcery/bin/../lib/gcc/arm-none-eabi/4.6.1/../../../../arm-none-eabi/lib/thumb2/libc.a(lib_a-iprintf.o)
                0x0040392c                iprintf
                0x00403964                _iprintf_r
 .text          0x00403990       0xf0 /usr/local/Sourcery/bin/../lib/gcc/arm-none-eabi/4.6.1/../../../../arm-none-eabi/lib/thumb2/libc.a(lib_a-memcpy.o)
                0x00403990                memcpy
 .text          0x00403a80       0xbc /usr/local/Sourcery/bin/../lib/gcc/arm-none-eabi/4.6.1/../../../../arm-none-eabi/lib/thumb2/libc.a(lib_a-memmove.o)
                0x00403a80                memmove
 .text          0x00403b3c       0x70 /usr/local/Sourcery/bin/../lib/gcc/arm-none-eabi/4.6.1/../../../../arm-none-eabi/lib/thumb2/libc.a(lib_a-rget.o)
                0x00403b3c                __srget_r
                0x00403b9c                __srget
 .text          0x00403bac       0x10 /usr/local/Sourcery/bin/../lib/gcc/arm-none-eabi/4.6.1/../../../../arm-none-eabi/lib/thumb2/libc.a(lib_a-setbuf.o)
                0x00403bac                setbuf
 .text          0x00403bbc      0x15c /usr/local/Sourcery/bin/../lib/gcc/arm-none-eabi/4.6.1/../../../../arm-none-eabi/lib/thumb2/libc.a(lib_a-setvbuf.o)
                0x00403bbc                setvbuf
 .text          0x00403d18       0xb4 /usr/local/Sourcery/bin/../lib/gcc/arm-none-eabi/4.6.1/../../../../arm-none-eabi/lib/thumb2/libc.a(lib_a-siscanf.o)
                0x00403d18                siscanf
                0x00403d74                _siscanf_r
 .text          0x00403dcc       0x8c /usr/local/Sourcery/bin/../lib/gcc/arm-none-eabi/4.6.1/../../../../arm-none-eabi/lib/thumb2/libc.a(lib_a-stdio.o)
                0x00403dcc                __sread
                0x00403df0                __seofread
                0x00403df4                __swrite
                0x00403e2c                __sseek
                0x00403e50                __sclose
 .text          0x00403e58       0x60 /usr/local/Sourcery/bin/../lib/gcc/arm-none-eabi/4.6.1/../../../../arm-none-eabi/lib/thumb2/libc.a(lib_a-strlen.o)
                0x00403e58                strlen
 .text          0x00403eb8      0xb5c /usr/local/Sourcery/bin/../lib/gcc/arm-none-eabi/4.6.1/../../../../arm-none-eabi/lib/thumb2/libc.a(lib_a-svfiscanf.o)
                0x00403eb8                _sungetc_r
                0x00403f3c                __ssrefill_r
                0x00403f78                _sfread_r
                0x00403ff0                __ssvfiscanf_r
 .text          0x00404a14      0x19c /usr/local/Sourcery/bin/../lib/gcc/arm-none-eabi/4.6.1/../../../../arm-none-eabi/lib/thumb2/libc.a(lib_a-ungetc.o)
                0x00404a14                __submore
                0x00404a98                _ungetc_r
                0x00404b9c                ungetc
 .text          0x00404bb0      0xd18 /usr/local/Sourcery/bin/../lib/gcc/arm-none-eabi/4.6.1/../../../../arm-none-eabi/lib/thumb2/libc.a(lib_a-vfiprintf.o)
                0x00404bb0                __sprint_r
                0x00404c30                _vfiprintf_r
                0x004058ac                vfiprintf
 .text          0x004058c8       0x2c /usr/local/Sourcery/bin/../lib/gcc/arm-none-eabi/4.6.1/../../../../arm-none-eabi/lib/thumb2/libc.a(lib_a-writer.o)
                0x004058c8                _write_r
 .text          0x004058f4       0xf8 /usr/local/Sourcery/bin/../lib/gcc/arm-none-eabi/4.6.1/../../../../arm-none-eabi/lib/thumb2/libc.a(lib_a-wsetup.o)
                0x004058f4                __swsetup_r
 .text          0x004059ec       0x10 /usr/local/Sourcery/bin/../lib/gcc/arm-none-eabi/4.6.1/../../../../arm-none-eabi/lib/thumb2/libc.a(lib_a-abort.o)
                0x004059ec                abort
 .text          0x004059fc       0x28 /usr/local/Sourcery/bin/../lib/gcc/arm-none-eabi/4.6.1/../../../../arm-none-eabi/lib/thumb2/libc.a(lib_a-closer.o)
                0x004059fc                _close_r
 .text          0x00405a24      0x1e0 /usr/local/Sourcery/bin/../lib/gcc/arm-none-eabi/4.6.1/../../../../arm-none-eabi/lib/thumb2/libc.a(lib_a-fflush.o)
                0x00405a24                _fflush_r
                0x00405bdc                fflush
 .text          0x00405c04      0x1dc /usr/local/Sourcery/bin/../lib/gcc/arm-none-eabi/4.6.1/../../../../arm-none-eabi/lib/thumb2/libc.a(lib_a-findfp.o)
                0x00405c0c                _cleanup_r
                0x00405c68                __sfmoreglue
                0x00405c98                _cleanup
                0x00405ca8                __sinit
                0x00405d04                __sfp
                0x00405da0                __sfp_lock_acquire
                0x00405da4                __sfp_lock_release
                0x00405da8                __sinit_lock_acquire
                0x00405dac                __sinit_lock_release
                0x00405db0                __fp_lock_all
                0x00405dc8                __fp_unlock_all
 .text          0x00405de0      0x13c /usr/local/Sourcery/bin/../lib/gcc/arm-none-eabi/4.6.1/../../../../arm-none-eabi/lib/thumb2/libc.a(lib_a-fputwc.o)
                0x00405de0                _fputwc_r
                0x00405ec4                fputwc
 .text          0x00405f1c      0x234 /usr/local/Sourcery/bin/../lib/gcc/arm-none-eabi/4.6.1/../../../../arm-none-eabi/lib/thumb2/libc.a(lib_a-freer.o)
                0x00405f1c                _malloc_trim_r
                0x00405fc0                _free_r
 .text          0x00406150      0x32c /usr/local/Sourcery/bin/../lib/gcc/arm-none-eabi/4.6.1/../../../../arm-none-eabi/lib/thumb2/libc.a(lib_a-fvwrite.o)
                0x00406150                __sfvwrite_r
 .text          0x0040647c       0xa0 /usr/local/Sourcery/bin/../lib/gcc/arm-none-eabi/4.6.1/../../../../arm-none-eabi/lib/thumb2/libc.a(lib_a-fwalk.o)
                0x0040647c                _fwalk
                0x004064c8                _fwalk_reent
 .text          0x0040651c       0x1c /usr/local/Sourcery/bin/../lib/gcc/arm-none-eabi/4.6.1/../../../../arm-none-eabi/lib/thumb2/libc.a(lib_a-iswspace.o)
                0x0040651c                iswspace
 .text          0x00406538       0xa4 /usr/local/Sourcery/bin/../lib/gcc/arm-none-eabi/4.6.1/../../../../arm-none-eabi/lib/thumb2/libc.a(lib_a-locale.o)
                0x00406538                _setlocale_r
                0x00406594                __locale_charset
                0x004065a0                __locale_mb_cur_max
                0x004065ac                __locale_msgcharset
                0x004065b4                __locale_cjk_lang
                0x004065b8                _localeconv_r
                0x004065c0                setlocale
                0x004065d4                localeconv
 .text          0x004065dc       0x2c /usr/local/Sourcery/bin/../lib/gcc/arm-none-eabi/4.6.1/../../../../arm-none-eabi/lib/thumb2/libc.a(lib_a-lseekr.o)
                0x004065dc                _lseek_r
 .text          0x00406608       0xe8 /usr/local/Sourcery/bin/../lib/gcc/arm-none-eabi/4.6.1/../../../../arm-none-eabi/lib/thumb2/libc.a(lib_a-makebuf.o)
                0x00406608                __smakebuf_r
 .text          0x004066f0       0x20 /usr/local/Sourcery/bin/../lib/gcc/arm-none-eabi/4.6.1/../../../../arm-none-eabi/lib/thumb2/libc.a(lib_a-malloc.o)
                0x004066f0                malloc
                0x00406700                free
 .text          0x00406710      0x57c /usr/local/Sourcery/bin/../lib/gcc/arm-none-eabi/4.6.1/../../../../arm-none-eabi/lib/thumb2/libc.a(lib_a-mallocr.o)
                0x00406710                _malloc_r
 .text          0x00406c8c       0xc8 /usr/local/Sourcery/bin/../lib/gcc/arm-none-eabi/4.6.1/../../../../arm-none-eabi/lib/thumb2/libc.a(lib_a-mbrtowc.o)
                0x00406c8c                _mbrtowc_r
                0x00406ce8                mbrtowc
 .text          0x00406d54       0x58 /usr/local/Sourcery/bin/../lib/gcc/arm-none-eabi/4.6.1/../../../../arm-none-eabi/lib/thumb2/libc.a(lib_a-mbtowc_r.o)
                0x00406d54                __ascii_mbtowc
                0x00406d78                _mbtowc_r
 .text          0x00406dac       0x88 /usr/local/Sourcery/bin/../lib/gcc/arm-none-eabi/4.6.1/../../../../arm-none-eabi/lib/thumb2/libc.a(lib_a-memchr.o)
                0x00406dac                memchr
 .text          0x00406e34       0x8c /usr/local/Sourcery/bin/../lib/gcc/arm-none-eabi/4.6.1/../../../../arm-none-eabi/lib/thumb2/libc.a(lib_a-memset.o)
                0x00406e34                memset
 .text          0x00406ec0        0x8 /usr/local/Sourcery/bin/../lib/gcc/arm-none-eabi/4.6.1/../../../../arm-none-eabi/lib/thumb2/libc.a(lib_a-mlock.o)
                0x00406ec0                __malloc_lock
                0x00406ec4                __malloc_unlock
 .text          0x00406ec8       0x2c /usr/local/Sourcery/bin/../lib/gcc/arm-none-eabi/4.6.1/../../../../arm-none-eabi/lib/thumb2/libc.a(lib_a-readr.o)
                0x00406ec8                _read_r
 .text          0x00406ef4      0x3d8 /usr/local/Sourcery/bin/../lib/gcc/arm-none-eabi/4.6.1/../../../../arm-none-eabi/lib/thumb2/libc.a(lib_a-reallocr.o)
                0x00406ef4                _realloc_r
 .text          0x004072cc      0x144 /usr/local/Sourcery/bin/../lib/gcc/arm-none-eabi/4.6.1/../../../../arm-none-eabi/lib/thumb2/libc.a(lib_a-refill.o)
                0x004072e0                __srefill_r
 .text          0x00407410       0x28 /usr/local/Sourcery/bin/../lib/gcc/arm-none-eabi/4.6.1/../../../../arm-none-eabi/lib/thumb2/libc.a(lib_a-sbrkr.o)
                0x00407410                _sbrk_r
 .text          0x00407438       0x78 /usr/local/Sourcery/bin/../lib/gcc/arm-none-eabi/4.6.1/../../../../arm-none-eabi/lib/thumb2/libc.a(lib_a-sccl.o)
                0x00407438                __sccl
 .text          0x004074b0      0x150 /usr/local/Sourcery/bin/../lib/gcc/arm-none-eabi/4.6.1/../../../../arm-none-eabi/lib/thumb2/libc.a(lib_a-signal.o)
                0x004074b0                _init_signal_r
                0x004074e0                _signal_r
                0x0040751c                _raise_r
                0x00407570                __sigtramp_r
                0x004075bc                raise
                0x004075cc                signal
                0x004075e0                _init_signal
                0x004075f0                __sigtramp
 .text          0x00407600       0x2c /usr/local/Sourcery/bin/../lib/gcc/arm-none-eabi/4.6.1/../../../../arm-none-eabi/lib/thumb2/libc.a(lib_a-signalr.o)
                0x00407600                _kill_r
                0x00407628                _getpid_r
 .text          0x0040762c      0x1dc /usr/local/Sourcery/bin/../lib/gcc/arm-none-eabi/4.6.1/../../../../arm-none-eabi/lib/thumb2/libc.a(lib_a-strcmp.o)
                0x0040762c                strcmp
 .text          0x00407808      0x17c /usr/local/Sourcery/bin/../lib/gcc/arm-none-eabi/4.6.1/../../../../arm-none-eabi/lib/thumb2/libc.a(lib_a-strtol.o)
                0x00407808                _strtol_r
                0x00407968                strtol
 .text          0x00407984      0x1f4 /usr/local/Sourcery/bin/../lib/gcc/arm-none-eabi/4.6.1/../../../../arm-none-eabi/lib/thumb2/libc.a(lib_a-strtoll_r.o)
                0x00407984                _strtoll_r
 .text          0x00407b78      0x180 /usr/local/Sourcery/bin/../lib/gcc/arm-none-eabi/4.6.1/../../../../arm-none-eabi/lib/thumb2/libc.a(lib_a-strtoul.o)
                0x00407b78                _strtoul_r
                0x00407cdc                strtoul
 .text          0x00407cf8      0x1e0 /usr/local/Sourcery/bin/../lib/gcc/arm-none-eabi/4.6.1/../../../../arm-none-eabi/lib/thumb2/libc.a(lib_a-strtoull_r.o)
                0x00407cf8                _strtoull_r
 .text          0x00407ed8       0xfc /usr/local/Sourcery/bin/../lib/gcc/arm-none-eabi/4.6.1/../../../../arm-none-eabi/lib/thumb2/libc.a(lib_a-wbuf.o)
                0x00407ed8                __swbuf_r
                0x00407fc0                __swbuf
 .text          0x00407fd4       0xb0 /usr/local/Sourcery/bin/../lib/gcc/arm-none-eabi/4.6.1/../../../../arm-none-eabi/lib/thumb2/libc.a(lib_a-wcrtomb.o)
                0x00407fd4                _wcrtomb_r
                0x00408024                wcrtomb
 .text          0x00408084       0x4c /usr/local/Sourcery/bin/../lib/gcc/arm-none-eabi/4.6.1/../../../../arm-none-eabi/lib/thumb2/libc.a(lib_a-wctomb_r.o)
                0x00408084                __ascii_wctomb
                0x004080a0                _wctomb_r
 .text          0x004080d0       0xc4 /usr/local/Sourcery/bin/../lib/gcc/arm-none-eabi/4.6.1/../../../../arm-none-eabi/lib/thumb2/libc.a(lib_a-fclose.o)
                0x004080d0                _fclose_r
                0x00408184                fclose
 .text          0x00408194       0x28 /usr/local/Sourcery/bin/../lib/gcc/arm-none-eabi/4.6.1/../../../../arm-none-eabi/lib/thumb2/libc.a(lib_a-fstatr.o)
                0x00408194                _fstat_r
 .text          0x004081bc       0x28 /usr/local/Sourcery/bin/../lib/gcc/arm-none-eabi/4.6.1/../../../../arm-none-eabi/lib/thumb2/libc.a(lib_a-isattyr.o)
                0x004081bc                _isatty_r
 *fill*         0x004081e4        0x4 00
 .text          0x004081e8      0x278 /usr/local/Sourcery/bin/../lib/gcc/arm-none-eabi/4.6.1/thumb2/libgcc.a(_udivsi3.o)
                0x004081e8                __udivsi3
                0x004081e8                __aeabi_uidiv
                0x00408444                __aeabi_uidivmod
 .text          0x00408460        0x4 /usr/local/Sourcery/bin/../lib/gcc/arm-none-eabi/4.6.1/thumb2/libgcc.a(_dvmd_tls.o)
                0x00408460                __aeabi_ldiv0
                0x00408460                __aeabi_idiv0
 .text          0x00408464       0x2c /usr/local/Sourcery/bin/../lib/gcc/arm-none-eabi/4.6.1/thumb2/libgcc.a(_aeabi_uldivmod.o)
                0x00408464                __aeabi_uldivmod
 .text          0x00408490       0x5c /usr/local/Sourcery/bin/../lib/gcc/arm-none-eabi/4.6.1/thumb2/libgcc.a(bpabi.o)
                0x00408490                __gnu_ldivmod_helper
                0x004084c0                __gnu_uldivmod_helper
 .text          0x004084ec      0x364 /usr/local/Sourcery/bin/../lib/gcc/arm-none-eabi/4.6.1/thumb2/libgcc.a(_divdi3.o)
                0x004084ec                __divdi3
 .text          0x00408850      0x334 /usr/local/Sourcery/bin/../lib/gcc/arm-none-eabi/4.6.1/thumb2/libgcc.a(_udivdi3.o)
                0x00408850                __udivdi3
 *(.glue_7t)
 .glue_7t       0x00000000        0x0 linker stubs
 *(.glue_7)
 .glue_7        0x00000000        0x0 linker stubs
 *(.rodata .rodata* .gnu.linkonce.r.*)
 .rodata        0x00408b84       0x1c build/obj/syscalls.o
 .rodata        0x00408ba0        0xc build/obj/uart_console.o
 .rodata        0x00408bac      0x124 build/obj/usb_console.o
 .rodata        0x00408cd0       0x54 build/obj/led.o
 .rodata        0x00408d24       0xa0 build/obj/usb_device_descriptor.o
                0x00408d24                deviceDescriptor
                0x00408d38                configurationDescriptorsFS
                0x00408d7c                languageIdStringDescriptor
                0x00408d80                productStringDescriptor
                0x00408d9c                cdcdSerialDriverDescriptors
 .rodata        0x00408dc4      0x16c build/obj/main.o
 .rodata.str1.1
                0x00408f30       0x69 libusb/lib/libusb_sam3s_rel.a(release-USBD_HAL.o)
                                 0x6b (size before relaxing)
 .rodata.str1.1
                0x00408f99       0x30 libusb/lib/libusb_sam3s_rel.a(release-USBD.o)
 .rodata.str1.1
                0x00408fc9       0xef libusb/lib/libusb_sam3s_rel.a(release-USBDDriver.o)
 .rodata        0x004090b8       0x3f libchip/lib/libchip_sam3s4_rel.a(release-pio_it.o)
 .rodata.str1.1
                0x004090f7       0x67 libchip/lib/libchip_sam3s4_rel.a(release-pio_it.o)
 .rodata        0x0040915e       0x3f libchip/lib/libchip_sam3s4_rel.a(release-pmc.o)
 .rodata.str1.1
                0x0040919d       0x17 libchip/lib/libchip_sam3s4_rel.a(release-pmc.o)
 .rodata        0x004091b4       0x1e libchip/lib/libchip_sam3s4_rel.a(release-tc.o)
 .rodata.str1.1
                0x004091d2       0x51 libchip/lib/libchip_sam3s4_rel.a(release-tc.o)
 *fill*         0x00409223        0x1 00
 .rodata.str1.4
                0x00409224       0x3f /usr/local/Sourcery/bin/../lib/gcc/arm-none-eabi/4.6.1/../../../../arm-none-eabi/lib/thumb2/libc.a(lib_a-assert.o)
                                 0x44 (size before relaxing)
 *fill*         0x00409263        0x1 00
 .rodata        0x00409264        0x4 /usr/local/Sourcery/bin/../lib/gcc/arm-none-eabi/4.6.1/../../../../arm-none-eabi/lib/thumb2/libc.a(lib_a-impure.o)
                0x00409264                _global_impure_ptr
 .rodata.str1.4
                0x00409268        0x2 /usr/local/Sourcery/bin/../lib/gcc/arm-none-eabi/4.6.1/../../../../arm-none-eabi/lib/thumb2/libc.a(lib_a-impure.o)
                                  0x4 (size before relaxing)
 *fill*         0x0040926a        0x2 00
 .rodata        0x0040926c       0x24 /usr/local/Sourcery/bin/../lib/gcc/arm-none-eabi/4.6.1/../../../../arm-none-eabi/lib/thumb2/libc.a(lib_a-svfiscanf.o)
 .rodata        0x00409290       0x20 /usr/local/Sourcery/bin/../lib/gcc/arm-none-eabi/4.6.1/../../../../arm-none-eabi/lib/thumb2/libc.a(lib_a-vfiprintf.o)
 .rodata.str1.4
                0x004092b0       0x2f /usr/local/Sourcery/bin/../lib/gcc/arm-none-eabi/4.6.1/../../../../arm-none-eabi/lib/thumb2/libc.a(lib_a-vfiprintf.o)
                                 0x30 (size before relaxing)
 *fill*         0x004092df        0x1 00
 .rodata        0x004092e0      0x104 /usr/local/Sourcery/bin/../lib/gcc/arm-none-eabi/4.6.1/../../../../arm-none-eabi/lib/thumb2/libc.a(lib_a-ctype_.o)
                0x004092e0                _ctype_
 .rodata        0x004093e4       0x60 /usr/local/Sourcery/bin/../lib/gcc/arm-none-eabi/4.6.1/../../../../arm-none-eabi/lib/thumb2/libc.a(lib_a-findfp.o)
                0x004093e4                __sf_fake_stderr
                0x00409404                __sf_fake_stdout
                0x00409424                __sf_fake_stdin
 .rodata.str1.4
                0x00409444        0xc /usr/local/Sourcery/bin/../lib/gcc/arm-none-eabi/4.6.1/../../../../arm-none-eabi/lib/thumb2/libc.a(lib_a-locale.o)
                                 0x14 (size before relaxing)
 .rodata.str1.4
                0x00000000        0x4 /usr/local/Sourcery/bin/../lib/gcc/arm-none-eabi/4.6.1/../../../../arm-none-eabi/lib/thumb2/libc.a(lib_a-mbrtowc.o)
 *(.ARM.extab* .gnu.linkonce.armextab.*)
                0x00409450                . = ALIGN (0x4)
 *(.init)
 .init          0x00409450        0x4 /usr/local/Sourcery/bin/../lib/gcc/arm-none-eabi/4.6.1/thumb2/crti.o
                0x00409450                _init
 .init          0x00409454        0x8 /usr/local/Sourcery/bin/../lib/gcc/arm-none-eabi/4.6.1/thumb2/crtn.o
                0x0040945c                . = ALIGN (0x4)
                0x0040945c                __preinit_array_start = .
 *(.preinit_array)
                0x0040945c                __preinit_array_end = .
                0x0040945c                . = ALIGN (0x4)
                0x0040945c                __init_array_start = .
 *(SORT(.init_array.*))
 *(.init_array)
 .init_array    0x0040945c        0x4 /usr/local/Sourcery/bin/../lib/gcc/arm-none-eabi/4.6.1/thumb2/crtbegin.o
                0x00409460                __init_array_end = .
                0x00409460                . = ALIGN (0x4)
 *crtbegin.o(.ctors)
 *(EXCLUDE_FILE(*crtend.o) .ctors)
 *(SORT(.ctors.*))
 *crtend.o(.ctors)
                0x00409460                . = ALIGN (0x4)
 *(.fini)
 .fini          0x00409460        0x4 /usr/local/Sourcery/bin/../lib/gcc/arm-none-eabi/4.6.1/thumb2/crti.o
                0x00409460                _fini
 .fini          0x00409464        0x8 /usr/local/Sourcery/bin/../lib/gcc/arm-none-eabi/4.6.1/thumb2/crtn.o
                0x0040946c                . = ALIGN (0x4)
                0x0040946c                __fini_array_start = .
 *(.fini_array)
 .fini_array    0x0040946c        0x4 /usr/local/Sourcery/bin/../lib/gcc/arm-none-eabi/4.6.1/thumb2/crtbegin.o
 *(SORT(.fini_array.*))
                0x00409470                __fini_array_end = .
 *crtbegin.o(.dtors)
 *(EXCLUDE_FILE(*crtend.o) .dtors)
 *(SORT(.dtors.*))
 *crtend.o(.dtors)
                0x00409470                . = ALIGN (0x4)
                0x00409470                _efixed = .
                0x00409470                PROVIDE (__exidx_start, .)

.vfp11_veneer   0x00409470        0x0
 .vfp11_veneer  0x00000000        0x0 linker stubs

.v4_bx          0x00409470        0x0
 .v4_bx         0x00000000        0x0 linker stubs

.iplt           0x00409470        0x0
 .iplt          0x00000000        0x0 /usr/local/Sourcery/bin/../lib/gcc/arm-none-eabi/4.6.1/thumb2/crtbegin.o

.ARM.exidx      0x00409470        0x8
 *(.ARM.exidx* .gnu.linkonce.armexidx.*)
 .ARM.exidx     0x00409470        0x8 /usr/local/Sourcery/bin/../lib/gcc/arm-none-eabi/4.6.1/thumb2/libgcc.a(_divdi3.o)
 .ARM.exidx     0x00409478        0x0 /usr/local/Sourcery/bin/../lib/gcc/arm-none-eabi/4.6.1/thumb2/libgcc.a(_udivdi3.o)
                                  0x8 (size before relaxing)
                0x00409478                PROVIDE (__exidx_end, .)

.eh_frame       0x00409478        0x0
 .eh_frame      0x00409478        0x0 /usr/local/Sourcery/bin/../lib/gcc/arm-none-eabi/4.6.1/thumb2/crtbegin.o

.rel.dyn        0x00409478        0x0
 .rel.iplt      0x00000000        0x0 /usr/local/Sourcery/bin/../lib/gcc/arm-none-eabi/4.6.1/thumb2/crtbegin.o

.jcr            0x00409478        0x0
 .jcr           0x00409478        0x0 /usr/local/Sourcery/bin/../lib/gcc/arm-none-eabi/4.6.1/thumb2/crtbegin.o

.igot.plt       0x00409478        0x0
 .igot.plt      0x00000000        0x0 /usr/local/Sourcery/bin/../lib/gcc/arm-none-eabi/4.6.1/thumb2/crtbegin.o
                0x00409478                . = ALIGN (0x4)
                0x00409478                _etext = .

.relocate       0x20000000      0x5a4 load address 0x00409478
                0x20000000                . = ALIGN (0x4)
                0x20000000                _srelocate = .
 *(.ramfunc .ramfunc.*)
 *(.data .data.*)
 .data          0x20000000        0x4 build/obj/system.o
                0x20000000                SystemCoreClock
 .data          0x20000004        0x4 build/obj/uart_console.o
 .data          0x20000008        0x4 build/obj/usb_console.o
 .data          0x2000000c        0x8 build/obj/usb_device_descriptor.o
                0x2000000c                stringDescriptors
 .data          0x20000014        0x1 build/obj/main.o
                0x20000014                _state
 *fill*         0x20000015        0x3 00
 .data          0x20000018       0xf4 /usr/local/Sourcery/bin/../lib/gcc/arm-none-eabi/4.6.1/../../../../arm-none-eabi/lib/thumb2/libc.a(lib_a-impure.o)
                0x20000018                _impure_ptr
 .data          0x2000010c        0x4 /usr/local/Sourcery/bin/../lib/gcc/arm-none-eabi/4.6.1/../../../../arm-none-eabi/lib/thumb2/libc.a(lib_a-ctype_.o)
                0x2000010c                __ctype_ptr__
 .data          0x20000110       0x7c /usr/local/Sourcery/bin/../lib/gcc/arm-none-eabi/4.6.1/../../../../arm-none-eabi/lib/thumb2/libc.a(lib_a-locale.o)
                0x20000130                __mb_cur_max
 .data          0x2000018c      0x410 /usr/local/Sourcery/bin/../lib/gcc/arm-none-eabi/4.6.1/../../../../arm-none-eabi/lib/thumb2/libc.a(lib_a-mallocr.o)
                0x2000018c                __malloc_av_
                0x20000594                __malloc_sbrk_base
                0x20000598                __malloc_trim_threshold
 .data          0x2000059c        0x4 /usr/local/Sourcery/bin/../lib/gcc/arm-none-eabi/4.6.1/../../../../arm-none-eabi/lib/thumb2/libc.a(lib_a-mbtowc_r.o)
                0x2000059c                __mbtowc
 .data          0x200005a0        0x4 /usr/local/Sourcery/bin/../lib/gcc/arm-none-eabi/4.6.1/../../../../arm-none-eabi/lib/thumb2/libc.a(lib_a-wctomb_r.o)
                0x200005a0                __wctomb
                0x200005a4                . = ALIGN (0x4)
                0x200005a4                _erelocate = .

.bss            0x200005a4      0x2dc load address 0x00409a1c
                0x200005a4                . = ALIGN (0x4)
                0x200005a4                _sbss = .
                0x200005a4                _szero = .
 *(.bss .bss.*)
 .bss           0x200005a4       0x1c /usr/local/Sourcery/bin/../lib/gcc/arm-none-eabi/4.6.1/thumb2/crtbegin.o
 .bss           0x200005c0        0x4 build/obj/syscalls.o
 .bss           0x200005c4        0x1 build/obj/uart_console.o
 *fill*         0x200005c5        0x3 00
 .bss           0x200005c8      0x10c build/obj/usb_console.o
 .bss           0x200006d4        0xc build/obj/led.o
 .bss           0x200006e0        0x4 build/obj/timetick.o
 .bss           0x200006e4        0xc build/obj/main.o
                0x200006e4                input
 .bss           0x200006f0       0xe0 libusb/lib/libusb_sam3s_rel.a(release-USBD_HAL.o)
 .bss           0x200007d0        0x2 libusb/lib/libusb_sam3s_rel.a(release-USBD.o)
 *fill*         0x200007d2        0x2 00
 .bss           0x200007d4       0x10 libusb/lib/libusb_sam3s_rel.a(release-USBDDriver.o)
 .bss           0x200007e4       0x1c libusb/lib/libusb_sam3s_rel.a(release-CDCDSerial.o)
 .bss           0x20000800        0x7 libusb/lib/libusb_sam3s_rel.a(release-CDCDSerialPort.o)
 *fill*         0x20000807        0x1 00
 .bss           0x20000808       0x3c libchip/lib/libchip_sam3s4_rel.a(release-pio_it.o)
 .bss           0x20000844        0x4 libchip/lib/libchip_sam3s4_rel.a(release-pio_capture.o)
 .bss           0x20000848       0x34 /usr/local/Sourcery/bin/../lib/gcc/arm-none-eabi/4.6.1/../../../../arm-none-eabi/lib/thumb2/libc.a(lib_a-mallocr.o)
                0x20000848                __malloc_top_pad
                0x2000084c                __malloc_current_mallinfo
                0x20000874                __malloc_max_sbrked_mem
                0x20000878                __malloc_max_total_mem
 *(COMMON)
 COMMON         0x2000087c        0x4 /usr/local/Sourcery/bin/../lib/gcc/arm-none-eabi/4.6.1/../../../../arm-none-eabi/lib/thumb2/libc.a(lib_a-reent.o)
                0x2000087c                errno
                0x20000880                . = ALIGN (0x4)
                0x20000880                _ebss = .
                0x20000880                _ezero = .

.stack          0x20000880     0x1000 load address 0x00409cf8
                0x20000880                . = ALIGN (0x8)
 *(.stack .stack.*)
 .stack         0x20000880     0x1000 build/obj/startup.o
                0x20000880                pdwStack
                0x20001880                . = ALIGN (0x4)
                0x20001880                _end = .
OUTPUT(build/bin/project.elf elf32-littlearm)

.ARM.attributes
                0x00000000       0x29
 .ARM.attributes
                0x00000000       0x1b /usr/local/Sourcery/bin/../lib/gcc/arm-none-eabi/4.6.1/thumb2/crti.o
 .ARM.attributes
                0x0000001b       0x2b /usr/local/Sourcery/bin/../lib/gcc/arm-none-eabi/4.6.1/thumb2/crtbegin.o
 .ARM.attributes
                0x00000046       0x33 build/obj/syscalls.o
 .ARM.attributes
                0x00000079       0x33 build/obj/system.o
 .ARM.attributes
                0x000000ac       0x33 build/obj/uart_console.o
 .ARM.attributes
                0x000000df       0x33 build/obj/usb_console.o
 .ARM.attributes
                0x00000112       0x33 build/obj/led.o
 .ARM.attributes
                0x00000145       0x33 build/obj/timetick.o
 .ARM.attributes
                0x00000178       0x33 build/obj/startup.o
 .ARM.attributes
                0x000001ab       0x33 build/obj/usb_device_descriptor.o
 .ARM.attributes
                0x000001de       0x33 build/obj/main.o
 .ARM.attributes
                0x00000211       0x33 libusb/lib/libusb_sam3s_rel.a(release-USBD_HAL.o)
 .ARM.attributes
                0x00000244       0x33 libusb/lib/libusb_sam3s_rel.a(release-USBDescriptors.o)
 .ARM.attributes
                0x00000277       0x33 libusb/lib/libusb_sam3s_rel.a(release-USBD.o)
 .ARM.attributes
                0x000002aa       0x33 libusb/lib/libusb_sam3s_rel.a(release-USBDCallbacks.o)
 .ARM.attributes
                0x000002dd       0x33 libusb/lib/libusb_sam3s_rel.a(release-USBDDriver.o)
 .ARM.attributes
                0x00000310       0x33 libusb/lib/libusb_sam3s_rel.a(release-CDCDSerial.o)
 .ARM.attributes
                0x00000343       0x33 libusb/lib/libusb_sam3s_rel.a(release-USBDDriverCallbacks.o)
 .ARM.attributes
                0x00000376       0x33 libusb/lib/libusb_sam3s_rel.a(release-CDCDSerialDriver.o)
 .ARM.attributes
                0x000003a9       0x33 libusb/lib/libusb_sam3s_rel.a(release-USBRequests.o)
 .ARM.attributes
                0x000003dc       0x33 libusb/lib/libusb_sam3s_rel.a(release-CDCDSerialPort.o)
 .ARM.attributes
                0x0000040f       0x33 libusb/lib/libusb_sam3s_rel.a(release-CDCLineCoding.o)
 .ARM.attributes
                0x00000442       0x33 libchip/lib/libchip_sam3s4_rel.a(release-pio_it.o)
 .ARM.attributes
                0x00000475       0x33 libchip/lib/libchip_sam3s4_rel.a(release-exceptions.o)
 .ARM.attributes
                0x000004a8       0x33 libchip/lib/libchip_sam3s4_rel.a(release-adc.o)
 .ARM.attributes
                0x000004db       0x33 libchip/lib/libchip_sam3s4_rel.a(release-pio.o)
 .ARM.attributes
                0x0000050e       0x33 libchip/lib/libchip_sam3s4_rel.a(release-pmc.o)
 .ARM.attributes
                0x00000541       0x33 libchip/lib/libchip_sam3s4_rel.a(release-tc.o)
 .ARM.attributes
                0x00000574       0x33 libchip/lib/libchip_sam3s4_rel.a(release-pio_capture.o)
 .ARM.attributes
                0x000005a7       0x2b /usr/local/Sourcery/bin/../lib/gcc/arm-none-eabi/4.6.1/../../../../arm-none-eabi/lib/thumb2/libc.a(lib_a-assert.o)
 .ARM.attributes
                0x000005d2       0x2b /usr/local/Sourcery/bin/../lib/gcc/arm-none-eabi/4.6.1/../../../../arm-none-eabi/lib/thumb2/libc.a(lib_a-fiprintf.o)
 .ARM.attributes
                0x000005fd       0x2b /usr/local/Sourcery/bin/../lib/gcc/arm-none-eabi/4.6.1/../../../../arm-none-eabi/lib/thumb2/libc.a(lib_a-gets.o)
 .ARM.attributes
                0x00000628       0x2b /usr/local/Sourcery/bin/../lib/gcc/arm-none-eabi/4.6.1/../../../../arm-none-eabi/lib/thumb2/libc.a(lib_a-impure.o)
 .ARM.attributes
                0x00000653       0x2b /usr/local/Sourcery/bin/../lib/gcc/arm-none-eabi/4.6.1/../../../../arm-none-eabi/lib/thumb2/libc.a(lib_a-iprintf.o)
 .ARM.attributes
                0x0000067e       0x2b /usr/local/Sourcery/bin/../lib/gcc/arm-none-eabi/4.6.1/../../../../arm-none-eabi/lib/thumb2/libc.a(lib_a-memcpy.o)
 .ARM.attributes
                0x000006a9       0x2b /usr/local/Sourcery/bin/../lib/gcc/arm-none-eabi/4.6.1/../../../../arm-none-eabi/lib/thumb2/libc.a(lib_a-memmove.o)
 .ARM.attributes
                0x000006d4       0x2b /usr/local/Sourcery/bin/../lib/gcc/arm-none-eabi/4.6.1/../../../../arm-none-eabi/lib/thumb2/libc.a(lib_a-reent.o)
 .ARM.attributes
                0x000006ff       0x2b /usr/local/Sourcery/bin/../lib/gcc/arm-none-eabi/4.6.1/../../../../arm-none-eabi/lib/thumb2/libc.a(lib_a-rget.o)
 .ARM.attributes
                0x0000072a       0x2b /usr/local/Sourcery/bin/../lib/gcc/arm-none-eabi/4.6.1/../../../../arm-none-eabi/lib/thumb2/libc.a(lib_a-setbuf.o)
 .ARM.attributes
                0x00000755       0x2b /usr/local/Sourcery/bin/../lib/gcc/arm-none-eabi/4.6.1/../../../../arm-none-eabi/lib/thumb2/libc.a(lib_a-setvbuf.o)
 .ARM.attributes
                0x00000780       0x2b /usr/local/Sourcery/bin/../lib/gcc/arm-none-eabi/4.6.1/../../../../arm-none-eabi/lib/thumb2/libc.a(lib_a-siscanf.o)
 .ARM.attributes
                0x000007ab       0x2b /usr/local/Sourcery/bin/../lib/gcc/arm-none-eabi/4.6.1/../../../../arm-none-eabi/lib/thumb2/libc.a(lib_a-stdio.o)
 .ARM.attributes
                0x000007d6       0x2b /usr/local/Sourcery/bin/../lib/gcc/arm-none-eabi/4.6.1/../../../../arm-none-eabi/lib/thumb2/libc.a(lib_a-strlen.o)
 .ARM.attributes
                0x00000801       0x2b /usr/local/Sourcery/bin/../lib/gcc/arm-none-eabi/4.6.1/../../../../arm-none-eabi/lib/thumb2/libc.a(lib_a-svfiscanf.o)
 .ARM.attributes
                0x0000082c       0x2b /usr/local/Sourcery/bin/../lib/gcc/arm-none-eabi/4.6.1/../../../../arm-none-eabi/lib/thumb2/libc.a(lib_a-ungetc.o)
 .ARM.attributes
                0x00000857       0x2b /usr/local/Sourcery/bin/../lib/gcc/arm-none-eabi/4.6.1/../../../../arm-none-eabi/lib/thumb2/libc.a(lib_a-vfiprintf.o)
 .ARM.attributes
                0x00000882       0x2b /usr/local/Sourcery/bin/../lib/gcc/arm-none-eabi/4.6.1/../../../../arm-none-eabi/lib/thumb2/libc.a(lib_a-writer.o)
 .ARM.attributes
                0x000008ad       0x2b /usr/local/Sourcery/bin/../lib/gcc/arm-none-eabi/4.6.1/../../../../arm-none-eabi/lib/thumb2/libc.a(lib_a-wsetup.o)
 .ARM.attributes
                0x000008d8       0x2b /usr/local/Sourcery/bin/../lib/gcc/arm-none-eabi/4.6.1/../../../../arm-none-eabi/lib/thumb2/libc.a(lib_a-abort.o)
 .ARM.attributes
                0x00000903       0x2b /usr/local/Sourcery/bin/../lib/gcc/arm-none-eabi/4.6.1/../../../../arm-none-eabi/lib/thumb2/libc.a(lib_a-closer.o)
 .ARM.attributes
                0x0000092e       0x2b /usr/local/Sourcery/bin/../lib/gcc/arm-none-eabi/4.6.1/../../../../arm-none-eabi/lib/thumb2/libc.a(lib_a-ctype_.o)
 .ARM.attributes
                0x00000959       0x2b /usr/local/Sourcery/bin/../lib/gcc/arm-none-eabi/4.6.1/../../../../arm-none-eabi/lib/thumb2/libc.a(lib_a-fflush.o)
 .ARM.attributes
                0x00000984       0x2b /usr/local/Sourcery/bin/../lib/gcc/arm-none-eabi/4.6.1/../../../../arm-none-eabi/lib/thumb2/libc.a(lib_a-findfp.o)
 .ARM.attributes
                0x000009af       0x2b /usr/local/Sourcery/bin/../lib/gcc/arm-none-eabi/4.6.1/../../../../arm-none-eabi/lib/thumb2/libc.a(lib_a-fputwc.o)
 .ARM.attributes
                0x000009da       0x2b /usr/local/Sourcery/bin/../lib/gcc/arm-none-eabi/4.6.1/../../../../arm-none-eabi/lib/thumb2/libc.a(lib_a-freer.o)
 .ARM.attributes
                0x00000a05       0x2b /usr/local/Sourcery/bin/../lib/gcc/arm-none-eabi/4.6.1/../../../../arm-none-eabi/lib/thumb2/libc.a(lib_a-fvwrite.o)
 .ARM.attributes
                0x00000a30       0x2b /usr/local/Sourcery/bin/../lib/gcc/arm-none-eabi/4.6.1/../../../../arm-none-eabi/lib/thumb2/libc.a(lib_a-fwalk.o)
 .ARM.attributes
                0x00000a5b       0x2b /usr/local/Sourcery/bin/../lib/gcc/arm-none-eabi/4.6.1/../../../../arm-none-eabi/lib/thumb2/libc.a(lib_a-iswspace.o)
 .ARM.attributes
                0x00000a86       0x2b /usr/local/Sourcery/bin/../lib/gcc/arm-none-eabi/4.6.1/../../../../arm-none-eabi/lib/thumb2/libc.a(lib_a-locale.o)
 .ARM.attributes
                0x00000ab1       0x2b /usr/local/Sourcery/bin/../lib/gcc/arm-none-eabi/4.6.1/../../../../arm-none-eabi/lib/thumb2/libc.a(lib_a-lseekr.o)
 .ARM.attributes
                0x00000adc       0x2b /usr/local/Sourcery/bin/../lib/gcc/arm-none-eabi/4.6.1/../../../../arm-none-eabi/lib/thumb2/libc.a(lib_a-makebuf.o)
 .ARM.attributes
                0x00000b07       0x2b /usr/local/Sourcery/bin/../lib/gcc/arm-none-eabi/4.6.1/../../../../arm-none-eabi/lib/thumb2/libc.a(lib_a-malloc.o)
 .ARM.attributes
                0x00000b32       0x2b /usr/local/Sourcery/bin/../lib/gcc/arm-none-eabi/4.6.1/../../../../arm-none-eabi/lib/thumb2/libc.a(lib_a-mallocr.o)
 .ARM.attributes
                0x00000b5d       0x2b /usr/local/Sourcery/bin/../lib/gcc/arm-none-eabi/4.6.1/../../../../arm-none-eabi/lib/thumb2/libc.a(lib_a-mbrtowc.o)
 .ARM.attributes
                0x00000b88       0x2b /usr/local/Sourcery/bin/../lib/gcc/arm-none-eabi/4.6.1/../../../../arm-none-eabi/lib/thumb2/libc.a(lib_a-mbtowc_r.o)
 .ARM.attributes
                0x00000bb3       0x2b /usr/local/Sourcery/bin/../lib/gcc/arm-none-eabi/4.6.1/../../../../arm-none-eabi/lib/thumb2/libc.a(lib_a-memchr.o)
 .ARM.attributes
                0x00000bde       0x2b /usr/local/Sourcery/bin/../lib/gcc/arm-none-eabi/4.6.1/../../../../arm-none-eabi/lib/thumb2/libc.a(lib_a-memset.o)
 .ARM.attributes
                0x00000c09       0x2b /usr/local/Sourcery/bin/../lib/gcc/arm-none-eabi/4.6.1/../../../../arm-none-eabi/lib/thumb2/libc.a(lib_a-mlock.o)
 .ARM.attributes
                0x00000c34       0x2b /usr/local/Sourcery/bin/../lib/gcc/arm-none-eabi/4.6.1/../../../../arm-none-eabi/lib/thumb2/libc.a(lib_a-readr.o)
 .ARM.attributes
                0x00000c5f       0x2b /usr/local/Sourcery/bin/../lib/gcc/arm-none-eabi/4.6.1/../../../../arm-none-eabi/lib/thumb2/libc.a(lib_a-reallocr.o)
 .ARM.attributes
                0x00000c8a       0x2b /usr/local/Sourcery/bin/../lib/gcc/arm-none-eabi/4.6.1/../../../../arm-none-eabi/lib/thumb2/libc.a(lib_a-refill.o)
 .ARM.attributes
                0x00000cb5       0x2b /usr/local/Sourcery/bin/../lib/gcc/arm-none-eabi/4.6.1/../../../../arm-none-eabi/lib/thumb2/libc.a(lib_a-sbrkr.o)
 .ARM.attributes
                0x00000ce0       0x2b /usr/local/Sourcery/bin/../lib/gcc/arm-none-eabi/4.6.1/../../../../arm-none-eabi/lib/thumb2/libc.a(lib_a-sccl.o)
 .ARM.attributes
                0x00000d0b       0x2b /usr/local/Sourcery/bin/../lib/gcc/arm-none-eabi/4.6.1/../../../../arm-none-eabi/lib/thumb2/libc.a(lib_a-signal.o)
 .ARM.attributes
                0x00000d36       0x2b /usr/local/Sourcery/bin/../lib/gcc/arm-none-eabi/4.6.1/../../../../arm-none-eabi/lib/thumb2/libc.a(lib_a-signalr.o)
 .ARM.attributes
                0x00000d61       0x2b /usr/local/Sourcery/bin/../lib/gcc/arm-none-eabi/4.6.1/../../../../arm-none-eabi/lib/thumb2/libc.a(lib_a-strcmp.o)
 .ARM.attributes
                0x00000d8c       0x2b /usr/local/Sourcery/bin/../lib/gcc/arm-none-eabi/4.6.1/../../../../arm-none-eabi/lib/thumb2/libc.a(lib_a-strtol.o)
 .ARM.attributes
                0x00000db7       0x2b /usr/local/Sourcery/bin/../lib/gcc/arm-none-eabi/4.6.1/../../../../arm-none-eabi/lib/thumb2/libc.a(lib_a-strtoll_r.o)
 .ARM.attributes
                0x00000de2       0x2b /usr/local/Sourcery/bin/../lib/gcc/arm-none-eabi/4.6.1/../../../../arm-none-eabi/lib/thumb2/libc.a(lib_a-strtoul.o)
 .ARM.attributes
                0x00000e0d       0x2b /usr/local/Sourcery/bin/../lib/gcc/arm-none-eabi/4.6.1/../../../../arm-none-eabi/lib/thumb2/libc.a(lib_a-strtoull_r.o)
 .ARM.attributes
                0x00000e38       0x2b /usr/local/Sourcery/bin/../lib/gcc/arm-none-eabi/4.6.1/../../../../arm-none-eabi/lib/thumb2/libc.a(lib_a-wbuf.o)
 .ARM.attributes
                0x00000e63       0x2b /usr/local/Sourcery/bin/../lib/gcc/arm-none-eabi/4.6.1/../../../../arm-none-eabi/lib/thumb2/libc.a(lib_a-wcrtomb.o)
 .ARM.attributes
                0x00000e8e       0x2b /usr/local/Sourcery/bin/../lib/gcc/arm-none-eabi/4.6.1/../../../../arm-none-eabi/lib/thumb2/libc.a(lib_a-wctomb_r.o)
 .ARM.attributes
                0x00000eb9       0x2b /usr/local/Sourcery/bin/../lib/gcc/arm-none-eabi/4.6.1/../../../../arm-none-eabi/lib/thumb2/libc.a(lib_a-fclose.o)
 .ARM.attributes
                0x00000ee4       0x2b /usr/local/Sourcery/bin/../lib/gcc/arm-none-eabi/4.6.1/../../../../arm-none-eabi/lib/thumb2/libc.a(lib_a-fstatr.o)
 .ARM.attributes
                0x00000f0f       0x2b /usr/local/Sourcery/bin/../lib/gcc/arm-none-eabi/4.6.1/../../../../arm-none-eabi/lib/thumb2/libc.a(lib_a-isattyr.o)
 .ARM.attributes
                0x00000f3a       0x1b /usr/local/Sourcery/bin/../lib/gcc/arm-none-eabi/4.6.1/thumb2/libgcc.a(_udivsi3.o)
 .ARM.attributes
                0x00000f55       0x1b /usr/local/Sourcery/bin/../lib/gcc/arm-none-eabi/4.6.1/thumb2/libgcc.a(_dvmd_tls.o)
 .ARM.attributes
                0x00000f70       0x1b /usr/local/Sourcery/bin/../lib/gcc/arm-none-eabi/4.6.1/thumb2/libgcc.a(_aeabi_uldivmod.o)
 .ARM.attributes
                0x00000f8b       0x2b /usr/local/Sourcery/bin/../lib/gcc/arm-none-eabi/4.6.1/thumb2/libgcc.a(bpabi.o)
 .ARM.attributes
                0x00000fb6       0x2b /usr/local/Sourcery/bin/../lib/gcc/arm-none-eabi/4.6.1/thumb2/libgcc.a(_divdi3.o)
 .ARM.attributes
                0x00000fe1       0x2b /usr/local/Sourcery/bin/../lib/gcc/arm-none-eabi/4.6.1/thumb2/libgcc.a(_udivdi3.o)
 .ARM.attributes
                0x0000100c       0x1b /usr/local/Sourcery/bin/../lib/gcc/arm-none-eabi/4.6.1/thumb2/crtn.o

.comment        0x00000000       0x30
 .comment       0x00000000       0x30 build/obj/syscalls.o
                                 0x31 (size before relaxing)
 .comment       0x00000000       0x31 build/obj/system.o
 .comment       0x00000000       0x31 build/obj/uart_console.o
 .comment       0x00000000       0x31 build/obj/usb_console.o
 .comment       0x00000000       0x31 build/obj/led.o
 .comment       0x00000000       0x31 build/obj/timetick.o
 .comment       0x00000000       0x31 build/obj/startup.o
 .comment       0x00000000       0x31 build/obj/usb_device_descriptor.o
 .comment       0x00000000       0x31 build/obj/main.o
 .comment       0x00000000       0x31 libusb/lib/libusb_sam3s_rel.a(release-USBD_HAL.o)
 .comment       0x00000000       0x31 libusb/lib/libusb_sam3s_rel.a(release-USBDescriptors.o)
 .comment       0x00000000       0x31 libusb/lib/libusb_sam3s_rel.a(release-USBD.o)
 .comment       0x00000000       0x31 libusb/lib/libusb_sam3s_rel.a(release-USBDCallbacks.o)
 .comment       0x00000000       0x31 libusb/lib/libusb_sam3s_rel.a(release-USBDDriver.o)
 .comment       0x00000000       0x31 libusb/lib/libusb_sam3s_rel.a(release-CDCDSerial.o)
 .comment       0x00000000       0x31 libusb/lib/libusb_sam3s_rel.a(release-USBDDriverCallbacks.o)
 .comment       0x00000000       0x31 libusb/lib/libusb_sam3s_rel.a(release-CDCDSerialDriver.o)
 .comment       0x00000000       0x31 libusb/lib/libusb_sam3s_rel.a(release-USBRequests.o)
 .comment       0x00000000       0x31 libusb/lib/libusb_sam3s_rel.a(release-CDCDSerialPort.o)
 .comment       0x00000000       0x31 libusb/lib/libusb_sam3s_rel.a(release-CDCLineCoding.o)
 .comment       0x00000000       0x31 libchip/lib/libchip_sam3s4_rel.a(release-pio_it.o)
 .comment       0x00000000       0x31 libchip/lib/libchip_sam3s4_rel.a(release-exceptions.o)
 .comment       0x00000000       0x31 libchip/lib/libchip_sam3s4_rel.a(release-adc.o)
 .comment       0x00000000       0x31 libchip/lib/libchip_sam3s4_rel.a(release-pio.o)
 .comment       0x00000000       0x31 libchip/lib/libchip_sam3s4_rel.a(release-pmc.o)
 .comment       0x00000000       0x31 libchip/lib/libchip_sam3s4_rel.a(release-tc.o)
 .comment       0x00000000       0x31 libchip/lib/libchip_sam3s4_rel.a(release-pio_capture.o)

.debug_info     0x00000000    0x10e72
 .debug_info    0x00000000      0x4e1 build/obj/syscalls.o
 .debug_info    0x000004e1      0x3e9 build/obj/system.o
 .debug_info    0x000008ca      0xbfa build/obj/uart_console.o
 .debug_info    0x000014c4     0x1b58 build/obj/usb_console.o
 .debug_info    0x0000301c     0x1009 build/obj/led.o
 .debug_info    0x00004025      0x649 build/obj/timetick.o
 .debug_info    0x0000466e      0x37b build/obj/startup.o
 .debug_info    0x000049e9      0x7bd build/obj/usb_device_descriptor.o
 .debug_info    0x000051a6     0x1968 build/obj/main.o
 .debug_info    0x00006b0e     0x2144 libusb/lib/libusb_sam3s_rel.a(release-USBD_HAL.o)
 .debug_info    0x00008c52      0x5c9 libusb/lib/libusb_sam3s_rel.a(release-USBDescriptors.o)
 .debug_info    0x0000921b      0xd8c libusb/lib/libusb_sam3s_rel.a(release-USBD.o)
 .debug_info    0x00009fa7      0x181 libusb/lib/libusb_sam3s_rel.a(release-USBDCallbacks.o)
 .debug_info    0x0000a128     0x13d8 libusb/lib/libusb_sam3s_rel.a(release-USBDDriver.o)
 .debug_info    0x0000b500      0x9c5 libusb/lib/libusb_sam3s_rel.a(release-CDCDSerial.o)
 .debug_info    0x0000bec5       0xd7 libusb/lib/libusb_sam3s_rel.a(release-USBDDriverCallbacks.o)
 .debug_info    0x0000bf9c      0x563 libusb/lib/libusb_sam3s_rel.a(release-CDCDSerialDriver.o)
 .debug_info    0x0000c4ff      0x3cd libusb/lib/libusb_sam3s_rel.a(release-USBRequests.o)
 .debug_info    0x0000c8cc      0xc73 libusb/lib/libusb_sam3s_rel.a(release-CDCDSerialPort.o)
 .debug_info    0x0000d53f      0x140 libusb/lib/libusb_sam3s_rel.a(release-CDCLineCoding.o)
 .debug_info    0x0000d67f      0xe46 libchip/lib/libchip_sam3s4_rel.a(release-pio_it.o)
 .debug_info    0x0000e4c5      0x3f0 libchip/lib/libchip_sam3s4_rel.a(release-exceptions.o)
 .debug_info    0x0000e8b5      0xaa1 libchip/lib/libchip_sam3s4_rel.a(release-adc.o)
 .debug_info    0x0000f356      0xa6c libchip/lib/libchip_sam3s4_rel.a(release-pio.o)
 .debug_info    0x0000fdc2      0x44d libchip/lib/libchip_sam3s4_rel.a(release-pmc.o)
 .debug_info    0x0001020f      0x488 libchip/lib/libchip_sam3s4_rel.a(release-tc.o)
 .debug_info    0x00010697      0x7db libchip/lib/libchip_sam3s4_rel.a(release-pio_capture.o)

.debug_abbrev   0x00000000     0x29da
 .debug_abbrev  0x00000000      0x10f build/obj/syscalls.o
 .debug_abbrev  0x0000010f       0xfb build/obj/system.o
 .debug_abbrev  0x0000020a      0x14f build/obj/uart_console.o
 .debug_abbrev  0x00000359      0x2f9 build/obj/usb_console.o
 .debug_abbrev  0x00000652      0x1d2 build/obj/led.o
 .debug_abbrev  0x00000824      0x1c3 build/obj/timetick.o
 .debug_abbrev  0x000009e7       0xf6 build/obj/startup.o
 .debug_abbrev  0x00000add       0xdc build/obj/usb_device_descriptor.o
 .debug_abbrev  0x00000bb9      0x280 build/obj/main.o
 .debug_abbrev  0x00000e39      0x3c3 libusb/lib/libusb_sam3s_rel.a(release-USBD_HAL.o)
 .debug_abbrev  0x000011fc      0x10a libusb/lib/libusb_sam3s_rel.a(release-USBDescriptors.o)
 .debug_abbrev  0x00001306      0x265 libusb/lib/libusb_sam3s_rel.a(release-USBD.o)
 .debug_abbrev  0x0000156b       0xb3 libusb/lib/libusb_sam3s_rel.a(release-USBDCallbacks.o)
 .debug_abbrev  0x0000161e      0x309 libusb/lib/libusb_sam3s_rel.a(release-USBDDriver.o)
 .debug_abbrev  0x00001927      0x192 libusb/lib/libusb_sam3s_rel.a(release-CDCDSerial.o)
 .debug_abbrev  0x00001ab9       0x74 libusb/lib/libusb_sam3s_rel.a(release-USBDDriverCallbacks.o)
 .debug_abbrev  0x00001b2d       0xf6 libusb/lib/libusb_sam3s_rel.a(release-CDCDSerialDriver.o)
 .debug_abbrev  0x00001c23       0xd0 libusb/lib/libusb_sam3s_rel.a(release-USBRequests.o)
 .debug_abbrev  0x00001cf3      0x264 libusb/lib/libusb_sam3s_rel.a(release-CDCDSerialPort.o)
 .debug_abbrev  0x00001f57       0x95 libusb/lib/libusb_sam3s_rel.a(release-CDCLineCoding.o)
 .debug_abbrev  0x00001fec      0x256 libchip/lib/libchip_sam3s4_rel.a(release-pio_it.o)
 .debug_abbrev  0x00002242       0x6e libchip/lib/libchip_sam3s4_rel.a(release-exceptions.o)
 .debug_abbrev  0x000022b0      0x1d3 libchip/lib/libchip_sam3s4_rel.a(release-adc.o)
 .debug_abbrev  0x00002483      0x1d5 libchip/lib/libchip_sam3s4_rel.a(release-pio.o)
 .debug_abbrev  0x00002658       0xf4 libchip/lib/libchip_sam3s4_rel.a(release-pmc.o)
 .debug_abbrev  0x0000274c      0x131 libchip/lib/libchip_sam3s4_rel.a(release-tc.o)
 .debug_abbrev  0x0000287d      0x15d libchip/lib/libchip_sam3s4_rel.a(release-pio_capture.o)

.debug_loc      0x00000000     0x4b98
 .debug_loc     0x00000000      0x25c build/obj/syscalls.o
 .debug_loc     0x0000025c       0x64 build/obj/system.o
 .debug_loc     0x000002c0      0x150 build/obj/uart_console.o
 .debug_loc     0x00000410      0x39c build/obj/usb_console.o
 .debug_loc     0x000007ac      0x294 build/obj/led.o
 .debug_loc     0x00000a40      0x19c build/obj/timetick.o
 .debug_loc     0x00000bdc       0x38 build/obj/startup.o
 .debug_loc     0x00000c14      0x1b8 build/obj/main.o
 .debug_loc     0x00000dcc     0x1666 libusb/lib/libusb_sam3s_rel.a(release-USBD_HAL.o)
 .debug_loc     0x00002432      0x2fe libusb/lib/libusb_sam3s_rel.a(release-USBDescriptors.o)
 .debug_loc     0x00002730      0x3db libusb/lib/libusb_sam3s_rel.a(release-USBD.o)
 .debug_loc     0x00002b0b       0x3e libusb/lib/libusb_sam3s_rel.a(release-USBDCallbacks.o)
 .debug_loc     0x00002b49      0x776 libusb/lib/libusb_sam3s_rel.a(release-USBDDriver.o)
 .debug_loc     0x000032bf      0x369 libusb/lib/libusb_sam3s_rel.a(release-CDCDSerial.o)
 .debug_loc     0x00003628       0xfe libusb/lib/libusb_sam3s_rel.a(release-CDCDSerialDriver.o)
 .debug_loc     0x00003726      0x250 libusb/lib/libusb_sam3s_rel.a(release-USBRequests.o)
 .debug_loc     0x00003976      0x548 libusb/lib/libusb_sam3s_rel.a(release-CDCDSerialPort.o)
 .debug_loc     0x00003ebe       0x1f libusb/lib/libusb_sam3s_rel.a(release-CDCLineCoding.o)
 .debug_loc     0x00003edd      0x2e3 libchip/lib/libchip_sam3s4_rel.a(release-pio_it.o)
 .debug_loc     0x000041c0      0x43d libchip/lib/libchip_sam3s4_rel.a(release-adc.o)
 .debug_loc     0x000045fd      0x24d libchip/lib/libchip_sam3s4_rel.a(release-pio.o)
 .debug_loc     0x0000484a      0x102 libchip/lib/libchip_sam3s4_rel.a(release-pmc.o)
 .debug_loc     0x0000494c      0x1b9 libchip/lib/libchip_sam3s4_rel.a(release-tc.o)
 .debug_loc     0x00004b05       0x93 libchip/lib/libchip_sam3s4_rel.a(release-pio_capture.o)

.debug_aranges  0x00000000      0xad8
 .debug_aranges
                0x00000000       0x70 build/obj/syscalls.o
 .debug_aranges
                0x00000070       0x28 build/obj/system.o
 .debug_aranges
                0x00000098       0x48 build/obj/uart_console.o
 .debug_aranges
                0x000000e0       0xa8 build/obj/usb_console.o
 .debug_aranges
                0x00000188       0x78 build/obj/led.o
 .debug_aranges
                0x00000200       0x58 build/obj/timetick.o
 .debug_aranges
                0x00000258       0x20 build/obj/startup.o
 .debug_aranges
                0x00000278       0x58 build/obj/main.o
 .debug_aranges
                0x000002d0       0xd8 libusb/lib/libusb_sam3s_rel.a(release-USBD_HAL.o)
 .debug_aranges
                0x000003a8       0x80 libusb/lib/libusb_sam3s_rel.a(release-USBDescriptors.o)
 .debug_aranges
                0x00000428       0xb0 libusb/lib/libusb_sam3s_rel.a(release-USBD.o)
 .debug_aranges
                0x000004d8       0x40 libusb/lib/libusb_sam3s_rel.a(release-USBDCallbacks.o)
 .debug_aranges
                0x00000518       0x58 libusb/lib/libusb_sam3s_rel.a(release-USBDDriver.o)
 .debug_aranges
                0x00000570       0x78 libusb/lib/libusb_sam3s_rel.a(release-CDCDSerial.o)
 .debug_aranges
                0x000005e8       0x28 libusb/lib/libusb_sam3s_rel.a(release-USBDDriverCallbacks.o)
 .debug_aranges
                0x00000610       0x30 libusb/lib/libusb_sam3s_rel.a(release-CDCDSerialDriver.o)
 .debug_aranges
                0x00000640       0x98 libusb/lib/libusb_sam3s_rel.a(release-USBRequests.o)
 .debug_aranges
                0x000006d8       0x70 libusb/lib/libusb_sam3s_rel.a(release-CDCDSerialPort.o)
 .debug_aranges
                0x00000748       0x20 libusb/lib/libusb_sam3s_rel.a(release-CDCLineCoding.o)
 .debug_aranges
                0x00000768       0x60 libchip/lib/libchip_sam3s4_rel.a(release-pio_it.o)
 .debug_aranges
                0x000007c8      0x168 libchip/lib/libchip_sam3s4_rel.a(release-exceptions.o)
 .debug_aranges
                0x00000930       0xa0 libchip/lib/libchip_sam3s4_rel.a(release-adc.o)
 .debug_aranges
                0x000009d0       0x48 libchip/lib/libchip_sam3s4_rel.a(release-pio.o)
 .debug_aranges
                0x00000a18       0x40 libchip/lib/libchip_sam3s4_rel.a(release-pmc.o)
 .debug_aranges
                0x00000a58       0x38 libchip/lib/libchip_sam3s4_rel.a(release-tc.o)
 .debug_aranges
                0x00000a90       0x48 libchip/lib/libchip_sam3s4_rel.a(release-pio_capture.o)

.debug_ranges   0x00000000      0xc28
 .debug_ranges  0x00000000       0x60 build/obj/syscalls.o
 .debug_ranges  0x00000060       0x18 build/obj/system.o
 .debug_ranges  0x00000078       0x38 build/obj/uart_console.o
 .debug_ranges  0x000000b0       0x98 build/obj/usb_console.o
 .debug_ranges  0x00000148       0x68 build/obj/led.o
 .debug_ranges  0x000001b0       0x48 build/obj/timetick.o
 .debug_ranges  0x000001f8       0x10 build/obj/startup.o
 .debug_ranges  0x00000208       0x48 build/obj/main.o
 .debug_ranges  0x00000250      0x308 libusb/lib/libusb_sam3s_rel.a(release-USBD_HAL.o)
 .debug_ranges  0x00000558       0x88 libusb/lib/libusb_sam3s_rel.a(release-USBDescriptors.o)
 .debug_ranges  0x000005e0       0xa0 libusb/lib/libusb_sam3s_rel.a(release-USBD.o)
 .debug_ranges  0x00000680       0x30 libusb/lib/libusb_sam3s_rel.a(release-USBDCallbacks.o)
 .debug_ranges  0x000006b0       0x78 libusb/lib/libusb_sam3s_rel.a(release-USBDDriver.o)
 .debug_ranges  0x00000728       0x68 libusb/lib/libusb_sam3s_rel.a(release-CDCDSerial.o)
 .debug_ranges  0x00000790       0x18 libusb/lib/libusb_sam3s_rel.a(release-USBDDriverCallbacks.o)
 .debug_ranges  0x000007a8       0x20 libusb/lib/libusb_sam3s_rel.a(release-CDCDSerialDriver.o)
 .debug_ranges  0x000007c8       0x88 libusb/lib/libusb_sam3s_rel.a(release-USBRequests.o)
 .debug_ranges  0x00000850       0x78 libusb/lib/libusb_sam3s_rel.a(release-CDCDSerialPort.o)
 .debug_ranges  0x000008c8       0x10 libusb/lib/libusb_sam3s_rel.a(release-CDCLineCoding.o)
 .debug_ranges  0x000008d8       0x88 libchip/lib/libchip_sam3s4_rel.a(release-pio_it.o)
 .debug_ranges  0x00000960      0x158 libchip/lib/libchip_sam3s4_rel.a(release-exceptions.o)
 .debug_ranges  0x00000ab8       0x90 libchip/lib/libchip_sam3s4_rel.a(release-adc.o)
 .debug_ranges  0x00000b48       0x50 libchip/lib/libchip_sam3s4_rel.a(release-pio.o)
 .debug_ranges  0x00000b98       0x30 libchip/lib/libchip_sam3s4_rel.a(release-pmc.o)
 .debug_ranges  0x00000bc8       0x28 libchip/lib/libchip_sam3s4_rel.a(release-tc.o)
 .debug_ranges  0x00000bf0       0x38 libchip/lib/libchip_sam3s4_rel.a(release-pio_capture.o)

.debug_line     0x00000000     0x3787
 .debug_line    0x00000000      0x1b7 build/obj/syscalls.o
 .debug_line    0x000001b7      0x155 build/obj/system.o
 .debug_line    0x0000030c      0x180 build/obj/uart_console.o
 .debug_line    0x0000048c      0x3de build/obj/usb_console.o
 .debug_line    0x0000086a      0x213 build/obj/led.o
 .debug_line    0x00000a7d      0x184 build/obj/timetick.o
 .debug_line    0x00000c01      0x105 build/obj/startup.o
 .debug_line    0x00000d06      0x11c build/obj/usb_device_descriptor.o
 .debug_line    0x00000e22      0x294 build/obj/main.o
 .debug_line    0x000010b6      0x72d libusb/lib/libusb_sam3s_rel.a(release-USBD_HAL.o)
 .debug_line    0x000017e3      0x1d4 libusb/lib/libusb_sam3s_rel.a(release-USBDescriptors.o)
 .debug_line    0x000019b7      0x31f libusb/lib/libusb_sam3s_rel.a(release-USBD.o)
 .debug_line    0x00001cd6      0x10a libusb/lib/libusb_sam3s_rel.a(release-USBDCallbacks.o)
 .debug_line    0x00001de0      0x313 libusb/lib/libusb_sam3s_rel.a(release-USBDDriver.o)
 .debug_line    0x000020f3      0x1f8 libusb/lib/libusb_sam3s_rel.a(release-CDCDSerial.o)
 .debug_line    0x000022eb       0xc3 libusb/lib/libusb_sam3s_rel.a(release-USBDDriverCallbacks.o)
 .debug_line    0x000023ae      0x120 libusb/lib/libusb_sam3s_rel.a(release-CDCDSerialDriver.o)
 .debug_line    0x000024ce      0x1ce libusb/lib/libusb_sam3s_rel.a(release-USBRequests.o)
 .debug_line    0x0000269c      0x25b libusb/lib/libusb_sam3s_rel.a(release-CDCDSerialPort.o)
 .debug_line    0x000028f7       0xca libusb/lib/libusb_sam3s_rel.a(release-CDCLineCoding.o)
 .debug_line    0x000029c1      0x285 libchip/lib/libchip_sam3s4_rel.a(release-pio_it.o)
 .debug_line    0x00002c46      0x2e8 libchip/lib/libchip_sam3s4_rel.a(release-exceptions.o)
 .debug_line    0x00002f2e      0x264 libchip/lib/libchip_sam3s4_rel.a(release-adc.o)
 .debug_line    0x00003192      0x1bf libchip/lib/libchip_sam3s4_rel.a(release-pio.o)
 .debug_line    0x00003351      0x154 libchip/lib/libchip_sam3s4_rel.a(release-pmc.o)
 .debug_line    0x000034a5      0x14e libchip/lib/libchip_sam3s4_rel.a(release-tc.o)
 .debug_line    0x000035f3      0x194 libchip/lib/libchip_sam3s4_rel.a(release-pio_capture.o)

.debug_str      0x00000000     0x34d2
 .debug_str     0x00000000      0x1e6 build/obj/syscalls.o
                                0x24c (size before relaxing)
 .debug_str     0x000001e6      0x1b2 build/obj/system.o
                                0x283 (size before relaxing)
 .debug_str     0x00000398      0x3ee build/obj/uart_console.o
                                0x60f (size before relaxing)
 .debug_str     0x00000786      0xaa0 build/obj/usb_console.o
                               0x103e (size before relaxing)
 .debug_str     0x00001226      0x143 build/obj/led.o
                                0x836 (size before relaxing)
 .debug_str     0x00001369      0x118 build/obj/timetick.o
                                0x421 (size before relaxing)
 .debug_str     0x00001481       0x7e build/obj/startup.o
                                0x1ae (size before relaxing)
 .debug_str     0x000014ff      0x2cb build/obj/usb_device_descriptor.o
                                0x6e7 (size before relaxing)
 .debug_str     0x000017ca      0x170 build/obj/main.o
                                0xc65 (size before relaxing)
 .debug_str     0x0000193a      0x52a libusb/lib/libusb_sam3s_rel.a(release-USBD_HAL.o)
                                0xcb2 (size before relaxing)
 .debug_str     0x00001e64      0x262 libusb/lib/libusb_sam3s_rel.a(release-USBDescriptors.o)
                                0x51e (size before relaxing)
 .debug_str     0x000020c6      0x154 libusb/lib/libusb_sam3s_rel.a(release-USBD.o)
                                0x7ed (size before relaxing)
 .debug_str     0x0000221a       0x59 libusb/lib/libusb_sam3s_rel.a(release-USBDCallbacks.o)
                                0x1b4 (size before relaxing)
 .debug_str     0x00002273      0x218 libusb/lib/libusb_sam3s_rel.a(release-USBDDriver.o)
                                0xb4f (size before relaxing)
 .debug_str     0x0000248b      0x26f libusb/lib/libusb_sam3s_rel.a(release-CDCDSerial.o)
                                0x7b7 (size before relaxing)
 .debug_str     0x000026fa       0x53 libusb/lib/libusb_sam3s_rel.a(release-USBDDriverCallbacks.o)
                                0x15e (size before relaxing)
 .debug_str     0x0000274d       0x89 libusb/lib/libusb_sam3s_rel.a(release-CDCDSerialDriver.o)
                                0x49a (size before relaxing)
 .debug_str     0x000027d6      0x231 libusb/lib/libusb_sam3s_rel.a(release-USBRequests.o)
                                0x354 (size before relaxing)
 .debug_str     0x00002a07      0x1b3 libusb/lib/libusb_sam3s_rel.a(release-CDCDSerialPort.o)
                                0x91b (size before relaxing)
 .debug_str     0x00002bba       0x51 libusb/lib/libusb_sam3s_rel.a(release-CDCLineCoding.o)
                                0x181 (size before relaxing)
 .debug_str     0x00002c0b      0x148 libchip/lib/libchip_sam3s4_rel.a(release-pio_it.o)
                                0x7a6 (size before relaxing)
 .debug_str     0x00002d53      0x22e libchip/lib/libchip_sam3s4_rel.a(release-exceptions.o)
                                0x384 (size before relaxing)