Archive member included because of file (symbol)

/usr/local/lib64/gcc/arm-none-eabi/4.5.2/../../../../arm-none-eabi/lib/libc.a(lib_a-atexit.o)
                              /usr/local/lib64/gcc/arm-none-eabi/4.5.2/../../../../arm-none-eabi/lib/crt0.o (atexit)
/usr/local/lib64/gcc/arm-none-eabi/4.5.2/../../../../arm-none-eabi/lib/libc.a(lib_a-__atexit.o)
                              /usr/local/lib64/gcc/arm-none-eabi/4.5.2/../../../../arm-none-eabi/lib/libc.a(lib_a-atexit.o) (__register_exitproc)
/usr/local/lib64/gcc/arm-none-eabi/4.5.2/../../../../arm-none-eabi/lib/libc.a(lib_a-exit.o)
                              /usr/local/lib64/gcc/arm-none-eabi/4.5.2/../../../../arm-none-eabi/lib/crt0.o (exit)
/usr/local/lib64/gcc/arm-none-eabi/4.5.2/../../../../arm-none-eabi/lib/libc.a(lib_a-fini.o)
                              /usr/local/lib64/gcc/arm-none-eabi/4.5.2/../../../../arm-none-eabi/lib/crt0.o (__libc_fini_array)
/usr/local/lib64/gcc/arm-none-eabi/4.5.2/../../../../arm-none-eabi/lib/libc.a(lib_a-impure.o)
                              /usr/local/lib64/gcc/arm-none-eabi/4.5.2/../../../../arm-none-eabi/lib/libc.a(lib_a-__atexit.o) (_global_impure_ptr)
/usr/local/lib64/gcc/arm-none-eabi/4.5.2/../../../../arm-none-eabi/lib/libc.a(lib_a-init.o)
                              /usr/local/lib64/gcc/arm-none-eabi/4.5.2/../../../../arm-none-eabi/lib/crt0.o (__libc_init_array)
/usr/local/lib64/gcc/arm-none-eabi/4.5.2/../../../../arm-none-eabi/lib/libc.a(lib_a-memset.o)
                              /usr/local/lib64/gcc/arm-none-eabi/4.5.2/../../../../arm-none-eabi/lib/crt0.o (memset)
/usr/local/lib64/gcc/arm-none-eabi/4.5.2/../../../../arm-none-eabi/lib/libc.a(lib_a-__call_atexit.o)
                              /usr/local/lib64/gcc/arm-none-eabi/4.5.2/../../../../arm-none-eabi/lib/libc.a(lib_a-exit.o) (__call_exitprocs)
libusb/lib/libusb_sam3s_rel.a(release-USBD_HAL.o)
                              build/obj/startup.o (USBD_IrqHandler)
libusb/lib/libusb_sam3s_rel.a(release-USBDescriptors.o)
                              libusb/lib/libusb_sam3s_rel.a(release-USBD_HAL.o) (USBEndpointDescriptor_GetNumber)
libusb/lib/libusb_sam3s_rel.a(release-USBD.o)
                              libusb/lib/libusb_sam3s_rel.a(release-USBD_HAL.o) (USBD_SuspendHandler)
libusb/lib/libusb_sam3s_rel.a(release-USBDCallbacks.o)
                              libusb/lib/libusb_sam3s_rel.a(release-USBD.o) (USBDCallbacks_Reset)
libusb/lib/libusb_sam3s_rel.a(release-USBDDriver.o)
                              libusb/lib/libusb_sam3s_rel.a(release-USBDCallbacks.o) (USBD_GetDriver)
libusb/lib/libusb_sam3s_rel.a(release-CDCDSerial.o)
                              build/obj/usb_console.o (CDCDSerial_Read)
libusb/lib/libusb_sam3s_rel.a(release-USBDDriverCallbacks.o)
                              libusb/lib/libusb_sam3s_rel.a(release-USBDDriver.o) (USBDDriverCallbacks_InterfaceSettingChanged)
libusb/lib/libusb_sam3s_rel.a(release-CDCDSerialDriver.o)
                              build/obj/usb_console.o (CDCDSerialDriver_Initialize)
libusb/lib/libusb_sam3s_rel.a(release-USBRequests.o)
                              libusb/lib/libusb_sam3s_rel.a(release-USBDDriver.o) (USBGenericRequest_GetRequest)
libusb/lib/libusb_sam3s_rel.a(release-CDCDSerialPort.o)
                              libusb/lib/libusb_sam3s_rel.a(release-CDCDSerial.o) (CDCDSerialPort_Initialize)
libusb/lib/libusb_sam3s_rel.a(release-CDCLineCoding.o)
                              libusb/lib/libusb_sam3s_rel.a(release-CDCDSerialPort.o) (CDCLineCoding_Initialize)
libchip/lib/libchip_sam3s4_rel.a(release-pio_it.o)
                              build/obj/startup.o (PIOA_IrqHandler)
libchip/lib/libchip_sam3s4_rel.a(release-exceptions.o)
                              build/obj/startup.o (IrqHandlerNotUsed)
libchip/lib/libchip_sam3s4_rel.a(release-adc.o)
                              build/obj/input.o (ADC_Initialize)
libchip/lib/libchip_sam3s4_rel.a(release-pio.o)
                              build/obj/usb_console.o (PIO_Configure)
libchip/lib/libchip_sam3s4_rel.a(release-pmc.o)
                              build/obj/input.o (PMC_EnablePeripheral)
libchip/lib/libchip_sam3s4_rel.a(release-tc.o)
                              build/obj/input.o (TC_Configure)
libchip/lib/libchip_sam3s4_rel.a(release-pio_capture.o)
                              libchip/lib/libchip_sam3s4_rel.a(release-pio_it.o) (PIO_CaptureHandler)
/usr/local/lib64/gcc/arm-none-eabi/4.5.2/../../../../arm-none-eabi/lib/libg.a(lib_a-assert.o)
                              build/obj/led.o (__assert_func)
/usr/local/lib64/gcc/arm-none-eabi/4.5.2/../../../../arm-none-eabi/lib/libg.a(lib_a-fiprintf.o)
                              build/obj/usb_console.o (fiprintf)
/usr/local/lib64/gcc/arm-none-eabi/4.5.2/../../../../arm-none-eabi/lib/libg.a(lib_a-gets.o)
                              build/obj/main.o (gets)
/usr/local/lib64/gcc/arm-none-eabi/4.5.2/../../../../arm-none-eabi/lib/libg.a(lib_a-iprintf.o)
[...]
Memory Configuration

Name             Origin             Length             Attributes
rom              0x0000000000400000 0x0000000000040000 xr
ram              0x0000000020000000 0x000000000000c000 xrw
*default*        0x0000000000000000 0xffffffffffffffff

Linker script and memory map

LOAD /usr/local/lib64/gcc/arm-none-eabi/4.5.2/thumb/v7/crti.o
LOAD /usr/local/lib64/gcc/arm-none-eabi/4.5.2/thumb/v7/crtbegin.o
LOAD /usr/local/lib64/gcc/arm-none-eabi/4.5.2/../../../../arm-none-eabi/lib/crt0.o
START GROUP
LOAD /usr/local/lib64/gcc/arm-none-eabi/4.5.2/thumb/v7/libgcc.a
LOAD /usr/local/lib64/gcc/arm-none-eabi/4.5.2/../../../../arm-none-eabi/lib/libc.a
END GROUP
LOAD build/obj/syscalls.o
LOAD build/obj/usb_console.o
LOAD build/obj/system.o
LOAD build/obj/uart_console.o
LOAD build/obj/led.o
LOAD build/obj/timetick.o
LOAD build/obj/startup.o
LOAD build/obj/usb_device_descriptor.o
LOAD build/obj/main.o
LOAD build/obj/input.o
LOAD libusb/lib/libusb_sam3s_rel.a
LOAD libchip/lib/libchip_sam3s4_rel.a
START GROUP
LOAD /usr/local/lib64/gcc/arm-none-eabi/4.5.2/thumb/v7/libgcc.a
LOAD /usr/local/lib64/gcc/arm-none-eabi/4.5.2/../../../../arm-none-eabi/lib/libg.a
LOAD /usr/local/lib64/gcc/arm-none-eabi/4.5.2/../../../../arm-none-eabi/lib/libc.a
END GROUP
LOAD /usr/local/lib64/gcc/arm-none-eabi/4.5.2/thumb/v7/crtend.o
LOAD /usr/local/lib64/gcc/arm-none-eabi/4.5.2/thumb/v7/crtn.o

.text           0x0000000000400000     0xa818
                0x0000000000400000                . = ALIGN (0x4)
                0x0000000000400000                _sfixed = .
 *(.vectors .vectors.*)
 .vectors       0x0000000000400000       0xd0 build/obj/startup.o
                0x0000000000400000                exception_table
 *(.text .text.* .gnu.linkonce.t.*)
 .text          0x00000000004000d0       0x30 /usr/local/lib64/gcc/arm-none-eabi/4.5.2/thumb/v7/crtbegin.o
 .text          0x0000000000400100       0xf0 /usr/local/lib64/gcc/arm-none-eabi/4.5.2/../../../../arm-none-eabi/lib/libc.a(lib_a-memset.o)
                0x0000000000400100                memset
 .text._read    0x00000000004001f0       0x54 build/obj/syscalls.o
                0x00000000004001f0                _read
 .text._write   0x0000000000400244       0x54 build/obj/syscalls.o
                0x0000000000400244                _write
 .text._sbrk    0x0000000000400298       0x5c build/obj/syscalls.o
                0x0000000000400298                _sbrk
 .text._isatty  0x00000000004002f4       0x28 build/obj/syscalls.o
                0x00000000004002f4                _isatty
 .text._exit    0x000000000040031c       0x18 build/obj/syscalls.o
                0x000000000040031c                _exit
 .text._lseek   0x0000000000400334       0x1c build/obj/syscalls.o
                0x0000000000400334                _lseek
 .text._kill    0x0000000000400350       0x28 build/obj/syscalls.o
                0x0000000000400350                _kill
 .text._getpid  0x0000000000400378       0x10 build/obj/syscalls.o
                0x0000000000400378                _getpid
 .text._close   0x0000000000400388       0x18 build/obj/syscalls.o
                0x0000000000400388                _close
 .text._fstat   0x00000000004003a0       0x24 build/obj/syscalls.o
                0x00000000004003a0                _fstat
 .text.CDCDSerialDriver_Write
                0x00000000004003c4       0x28 build/obj/usb_console.o
 .text.CDCDSerialDriver_Read
                0x00000000004003ec       0x28 build/obj/usb_console.o
 .text.NVIC_EnableIRQ
                0x0000000000400414       0x38 build/obj/usb_console.o
 .text.ISR_Vbus
                0x000000000040044c       0x60 build/obj/usb_console.o
 .text.VBus_Configure
                0x00000000004004ac       0x54 build/obj/usb_console.o
 .text.ConfigureUsbClock
                0x0000000000400500       0x40 build/obj/usb_console.o
 .text.USBDCallbacks_Initialized
                0x0000000000400540       0x10 build/obj/usb_console.o
                0x0000000000400540                USBDCallbacks_Initialized
 .text.USBDDriverCallbacks_ConfigurationChanged
                0x0000000000400550       0x1c build/obj/usb_console.o
                0x0000000000400550                USBDDriverCallbacks_ConfigurationChanged
 .text.USBDCallbacks_RequestReceived
                0x000000000040056c       0x18 build/obj/usb_console.o
                0x000000000040056c                USBDCallbacks_RequestReceived
 .text.UsbWriteDone
                0x0000000000400584       0x48 build/obj/usb_console.o
 .text.UsbReadDone
                0x00000000004005cc       0x48 build/obj/usb_console.o
 .text.USBC_isConfigured
                0x0000000000400614       0x68 build/obj/usb_console.o
                0x0000000000400614                USBC_isConfigured
 .text.USBC_hasData
                0x000000000040067c       0x20 build/obj/usb_console.o
                0x000000000040067c                USBC_hasData
 .text.USBC_Configure
                0x000000000040069c       0x3c build/obj/usb_console.o
                0x000000000040069c                USBC_Configure
 .text.USBC_StartListening
                0x00000000004006d8       0x50 build/obj/usb_console.o
                0x00000000004006d8                USBC_StartListening
 .text.USBC_Gets
                0x0000000000400728      0x100 build/obj/usb_console.o
                0x0000000000400728                USBC_Gets
 .text.USBC_Puts
                0x0000000000400828       0xb8 build/obj/usb_console.o
                0x0000000000400828                USBC_Puts
 .text.SystemCoreClockUpdate
                0x00000000004008e0       0x1c build/obj/system.o
                0x00000000004008e0                SystemCoreClockUpdate
 .text.SystemInit
                0x00000000004008fc      0x1dc build/obj/system.o
                0x00000000004008fc                SystemInit
 .text.UART_Configure
                0x0000000000400ad8       0x8c build/obj/uart_console.o
                0x0000000000400ad8                UART_Configure
 .text.UART_Put
                0x0000000000400b64       0x78 build/obj/uart_console.o
                0x0000000000400b64                UART_Put
 .text.UART_Get
                0x0000000000400bdc       0x70 build/obj/uart_console.o
                0x0000000000400bdc                UART_Get
 .text.UART_Puts
                0x0000000000400c4c       0x50 build/obj/uart_console.o
                0x0000000000400c4c                UART_Puts
 .text.UART_Gets
                0x0000000000400c9c       0x54 build/obj/uart_console.o
                0x0000000000400c9c                UART_Gets
 .text.blinkhandler
                0x0000000000400cf0       0x84 build/obj/led.o
                0x0000000000400cf0                blinkhandler
 .text.LEDs_configure
                0x0000000000400d74       0x18 build/obj/led.o
                0x0000000000400d74                LEDs_configure
 .text.LED_tgl  0x0000000000400d8c       0x90 build/obj/led.o
                0x0000000000400d8c                LED_tgl
 .text.LED_clr  0x0000000000400e1c       0x7c build/obj/led.o
                0x0000000000400e1c                LED_clr
 .text.LED_blink
                0x0000000000400e98       0x3c build/obj/led.o
                0x0000000000400e98                LED_blink
 .text.LED_blinkstop
                0x0000000000400ed4       0x28 build/obj/led.o
                0x0000000000400ed4                LED_blinkstop
 .text.LED_blinking
                0x0000000000400efc       0x28 build/obj/led.o
                0x0000000000400efc                LED_blinking
 .text.NVIC_SetPriority
                0x0000000000400f24       0x5c build/obj/timetick.o
 .text.SysTick_Config
                0x0000000000400f80       0x64 build/obj/timetick.o
 .text.SysTick_Handler
                0x0000000000400fe4       0x30 build/obj/timetick.o
                0x0000000000400fe4                SysTick_Handler
 .text.TimeTick_Configure
                0x0000000000401014       0x3c build/obj/timetick.o
                0x0000000000401014                TimeTick_Configure
 .text.GetTickCount
                0x0000000000401050       0x18 build/obj/timetick.o
                0x0000000000401050                GetTickCount
 .text.ResetException
                0x0000000000401068       0xd0 build/obj/startup.o
                0x0000000000401068                ResetException
 .text.main     0x0000000000401138      0x378 build/obj/main.o
                0x0000000000401138                main
 .text.do_press
                0x00000000004014b0       0x48 build/obj/main.o
                0x00000000004014b0                do_press
 .text.do_hold  0x00000000004014f8       0x30 build/obj/main.o
                0x00000000004014f8                do_hold
 .text.do_vent  0x0000000000401528       0x48 build/obj/main.o
                0x0000000000401528                do_vent
 .text.enter    0x0000000000401570       0xf0 build/obj/main.o
                0x0000000000401570                enter
 .text.NVIC_EnableIRQ
                0x0000000000401660       0x38 build/obj/input.o
 .text.NVIC_SetPriority
                0x0000000000401698       0x5c build/obj/input.o
 .text.TC0_IrqHandler
                0x00000000004016f4       0x2c build/obj/input.o
                0x00000000004016f4                TC0_IrqHandler
 .text.ADC_IrqHandler
                0x0000000000401720       0xfc build/obj/input.o
                0x0000000000401720                ADC_IrqHandler
 .text.input_init
                0x000000000040181c      0x120 build/obj/input.o
                0x000000000040181c                input_init
 .text.UDP_EndOfTransfer
                0x000000000040193c       0x70 libusb/lib/libusb_sam3s_rel.a(release-USBD_HAL.o)
 .text.UDP_ClearRxFlag
                0x00000000004019ac       0x80 libusb/lib/libusb_sam3s_rel.a(release-USBD_HAL.o)
 .text.UDP_WritePayload
                0x0000000000401a2c       0x44 libusb/lib/libusb_sam3s_rel.a(release-USBD_HAL.o)
 .text.UDP_EnablePeripheralClock
                0x0000000000401a70       0x20 libusb/lib/libusb_sam3s_rel.a(release-USBD_HAL.o)
 .text.UDP_MblWriteFifo
                0x0000000000401a90      0x128 libusb/lib/libusb_sam3s_rel.a(release-USBD_HAL.o)
 .text.USBD_IrqHandler
                0x0000000000401bb8      0x5f8 libusb/lib/libusb_sam3s_rel.a(release-USBD_HAL.o)
                0x0000000000401bb8                USBD_IrqHandler
 .text.USBD_HAL_ResetEPs
                0x00000000004021b0       0xc0 libusb/lib/libusb_sam3s_rel.a(release-USBD_HAL.o)
                0x00000000004021b0                USBD_HAL_ResetEPs
 .text.USBD_HAL_CancelIo
                0x0000000000402270       0x54 libusb/lib/libusb_sam3s_rel.a(release-USBD_HAL.o)
                0x0000000000402270                USBD_HAL_CancelIo
 .text.USBD_HAL_ConfigureEP
                0x00000000004022c4       0xf0 libusb/lib/libusb_sam3s_rel.a(release-USBD_HAL.o)
                0x00000000004022c4                USBD_HAL_ConfigureEP
 .text.USBD_HAL_SetTransferCallback
                0x00000000004023b4       0x20 libusb/lib/libusb_sam3s_rel.a(release-USBD_HAL.o)
                0x00000000004023b4                USBD_HAL_SetTransferCallback
 .text.USBD_HAL_Write
                0x00000000004023d4      0x188 libusb/lib/libusb_sam3s_rel.a(release-USBD_HAL.o)
                0x00000000004023d4                USBD_HAL_Write
 .text.USBD_HAL_Read
                0x000000000040255c       0x40 libusb/lib/libusb_sam3s_rel.a(release-USBD_HAL.o)
                0x000000000040255c                USBD_HAL_Read
 .text.USBD_HAL_Connect
                0x000000000040259c       0x28 libusb/lib/libusb_sam3s_rel.a(release-USBD_HAL.o)
                0x000000000040259c                USBD_HAL_Connect
 .text.USBD_HAL_Disconnect
                0x00000000004025c4       0x28 libusb/lib/libusb_sam3s_rel.a(release-USBD_HAL.o)
                0x00000000004025c4                USBD_HAL_Disconnect
 .text.USBD_HAL_SetAddress
                0x00000000004025ec       0x1c libusb/lib/libusb_sam3s_rel.a(release-USBD_HAL.o)
                0x00000000004025ec                USBD_HAL_SetAddress
 .text.USBD_HAL_SetConfiguration
                0x0000000000402608       0x18 libusb/lib/libusb_sam3s_rel.a(release-USBD_HAL.o)
                0x0000000000402608                USBD_HAL_SetConfiguration
 .text.USBD_HAL_Init
                0x0000000000402620       0x40 libusb/lib/libusb_sam3s_rel.a(release-USBD_HAL.o)
                0x0000000000402620                USBD_HAL_Init
 .text.USBD_HAL_Stall
                0x0000000000402660       0x60 libusb/lib/libusb_sam3s_rel.a(release-USBD_HAL.o)
                0x0000000000402660                USBD_HAL_Stall
 .text.USBD_HAL_Halt
                0x00000000004026c0       0xc4 libusb/lib/libusb_sam3s_rel.a(release-USBD_HAL.o)
                0x00000000004026c0                USBD_HAL_Halt
 .text.USBD_HAL_IsHighSpeed
                0x0000000000402784        0x4 libusb/lib/libusb_sam3s_rel.a(release-USBD_HAL.o)
                0x0000000000402784                USBD_HAL_IsHighSpeed
 .text.USBD_HAL_Suspend
                0x0000000000402788       0x28 libusb/lib/libusb_sam3s_rel.a(release-USBD_HAL.o)
                0x0000000000402788                USBD_HAL_Suspend
 .text.USBD_HAL_Activate
                0x00000000004027b0       0x24 libusb/lib/libusb_sam3s_rel.a(release-USBD_HAL.o)
                0x00000000004027b0                USBD_HAL_Activate
 .text.USBGenericDescriptor_GetLength
                0x00000000004027d4        0x4 libusb/lib/libusb_sam3s_rel.a(release-USBDescriptors.o)
                0x00000000004027d4                USBGenericDescriptor_GetLength
 .text.USBGenericDescriptor_GetType
                0x00000000004027d8        0x4 libusb/lib/libusb_sam3s_rel.a(release-USBDescriptors.o)
                0x00000000004027d8                USBGenericDescriptor_GetType
 .text.USBGenericDescriptor_GetNextDescriptor
                0x00000000004027dc       0x10 libusb/lib/libusb_sam3s_rel.a(release-USBDescriptors.o)
                0x00000000004027dc                USBGenericDescriptor_GetNextDescriptor
 .text.USBGenericDescriptor_Parse
                0x00000000004027ec       0x4c libusb/lib/libusb_sam3s_rel.a(release-USBDescriptors.o)
                0x00000000004027ec                USBGenericDescriptor_Parse
 .text.USBEndpointDescriptor_GetNumber
                0x0000000000402838        0x8 libusb/lib/libusb_sam3s_rel.a(release-USBDescriptors.o)
                0x0000000000402838                USBEndpointDescriptor_GetNumber
 .text.USBEndpointDescriptor_GetDirection
                0x0000000000402840        0x6 libusb/lib/libusb_sam3s_rel.a(release-USBDescriptors.o)
                0x0000000000402840                USBEndpointDescriptor_GetDirection
 .text.USBEndpointDescriptor_GetType
                0x0000000000402846        0x8 libusb/lib/libusb_sam3s_rel.a(release-USBDescriptors.o)
                0x0000000000402846                USBEndpointDescriptor_GetType
 .text.USBEndpointDescriptor_GetMaxPacketSize
                0x000000000040284e        0x4 libusb/lib/libusb_sam3s_rel.a(release-USBDescriptors.o)
                0x000000000040284e                USBEndpointDescriptor_GetMaxPacketSize
 .text.USBConfigurationDescriptor_GetTotalLength
                0x0000000000402852        0x4 libusb/lib/libusb_sam3s_rel.a(release-USBDescriptors.o)
                0x0000000000402852                USBConfigurationDescriptor_GetTotalLength
 .text.USBConfigurationDescriptor_IsSelfPowered
                0x0000000000402856        0x8 libusb/lib/libusb_sam3s_rel.a(release-USBDescriptors.o)
                0x0000000000402856                USBConfigurationDescriptor_IsSelfPowered
 *fill*         0x000000000040285e        0x2 00
 .text.USBConfigurationDescriptor_Parse
                0x0000000000402860       0x78 libusb/lib/libusb_sam3s_rel.a(release-USBDescriptors.o)
                0x0000000000402860                USBConfigurationDescriptor_Parse
 .text.USBD_SuspendHandler
                0x00000000004028d8       0x24 libusb/lib/libusb_sam3s_rel.a(release-USBD.o)
                0x00000000004028d8                USBD_SuspendHandler
 .text.USBD_ResumeHandler
                0x00000000004028fc       0x28 libusb/lib/libusb_sam3s_rel.a(release-USBD.o)
                0x00000000004028fc                USBD_ResumeHandler
 .text.USBD_RequestHandler
                0x0000000000402924       0x2c libusb/lib/libusb_sam3s_rel.a(release-USBD.o)
                0x0000000000402924                USBD_RequestHandler
 .text.USBD_ConfigureEndpoint
                0x0000000000402950        0xc libusb/lib/libusb_sam3s_rel.a(release-USBD.o)
                0x0000000000402950                USBD_ConfigureEndpoint
 .text.USBD_ResetHandler
                0x000000000040295c       0x38 libusb/lib/libusb_sam3s_rel.a(release-USBD.o)
                0x000000000040295c                USBD_ResetHandler
 .text.USBD_Write
                0x0000000000402994       0x24 libusb/lib/libusb_sam3s_rel.a(release-USBD.o)
                0x0000000000402994                USBD_Write
 .text.USBD_Read
                0x00000000004029b8       0x24 libusb/lib/libusb_sam3s_rel.a(release-USBD.o)
                0x00000000004029b8                USBD_Read
 .text.USBD_Halt
                0x00000000004029dc       0x10 libusb/lib/libusb_sam3s_rel.a(release-USBD.o)
                0x00000000004029dc                USBD_Halt
 .text.USBD_Unhalt
                0x00000000004029ec       0x10 libusb/lib/libusb_sam3s_rel.a(release-USBD.o)
                0x00000000004029ec                USBD_Unhalt
 .text.USBD_IsHighSpeed
                0x00000000004029fc        0xc libusb/lib/libusb_sam3s_rel.a(release-USBD.o)
                0x00000000004029fc                USBD_IsHighSpeed
 .text.USBD_Stall
                0x0000000000402a08        0xc libusb/lib/libusb_sam3s_rel.a(release-USBD.o)
                0x0000000000402a08                USBD_Stall
 .text.USBD_SetAddress
                0x0000000000402a14       0x20 libusb/lib/libusb_sam3s_rel.a(release-USBD.o)
                0x0000000000402a14                USBD_SetAddress
 .text.USBD_SetConfiguration
                0x0000000000402a34       0x30 libusb/lib/libusb_sam3s_rel.a(release-USBD.o)
                0x0000000000402a34                USBD_SetConfiguration
 .text.USBD_Connect
                0x0000000000402a64        0xc libusb/lib/libusb_sam3s_rel.a(release-USBD.o)
                0x0000000000402a64                USBD_Connect
 .text.USBD_Disconnect
                0x0000000000402a70       0x28 libusb/lib/libusb_sam3s_rel.a(release-USBD.o)
                0x0000000000402a70                USBD_Disconnect
 .text.USBD_Init
                0x0000000000402a98       0x24 libusb/lib/libusb_sam3s_rel.a(release-USBD.o)
                0x0000000000402a98                USBD_Init
 .text.USBD_GetState
                0x0000000000402abc        0xc libusb/lib/libusb_sam3s_rel.a(release-USBD.o)
                0x0000000000402abc                USBD_GetState
 .text.USBDCallbacks_Reset
                0x0000000000402ac8        0x2 libusb/lib/libusb_sam3s_rel.a(release-USBDCallbacks.o)
                0x0000000000402ac8                USBDCallbacks_Reset
 .text.USBDCallbacks_Suspended
                0x0000000000402aca        0x2 libusb/lib/libusb_sam3s_rel.a(release-USBDCallbacks.o)
                0x0000000000402aca                USBDCallbacks_Suspended
 .text.USBDCallbacks_Resumed
                0x0000000000402acc        0x2 libusb/lib/libusb_sam3s_rel.a(release-USBDCallbacks.o)
                0x0000000000402acc                USBDCallbacks_Resumed
 *fill*         0x0000000000402ace        0x2 00
 .text.TerminateCtrlInWithNull
                0x0000000000402ad0       0x18 libusb/lib/libusb_sam3s_rel.a(release-USBDDriver.o)
 .text.USBD_GetDriver
                0x0000000000402ae8        0x8 libusb/lib/libusb_sam3s_rel.a(release-USBDDriver.o)
                0x0000000000402ae8                USBD_GetDriver
 .text.USBDDriver_Initialize
                0x0000000000402af0        0xc libusb/lib/libusb_sam3s_rel.a(release-USBDDriver.o)
                0x0000000000402af0                USBDDriver_Initialize
 .text.USBDDriver_GetCfgDescriptors
                0x0000000000402afc       0x18 libusb/lib/libusb_sam3s_rel.a(release-USBDDriver.o)
                0x0000000000402afc                USBDDriver_GetCfgDescriptors
 .text.USBDDriver_RequestHandler
                0x0000000000402b14      0x3f0 libusb/lib/libusb_sam3s_rel.a(release-USBDDriver.o)
                0x0000000000402b14                USBDDriver_RequestHandler
 .text.CDCDSerial_Initialize
                0x0000000000402f04       0x24 libusb/lib/libusb_sam3s_rel.a(release-CDCDSerial.o)
                0x0000000000402f04                CDCDSerial_Initialize
 .text.CDCDSerial_ConfigureFunction
                0x0000000000402f28       0x18 libusb/lib/libusb_sam3s_rel.a(release-CDCDSerial.o)
                0x0000000000402f28                CDCDSerial_ConfigureFunction
 .text.CDCDSerial_RequestHandler
                0x0000000000402f40       0x14 libusb/lib/libusb_sam3s_rel.a(release-CDCDSerial.o)
                0x0000000000402f40                CDCDSerial_RequestHandler
 .text.CDCDSerial_Read
                0x0000000000402f54       0x20 libusb/lib/libusb_sam3s_rel.a(release-CDCDSerial.o)
                0x0000000000402f54                CDCDSerial_Read
 .text.CDCDSerial_Write
                0x0000000000402f74       0x20 libusb/lib/libusb_sam3s_rel.a(release-CDCDSerial.o)
                0x0000000000402f74                CDCDSerial_Write
 .text.CDCDSerial_LineCodingIsToChange
                0x0000000000402f94        0x4 libusb/lib/libusb_sam3s_rel.a(release-CDCDSerial.o)
                0x0000000000402f94                CDCDSerial_LineCodingIsToChange
 .text.CDCDSerial_ControlLineStateChanged
                0x0000000000402f98        0x2 libusb/lib/libusb_sam3s_rel.a(release-CDCDSerial.o)
                0x0000000000402f98                CDCDSerial_ControlLineStateChanged
 *fill*         0x0000000000402f9a        0x2 00
 .text.CDCDSerial_EventHandler
                0x0000000000402f9c       0x34 libusb/lib/libusb_sam3s_rel.a(release-CDCDSerial.o)
 .text.USBDDriverCallbacks_InterfaceSettingChanged
                0x0000000000402fd0        0x2 libusb/lib/libusb_sam3s_rel.a(release-USBDDriverCallbacks.o)
                0x0000000000402fd0                USBDDriverCallbacks_InterfaceSettingChanged
 *fill*         0x0000000000402fd2        0x2 00
 .text.CDCDSerialDriver_Initialize
                0x0000000000402fd4       0x30 libusb/lib/libusb_sam3s_rel.a(release-CDCDSerialDriver.o)
                0x0000000000402fd4                CDCDSerialDriver_Initialize
 .text.CDCDSerialDriver_ConfigurationChangedHandler
                0x0000000000403004       0x24 libusb/lib/libusb_sam3s_rel.a(release-CDCDSerialDriver.o)
                0x0000000000403004                CDCDSerialDriver_ConfigurationChangedHandler
 .text.CDCDSerialDriver_RequestHandler
                0x0000000000403028       0x28 libusb/lib/libusb_sam3s_rel.a(release-CDCDSerialDriver.o)
                0x0000000000403028                CDCDSerialDriver_RequestHandler
 .text.USBGenericRequest_GetType
                0x0000000000403050        0xa libusb/lib/libusb_sam3s_rel.a(release-USBRequests.o)
                0x0000000000403050                USBGenericRequest_GetType
 .text.USBGenericRequest_GetRequest
                0x000000000040305a        0x4 libusb/lib/libusb_sam3s_rel.a(release-USBRequests.o)
                0x000000000040305a                USBGenericRequest_GetRequest
 .text.USBGenericRequest_GetValue
                0x000000000040305e        0x4 libusb/lib/libusb_sam3s_rel.a(release-USBRequests.o)
                0x000000000040305e                USBGenericRequest_GetValue
 .text.USBGenericRequest_GetIndex
                0x0000000000403062        0x4 libusb/lib/libusb_sam3s_rel.a(release-USBRequests.o)
                0x0000000000403062                USBGenericRequest_GetIndex
 .text.USBGenericRequest_GetLength
                0x0000000000403066        0x4 libusb/lib/libusb_sam3s_rel.a(release-USBRequests.o)
                0x0000000000403066                USBGenericRequest_GetLength
 *fill*         0x000000000040306a        0x2 00
 .text.USBGenericRequest_GetEndpointNumber
                0x000000000040306c       0x10 libusb/lib/libusb_sam3s_rel.a(release-USBRequests.o)
                0x000000000040306c                USBGenericRequest_GetEndpointNumber
 .text.USBGenericRequest_GetRecipient
                0x000000000040307c        0x8 libusb/lib/libusb_sam3s_rel.a(release-USBRequests.o)
                0x000000000040307c                USBGenericRequest_GetRecipient
 .text.USBGenericRequest_GetDirection
                0x0000000000403084        0x6 libusb/lib/libusb_sam3s_rel.a(release-USBRequests.o)
                0x0000000000403084                USBGenericRequest_GetDirection
 *fill*         0x000000000040308a        0x2 00
 .text.USBGetDescriptorRequest_GetDescriptorType
                0x000000000040308c       0x10 libusb/lib/libusb_sam3s_rel.a(release-USBRequests.o)
                0x000000000040308c                USBGetDescriptorRequest_GetDescriptorType
 .text.USBGetDescriptorRequest_GetDescriptorIndex
                0x000000000040309c       0x10 libusb/lib/libusb_sam3s_rel.a(release-USBRequests.o)
                0x000000000040309c                USBGetDescriptorRequest_GetDescriptorIndex
 .text.USBSetAddressRequest_GetAddress
                0x00000000004030ac       0x10 libusb/lib/libusb_sam3s_rel.a(release-USBRequests.o)
                0x00000000004030ac                USBSetAddressRequest_GetAddress
 .text.USBSetConfigurationRequest_GetConfiguration
                0x00000000004030bc       0x10 libusb/lib/libusb_sam3s_rel.a(release-USBRequests.o)
                0x00000000004030bc                USBSetConfigurationRequest_GetConfiguration
 .text.USBInterfaceRequest_GetInterface
                0x00000000004030cc       0x10 libusb/lib/libusb_sam3s_rel.a(release-USBRequests.o)
                0x00000000004030cc                USBInterfaceRequest_GetInterface
 .text.USBInterfaceRequest_GetAlternateSetting
                0x00000000004030dc       0x10 libusb/lib/libusb_sam3s_rel.a(release-USBRequests.o)
                0x00000000004030dc                USBInterfaceRequest_GetAlternateSetting
 .text.USBFeatureRequest_GetFeatureSelector
                0x00000000004030ec       0x10 libusb/lib/libusb_sam3s_rel.a(release-USBRequests.o)
                0x00000000004030ec                USBFeatureRequest_GetFeatureSelector
 .text._Interfaces_Parse
                0x00000000004030fc       0xa6 libusb/lib/libusb_sam3s_rel.a(release-CDCDSerialPort.o)
 *fill*         0x00000000004031a2        0x2 00
 .text._SetLineCodingCallback
                0x00000000004031a4       0x48 libusb/lib/libusb_sam3s_rel.a(release-CDCDSerialPort.o)
 .text.CDCDSerialPort_Initialize
                0x00000000004031ec       0x34 libusb/lib/libusb_sam3s_rel.a(release-CDCDSerialPort.o)
                0x00000000004031ec                CDCDSerialPort_Initialize
 .text.CDCDSerialPort_ParseInterfaces
                0x0000000000403220       0x20 libusb/lib/libusb_sam3s_rel.a(release-CDCDSerialPort.o)
                0x0000000000403220                CDCDSerialPort_ParseInterfaces
 .text.CDCDSerialPort_RequestHandler
                0x0000000000403240       0x9c libusb/lib/libusb_sam3s_rel.a(release-CDCDSerialPort.o)
                0x0000000000403240                CDCDSerialPort_RequestHandler
 .text.CDCDSerialPort_Read
                0x00000000004032dc       0x18 libusb/lib/libusb_sam3s_rel.a(release-CDCDSerialPort.o)
                0x00000000004032dc                CDCDSerialPort_Read
 .text.CDCDSerialPort_Write
                0x00000000004032f4       0x18 libusb/lib/libusb_sam3s_rel.a(release-CDCDSerialPort.o)
                0x00000000004032f4                CDCDSerialPort_Write
 .text.CDCLineCoding_Initialize
                0x000000000040330c        0xe libusb/lib/libusb_sam3s_rel.a(release-CDCLineCoding.o)
                0x000000000040330c                CDCLineCoding_Initialize
 *fill*         0x000000000040331a        0x2 00
 .text.NVIC_SetPriority
                0x000000000040331c       0x28 libchip/lib/libchip_sam3s4_rel.a(release-pio_it.o)
 .text.PioInterruptHandler
                0x0000000000403344       0x6c libchip/lib/libchip_sam3s4_rel.a(release-pio_it.o)
                0x0000000000403344                PioInterruptHandler
 .text.PIOA_IrqHandler
                0x00000000004033b0       0x24 libchip/lib/libchip_sam3s4_rel.a(release-pio_it.o)
                0x00000000004033b0                PIOA_IrqHandler
 .text.PIOB_IrqHandler
                0x00000000004033d4       0x14 libchip/lib/libchip_sam3s4_rel.a(release-pio_it.o)
                0x00000000004033d4                PIOB_IrqHandler
 .text.PIOC_IrqHandler
                0x00000000004033e8       0x14 libchip/lib/libchip_sam3s4_rel.a(release-pio_it.o)
                0x00000000004033e8                PIOC_IrqHandler
 .text.PIO_InitializeInterrupts
                0x00000000004033fc       0x98 libchip/lib/libchip_sam3s4_rel.a(release-pio_it.o)
                0x00000000004033fc                PIO_InitializeInterrupts
 .text.PIO_ConfigureIt
                0x0000000000403494       0x84 libchip/lib/libchip_sam3s4_rel.a(release-pio_it.o)
                0x0000000000403494                PIO_ConfigureIt
 .text.PIO_EnableIt
                0x0000000000403518       0x70 libchip/lib/libchip_sam3s4_rel.a(release-pio_it.o)
                0x0000000000403518                PIO_EnableIt
 .text.IrqHandlerNotUsed
                0x0000000000403588        0x2 libchip/lib/libchip_sam3s4_rel.a(release-exceptions.o)
                0x0000000000403588                IrqHandlerNotUsed
 .text.NMI_Handler
                0x000000000040358a        0x2 libchip/lib/libchip_sam3s4_rel.a(release-exceptions.o)
                0x000000000040358a                NMI_Handler
 .text.HardFault_Handler
                0x000000000040358c        0x2 libchip/lib/libchip_sam3s4_rel.a(release-exceptions.o)
                0x000000000040358c                HardFault_Handler
 .text.MemManage_Handler
                0x000000000040358e        0x2 libchip/lib/libchip_sam3s4_rel.a(release-exceptions.o)
                0x000000000040358e                MemManage_Handler
 .text.BusFault_Handler
                0x0000000000403590        0x2 libchip/lib/libchip_sam3s4_rel.a(release-exceptions.o)
                0x0000000000403590                BusFault_Handler
 .text.UsageFault_Handler
                0x0000000000403592        0x2 libchip/lib/libchip_sam3s4_rel.a(release-exceptions.o)
                0x0000000000403592                UsageFault_Handler
 .text.SVC_Handler
                0x0000000000403594        0x2 libchip/lib/libchip_sam3s4_rel.a(release-exceptions.o)
                0x0000000000403594                SVC_Handler
 .text.DebugMon_Handler
                0x0000000000403596        0x2 libchip/lib/libchip_sam3s4_rel.a(release-exceptions.o)
                0x0000000000403596                DebugMon_Handler
 .text.PendSV_Handler
                0x0000000000403598        0x2 libchip/lib/libchip_sam3s4_rel.a(release-exceptions.o)
                0x0000000000403598                PendSV_Handler
 .text.SUPC_IrqHandler
                0x000000000040359a        0x2 libchip/lib/libchip_sam3s4_rel.a(release-exceptions.o)
                0x000000000040359a                SUPC_IrqHandler
 .text.RSTC_IrqHandler
                0x000000000040359c        0x2 libchip/lib/libchip_sam3s4_rel.a(release-exceptions.o)
                0x000000000040359c                RSTC_IrqHandler
 .text.RTC_IrqHandler
                0x000000000040359e        0x2 libchip/lib/libchip_sam3s4_rel.a(release-exceptions.o)
                0x000000000040359e                RTC_IrqHandler
 .text.RTT_IrqHandler
                0x00000000004035a0        0x2 libchip/lib/libchip_sam3s4_rel.a(release-exceptions.o)
                0x00000000004035a0                RTT_IrqHandler
 .text.WDT_IrqHandler
                0x00000000004035a2        0x2 libchip/lib/libchip_sam3s4_rel.a(release-exceptions.o)
                0x00000000004035a2                WDT_IrqHandler
 .text.PMC_IrqHandler
                0x00000000004035a4        0x2 libchip/lib/libchip_sam3s4_rel.a(release-exceptions.o)
                0x00000000004035a4                PMC_IrqHandler
 .text.EEFC_IrqHandler
                0x00000000004035a6        0x2 libchip/lib/libchip_sam3s4_rel.a(release-exceptions.o)
                0x00000000004035a6                EEFC_IrqHandler
 .text.UART0_IrqHandler
                0x00000000004035a8        0x2 libchip/lib/libchip_sam3s4_rel.a(release-exceptions.o)
                0x00000000004035a8                UART0_IrqHandler
 .text.UART1_IrqHandler
                0x00000000004035aa        0x2 libchip/lib/libchip_sam3s4_rel.a(release-exceptions.o)
                0x00000000004035aa                UART1_IrqHandler
 .text.SMC_IrqHandler
                0x00000000004035ac        0x2 libchip/lib/libchip_sam3s4_rel.a(release-exceptions.o)
                0x00000000004035ac                SMC_IrqHandler
 .text.USART0_IrqHandler
                0x00000000004035ae        0x2 libchip/lib/libchip_sam3s4_rel.a(release-exceptions.o)
                0x00000000004035ae                USART0_IrqHandler
 .text.USART1_IrqHandler
                0x00000000004035b0        0x2 libchip/lib/libchip_sam3s4_rel.a(release-exceptions.o)
                0x00000000004035b0                USART1_IrqHandler
 .text.MCI_IrqHandler
                0x00000000004035b2        0x2 libchip/lib/libchip_sam3s4_rel.a(release-exceptions.o)
                0x00000000004035b2                MCI_IrqHandler
 .text.TWI0_IrqHandler
                0x00000000004035b4        0x2 libchip/lib/libchip_sam3s4_rel.a(release-exceptions.o)
                0x00000000004035b4                TWI0_IrqHandler
 .text.TWI1_IrqHandler
                0x00000000004035b6        0x2 libchip/lib/libchip_sam3s4_rel.a(release-exceptions.o)
                0x00000000004035b6                TWI1_IrqHandler
 .text.SPI_IrqHandler
                0x00000000004035b8        0x2 libchip/lib/libchip_sam3s4_rel.a(release-exceptions.o)
                0x00000000004035b8                SPI_IrqHandler
 .text.SSC_IrqHandler
                0x00000000004035ba        0x2 libchip/lib/libchip_sam3s4_rel.a(release-exceptions.o)
                0x00000000004035ba                SSC_IrqHandler
 .text.TC1_IrqHandler
                0x00000000004035bc        0x2 libchip/lib/libchip_sam3s4_rel.a(release-exceptions.o)
                0x00000000004035bc                TC1_IrqHandler
 .text.TC2_IrqHandler
                0x00000000004035be        0x2 libchip/lib/libchip_sam3s4_rel.a(release-exceptions.o)
                0x00000000004035be                TC2_IrqHandler
 .text.TC3_IrqHandler
                0x00000000004035c0        0x2 libchip/lib/libchip_sam3s4_rel.a(release-exceptions.o)
                0x00000000004035c0                TC3_IrqHandler
 .text.TC4_IrqHandler
                0x00000000004035c2        0x2 libchip/lib/libchip_sam3s4_rel.a(release-exceptions.o)
                0x00000000004035c2                TC4_IrqHandler
 .text.TC5_IrqHandler
                0x00000000004035c4        0x2 libchip/lib/libchip_sam3s4_rel.a(release-exceptions.o)
                0x00000000004035c4                TC5_IrqHandler
 .text.DAC_IrqHandler
                0x00000000004035c6        0x2 libchip/lib/libchip_sam3s4_rel.a(release-exceptions.o)
                0x00000000004035c6                DAC_IrqHandler
 .text.PWM_IrqHandler
                0x00000000004035c8        0x2 libchip/lib/libchip_sam3s4_rel.a(release-exceptions.o)
                0x00000000004035c8                PWM_IrqHandler
 .text.CRCCU_IrqHandler
                0x00000000004035ca        0x2 libchip/lib/libchip_sam3s4_rel.a(release-exceptions.o)
                0x00000000004035ca                CRCCU_IrqHandler
 .text.ACC_IrqHandler
                0x00000000004035cc        0x2 libchip/lib/libchip_sam3s4_rel.a(release-exceptions.o)
                0x00000000004035cc                ACC_IrqHandler
 *fill*         0x00000000004035ce        0x2 00
 .text.ADC_Initialize
                0x00000000004035d0       0x1c libchip/lib/libchip_sam3s4_rel.a(release-adc.o)
                0x00000000004035d0                ADC_Initialize
 .text.ADC_cfgFrequency
                0x00000000004035ec       0x16 libchip/lib/libchip_sam3s4_rel.a(release-adc.o)
                0x00000000004035ec                ADC_cfgFrequency
 .text.ADC_ReadBuffer
                0x0000000000403602       0x34 libchip/lib/libchip_sam3s4_rel.a(release-adc.o)
                0x0000000000403602                ADC_ReadBuffer
 *fill*         0x0000000000403636        0x2 00
 .text.PIO_Configure
                0x0000000000403638      0x14c libchip/lib/libchip_sam3s4_rel.a(release-pio.o)
                0x0000000000403638                PIO_Configure
 .text.PIO_Set  0x0000000000403784        0x8 libchip/lib/libchip_sam3s4_rel.a(release-pio.o)
                0x0000000000403784                PIO_Set
 .text.PIO_Clear
                0x000000000040378c        0x8 libchip/lib/libchip_sam3s4_rel.a(release-pio.o)
                0x000000000040378c                PIO_Clear
 .text.PIO_Get  0x0000000000403794       0x1c libchip/lib/libchip_sam3s4_rel.a(release-pio.o)
                0x0000000000403794                PIO_Get
 .text.PMC_EnablePeripheral
                0x00000000004037b0       0x5c libchip/lib/libchip_sam3s4_rel.a(release-pmc.o)
                0x00000000004037b0                PMC_EnablePeripheral
 .text.PMC_DisablePeripheral
                0x000000000040380c       0x58 libchip/lib/libchip_sam3s4_rel.a(release-pmc.o)
                0x000000000040380c                PMC_DisablePeripheral
 .text.PMC_IsPeriphEnabled
                0x0000000000403864       0x4c libchip/lib/libchip_sam3s4_rel.a(release-pmc.o)
                0x0000000000403864                PMC_IsPeriphEnabled
 .text.TC_Configure
                0x00000000004038b0       0x38 libchip/lib/libchip_sam3s4_rel.a(release-tc.o)
                0x00000000004038b0                TC_Configure
 .text.TC_Start
                0x00000000004038e8       0x2c libchip/lib/libchip_sam3s4_rel.a(release-tc.o)
                0x00000000004038e8                TC_Start
 .text.TC_FindMckDivisor
                0x0000000000403914       0x70 libchip/lib/libchip_sam3s4_rel.a(release-tc.o)
                0x0000000000403914                TC_FindMckDivisor
 .text.PIO_CaptureHandler
                0x0000000000403984       0x60 libchip/lib/libchip_sam3s4_rel.a(release-pio_capture.o)
                0x0000000000403984                PIO_CaptureHandler
 .text          0x00000000004039e4       0x6c /usr/local/lib64/gcc/arm-none-eabi/4.5.2/../../../../arm-none-eabi/lib/libg.a(lib_a-assert.o)
                0x00000000004039e4                __assert_func
                0x0000000000403a40                __assert
 .text          0x0000000000403a50       0x70 /usr/local/lib64/gcc/arm-none-eabi/4.5.2/../../../../arm-none-eabi/lib/libg.a(lib_a-fiprintf.o)
                0x0000000000403a50                _fiprintf_r
                0x0000000000403a80                fiprintf
 .text          0x0000000000403ac0       0xac /usr/local/lib64/gcc/arm-none-eabi/4.5.2/../../../../arm-none-eabi/lib/libg.a(lib_a-gets.o)
                0x0000000000403ac0                _gets_r
                0x0000000000403b58                gets
 .text          0x0000000000403b6c       0x74 /usr/local/lib64/gcc/arm-none-eabi/4.5.2/../../../../arm-none-eabi/lib/libg.a(lib_a-iprintf.o)
                0x0000000000403b6c                iprintf
                0x0000000000403bac                _iprintf_r
 .text          0x0000000000403be0       0xd8 /usr/local/lib64/gcc/arm-none-eabi/4.5.2/../../../../arm-none-eabi/lib/libg.a(lib_a-memcpy.o)
                0x0000000000403be0                memcpy
 .text          0x0000000000403cb8      0x118 /usr/local/lib64/gcc/arm-none-eabi/4.5.2/../../../../arm-none-eabi/lib/libg.a(lib_a-memmove.o)
                0x0000000000403cb8                memmove
 .text          0x0000000000403dd0       0x6c /usr/local/lib64/gcc/arm-none-eabi/4.5.2/../../../../arm-none-eabi/lib/libg.a(lib_a-rget.o)
                0x0000000000403dd0                __srget_r
                0x0000000000403e28                __srget
 .text          0x0000000000403e3c       0x20 /usr/local/lib64/gcc/arm-none-eabi/4.5.2/../../../../arm-none-eabi/lib/libg.a(lib_a-setbuf.o)
                0x0000000000403e3c                setbuf
 .text          0x0000000000403e5c      0x178 /usr/local/lib64/gcc/arm-none-eabi/4.5.2/../../../../arm-none-eabi/lib/libg.a(lib_a-setvbuf.o)
                0x0000000000403e5c                setvbuf
 .text          0x0000000000403fd4      0x100 /usr/local/lib64/gcc/arm-none-eabi/4.5.2/../../../../arm-none-eabi/lib/libg.a(lib_a-siscanf.o)
                0x0000000000403fd4                siscanf
                0x0000000000404054                _siscanf_r
 .text          0x00000000004040d4       0xdc /usr/local/lib64/gcc/arm-none-eabi/4.5.2/../../../../arm-none-eabi/lib/libg.a(lib_a-stdio.o)
                0x00000000004040d4                __sread
                0x0000000000404108                __seofread
                0x0000000000404110                __swrite
                0x0000000000404168                __sseek
                0x000000000040419c                __sclose
 .text          0x00000000004041b0       0x60 /usr/local/lib64/gcc/arm-none-eabi/4.5.2/../../../../arm-none-eabi/lib/libg.a(lib_a-strlen.o)
                0x00000000004041b0                strlen
 .text          0x0000000000404210     0x1144 /usr/local/lib64/gcc/arm-none-eabi/4.5.2/../../../../arm-none-eabi/lib/libg.a(lib_a-svfiscanf.o)
                0x0000000000404210                _sungetc_r
                0x0000000000404310                __ssrefill_r
                0x000000000040437c                _sfread_r
                0x000000000040443c                __ssvfiscanf_r
 .text          0x0000000000405354      0x24c /usr/local/lib64/gcc/arm-none-eabi/4.5.2/../../../../arm-none-eabi/lib/libg.a(lib_a-ungetc.o)
                0x0000000000405354                __submore
                0x0000000000405400                _ungetc_r
                0x0000000000405584                ungetc
 .text          0x00000000004055a0     0x11b8 /usr/local/lib64/gcc/arm-none-eabi/4.5.2/../../../../arm-none-eabi/lib/libg.a(lib_a-vfiprintf.o)
                0x00000000004055a0                __sprint_r
                0x0000000000405660                _vfiprintf_r
                0x000000000040672c                vfiprintf
 .text          0x0000000000406758       0x44 /usr/local/lib64/gcc/arm-none-eabi/4.5.2/../../../../arm-none-eabi/lib/libg.a(lib_a-writer.o)
                0x0000000000406758                _write_r
 .text          0x000000000040679c      0x134 /usr/local/lib64/gcc/arm-none-eabi/4.5.2/../../../../arm-none-eabi/lib/libg.a(lib_a-wsetup.o)
                0x000000000040679c                __swsetup_r
 .text          0x00000000004068d0       0x14 /usr/local/lib64/gcc/arm-none-eabi/4.5.2/../../../../arm-none-eabi/lib/libg.a(lib_a-abort.o)
                0x00000000004068d0                abort
 .text          0x00000000004068e4       0x3c /usr/local/lib64/gcc/arm-none-eabi/4.5.2/../../../../arm-none-eabi/lib/libg.a(lib_a-closer.o)
                0x00000000004068e4                _close_r
 .text          0x0000000000406920      0x294 /usr/local/lib64/gcc/arm-none-eabi/4.5.2/../../../../arm-none-eabi/lib/libg.a(lib_a-fflush.o)
                0x0000000000406920                _fflush_r
                0x0000000000406b74                fflush
 .text          0x0000000000406bb4      0x334 /usr/local/lib64/gcc/arm-none-eabi/4.5.2/../../../../arm-none-eabi/lib/libg.a(lib_a-findfp.o)
                0x0000000000406bc4                _cleanup_r
                0x0000000000406bdc                __sfmoreglue
                0x0000000000406c24                _cleanup
                0x0000000000406c34                __sinit
                0x0000000000406d9c                __sfp
                0x0000000000406e90                __sfp_lock_acquire
                0x0000000000406e94                __sfp_lock_release
                0x0000000000406e98                __sinit_lock_acquire
                0x0000000000406e9c                __sinit_lock_release
                0x0000000000406ea0                __fp_lock_all
                0x0000000000406ec4                __fp_unlock_all
 .text          0x0000000000406ee8      0x1a8 /usr/local/lib64/gcc/arm-none-eabi/4.5.2/../../../../arm-none-eabi/lib/libg.a(lib_a-fputwc.o)
                0x0000000000406ee8                _fputwc_r
                0x0000000000407044                fputwc
 .text          0x0000000000407090      0x360 /usr/local/lib64/gcc/arm-none-eabi/4.5.2/../../../../arm-none-eabi/lib/libg.a(lib_a-freer.o)
                0x0000000000407090                _malloc_trim_r
                0x000000000040718c                _free_r
 .text          0x00000000004073f0      0x4b0 /usr/local/lib64/gcc/arm-none-eabi/4.5.2/../../../../arm-none-eabi/lib/libg.a(lib_a-fvwrite.o)
                0x00000000004073f0                __sfvwrite_r
 .text          0x00000000004078a0      0x10c /usr/local/lib64/gcc/arm-none-eabi/4.5.2/../../../../arm-none-eabi/lib/libg.a(lib_a-fwalk.o)
                0x00000000004078a0                _fwalk
                0x0000000000407924                _fwalk_reent
 .text          0x00000000004079ac       0x24 /usr/local/lib64/gcc/arm-none-eabi/4.5.2/../../../../arm-none-eabi/lib/libg.a(lib_a-iswspace.o)
                0x00000000004079ac                iswspace
 .text          0x00000000004079d0       0xd0 /usr/local/lib64/gcc/arm-none-eabi/4.5.2/../../../../arm-none-eabi/lib/libg.a(lib_a-locale.o)
                0x00000000004079d0                _setlocale_r
                0x0000000000407a3c                __locale_charset
                0x0000000000407a48                __locale_mb_cur_max
                0x0000000000407a58                __locale_msgcharset
                0x0000000000407a64                __locale_cjk_lang
                0x0000000000407a6c                _localeconv_r
                0x0000000000407a78                setlocale
                0x0000000000407a94                localeconv
 .text          0x0000000000407aa0       0x44 /usr/local/lib64/gcc/arm-none-eabi/4.5.2/../../../../arm-none-eabi/lib/libg.a(lib_a-lseekr.o)
                0x0000000000407aa0                _lseek_r
 .text          0x0000000000407ae4      0x164 /usr/local/lib64/gcc/arm-none-eabi/4.5.2/../../../../arm-none-eabi/lib/libg.a(lib_a-makebuf.o)
                0x0000000000407ae4                __smakebuf_r
 .text          0x0000000000407c48       0x40 /usr/local/lib64/gcc/arm-none-eabi/4.5.2/../../../../arm-none-eabi/lib/libg.a(lib_a-malloc.o)
                0x0000000000407c48                malloc
                0x0000000000407c68                free
 .text          0x0000000000407c88      0x70c /usr/local/lib64/gcc/arm-none-eabi/4.5.2/../../../../arm-none-eabi/lib/libg.a(lib_a-mallocr.o)
                0x0000000000407c88                _malloc_r
 .text          0x0000000000408394      0x14c /usr/local/lib64/gcc/arm-none-eabi/4.5.2/../../../../arm-none-eabi/lib/libg.a(lib_a-mbrtowc.o)
                0x0000000000408394                _mbrtowc_r
                0x0000000000408430                mbrtowc
 .text          0x00000000004084e0       0x98 /usr/local/lib64/gcc/arm-none-eabi/4.5.2/../../../../arm-none-eabi/lib/libg.a(lib_a-mbtowc_r.o)
                0x00000000004084e0                __ascii_mbtowc
                0x0000000000408524                _mbtowc_r
 .text          0x0000000000408578      0x100 /usr/local/lib64/gcc/arm-none-eabi/4.5.2/../../../../arm-none-eabi/lib/libg.a(lib_a-memchr.o)
                0x0000000000408578                memchr
 .text          0x0000000000408678        0x8 /usr/local/lib64/gcc/arm-none-eabi/4.5.2/../../../../arm-none-eabi/lib/libg.a(lib_a-mlock.o)
                0x0000000000408678                __malloc_lock
                0x000000000040867c                __malloc_unlock
 .text          0x0000000000408680       0x44 /usr/local/lib64/gcc/arm-none-eabi/4.5.2/../../../../arm-none-eabi/lib/libg.a(lib_a-readr.o)
                0x0000000000408680                _read_r
 .text          0x00000000004086c4      0x5c0 /usr/local/lib64/gcc/arm-none-eabi/4.5.2/../../../../arm-none-eabi/lib/libg.a(lib_a-reallocr.o)
                0x00000000004086c4                _realloc_r
 .text          0x0000000000408c84      0x1c4 /usr/local/lib64/gcc/arm-none-eabi/4.5.2/../../../../arm-none-eabi/lib/libg.a(lib_a-refill.o)
                0x0000000000408cac                __srefill_r
 .text          0x0000000000408e48       0x40 /usr/local/lib64/gcc/arm-none-eabi/4.5.2/../../../../arm-none-eabi/lib/libg.a(lib_a-sbrkr.o)
                0x0000000000408e48                _sbrk_r
 .text          0x0000000000408e88       0xc4 /usr/local/lib64/gcc/arm-none-eabi/4.5.2/../../../../arm-none-eabi/lib/libg.a(lib_a-sccl.o)
                0x0000000000408e88                __sccl
 .text          0x0000000000408f4c      0x238 /usr/local/lib64/gcc/arm-none-eabi/4.5.2/../../../../arm-none-eabi/lib/libg.a(lib_a-signal.o)
                0x0000000000408f4c                _init_signal_r
                0x0000000000408fa0                _signal_r
                0x0000000000409008                _raise_r
                0x000000000040909c                __sigtramp_r
                0x0000000000409130                raise
                0x0000000000409144                signal
                0x0000000000409160                _init_signal
                0x0000000000409170                __sigtramp
 .text          0x0000000000409184       0x50 /usr/local/lib64/gcc/arm-none-eabi/4.5.2/../../../../arm-none-eabi/lib/libg.a(lib_a-signalr.o)
                0x0000000000409184                _kill_r
                0x00000000004091c4                _getpid_r
 .text          0x00000000004091d4      0x230 /usr/local/lib64/gcc/arm-none-eabi/4.5.2/../../../../arm-none-eabi/lib/libg.a(lib_a-strcmp.o)
                0x00000000004091d4                strcmp
 .text          0x0000000000409404      0x1ec /usr/local/lib64/gcc/arm-none-eabi/4.5.2/../../../../arm-none-eabi/lib/libg.a(lib_a-strtol.o)
                0x0000000000409404                _strtol_r
                0x00000000004095c4                strtol
 .text          0x00000000004095f0      0x1e8 /usr/local/lib64/gcc/arm-none-eabi/4.5.2/../../../../arm-none-eabi/lib/libg.a(lib_a-strtoul.o)
                0x00000000004095f0                _strtoul_r
                0x00000000004097ac                strtoul
 .text          0x00000000004097d8      0x15c /usr/local/lib64/gcc/arm-none-eabi/4.5.2/../../../../arm-none-eabi/lib/libg.a(lib_a-wbuf.o)
                0x00000000004097d8                __swbuf_r
                0x0000000000409918                __swbuf
 .text          0x0000000000409934      0x13c /usr/local/lib64/gcc/arm-none-eabi/4.5.2/../../../../arm-none-eabi/lib/libg.a(lib_a-wcrtomb.o)
                0x0000000000409934                _wcrtomb_r
                0x00000000004099c8                wcrtomb
 .text          0x0000000000409a70       0x7c /usr/local/lib64/gcc/arm-none-eabi/4.5.2/../../../../arm-none-eabi/lib/libg.a(lib_a-wctomb_r.o)
                0x0000000000409a70                __ascii_wctomb
                0x0000000000409a9c                _wctomb_r
 .text          0x0000000000409aec      0x10c /usr/local/lib64/gcc/arm-none-eabi/4.5.2/../../../../arm-none-eabi/lib/libg.a(lib_a-fclose.o)
                0x0000000000409aec                _fclose_r
                0x0000000000409be4                fclose
 .text          0x0000000000409bf8       0x40 /usr/local/lib64/gcc/arm-none-eabi/4.5.2/../../../../arm-none-eabi/lib/libg.a(lib_a-fstatr.o)
                0x0000000000409bf8                _fstat_r
 .text          0x0000000000409c38       0x3c /usr/local/lib64/gcc/arm-none-eabi/4.5.2/../../../../arm-none-eabi/lib/libg.a(lib_a-isattyr.o)
                0x0000000000409c38                _isatty_r
 *fill*         0x0000000000409c74        0x4 00
 .text          0x0000000000409c78      0x278 /usr/local/lib64/gcc/arm-none-eabi/4.5.2/thumb/v7/libgcc.a(_udivsi3.o)
                0x0000000000409c78                __udivsi3
                0x0000000000409c78                __aeabi_uidiv
                0x0000000000409ed4                __aeabi_uidivmod
 .text          0x0000000000409ef0        0x4 /usr/local/lib64/gcc/arm-none-eabi/4.5.2/thumb/v7/libgcc.a(_dvmd_tls.o)
                0x0000000000409ef0                __aeabi_ldiv0
                0x0000000000409ef0                __aeabi_idiv0
 *(.glue_7t)
 .glue_7t       0x0000000000000000        0x0 linker stubs
 *(.glue_7)
 .glue_7        0x0000000000000000        0x0 linker stubs
 *(.rodata .rodata* .gnu.linkonce.r.*)
 .rodata        0x0000000000409ef4        0x4 /usr/local/lib64/gcc/arm-none-eabi/4.5.2/../../../../arm-none-eabi/lib/libc.a(lib_a-impure.o)
                0x0000000000409ef4                _global_impure_ptr
 .rodata.str1.4
                0x0000000000409ef8        0x2 /usr/local/lib64/gcc/arm-none-eabi/4.5.2/../../../../arm-none-eabi/lib/libc.a(lib_a-impure.o)
                                          0x4 (size before relaxing)
 *fill*         0x0000000000409efa        0x2 00
 .rodata        0x0000000000409efc       0x1c build/obj/syscalls.o
 .rodata        0x0000000000409f18      0x124 build/obj/usb_console.o
 .rodata        0x000000000040a03c        0xc build/obj/uart_console.o
 .rodata        0x000000000040a048       0x54 build/obj/led.o
 .rodata        0x000000000040a09c       0xa0 build/obj/usb_device_descriptor.o
                0x000000000040a09c                deviceDescriptor
                0x000000000040a0b0                configurationDescriptorsFS
                0x000000000040a0f4                languageIdStringDescriptor
                0x000000000040a0f8                productStringDescriptor
                0x000000000040a114                cdcdSerialDriverDescriptors
 .rodata        0x000000000040a13c      0x1ac build/obj/main.o
 .rodata        0x000000000040a2e8       0x58 build/obj/input.o
 .rodata.str1.1
                0x000000000040a340       0x69 libusb/lib/libusb_sam3s_rel.a(release-USBD_HAL.o)
                                         0x6b (size before relaxing)
 .rodata.str1.1
                0x000000000040a3a9       0x30 libusb/lib/libusb_sam3s_rel.a(release-USBD.o)
 .rodata.str1.1
                0x000000000040a3d9       0xef libusb/lib/libusb_sam3s_rel.a(release-USBDDriver.o)
 .rodata        0x000000000040a4c8       0x3f libchip/lib/libchip_sam3s4_rel.a(release-pio_it.o)
 .rodata.str1.1
                0x000000000040a507       0x67 libchip/lib/libchip_sam3s4_rel.a(release-pio_it.o)
 .rodata        0x000000000040a56e       0x3f libchip/lib/libchip_sam3s4_rel.a(release-pmc.o)
 .rodata.str1.1
                0x000000000040a5ad       0x17 libchip/lib/libchip_sam3s4_rel.a(release-pmc.o)
 .rodata        0x000000000040a5c4       0x1e libchip/lib/libchip_sam3s4_rel.a(release-tc.o)
 .rodata.str1.1
                0x000000000040a5e2       0x51 libchip/lib/libchip_sam3s4_rel.a(release-tc.o)
 *fill*         0x000000000040a633        0x1 00
 .rodata.str1.4
                0x000000000040a634       0x3f /usr/local/lib64/gcc/arm-none-eabi/4.5.2/../../../../arm-none-eabi/lib/libg.a(lib_a-assert.o)
                                         0x44 (size before relaxing)
 *fill*         0x000000000040a673        0x1 00
 .rodata        0x000000000040a674       0x24 /usr/local/lib64/gcc/arm-none-eabi/4.5.2/../../../../arm-none-eabi/lib/libg.a(lib_a-svfiscanf.o)
 .rodata        0x000000000040a698       0x20 /usr/local/lib64/gcc/arm-none-eabi/4.5.2/../../../../arm-none-eabi/lib/libg.a(lib_a-vfiprintf.o)
 .rodata.str1.4
                0x000000000040a6b8       0x2f /usr/local/lib64/gcc/arm-none-eabi/4.5.2/../../../../arm-none-eabi/lib/libg.a(lib_a-vfiprintf.o)
                                         0x30 (size before relaxing)
 *fill*         0x000000000040a6e7        0x1 00
 .rodata        0x000000000040a6e8      0x104 /usr/local/lib64/gcc/arm-none-eabi/4.5.2/../../../../arm-none-eabi/lib/libg.a(lib_a-ctype_.o)
                0x000000000040a6e8                _ctype_
 .rodata.str1.4
                0x000000000040a7ec        0xc /usr/local/lib64/gcc/arm-none-eabi/4.5.2/../../../../arm-none-eabi/lib/libg.a(lib_a-locale.o)
                                         0x14 (size before relaxing)
 .rodata.str1.4
                0x0000000000000000        0x4 /usr/local/lib64/gcc/arm-none-eabi/4.5.2/../../../../arm-none-eabi/lib/libg.a(lib_a-mbrtowc.o)
 *(.ARM.extab* .gnu.linkonce.armextab.*)
                0x000000000040a7f8                . = ALIGN (0x4)
 *(.init)
 .init          0x000000000040a7f8        0x4 /usr/local/lib64/gcc/arm-none-eabi/4.5.2/thumb/v7/crti.o
                0x000000000040a7f8                _init
 .init          0x000000000040a7fc        0x8 /usr/local/lib64/gcc/arm-none-eabi/4.5.2/thumb/v7/crtn.o
                0x000000000040a804                . = ALIGN (0x4)
                0x000000000040a804                __preinit_array_start = .
 *(.preinit_array)
                0x000000000040a804                __preinit_array_end = .
                0x000000000040a804                . = ALIGN (0x4)
                0x000000000040a804                __init_array_start = .
 *(SORT(.init_array.*))
 *(.init_array)
 .init_array    0x000000000040a804        0x4 /usr/local/lib64/gcc/arm-none-eabi/4.5.2/thumb/v7/crtbegin.o
                0x000000000040a808                __init_array_end = .
                0x000000000040a808                . = ALIGN (0x4)
 *crtbegin.o(.ctors)
 *(EXCLUDE_FILE(*crtend.o) .ctors)
 *(SORT(.ctors.*))
 *crtend.o(.ctors)
                0x000000000040a808                . = ALIGN (0x4)
 *(.fini)
 .fini          0x000000000040a808        0x4 /usr/local/lib64/gcc/arm-none-eabi/4.5.2/thumb/v7/crti.o
                0x000000000040a808                _fini
 .fini          0x000000000040a80c        0x8 /usr/local/lib64/gcc/arm-none-eabi/4.5.2/thumb/v7/crtn.o
                0x000000000040a814                . = ALIGN (0x4)
                0x000000000040a814                __fini_array_start = .
 *(.fini_array)
 .fini_array    0x000000000040a814        0x4 /usr/local/lib64/gcc/arm-none-eabi/4.5.2/thumb/v7/crtbegin.o
 *(SORT(.fini_array.*))
                0x000000000040a818                __fini_array_end = .
 *crtbegin.o(.dtors)
 *(EXCLUDE_FILE(*crtend.o) .dtors)
 *(SORT(.dtors.*))
 *crtend.o(.dtors)
                0x000000000040a818                . = ALIGN (0x4)
                0x000000000040a818                _efixed = .
                0x000000000040a818                PROVIDE (__exidx_start, .)

.jcr            0x000000000040a818        0x0
 .jcr           0x000000000040a818        0x0 /usr/local/lib64/gcc/arm-none-eabi/4.5.2/thumb/v7/crtbegin.o

.vfp11_veneer   0x000000000040a818        0x0
 .vfp11_veneer  0x0000000000000000        0x0 linker stubs

.v4_bx          0x000000000040a818        0x0
 .v4_bx         0x0000000000000000        0x0 linker stubs

.ARM.exidx
 *(.ARM.exidx* .gnu.linkonce.armexidx.*)
                0x000000000040a818                PROVIDE (__exidx_end, .)
                0x000000000040a818                . = ALIGN (0x4)
                0x000000000040a818                _etext = .

.relocate       0x0000000020000000      0x8e0 load address 0x000000000040a818
                0x0000000020000000                . = ALIGN (0x4)
                0x0000000020000000                _srelocate = .
 *(.ramfunc .ramfunc.*)
 *(.data .data.*)
 .data          0x0000000020000000      0x430 /usr/local/lib64/gcc/arm-none-eabi/4.5.2/../../../../arm-none-eabi/lib/libc.a(lib_a-impure.o)
                0x0000000020000000                _impure_ptr
 .data          0x0000000020000430        0x4 build/obj/usb_console.o
 .data          0x0000000020000434        0x4 build/obj/system.o
                0x0000000020000434                SystemCoreClock
 .data          0x0000000020000438        0x4 build/obj/uart_console.o
 .data          0x000000002000043c        0x8 build/obj/usb_device_descriptor.o
                0x000000002000043c                stringDescriptors
 .data          0x0000000020000444        0x1 build/obj/main.o
                0x0000000020000444                _state
 *fill*         0x0000000020000445        0x3 00
 .data          0x0000000020000448        0x4 /usr/local/lib64/gcc/arm-none-eabi/4.5.2/../../../../arm-none-eabi/lib/libg.a(lib_a-ctype_.o)
                0x0000000020000448                __ctype_ptr__
 .data          0x000000002000044c       0x7c /usr/local/lib64/gcc/arm-none-eabi/4.5.2/../../../../arm-none-eabi/lib/libg.a(lib_a-locale.o)
                0x000000002000046c                __mb_cur_max
 .data          0x00000000200004c8      0x410 /usr/local/lib64/gcc/arm-none-eabi/4.5.2/../../../../arm-none-eabi/lib/libg.a(lib_a-mallocr.o)
                0x00000000200004c8                __malloc_av_
                0x00000000200008d0                __malloc_sbrk_base
                0x00000000200008d4                __malloc_trim_threshold
 .data          0x00000000200008d8        0x4 /usr/local/lib64/gcc/arm-none-eabi/4.5.2/../../../../arm-none-eabi/lib/libg.a(lib_a-mbtowc_r.o)
                0x00000000200008d8                __mbtowc
 .data          0x00000000200008dc        0x4 /usr/local/lib64/gcc/arm-none-eabi/4.5.2/../../../../arm-none-eabi/lib/libg.a(lib_a-wctomb_r.o)
                0x00000000200008dc                __wctomb
                0x00000000200008e0                . = ALIGN (0x4)
                0x00000000200008e0                _erelocate = .

.bss            0x00000000200008e0      0x2d0 load address 0x000000000040b0f8
                0x00000000200008e0                . = ALIGN (0x4)
                0x00000000200008e0                _sbss = .
                0x00000000200008e0                _szero = .
 *(.bss .bss.*)
 .bss           0x00000000200008e0        0x1 /usr/local/lib64/gcc/arm-none-eabi/4.5.2/thumb/v7/crtbegin.o
 *fill*         0x00000000200008e1        0x3 00
 .bss           0x00000000200008e4        0x4 build/obj/syscalls.o
 .bss           0x00000000200008e8      0x10c build/obj/usb_console.o
 .bss           0x00000000200009f4        0x1 build/obj/uart_console.o
 *fill*         0x00000000200009f5        0x3 00
 .bss           0x00000000200009f8        0x8 build/obj/led.o
 .bss           0x0000000020000a00        0x4 build/obj/timetick.o
 .bss           0x0000000020000a04       0x1c build/obj/input.o
                0x0000000020000a0c                current
                0x0000000020000a14                previous
 .bss           0x0000000020000a20       0xe0 libusb/lib/libusb_sam3s_rel.a(release-USBD_HAL.o)
 .bss           0x0000000020000b00        0x2 libusb/lib/libusb_sam3s_rel.a(release-USBD.o)
 *fill*         0x0000000020000b02        0x2 00
 .bss           0x0000000020000b04       0x10 libusb/lib/libusb_sam3s_rel.a(release-USBDDriver.o)
 .bss           0x0000000020000b14       0x1c libusb/lib/libusb_sam3s_rel.a(release-CDCDSerial.o)
 .bss           0x0000000020000b30        0x7 libusb/lib/libusb_sam3s_rel.a(release-CDCDSerialPort.o)
 *fill*         0x0000000020000b37        0x1 00
 .bss           0x0000000020000b38       0x3c libchip/lib/libchip_sam3s4_rel.a(release-pio_it.o)
 .bss           0x0000000020000b74        0x4 libchip/lib/libchip_sam3s4_rel.a(release-pio_capture.o)
 .bss           0x0000000020000b78       0x34 /usr/local/lib64/gcc/arm-none-eabi/4.5.2/../../../../arm-none-eabi/lib/libg.a(lib_a-mallocr.o)
                0x0000000020000b78                __malloc_top_pad
                0x0000000020000b7c                __malloc_current_mallinfo
                0x0000000020000ba4                __malloc_max_sbrked_mem
                0x0000000020000ba8                __malloc_max_total_mem
 *(COMMON)
 COMMON         0x0000000020000bac        0x4 /usr/local/lib64/gcc/arm-none-eabi/4.5.2/../../../../arm-none-eabi/lib/libg.a(lib_a-reent.o)
                0x0000000020000bac                errno
                0x0000000020000bb0                . = ALIGN (0x4)
                0x0000000020000bb0                _ebss = .
                0x0000000020000bb0                _ezero = .

.stack          0x0000000020000bb0     0x1000 load address 0x000000000040b3c8
                0x0000000020000bb0                . = ALIGN (0x8)
 *(.stack .stack.*)
 .stack         0x0000000020000bb0     0x1000 build/obj/startup.o
                0x0000000020000bb0                pdwStack
                0x0000000020001bb0                . = ALIGN (0x4)
                0x0000000020001bb0                _end = .
OUTPUT(build/bin/project.elf elf32-littlearm)

.ARM.attributes
                0x0000000000000000       0x29
 .ARM.attributes
                0x0000000000000000       0x1b /usr/local/lib64/gcc/arm-none-eabi/4.5.2/thumb/v7/crti.o
 .ARM.attributes
                0x000000000000001b       0x2b /usr/local/lib64/gcc/arm-none-eabi/4.5.2/thumb/v7/crtbegin.o
 .ARM.attributes
                0x0000000000000046       0x16 /usr/local/lib64/gcc/arm-none-eabi/4.5.2/../../../../arm-none-eabi/lib/crt0.o
 .ARM.attributes
                0x000000000000005c       0x34 /usr/local/lib64/gcc/arm-none-eabi/4.5.2/../../../../arm-none-eabi/lib/libc.a(lib_a-atexit.o)
 .ARM.attributes
                0x0000000000000090       0x34 /usr/local/lib64/gcc/arm-none-eabi/4.5.2/../../../../arm-none-eabi/lib/libc.a(lib_a-__atexit.o)
 .ARM.attributes
                0x00000000000000c4       0x34 /usr/local/lib64/gcc/arm-none-eabi/4.5.2/../../../../arm-none-eabi/lib/libc.a(lib_a-exit.o)
 .ARM.attributes
                0x00000000000000f8       0x34 /usr/local/lib64/gcc/arm-none-eabi/4.5.2/../../../../arm-none-eabi/lib/libc.a(lib_a-fini.o)
 .ARM.attributes
                0x000000000000012c       0x34 /usr/local/lib64/gcc/arm-none-eabi/4.5.2/../../../../arm-none-eabi/lib/libc.a(lib_a-impure.o)
 .ARM.attributes
                0x0000000000000160       0x34 /usr/local/lib64/gcc/arm-none-eabi/4.5.2/../../../../arm-none-eabi/lib/libc.a(lib_a-init.o)
 .ARM.attributes
                0x0000000000000194       0x34 /usr/local/lib64/gcc/arm-none-eabi/4.5.2/../../../../arm-none-eabi/lib/libc.a(lib_a-memset.o)
 .ARM.attributes
                0x00000000000001c8       0x34 /usr/local/lib64/gcc/arm-none-eabi/4.5.2/../../../../arm-none-eabi/lib/libc.a(lib_a-__call_atexit.o)
 .ARM.attributes
                0x00000000000001fc       0x33 build/obj/syscalls.o
 .ARM.attributes
                0x000000000000022f       0x33 build/obj/usb_console.o
 .ARM.attributes
                0x0000000000000262       0x33 build/obj/system.o
 .ARM.attributes
                0x0000000000000295       0x33 build/obj/uart_console.o
 .ARM.attributes
                0x00000000000002c8       0x33 build/obj/led.o
 .ARM.attributes
                0x00000000000002fb       0x33 build/obj/timetick.o
 .ARM.attributes
                0x000000000000032e       0x33 build/obj/startup.o
 .ARM.attributes
                0x0000000000000361       0x33 build/obj/usb_device_descriptor.o
 .ARM.attributes
                0x0000000000000394       0x31 build/obj/main.o
 .ARM.attributes
                0x00000000000003c5       0x31 build/obj/input.o
 .ARM.attributes
                0x00000000000003f6       0x33 libusb/lib/libusb_sam3s_rel.a(release-USBD_HAL.o)
 .ARM.attributes
                0x0000000000000429       0x33 libusb/lib/libusb_sam3s_rel.a(release-USBDescriptors.o)
 .ARM.attributes
                0x000000000000045c       0x33 libusb/lib/libusb_sam3s_rel.a(release-USBD.o)
 .ARM.attributes
                0x000000000000048f       0x33 libusb/lib/libusb_sam3s_rel.a(release-USBDCallbacks.o)
 .ARM.attributes
                0x00000000000004c2       0x33 libusb/lib/libusb_sam3s_rel.a(release-USBDDriver.o)
 .ARM.attributes
                0x00000000000004f5       0x33 libusb/lib/libusb_sam3s_rel.a(release-CDCDSerial.o)
 .ARM.attributes
                0x0000000000000528       0x33 libusb/lib/libusb_sam3s_rel.a(release-USBDDriverCallbacks.o)
 .ARM.attributes
                0x000000000000055b       0x33 libusb/lib/libusb_sam3s_rel.a(release-CDCDSerialDriver.o)
 .ARM.attributes
                0x000000000000058e       0x33 libusb/lib/libusb_sam3s_rel.a(release-USBRequests.o)
 .ARM.attributes
                0x00000000000005c1       0x33 libusb/lib/libusb_sam3s_rel.a(release-CDCDSerialPort.o)
 .ARM.attributes
                0x00000000000005f4       0x33 libusb/lib/libusb_sam3s_rel.a(release-CDCLineCoding.o)
 .ARM.attributes
                0x0000000000000627       0x33 libchip/lib/libchip_sam3s4_rel.a(release-pio_it.o)
 .ARM.attributes
                0x000000000000065a       0x33 libchip/lib/libchip_sam3s4_rel.a(release-exceptions.o)
 .ARM.attributes
                0x000000000000068d       0x33 libchip/lib/libchip_sam3s4_rel.a(release-adc.o)
 .ARM.attributes
                0x00000000000006c0       0x33 libchip/lib/libchip_sam3s4_rel.a(release-pio.o)
 .ARM.attributes
                0x00000000000006f3       0x33 libchip/lib/libchip_sam3s4_rel.a(release-pmc.o)
 .ARM.attributes
                0x0000000000000726       0x33 libchip/lib/libchip_sam3s4_rel.a(release-tc.o)
 .ARM.attributes
                0x0000000000000759       0x33 libchip/lib/libchip_sam3s4_rel.a(release-pio_capture.o)
 .ARM.attributes
                0x000000000000078c       0x34 /usr/local/lib64/gcc/arm-none-eabi/4.5.2/../../../../arm-none-eabi/lib/libg.a(lib_a-assert.o)
 .ARM.attributes
                0x00000000000007c0       0x34 /usr/local/lib64/gcc/arm-none-eabi/4.5.2/../../../../arm-none-eabi/lib/libg.a(lib_a-fiprintf.o)
 .ARM.attributes
                0x00000000000007f4       0x34 /usr/local/lib64/gcc/arm-none-eabi/4.5.2/../../../../arm-none-eabi/lib/libg.a(lib_a-gets.o)
 .ARM.attributes
                0x0000000000000828       0x34 /usr/local/lib64/gcc/arm-none-eabi/4.5.2/../../../../arm-none-eabi/lib/libg.a(lib_a-iprintf.o)
 .ARM.attributes
                0x000000000000085c       0x34 /usr/local/lib64/gcc/arm-none-eabi/4.5.2/../../../../arm-none-eabi/lib/libg.a(lib_a-memcpy.o)
 .ARM.attributes
                0x0000000000000890       0x34 /usr/local/lib64/gcc/arm-none-eabi/4.5.2/../../../../arm-none-eabi/lib/libg.a(lib_a-memmove.o)
 .ARM.attributes
                0x00000000000008c4       0x34 /usr/local/lib64/gcc/arm-none-eabi/4.5.2/../../../../arm-none-eabi/lib/libg.a(lib_a-reent.o)
 .ARM.attributes
                0x00000000000008f8       0x34 /usr/local/lib64/gcc/arm-none-eabi/4.5.2/../../../../arm-none-eabi/lib/libg.a(lib_a-rget.o)
 .ARM.attributes
                0x000000000000092c       0x34 /usr/local/lib64/gcc/arm-none-eabi/4.5.2/../../../../arm-none-eabi/lib/libg.a(lib_a-setbuf.o)
 .ARM.attributes
                0x0000000000000960       0x34 /usr/local/lib64/gcc/arm-none-eabi/4.5.2/../../../../arm-none-eabi/lib/libg.a(lib_a-setvbuf.o)
 .ARM.attributes
                0x0000000000000994       0x34 /usr/local/lib64/gcc/arm-none-eabi/4.5.2/../../../../arm-none-eabi/lib/libg.a(lib_a-siscanf.o)
 .ARM.attributes
                0x00000000000009c8       0x34 /usr/local/lib64/gcc/arm-none-eabi/4.5.2/../../../../arm-none-eabi/lib/libg.a(lib_a-stdio.o)
 .ARM.attributes
                0x00000000000009fc       0x34 /usr/local/lib64/gcc/arm-none-eabi/4.5.2/../../../../arm-none-eabi/lib/libg.a(lib_a-strlen.o)
 .ARM.attributes
                0x0000000000000a30       0x34 /usr/local/lib64/gcc/arm-none-eabi/4.5.2/../../../../arm-none-eabi/lib/libg.a(lib_a-svfiscanf.o)
 .ARM.attributes
                0x0000000000000a64       0x34 /usr/local/lib64/gcc/arm-none-eabi/4.5.2/../../../../arm-none-eabi/lib/libg.a(lib_a-ungetc.o)
 .ARM.attributes
                0x0000000000000a98       0x34 /usr/local/lib64/gcc/arm-none-eabi/4.5.2/../../../../arm-none-eabi/lib/libg.a(lib_a-vfiprintf.o)
 .ARM.attributes
                0x0000000000000acc       0x34 /usr/local/lib64/gcc/arm-none-eabi/4.5.2/../../../../arm-none-eabi/lib/libg.a(lib_a-writer.o)
 .ARM.attributes
                0x0000000000000b00       0x34 /usr/local/lib64/gcc/arm-none-eabi/4.5.2/../../../../arm-none-eabi/lib/libg.a(lib_a-wsetup.o)
 .ARM.attributes
                0x0000000000000b34       0x34 /usr/local/lib64/gcc/arm-none-eabi/4.5.2/../../../../arm-none-eabi/lib/libg.a(lib_a-abort.o)
 .ARM.attributes
                0x0000000000000b68       0x34 /usr/local/lib64/gcc/arm-none-eabi/4.5.2/../../../../arm-none-eabi/lib/libg.a(lib_a-closer.o)
 .ARM.attributes
                0x0000000000000b9c       0x34 /usr/local/lib64/gcc/arm-none-eabi/4.5.2/../../../../arm-none-eabi/lib/libg.a(lib_a-ctype_.o)
 .ARM.attributes
                0x0000000000000bd0       0x34 /usr/local/lib64/gcc/arm-none-eabi/4.5.2/../../../../arm-none-eabi/lib/libg.a(lib_a-fflush.o)
 .ARM.attributes
                0x0000000000000c04       0x34 /usr/local/lib64/gcc/arm-none-eabi/4.5.2/../../../../arm-none-eabi/lib/libg.a(lib_a-findfp.o)
 .ARM.attributes
                0x0000000000000c38       0x34 /usr/local/lib64/gcc/arm-none-eabi/4.5.2/../../../../arm-none-eabi/lib/libg.a(lib_a-fputwc.o)
 .ARM.attributes
                0x0000000000000c6c       0x34 /usr/local/lib64/gcc/arm-none-eabi/4.5.2/../../../../arm-none-eabi/lib/libg.a(lib_a-freer.o)
 .ARM.attributes
                0x0000000000000ca0       0x34 /usr/local/lib64/gcc/arm-none-eabi/4.5.2/../../../../arm-none-eabi/lib/libg.a(lib_a-fvwrite.o)
 .ARM.attributes
                0x0000000000000cd4       0x34 /usr/local/lib64/gcc/arm-none-eabi/4.5.2/../../../../arm-none-eabi/lib/libg.a(lib_a-fwalk.o)
 .ARM.attributes
                0x0000000000000d08       0x34 /usr/local/lib64/gcc/arm-none-eabi/4.5.2/../../../../arm-none-eabi/lib/libg.a(lib_a-iswspace.o)
 .ARM.attributes
                0x0000000000000d3c       0x34 /usr/local/lib64/gcc/arm-none-eabi/4.5.2/../../../../arm-none-eabi/lib/libg.a(lib_a-locale.o)
 .ARM.attributes
                0x0000000000000d70       0x34 /usr/local/lib64/gcc/arm-none-eabi/4.5.2/../../../../arm-none-eabi/lib/libg.a(lib_a-lseekr.o)
 .ARM.attributes
                0x0000000000000da4       0x34 /usr/local/lib64/gcc/arm-none-eabi/4.5.2/../../../../arm-none-eabi/lib/libg.a(lib_a-makebuf.o)
 .ARM.attributes
                0x0000000000000dd8       0x34 /usr/local/lib64/gcc/arm-none-eabi/4.5.2/../../../../arm-none-eabi/lib/libg.a(lib_a-malloc.o)
 .ARM.attributes
                0x0000000000000e0c       0x34 /usr/local/lib64/gcc/arm-none-eabi/4.5.2/../../../../arm-none-eabi/lib/libg.a(lib_a-mallocr.o)
 .ARM.attributes
                0x0000000000000e40       0x34 /usr/local/lib64/gcc/arm-none-eabi/4.5.2/../../../../arm-none-eabi/lib/libg.a(lib_a-mbrtowc.o)
 .ARM.attributes
                0x0000000000000e74       0x34 /usr/local/lib64/gcc/arm-none-eabi/4.5.2/../../../../arm-none-eabi/lib/libg.a(lib_a-mbtowc_r.o)
 .ARM.attributes
                0x0000000000000ea8       0x34 /usr/local/lib64/gcc/arm-none-eabi/4.5.2/../../../../arm-none-eabi/lib/libg.a(lib_a-memchr.o)
 .ARM.attributes
                0x0000000000000edc       0x34 /usr/local/lib64/gcc/arm-none-eabi/4.5.2/../../../../arm-none-eabi/lib/libg.a(lib_a-mlock.o)
 .ARM.attributes
                0x0000000000000f10       0x34 /usr/local/lib64/gcc/arm-none-eabi/4.5.2/../../../../arm-none-eabi/lib/libg.a(lib_a-readr.o)
 .ARM.attributes
                0x0000000000000f44       0x34 /usr/local/lib64/gcc/arm-none-eabi/4.5.2/../../../../arm-none-eabi/lib/libg.a(lib_a-reallocr.o)
 .ARM.attributes
                0x0000000000000f78       0x34 /usr/local/lib64/gcc/arm-none-eabi/4.5.2/../../../../arm-none-eabi/lib/libg.a(lib_a-refill.o)
 .ARM.attributes
                0x0000000000000fac       0x34 /usr/local/lib64/gcc/arm-none-eabi/4.5.2/../../../../arm-none-eabi/lib/libg.a(lib_a-sbrkr.o)
 .ARM.attributes
                0x0000000000000fe0       0x34 /usr/local/lib64/gcc/arm-none-eabi/4.5.2/../../../../arm-none-eabi/lib/libg.a(lib_a-sccl.o)
 .ARM.attributes
                0x0000000000001014       0x34 /usr/local/lib64/gcc/arm-none-eabi/4.5.2/../../../../arm-none-eabi/lib/libg.a(lib_a-signal.o)
 .ARM.attributes
                0x0000000000001048       0x34 /usr/local/lib64/gcc/arm-none-eabi/4.5.2/../../../../arm-none-eabi/lib/libg.a(lib_a-signalr.o)
 .ARM.attributes
                0x000000000000107c       0x34 /usr/local/lib64/gcc/arm-none-eabi/4.5.2/../../../../arm-none-eabi/lib/libg.a(lib_a-strcmp.o)
 .ARM.attributes
                0x00000000000010b0       0x34 /usr/local/lib64/gcc/arm-none-eabi/4.5.2/../../../../arm-none-eabi/lib/libg.a(lib_a-strtol.o)
 .ARM.attributes
                0x00000000000010e4       0x34 /usr/local/lib64/gcc/arm-none-eabi/4.5.2/../../../../arm-none-eabi/lib/libg.a(lib_a-strtoul.o)
 .ARM.attributes
                0x0000000000001118       0x34 /usr/local/lib64/gcc/arm-none-eabi/4.5.2/../../../../arm-none-eabi/lib/libg.a(lib_a-wbuf.o)
 .ARM.attributes
                0x000000000000114c       0x34 /usr/local/lib64/gcc/arm-none-eabi/4.5.2/../../../../arm-none-eabi/lib/libg.a(lib_a-wcrtomb.o)
 .ARM.attributes
                0x0000000000001180       0x34 /usr/local/lib64/gcc/arm-none-eabi/4.5.2/../../../../arm-none-eabi/lib/libg.a(lib_a-wctomb_r.o)
 .ARM.attributes
                0x00000000000011b4       0x34 /usr/local/lib64/gcc/arm-none-eabi/4.5.2/../../../../arm-none-eabi/lib/libg.a(lib_a-fclose.o)
 .ARM.attributes
                0x00000000000011e8       0x34 /usr/local/lib64/gcc/arm-none-eabi/4.5.2/../../../../arm-none-eabi/lib/libg.a(lib_a-fstatr.o)
 .ARM.attributes
                0x000000000000121c       0x34 /usr/local/lib64/gcc/arm-none-eabi/4.5.2/../../../../arm-none-eabi/lib/libg.a(lib_a-isattyr.o)
 .ARM.attributes
                0x0000000000001250       0x1d /usr/local/lib64/gcc/arm-none-eabi/4.5.2/thumb/v7/libgcc.a(_udivsi3.o)
 .ARM.attributes
                0x000000000000126d       0x1d /usr/local/lib64/gcc/arm-none-eabi/4.5.2/thumb/v7/libgcc.a(_dvmd_tls.o)
 .ARM.attributes
                0x000000000000128a       0x2b /usr/local/lib64/gcc/arm-none-eabi/4.5.2/thumb/v7/crtend.o
 .ARM.attributes
                0x00000000000012b5       0x1b /usr/local/lib64/gcc/arm-none-eabi/4.5.2/thumb/v7/crtn.o

.comment        0x0000000000000000       0x56
 .comment       0x0000000000000000       0x26 /usr/local/lib64/gcc/arm-none-eabi/4.5.2/thumb/v7/crtbegin.o
                                         0x27 (size before relaxing)
 .comment       0x0000000000000000       0x27 /usr/local/lib64/gcc/arm-none-eabi/4.5.2/../../../../arm-none-eabi/lib/libc.a(lib_a-atexit.o)
 .comment       0x0000000000000000       0x27 /usr/local/lib64/gcc/arm-none-eabi/4.5.2/../../../../arm-none-eabi/lib/libc.a(lib_a-__atexit.o)
 .comment       0x0000000000000000       0x27 /usr/local/lib64/gcc/arm-none-eabi/4.5.2/../../../../arm-none-eabi/lib/libc.a(lib_a-exit.o)
 .comment       0x0000000000000000       0x27 /usr/local/lib64/gcc/arm-none-eabi/4.5.2/../../../../arm-none-eabi/lib/libc.a(lib_a-fini.o)
 .comment       0x0000000000000000       0x27 /usr/local/lib64/gcc/arm-none-eabi/4.5.2/../../../../arm-none-eabi/lib/libc.a(lib_a-impure.o)
 .comment       0x0000000000000000       0x27 /usr/local/lib64/gcc/arm-none-eabi/4.5.2/../../../../arm-none-eabi/lib/libc.a(lib_a-init.o)
 .comment       0x0000000000000000       0x27 /usr/local/lib64/gcc/arm-none-eabi/4.5.2/../../../../arm-none-eabi/lib/libc.a(lib_a-memset.o)
 .comment       0x0000000000000000       0x27 /usr/local/lib64/gcc/arm-none-eabi/4.5.2/../../../../arm-none-eabi/lib/libc.a(lib_a-__call_atexit.o)
 .comment       0x0000000000000026       0x30 build/obj/syscalls.o
                                         0x31 (size before relaxing)
 .comment       0x0000000000000000       0x31 build/obj/usb_console.o
 .comment       0x0000000000000000       0x31 build/obj/system.o
 .comment       0x0000000000000000       0x31 build/obj/uart_console.o
 .comment       0x0000000000000000       0x31 build/obj/led.o
 .comment       0x0000000000000000       0x31 build/obj/timetick.o
 .comment       0x0000000000000000       0x31 build/obj/startup.o
 .comment       0x0000000000000000       0x31 build/obj/usb_device_descriptor.o
 .comment       0x0000000000000000       0x27 build/obj/main.o
 .comment       0x0000000000000000       0x27 build/obj/input.o
 .comment       0x0000000000000000       0x31 libusb/lib/libusb_sam3s_rel.a(release-USBD_HAL.o)
 .comment       0x0000000000000000       0x31 libusb/lib/libusb_sam3s_rel.a(release-USBDescriptors.o)
 .comment       0x0000000000000000       0x31 libusb/lib/libusb_sam3s_rel.a(release-USBD.o)
 .comment       0x0000000000000000       0x31 libusb/lib/libusb_sam3s_rel.a(release-USBDCallbacks.o)
 .comment       0x0000000000000000       0x31 libusb/lib/libusb_sam3s_rel.a(release-USBDDriver.o)
 .comment       0x0000000000000000       0x31 libusb/lib/libusb_sam3s_rel.a(release-CDCDSerial.o)
 .comment       0x0000000000000000       0x31 libusb/lib/libusb_sam3s_rel.a(release-USBDDriverCallbacks.o)
 .comment       0x0000000000000000       0x31 libusb/lib/libusb_sam3s_rel.a(release-CDCDSerialDriver.o)
 .comment       0x0000000000000000       0x31 libusb/lib/libusb_sam3s_rel.a(release-USBRequests.o)
 .comment       0x0000000000000000       0x31 libusb/lib/libusb_sam3s_rel.a(release-CDCDSerialPort.o)
 .comment       0x0000000000000000       0x31 libusb/lib/libusb_sam3s_rel.a(release-CDCLineCoding.o)
 .comment       0x0000000000000000       0x31 libchip/lib/libchip_sam3s4_rel.a(release-pio_it.o)
 .comment       0x0000000000000000       0x31 libchip/lib/libchip_sam3s4_rel.a(release-exceptions.o)
 .comment       0x0000000000000000       0x31 libchip/lib/libchip_sam3s4_rel.a(release-adc.o)
 .comment       0x0000000000000000       0x31 libchip/lib/libchip_sam3s4_rel.a(release-pio.o)
 .comment       0x0000000000000000       0x31 libchip/lib/libchip_sam3s4_rel.a(release-pmc.o)
 .comment       0x0000000000000000       0x31 libchip/lib/libchip_sam3s4_rel.a(release-tc.o)
 .comment       0x0000000000000000       0x31 libchip/lib/libchip_sam3s4_rel.a(release-pio_capture.o)
 .comment       0x0000000000000000       0x27 /usr/local/lib64/gcc/arm-none-eabi/4.5.2/../../../../arm-none-eabi/lib/libg.a(lib_a-assert.o)
 .comment       0x0000000000000000       0x27 /usr/local/lib64/gcc/arm-none-eabi/4.5.2/../../../../arm-none-eabi/lib/libg.a(lib_a-fiprintf.o)
 .comment       0x0000000000000000       0x27 /usr/local/lib64/gcc/arm-none-eabi/4.5.2/../../../../arm-none-eabi/lib/libg.a(lib_a-gets.o)
 .comment       0x0000000000000000       0x27 /usr/local/lib64/gcc/arm-none-eabi/4.5.2/../../../../arm-none-eabi/lib/libg.a(lib_a-iprintf.o)
 .comment       0x0000000000000000       0x27 /usr/local/lib64/gcc/arm-none-eabi/4.5.2/../../../../arm-none-eabi/lib/libg.a(lib_a-memcpy.o)
 .comment       0x0000000000000000       0x27 /usr/local/lib64/gcc/arm-none-eabi/4.5.2/../../../../arm-none-eabi/lib/libg.a(lib_a-memmove.o)
 .comment       0x0000000000000000       0x27 /usr/local/lib64/gcc/arm-none-eabi/4.5.2/../../../../arm-none-eabi/lib/libg.a(lib_a-reent.o)
 .comment       0x0000000000000000       0x27 /usr/local/lib64/gcc/arm-none-eabi/4.5.2/../../../../arm-none-eabi/lib/libg.a(lib_a-rget.o)
 .comment       0x0000000000000000       0x27 /usr/local/lib64/gcc/arm-none-eabi/4.5.2/../../../../arm-none-eabi/lib/libg.a(lib_a-setbuf.o)
 .comment       0x0000000000000000       0x27 /usr/local/lib64/gcc/arm-none-eabi/4.5.2/../../../../arm-none-eabi/lib/libg.a(lib_a-setvbuf.o)
 .comment       0x0000000000000000       0x27 /usr/local/lib64/gcc/arm-none-eabi/4.5.2/../../../../arm-none-eabi/lib/libg.a(lib_a-siscanf.o)
 .comment       0x0000000000000000       0x27 /usr/local/lib64/gcc/arm-none-eabi/4.5.2/../../../../arm-none-eabi/lib/libg.a(lib_a-stdio.o)
 .comment       0x0000000000000000       0x27 /usr/local/lib64/gcc/arm-none-eabi/4.5.2/../../../../arm-none-eabi/lib/libg.a(lib_a-strlen.o)
 .comment       0x0000000000000000       0x27 /usr/local/lib64/gcc/arm-none-eabi/4.5.2/../../../../arm-none-eabi/lib/libg.a(lib_a-svfiscanf.o)
 .comment       0x0000000000000000       0x27 /usr/local/lib64/gcc/arm-none-eabi/4.5.2/../../../../arm-none-eabi/lib/libg.a(lib_a-ungetc.o)
 .comment       0x0000000000000000       0x27 /usr/local/lib64/gcc/arm-none-eabi/4.5.2/../../../../arm-none-eabi/lib/libg.a(lib_a-vfiprintf.o)
 .comment       0x0000000000000000       0x27 /usr/local/lib64/gcc/arm-none-eabi/4.5.2/../../../../arm-none-eabi/lib/libg.a(lib_a-writer.o)
 .comment       0x0000000000000000       0x27 /usr/local/lib64/gcc/arm-none-eabi/4.5.2/../../../../arm-none-eabi/lib/libg.a(lib_a-wsetup.o)
 .comment       0x0000000000000000       0x27 /usr/local/lib64/gcc/arm-none-eabi/4.5.2/../../../../arm-none-eabi/lib/libg.a(lib_a-abort.o)
 .comment       0x0000000000000000       0x27 /usr/local/lib64/gcc/arm-none-eabi/4.5.2/../../../../arm-none-eabi/lib/libg.a(lib_a-closer.o)
 .comment       0x0000000000000000       0x27 /usr/local/lib64/gcc/arm-none-eabi/4.5.2/../../../../arm-none-eabi/lib/libg.a(lib_a-ctype_.o)
 .comment       0x0000000000000000       0x27 /usr/local/lib64/gcc/arm-none-eabi/4.5.2/../../../../arm-none-eabi/lib/libg.a(lib_a-fflush.o)
 .comment       0x0000000000000000       0x27 /usr/local/lib64/gcc/arm-none-eabi/4.5.2/../../../../arm-none-eabi/lib/libg.a(lib_a-findfp.o)
 .comment       0x0000000000000000       0x27 /usr/local/lib64/gcc/arm-none-eabi/4.5.2/../../../../arm-none-eabi/lib/libg.a(lib_a-fputwc.o)
 .comment       0x0000000000000000       0x27 /usr/local/lib64/gcc/arm-none-eabi/4.5.2/../../../../arm-none-eabi/lib/libg.a(lib_a-freer.o)
 .comment       0x0000000000000000       0x27 /usr/local/lib64/gcc/arm-none-eabi/4.5.2/../../../../arm-none-eabi/lib/libg.a(lib_a-fvwrite.o)
 .comment       0x0000000000000000       0x27 /usr/local/lib64/gcc/arm-none-eabi/4.5.2/../../../../arm-none-eabi/lib/libg.a(lib_a-fwalk.o)
 .comment       0x0000000000000000       0x27 /usr/local/lib64/gcc/arm-none-eabi/4.5.2/../../../../arm-none-eabi/lib/libg.a(lib_a-iswspace.o)
 .comment       0x0000000000000000       0x27 /usr/local/lib64/gcc/arm-none-eabi/4.5.2/../../../../arm-none-eabi/lib/libg.a(lib_a-locale.o)
 .comment       0x0000000000000000       0x27 /usr/local/lib64/gcc/arm-none-eabi/4.5.2/../../../../arm-none-eabi/lib/libg.a(lib_a-lseekr.o)
 .comment       0x0000000000000000       0x27 /usr/local/lib64/gcc/arm-none-eabi/4.5.2/../../../../arm-none-eabi/lib/libg.a(lib_a-makebuf.o)
 .comment       0x0000000000000000       0x27 /usr/local/lib64/gcc/arm-none-eabi/4.5.2/../../../../arm-none-eabi/lib/libg.a(lib_a-malloc.o)
 .comment       0x0000000000000000       0x27 /usr/local/lib64/gcc/arm-none-eabi/4.5.2/../../../../arm-none-eabi/lib/libg.a(lib_a-mallocr.o)
 .comment       0x0000000000000000       0x27 /usr/local/lib64/gcc/arm-none-eabi/4.5.2/../../../../arm-none-eabi/lib/libg.a(lib_a-mbrtowc.o)
 .comment       0x0000000000000000       0x27 /usr/local/lib64/gcc/arm-none-eabi/4.5.2/../../../../arm-none-eabi/lib/libg.a(lib_a-mbtowc_r.o)
 .comment       0x0000000000000000       0x27 /usr/local/lib64/gcc/arm-none-eabi/4.5.2/../../../../arm-none-eabi/lib/libg.a(lib_a-memchr.o)
 .comment       0x0000000000000000       0x27 /usr/local/lib64/gcc/arm-none-eabi/4.5.2/../../../../arm-none-eabi/lib/libg.a(lib_a-mlock.o)
 .comment       0x0000000000000000       0x27 /usr/local/lib64/gcc/arm-none-eabi/4.5.2/../../../../arm-none-eabi/lib/libg.a(lib_a-readr.o)
 .comment       0x0000000000000000       0x27 /usr/local/lib64/gcc/arm-none-eabi/4.5.2/../../../../arm-none-eabi/lib/libg.a(lib_a-reallocr.o)
 .comment       0x0000000000000000       0x27 /usr/local/lib64/gcc/arm-none-eabi/4.5.2/../../../../arm-none-eabi/lib/libg.a(lib_a-refill.o)
 .comment       0x0000000000000000       0x27 /usr/local/lib64/gcc/arm-none-eabi/4.5.2/../../../../arm-none-eabi/lib/libg.a(lib_a-sbrkr.o)
 .comment       0x0000000000000000       0x27 /usr/local/lib64/gcc/arm-none-eabi/4.5.2/../../../../arm-none-eabi/lib/libg.a(lib_a-sccl.o)
 .comment       0x0000000000000000       0x27 /usr/local/lib64/gcc/arm-none-eabi/4.5.2/../../../../arm-none-eabi/lib/libg.a(lib_a-signal.o)
 .comment       0x0000000000000000       0x27 /usr/local/lib64/gcc/arm-none-eabi/4.5.2/../../../../arm-none-eabi/lib/libg.a(lib_a-signalr.o)
 .comment       0x0000000000000000       0x27 /usr/local/lib64/gcc/arm-none-eabi/4.5.2/../../../../arm-none-eabi/lib/libg.a(lib_a-strcmp.o)
 .comment       0x0000000000000000       0x27 /usr/local/lib64/gcc/arm-none-eabi/4.5.2/../../../../arm-none-eabi/lib/libg.a(lib_a-strtol.o)
 .comment       0x0000000000000000       0x27 /usr/local/lib64/gcc/arm-none-eabi/4.5.2/../../../../arm-none-eabi/lib/libg.a(lib_a-strtoul.o)
 .comment       0x0000000000000000       0x27 /usr/local/lib64/gcc/arm-none-eabi/4.5.2/../../../../arm-none-eabi/lib/libg.a(lib_a-wbuf.o)
 .comment       0x0000000000000000       0x27 /usr/local/lib64/gcc/arm-none-eabi/4.5.2/../../../../arm-none-eabi/lib/libg.a(lib_a-wcrtomb.o)
 .comment       0x0000000000000000       0x27 /usr/local/lib64/gcc/arm-none-eabi/4.5.2/../../../../arm-none-eabi/lib/libg.a(lib_a-wctomb_r.o)
 .comment       0x0000000000000000       0x27 /usr/local/lib64/gcc/arm-none-eabi/4.5.2/../../../../arm-none-eabi/lib/libg.a(lib_a-fclose.o)
 .comment       0x0000000000000000       0x27 /usr/local/lib64/gcc/arm-none-eabi/4.5.2/../../../../arm-none-eabi/lib/libg.a(lib_a-fstatr.o)
 .comment       0x0000000000000000       0x27 /usr/local/lib64/gcc/arm-none-eabi/4.5.2/../../../../arm-none-eabi/lib/libg.a(lib_a-isattyr.o)
 .comment       0x0000000000000000       0x27 /usr/local/lib64/gcc/arm-none-eabi/4.5.2/thumb/v7/crtend.o

.debug_line     0x0000000000000000     0xa586
 .debug_line    0x0000000000000000       0x76 /usr/local/lib64/gcc/arm-none-eabi/4.5.2/thumb/v7/crti.o
 .debug_line    0x0000000000000076       0xa9 /usr/local/lib64/gcc/arm-none-eabi/4.5.2/../../../../arm-none-eabi/lib/crt0.o
 .debug_line    0x000000000000011f       0xda /usr/local/lib64/gcc/arm-none-eabi/4.5.2/../../../../arm-none-eabi/lib/libc.a(lib_a-atexit.o)
 .debug_line    0x00000000000001f9      0x16a /usr/local/lib64/gcc/arm-none-eabi/4.5.2/../../../../arm-none-eabi/lib/libc.a(lib_a-__atexit.o)
 .debug_line    0x0000000000000363      0x17c /usr/local/lib64/gcc/arm-none-eabi/4.5.2/../../../../arm-none-eabi/lib/libc.a(lib_a-exit.o)
 .debug_line    0x00000000000004df       0xbe /usr/local/lib64/gcc/arm-none-eabi/4.5.2/../../../../arm-none-eabi/lib/libc.a(lib_a-fini.o)
 .debug_line    0x000000000000059d      0x111 /usr/local/lib64/gcc/arm-none-eabi/4.5.2/../../../../arm-none-eabi/lib/libc.a(lib_a-impure.o)
 .debug_line    0x00000000000006ae       0xdb /usr/local/lib64/gcc/arm-none-eabi/4.5.2/../../../../arm-none-eabi/lib/libc.a(lib_a-init.o)
 .debug_line    0x0000000000000789      0x169 /usr/local/lib64/gcc/arm-none-eabi/4.5.2/../../../../arm-none-eabi/lib/libc.a(lib_a-memset.o)
 .debug_line    0x00000000000008f2      0x18e /usr/local/lib64/gcc/arm-none-eabi/4.5.2/../../../../arm-none-eabi/lib/libc.a(lib_a-__call_atexit.o)
 .debug_line    0x0000000000000a80      0x1b7 build/obj/syscalls.o
 .debug_line    0x0000000000000c37      0x3de build/obj/usb_console.o
 .debug_line    0x0000000000001015      0x155 build/obj/system.o
 .debug_line    0x000000000000116a      0x180 build/obj/uart_console.o
 .debug_line    0x00000000000012ea      0x1c0 build/obj/led.o
 .debug_line    0x00000000000014aa      0x185 build/obj/timetick.o
 .debug_line    0x000000000000162f      0x105 build/obj/startup.o
 .debug_line    0x0000000000001734      0x11c build/obj/usb_device_descriptor.o
 .debug_line    0x0000000000001850      0x23a build/obj/main.o
 .debug_line    0x0000000000001a8a      0x1f9 build/obj/input.o
 .debug_line    0x0000000000001c83      0x72d libusb/lib/libusb_sam3s_rel.a(release-USBD_HAL.o)
 .debug_line    0x00000000000023b0      0x1d4 libusb/lib/libusb_sam3s_rel.a(release-USBDescriptors.o)
 .debug_line    0x0000000000002584      0x31f libusb/lib/libusb_sam3s_rel.a(release-USBD.o)
 .debug_line    0x00000000000028a3      0x10a libusb/lib/libusb_sam3s_rel.a(release-USBDCallbacks.o)
 .debug_line    0x00000000000029ad      0x313 libusb/lib/libusb_sam3s_rel.a(release-USBDDriver.o)
 .debug_line    0x0000000000002cc0      0x1f8 libusb/lib/libusb_sam3s_rel.a(release-CDCDSerial.o)
 .debug_line    0x0000000000002eb8       0xc3 libusb/lib/libusb_sam3s_rel.a(release-USBDDriverCallbacks.o)
 .debug_line    0x0000000000002f7b      0x120 libusb/lib/libusb_sam3s_rel.a(release-CDCDSerialDriver.o)
 .debug_line    0x000000000000309b      0x1ce libusb/lib/libusb_sam3s_rel.a(release-USBRequests.o)
 .debug_line    0x0000000000003269      0x25b libusb/lib/libusb_sam3s_rel.a(release-CDCDSerialPort.o)
 .debug_line    0x00000000000034c4       0xca libusb/lib/libusb_sam3s_rel.a(release-CDCLineCoding.o)
 .debug_line    0x000000000000358e      0x285 libchip/lib/libchip_sam3s4_rel.a(release-pio_it.o)
 .debug_line    0x0000000000003813      0x2e8 libchip/lib/libchip_sam3s4_rel.a(release-exceptions.o)
 .debug_line    0x0000000000003afb      0x264 libchip/lib/libchip_sam3s4_rel.a(release-adc.o)
 .debug_line    0x0000000000003d5f      0x1bf libchip/lib/libchip_sam3s4_rel.a(release-pio.o)
 .debug_line    0x0000000000003f1e      0x154 libchip/lib/libchip_sam3s4_rel.a(release-pmc.o)
 .debug_line    0x0000000000004072      0x14e libchip/lib/libchip_sam3s4_rel.a(release-tc.o)
 .debug_line    0x00000000000041c0      0x194 libchip/lib/libchip_sam3s4_rel.a(release-pio_capture.o)
 .debug_line    0x0000000000004354      0x186 /usr/local/lib64/gcc/arm-none-eabi/4.5.2/../../../../arm-none-eabi/lib/libg.a(lib_a-assert.o)
 .debug_line    0x00000000000044da      0x1a0 /usr/local/lib64/gcc/arm-none-eabi/4.5.2/../../../../arm-none-eabi/lib/libg.a(lib_a-fiprintf.o)
 .debug_line    0x000000000000467a      0x19a /usr/local/lib64/gcc/arm-none-eabi/4.5.2/../../../../arm-none-eabi/lib/libg.a(lib_a-gets.o)
 .debug_line    0x0000000000004814      0x19f /usr/local/lib64/gcc/arm-none-eabi/4.5.2/../../../../arm-none-eabi/lib/libg.a(lib_a-iprintf.o)
 .debug_line    0x00000000000049b3      0x164 /usr/local/lib64/gcc/arm-none-eabi/4.5.2/../../../../arm-none-eabi/lib/libg.a(lib_a-memcpy.o)
 .debug_line    0x0000000000004b17      0x17a /usr/local/lib64/gcc/arm-none-eabi/4.5.2/../../../../arm-none-eabi/lib/libg.a(lib_a-memmove.o)