Archive member included because of file (symbol)

libusb/lib/libusb_sam3s_rel.a(release-USBD_HAL.o)
                              build/obj/startup.o (USBD_IrqHandler)
libusb/lib/libusb_sam3s_rel.a(release-USBDescriptors.o)
                              libusb/lib/libusb_sam3s_rel.a(release-USBD_HAL.o) (USBEndpointDescriptor_GetNumber)
libusb/lib/libusb_sam3s_rel.a(release-USBD.o)
                              libusb/lib/libusb_sam3s_rel.a(release-USBD_HAL.o) (USBD_SuspendHandler)
libusb/lib/libusb_sam3s_rel.a(release-USBDCallbacks.o)
                              libusb/lib/libusb_sam3s_rel.a(release-USBD.o) (USBDCallbacks_Reset)
libusb/lib/libusb_sam3s_rel.a(release-USBDDriver.o)
                              libusb/lib/libusb_sam3s_rel.a(release-USBDCallbacks.o) (USBD_GetDriver)
libusb/lib/libusb_sam3s_rel.a(release-CDCDSerial.o)
                              build/obj/usb_console.o (CDCDSerial_Read)
libusb/lib/libusb_sam3s_rel.a(release-USBDDriverCallbacks.o)
                              libusb/lib/libusb_sam3s_rel.a(release-USBDDriver.o) (USBDDriverCallbacks_InterfaceSettingChanged)
libusb/lib/libusb_sam3s_rel.a(release-CDCDSerialDriver.o)
                              build/obj/usb_console.o (CDCDSerialDriver_Initialize)
libusb/lib/libusb_sam3s_rel.a(release-USBRequests.o)
                              libusb/lib/libusb_sam3s_rel.a(release-USBDDriver.o) (USBGenericRequest_GetRequest)
libusb/lib/libusb_sam3s_rel.a(release-CDCDSerialPort.o)
                              libusb/lib/libusb_sam3s_rel.a(release-CDCDSerial.o) (CDCDSerialPort_Initialize)
libusb/lib/libusb_sam3s_rel.a(release-CDCLineCoding.o)
                              libusb/lib/libusb_sam3s_rel.a(release-CDCDSerialPort.o) (CDCLineCoding_Initialize)
libchip/lib/libchip_sam3s4_rel.a(release-pio_it.o)
                              build/obj/startup.o (PIOA_IrqHandler)
libchip/lib/libchip_sam3s4_rel.a(release-exceptions.o)
                              build/obj/startup.o (IrqHandlerNotUsed)
libchip/lib/libchip_sam3s4_rel.a(release-adc.o)
                              build/obj/main.o (ADC_Initialize)
libchip/lib/libchip_sam3s4_rel.a(release-pio.o)
                              build/obj/uart_console.o (PIO_Configure)
libchip/lib/libchip_sam3s4_rel.a(release-pmc.o)
                              build/obj/main.o (PMC_EnablePeripheral)
libchip/lib/libchip_sam3s4_rel.a(release-tc.o)
                              build/obj/led.o (TC_Configure)
libchip/lib/libchip_sam3s4_rel.a(release-pwmc.o)
                              build/obj/main.o (PWMC_ConfigureChannelExt)
libchip/lib/libchip_sam3s4_rel.a(release-pio_capture.o)
                              libchip/lib/libchip_sam3s4_rel.a(release-pio_it.o) (PIO_CaptureHandler)
/usr/local/Sourcery/bin/../lib/gcc/arm-none-eabi/4.6.1/../../../../arm-none-eabi/lib/thumb2/libc.a(lib_a-assert.o)
                              build/obj/led.o (__assert_func)
/usr/local/Sourcery/bin/../lib/gcc/arm-none-eabi/4.6.1/../../../../arm-none-eabi/lib/thumb2/libc.a(lib_a-fiprintf.o)
                              build/obj/usb_console.o (fiprintf)
/usr/local/Sourcery/bin/../lib/gcc/arm-none-eabi/4.6.1/../../../../arm-none-eabi/lib/thumb2/libc.a(lib_a-gets.o)
                              build/obj/main.o (gets)
/usr/local/Sourcery/bin/../lib/gcc/arm-none-eabi/4.6.1/../../../../arm-none-eabi/lib/thumb2/libc.a(lib_a-impure.o)
                              build/obj/usb_console.o (_impure_ptr)
/usr/local/Sourcery/bin/../lib/gcc/arm-none-eabi/4.6.1/../../../../arm-none-eabi/lib/thumb2/libc.a(lib_a-iprintf.o)
                              build/obj/syscalls.o (iprintf)
/usr/local/Sourcery/bin/../lib/gcc/arm-none-eabi/4.6.1/../../../../arm-none-eabi/lib/thumb2/libc.a(lib_a-memcpy.o)
                              build/obj/usb_console.o (memcpy)
/usr/local/Sourcery/bin/../lib/gcc/arm-none-eabi/4.6.1/../../../../arm-none-eabi/lib/thumb2/libc.a(lib_a-memmove.o)
                              build/obj/usb_console.o (memmove)
/usr/local/Sourcery/bin/../lib/gcc/arm-none-eabi/4.6.1/../../../../arm-none-eabi/lib/thumb2/libc.a(lib_a-puts.o)
                              build/obj/main.o (puts)
/usr/local/Sourcery/bin/../lib/gcc/arm-none-eabi/4.6.1/../../../../arm-none-eabi/lib/thumb2/libc.a(lib_a-reent.o)
                              build/obj/syscalls.o (errno)
/usr/local/Sourcery/bin/../lib/gcc/arm-none-eabi/4.6.1/../../../../arm-none-eabi/lib/thumb2/libc.a(lib_a-rget.o)
                              /usr/local/Sourcery/bin/../lib/gcc/arm-none-eabi/4.6.1/../../../../arm-none-eabi/lib/thumb2/libc.a(lib_a-gets.o) (__srget_r)
/usr/local/Sourcery/bin/../lib/gcc/arm-none-eabi/4.6.1/../../../../arm-none-eabi/lib/thumb2/libc.a(lib_a-setbuf.o)
                              build/obj/main.o (setbuf)
/usr/local/Sourcery/bin/../lib/gcc/arm-none-eabi/4.6.1/../../../../arm-none-eabi/lib/thumb2/libc.a(lib_a-setvbuf.o)
[...]
Memory Configuration

Name             Origin             Length             Attributes
rom              0x00400000         0x00040000         xr
ram              0x20000000         0x0000c000         xrw
*default*        0x00000000         0xffffffff

Linker script and memory map

LOAD /usr/local/Sourcery/bin/../lib/gcc/arm-none-eabi/4.6.1/thumb2/crti.o
LOAD /usr/local/Sourcery/bin/../lib/gcc/arm-none-eabi/4.6.1/thumb2/crtbegin.o
START GROUP
LOAD /usr/local/Sourcery/bin/../lib/gcc/arm-none-eabi/4.6.1/thumb2/libgcc.a
LOAD /usr/local/Sourcery/bin/../lib/gcc/arm-none-eabi/4.6.1/../../../../arm-none-eabi/lib/thumb2/libc.a
END GROUP
LOAD build/obj/syscalls.o
LOAD build/obj/system.o
LOAD build/obj/uart_console.o
LOAD build/obj/usb_console.o
LOAD build/obj/led.o
LOAD build/obj/timetick.o
LOAD build/obj/startup.o
LOAD build/obj/usb_device_descriptor.o
LOAD build/obj/main.o
LOAD build/obj/controller.o
LOAD libusb/lib/libusb_sam3s_rel.a
LOAD libchip/lib/libchip_sam3s4_rel.a
START GROUP
LOAD /usr/local/Sourcery/bin/../lib/gcc/arm-none-eabi/4.6.1/thumb2/libgcc.a
LOAD /usr/local/Sourcery/bin/../lib/gcc/arm-none-eabi/4.6.1/../../../../arm-none-eabi/lib/thumb2/libc.a
END GROUP
LOAD /usr/local/Sourcery/bin/../lib/gcc/arm-none-eabi/4.6.1/thumb2/crtend.o
LOAD /usr/local/Sourcery/bin/../lib/gcc/arm-none-eabi/4.6.1/thumb2/crtn.o

.text           0x00400000     0xa420
                0x00400000                . = ALIGN (0x4)
                0x00400000                _sfixed = .
 *(.vectors .vectors.*)
 .vectors       0x00400000       0xd0 build/obj/startup.o
                0x00400000                exception_table
 *(.text .text.* .gnu.linkonce.t.*)
 .text          0x004000d0       0x68 /usr/local/Sourcery/bin/../lib/gcc/arm-none-eabi/4.6.1/thumb2/crtbegin.o
 .text._read    0x00400138       0x54 build/obj/syscalls.o
                0x00400138                _read
 .text._write   0x0040018c       0x54 build/obj/syscalls.o
                0x0040018c                _write
 .text._sbrk    0x004001e0       0x5c build/obj/syscalls.o
                0x004001e0                _sbrk
 .text._isatty  0x0040023c       0x28 build/obj/syscalls.o
                0x0040023c                _isatty
 .text._exit    0x00400264       0x18 build/obj/syscalls.o
                0x00400264                _exit
 .text._lseek   0x0040027c       0x1c build/obj/syscalls.o
                0x0040027c                _lseek
 .text._kill    0x00400298       0x28 build/obj/syscalls.o
                0x00400298                _kill
 .text._getpid  0x004002c0       0x10 build/obj/syscalls.o
                0x004002c0                _getpid
 .text._close   0x004002d0       0x18 build/obj/syscalls.o
                0x004002d0                _close
 .text._fstat   0x004002e8       0x24 build/obj/syscalls.o
                0x004002e8                _fstat
 .text.SystemCoreClockUpdate
                0x0040030c       0x1c build/obj/system.o
                0x0040030c                SystemCoreClockUpdate
 .text.SystemInit
                0x00400328      0x1dc build/obj/system.o
                0x00400328                SystemInit
 .text.UART_Configure
                0x00400504       0x8c build/obj/uart_console.o
                0x00400504                UART_Configure
 .text.UART_Put
                0x00400590       0x78 build/obj/uart_console.o
                0x00400590                UART_Put
 .text.UART_Get
                0x00400608       0x70 build/obj/uart_console.o
                0x00400608                UART_Get
 .text.UART_Puts
                0x00400678       0x50 build/obj/uart_console.o
                0x00400678                UART_Puts
 .text.UART_Gets
                0x004006c8       0x54 build/obj/uart_console.o
                0x004006c8                UART_Gets
 .text.CDCDSerialDriver_Write
                0x0040071c       0x28 build/obj/usb_console.o
 .text.CDCDSerialDriver_Read
                0x00400744       0x28 build/obj/usb_console.o
 .text.NVIC_EnableIRQ
                0x0040076c       0x38 build/obj/usb_console.o
 .text.ISR_Vbus
                0x004007a4       0x60 build/obj/usb_console.o
 .text.VBus_Configure
                0x00400804       0x54 build/obj/usb_console.o
 .text.ConfigureUsbClock
                0x00400858       0x40 build/obj/usb_console.o
 .text.USBDCallbacks_Initialized
                0x00400898       0x10 build/obj/usb_console.o
                0x00400898                USBDCallbacks_Initialized
 .text.USBDDriverCallbacks_ConfigurationChanged
                0x004008a8       0x1c build/obj/usb_console.o
                0x004008a8                USBDDriverCallbacks_ConfigurationChanged
 .text.USBDCallbacks_RequestReceived
                0x004008c4       0x18 build/obj/usb_console.o
                0x004008c4                USBDCallbacks_RequestReceived
 .text.UsbWriteDone
                0x004008dc       0x48 build/obj/usb_console.o
 .text.UsbReadDone
                0x00400924       0x48 build/obj/usb_console.o
 .text.USBC_isConfigured
                0x0040096c       0x68 build/obj/usb_console.o
                0x0040096c                USBC_isConfigured
 .text.USBC_hasData
                0x004009d4       0x20 build/obj/usb_console.o
                0x004009d4                USBC_hasData
 .text.USBC_Configure
                0x004009f4       0x3c build/obj/usb_console.o
                0x004009f4                USBC_Configure
 .text.USBC_StartListening
                0x00400a30       0x50 build/obj/usb_console.o
                0x00400a30                USBC_StartListening
 .text.USBC_Gets
                0x00400a80      0x100 build/obj/usb_console.o
                0x00400a80                USBC_Gets
 .text.USBC_Puts
                0x00400b80       0xb8 build/obj/usb_console.o
                0x00400b80                USBC_Puts
 .text.NVIC_EnableIRQ
                0x00400c38       0x38 build/obj/led.o
 .text.TC0_IrqHandler
                0x00400c70       0x90 build/obj/led.o
                0x00400c70                TC0_IrqHandler
 .text.configure
                0x00400d00       0xa0 build/obj/led.o
 .text.LEDs_configure
                0x00400da0       0x18 build/obj/led.o
                0x00400da0                LEDs_configure
 .text.LED_tgl  0x00400db8       0x90 build/obj/led.o
                0x00400db8                LED_tgl
 .text.LED_clr  0x00400e48       0x7c build/obj/led.o
                0x00400e48                LED_clr
 .text.LED_blink
                0x00400ec4       0x6c build/obj/led.o
                0x00400ec4                LED_blink
 .text.NVIC_SetPriority
                0x00400f30       0x5c build/obj/timetick.o
 .text.SysTick_Config
                0x00400f8c       0x64 build/obj/timetick.o
 .text.SysTick_Handler
                0x00400ff0       0x24 build/obj/timetick.o
                0x00400ff0                SysTick_Handler
 .text.TimeTick_Configure
                0x00401014       0x3c build/obj/timetick.o
                0x00401014                TimeTick_Configure
 .text.GetTickCount
                0x00401050       0x18 build/obj/timetick.o
                0x00401050                GetTickCount
 .text.ResetException
                0x00401068       0xd0 build/obj/startup.o
                0x00401068                ResetException
 .text.NVIC_EnableIRQ
                0x00401138       0x38 build/obj/main.o
 .text.NVIC_SetPriority
                0x00401170       0x5c build/obj/main.o
 .text.init     0x004011cc      0x24c build/obj/main.o
 .text.state    0x00401418      0x1ac build/obj/main.o
                0x00401418                state
 .text.main     0x004015c4      0x648 build/obj/main.o
                0x004015c4                main
 .text.TC1_IrqHandler
                0x00401c0c       0x2c build/obj/main.o
                0x00401c0c                TC1_IrqHandler
 .text.ADC_IrqHandler
                0x00401c38      0x144 build/obj/main.o
                0x00401c38                ADC_IrqHandler
 .text.pid      0x00401d7c       0xc4 build/obj/controller.o
 .text.update   0x00401e40       0x90 build/obj/controller.o
 .text.mode     0x00401ed0       0xd0 build/obj/controller.o
                0x00401ed0                mode
 .text.control  0x00401fa0       0x9c build/obj/controller.o
                0x00401fa0                control
 .text.tristate
                0x0040203c       0x7c build/obj/controller.o
                0x0040203c                tristate
 .text.tris     0x004020b8       0x98 build/obj/controller.o
                0x004020b8                tris
 .text.UDP_EndOfTransfer
                0x00402150       0x70 libusb/lib/libusb_sam3s_rel.a(release-USBD_HAL.o)
 .text.UDP_ClearRxFlag
                0x004021c0       0x80 libusb/lib/libusb_sam3s_rel.a(release-USBD_HAL.o)
 .text.UDP_WritePayload
                0x00402240       0x44 libusb/lib/libusb_sam3s_rel.a(release-USBD_HAL.o)
 .text.UDP_EnablePeripheralClock
                0x00402284       0x20 libusb/lib/libusb_sam3s_rel.a(release-USBD_HAL.o)
 .text.UDP_MblWriteFifo
                0x004022a4      0x128 libusb/lib/libusb_sam3s_rel.a(release-USBD_HAL.o)
 .text.USBD_IrqHandler
                0x004023cc      0x5f8 libusb/lib/libusb_sam3s_rel.a(release-USBD_HAL.o)
                0x004023cc                USBD_IrqHandler
 .text.USBD_HAL_ResetEPs
                0x004029c4       0xc0 libusb/lib/libusb_sam3s_rel.a(release-USBD_HAL.o)
                0x004029c4                USBD_HAL_ResetEPs
 .text.USBD_HAL_CancelIo
                0x00402a84       0x54 libusb/lib/libusb_sam3s_rel.a(release-USBD_HAL.o)
                0x00402a84                USBD_HAL_CancelIo
 .text.USBD_HAL_ConfigureEP
                0x00402ad8       0xf0 libusb/lib/libusb_sam3s_rel.a(release-USBD_HAL.o)
                0x00402ad8                USBD_HAL_ConfigureEP
 .text.USBD_HAL_SetTransferCallback
                0x00402bc8       0x20 libusb/lib/libusb_sam3s_rel.a(release-USBD_HAL.o)
                0x00402bc8                USBD_HAL_SetTransferCallback
 .text.USBD_HAL_Write
                0x00402be8      0x188 libusb/lib/libusb_sam3s_rel.a(release-USBD_HAL.o)
                0x00402be8                USBD_HAL_Write
 .text.USBD_HAL_Read
                0x00402d70       0x40 libusb/lib/libusb_sam3s_rel.a(release-USBD_HAL.o)
                0x00402d70                USBD_HAL_Read
 .text.USBD_HAL_Connect
                0x00402db0       0x28 libusb/lib/libusb_sam3s_rel.a(release-USBD_HAL.o)
                0x00402db0                USBD_HAL_Connect
 .text.USBD_HAL_Disconnect
                0x00402dd8       0x28 libusb/lib/libusb_sam3s_rel.a(release-USBD_HAL.o)
                0x00402dd8                USBD_HAL_Disconnect
 .text.USBD_HAL_SetAddress
                0x00402e00       0x1c libusb/lib/libusb_sam3s_rel.a(release-USBD_HAL.o)
                0x00402e00                USBD_HAL_SetAddress
 .text.USBD_HAL_SetConfiguration
                0x00402e1c       0x18 libusb/lib/libusb_sam3s_rel.a(release-USBD_HAL.o)
                0x00402e1c                USBD_HAL_SetConfiguration
 .text.USBD_HAL_Init
                0x00402e34       0x40 libusb/lib/libusb_sam3s_rel.a(release-USBD_HAL.o)
                0x00402e34                USBD_HAL_Init
 .text.USBD_HAL_Stall
                0x00402e74       0x60 libusb/lib/libusb_sam3s_rel.a(release-USBD_HAL.o)
                0x00402e74                USBD_HAL_Stall
 .text.USBD_HAL_Halt
                0x00402ed4       0xc4 libusb/lib/libusb_sam3s_rel.a(release-USBD_HAL.o)
                0x00402ed4                USBD_HAL_Halt
 .text.USBD_HAL_IsHighSpeed
                0x00402f98        0x4 libusb/lib/libusb_sam3s_rel.a(release-USBD_HAL.o)
                0x00402f98                USBD_HAL_IsHighSpeed
 .text.USBD_HAL_Suspend
                0x00402f9c       0x28 libusb/lib/libusb_sam3s_rel.a(release-USBD_HAL.o)
                0x00402f9c                USBD_HAL_Suspend
 .text.USBD_HAL_Activate
                0x00402fc4       0x24 libusb/lib/libusb_sam3s_rel.a(release-USBD_HAL.o)
                0x00402fc4                USBD_HAL_Activate
 .text.USBGenericDescriptor_GetLength
                0x00402fe8        0x4 libusb/lib/libusb_sam3s_rel.a(release-USBDescriptors.o)
                0x00402fe8                USBGenericDescriptor_GetLength
 .text.USBGenericDescriptor_GetType
                0x00402fec        0x4 libusb/lib/libusb_sam3s_rel.a(release-USBDescriptors.o)
                0x00402fec                USBGenericDescriptor_GetType
 .text.USBGenericDescriptor_GetNextDescriptor
                0x00402ff0       0x10 libusb/lib/libusb_sam3s_rel.a(release-USBDescriptors.o)
                0x00402ff0                USBGenericDescriptor_GetNextDescriptor
 .text.USBGenericDescriptor_Parse
                0x00403000       0x4c libusb/lib/libusb_sam3s_rel.a(release-USBDescriptors.o)
                0x00403000                USBGenericDescriptor_Parse
 .text.USBEndpointDescriptor_GetNumber
                0x0040304c        0x8 libusb/lib/libusb_sam3s_rel.a(release-USBDescriptors.o)
                0x0040304c                USBEndpointDescriptor_GetNumber
 .text.USBEndpointDescriptor_GetDirection
                0x00403054        0x6 libusb/lib/libusb_sam3s_rel.a(release-USBDescriptors.o)
                0x00403054                USBEndpointDescriptor_GetDirection
 .text.USBEndpointDescriptor_GetType
                0x0040305a        0x8 libusb/lib/libusb_sam3s_rel.a(release-USBDescriptors.o)
                0x0040305a                USBEndpointDescriptor_GetType
 .text.USBEndpointDescriptor_GetMaxPacketSize
                0x00403062        0x4 libusb/lib/libusb_sam3s_rel.a(release-USBDescriptors.o)
                0x00403062                USBEndpointDescriptor_GetMaxPacketSize
 .text.USBConfigurationDescriptor_GetTotalLength
                0x00403066        0x4 libusb/lib/libusb_sam3s_rel.a(release-USBDescriptors.o)
                0x00403066                USBConfigurationDescriptor_GetTotalLength
 .text.USBConfigurationDescriptor_IsSelfPowered
                0x0040306a        0x8 libusb/lib/libusb_sam3s_rel.a(release-USBDescriptors.o)
                0x0040306a                USBConfigurationDescriptor_IsSelfPowered
 *fill*         0x00403072        0x2 00
 .text.USBConfigurationDescriptor_Parse
                0x00403074       0x78 libusb/lib/libusb_sam3s_rel.a(release-USBDescriptors.o)
                0x00403074                USBConfigurationDescriptor_Parse
 .text.USBD_SuspendHandler
                0x004030ec       0x24 libusb/lib/libusb_sam3s_rel.a(release-USBD.o)
                0x004030ec                USBD_SuspendHandler
 .text.USBD_ResumeHandler
                0x00403110       0x28 libusb/lib/libusb_sam3s_rel.a(release-USBD.o)
                0x00403110                USBD_ResumeHandler
 .text.USBD_RequestHandler
                0x00403138       0x2c libusb/lib/libusb_sam3s_rel.a(release-USBD.o)
                0x00403138                USBD_RequestHandler
 .text.USBD_ConfigureEndpoint
                0x00403164        0xc libusb/lib/libusb_sam3s_rel.a(release-USBD.o)
                0x00403164                USBD_ConfigureEndpoint
 .text.USBD_ResetHandler
                0x00403170       0x38 libusb/lib/libusb_sam3s_rel.a(release-USBD.o)
                0x00403170                USBD_ResetHandler
 .text.USBD_Write
                0x004031a8       0x24 libusb/lib/libusb_sam3s_rel.a(release-USBD.o)
                0x004031a8                USBD_Write
 .text.USBD_Read
                0x004031cc       0x24 libusb/lib/libusb_sam3s_rel.a(release-USBD.o)
                0x004031cc                USBD_Read
 .text.USBD_Halt
                0x004031f0       0x10 libusb/lib/libusb_sam3s_rel.a(release-USBD.o)
                0x004031f0                USBD_Halt
 .text.USBD_Unhalt
                0x00403200       0x10 libusb/lib/libusb_sam3s_rel.a(release-USBD.o)
                0x00403200                USBD_Unhalt
 .text.USBD_IsHighSpeed
                0x00403210        0xc libusb/lib/libusb_sam3s_rel.a(release-USBD.o)
                0x00403210                USBD_IsHighSpeed
 .text.USBD_Stall
                0x0040321c        0xc libusb/lib/libusb_sam3s_rel.a(release-USBD.o)
                0x0040321c                USBD_Stall
 .text.USBD_SetAddress
                0x00403228       0x20 libusb/lib/libusb_sam3s_rel.a(release-USBD.o)
                0x00403228                USBD_SetAddress
 .text.USBD_SetConfiguration
                0x00403248       0x30 libusb/lib/libusb_sam3s_rel.a(release-USBD.o)
                0x00403248                USBD_SetConfiguration
 .text.USBD_Connect
                0x00403278        0xc libusb/lib/libusb_sam3s_rel.a(release-USBD.o)
                0x00403278                USBD_Connect
 .text.USBD_Disconnect
                0x00403284       0x28 libusb/lib/libusb_sam3s_rel.a(release-USBD.o)
                0x00403284                USBD_Disconnect
 .text.USBD_Init
                0x004032ac       0x24 libusb/lib/libusb_sam3s_rel.a(release-USBD.o)
                0x004032ac                USBD_Init
 .text.USBD_GetState
                0x004032d0        0xc libusb/lib/libusb_sam3s_rel.a(release-USBD.o)
                0x004032d0                USBD_GetState
 .text.USBDCallbacks_Reset
                0x004032dc        0x2 libusb/lib/libusb_sam3s_rel.a(release-USBDCallbacks.o)
                0x004032dc                USBDCallbacks_Reset
 .text.USBDCallbacks_Suspended
                0x004032de        0x2 libusb/lib/libusb_sam3s_rel.a(release-USBDCallbacks.o)
                0x004032de                USBDCallbacks_Suspended
 .text.USBDCallbacks_Resumed
                0x004032e0        0x2 libusb/lib/libusb_sam3s_rel.a(release-USBDCallbacks.o)
                0x004032e0                USBDCallbacks_Resumed
 *fill*         0x004032e2        0x2 00
 .text.TerminateCtrlInWithNull
                0x004032e4       0x18 libusb/lib/libusb_sam3s_rel.a(release-USBDDriver.o)
 .text.USBD_GetDriver
                0x004032fc        0x8 libusb/lib/libusb_sam3s_rel.a(release-USBDDriver.o)
                0x004032fc                USBD_GetDriver
 .text.USBDDriver_Initialize
                0x00403304        0xc libusb/lib/libusb_sam3s_rel.a(release-USBDDriver.o)
                0x00403304                USBDDriver_Initialize
 .text.USBDDriver_GetCfgDescriptors
                0x00403310       0x18 libusb/lib/libusb_sam3s_rel.a(release-USBDDriver.o)
                0x00403310                USBDDriver_GetCfgDescriptors
 .text.USBDDriver_RequestHandler
                0x00403328      0x3f0 libusb/lib/libusb_sam3s_rel.a(release-USBDDriver.o)
                0x00403328                USBDDriver_RequestHandler
 .text.CDCDSerial_Initialize
                0x00403718       0x24 libusb/lib/libusb_sam3s_rel.a(release-CDCDSerial.o)
                0x00403718                CDCDSerial_Initialize
 .text.CDCDSerial_ConfigureFunction
                0x0040373c       0x18 libusb/lib/libusb_sam3s_rel.a(release-CDCDSerial.o)
                0x0040373c                CDCDSerial_ConfigureFunction
 .text.CDCDSerial_RequestHandler
                0x00403754       0x14 libusb/lib/libusb_sam3s_rel.a(release-CDCDSerial.o)
                0x00403754                CDCDSerial_RequestHandler
 .text.CDCDSerial_Read
                0x00403768       0x20 libusb/lib/libusb_sam3s_rel.a(release-CDCDSerial.o)
                0x00403768                CDCDSerial_Read
 .text.CDCDSerial_Write
                0x00403788       0x20 libusb/lib/libusb_sam3s_rel.a(release-CDCDSerial.o)
                0x00403788                CDCDSerial_Write
 .text.CDCDSerial_LineCodingIsToChange
                0x004037a8        0x4 libusb/lib/libusb_sam3s_rel.a(release-CDCDSerial.o)
                0x004037a8                CDCDSerial_LineCodingIsToChange
 .text.CDCDSerial_ControlLineStateChanged
                0x004037ac        0x2 libusb/lib/libusb_sam3s_rel.a(release-CDCDSerial.o)
                0x004037ac                CDCDSerial_ControlLineStateChanged
 *fill*         0x004037ae        0x2 00
 .text.CDCDSerial_EventHandler
                0x004037b0       0x34 libusb/lib/libusb_sam3s_rel.a(release-CDCDSerial.o)
 .text.USBDDriverCallbacks_InterfaceSettingChanged
                0x004037e4        0x2 libusb/lib/libusb_sam3s_rel.a(release-USBDDriverCallbacks.o)
                0x004037e4                USBDDriverCallbacks_InterfaceSettingChanged
 *fill*         0x004037e6        0x2 00
 .text.CDCDSerialDriver_Initialize
                0x004037e8       0x30 libusb/lib/libusb_sam3s_rel.a(release-CDCDSerialDriver.o)
                0x004037e8                CDCDSerialDriver_Initialize
 .text.CDCDSerialDriver_ConfigurationChangedHandler
                0x00403818       0x24 libusb/lib/libusb_sam3s_rel.a(release-CDCDSerialDriver.o)
                0x00403818                CDCDSerialDriver_ConfigurationChangedHandler
 .text.CDCDSerialDriver_RequestHandler
                0x0040383c       0x28 libusb/lib/libusb_sam3s_rel.a(release-CDCDSerialDriver.o)
                0x0040383c                CDCDSerialDriver_RequestHandler
 .text.USBGenericRequest_GetType
                0x00403864        0xa libusb/lib/libusb_sam3s_rel.a(release-USBRequests.o)
                0x00403864                USBGenericRequest_GetType
 .text.USBGenericRequest_GetRequest
                0x0040386e        0x4 libusb/lib/libusb_sam3s_rel.a(release-USBRequests.o)
                0x0040386e                USBGenericRequest_GetRequest
 .text.USBGenericRequest_GetValue
                0x00403872        0x4 libusb/lib/libusb_sam3s_rel.a(release-USBRequests.o)
                0x00403872                USBGenericRequest_GetValue
 .text.USBGenericRequest_GetIndex
                0x00403876        0x4 libusb/lib/libusb_sam3s_rel.a(release-USBRequests.o)
                0x00403876                USBGenericRequest_GetIndex
 .text.USBGenericRequest_GetLength
                0x0040387a        0x4 libusb/lib/libusb_sam3s_rel.a(release-USBRequests.o)
                0x0040387a                USBGenericRequest_GetLength
 *fill*         0x0040387e        0x2 00
 .text.USBGenericRequest_GetEndpointNumber
                0x00403880       0x10 libusb/lib/libusb_sam3s_rel.a(release-USBRequests.o)
                0x00403880                USBGenericRequest_GetEndpointNumber
 .text.USBGenericRequest_GetRecipient
                0x00403890        0x8 libusb/lib/libusb_sam3s_rel.a(release-USBRequests.o)
                0x00403890                USBGenericRequest_GetRecipient
 .text.USBGenericRequest_GetDirection
                0x00403898        0x6 libusb/lib/libusb_sam3s_rel.a(release-USBRequests.o)
                0x00403898                USBGenericRequest_GetDirection
 *fill*         0x0040389e        0x2 00
 .text.USBGetDescriptorRequest_GetDescriptorType
                0x004038a0       0x10 libusb/lib/libusb_sam3s_rel.a(release-USBRequests.o)
                0x004038a0                USBGetDescriptorRequest_GetDescriptorType
 .text.USBGetDescriptorRequest_GetDescriptorIndex
                0x004038b0       0x10 libusb/lib/libusb_sam3s_rel.a(release-USBRequests.o)
                0x004038b0                USBGetDescriptorRequest_GetDescriptorIndex
 .text.USBSetAddressRequest_GetAddress
                0x004038c0       0x10 libusb/lib/libusb_sam3s_rel.a(release-USBRequests.o)
                0x004038c0                USBSetAddressRequest_GetAddress
 .text.USBSetConfigurationRequest_GetConfiguration
                0x004038d0       0x10 libusb/lib/libusb_sam3s_rel.a(release-USBRequests.o)
                0x004038d0                USBSetConfigurationRequest_GetConfiguration
 .text.USBInterfaceRequest_GetInterface
                0x004038e0       0x10 libusb/lib/libusb_sam3s_rel.a(release-USBRequests.o)
                0x004038e0                USBInterfaceRequest_GetInterface
 .text.USBInterfaceRequest_GetAlternateSetting
                0x004038f0       0x10 libusb/lib/libusb_sam3s_rel.a(release-USBRequests.o)
                0x004038f0                USBInterfaceRequest_GetAlternateSetting
 .text.USBFeatureRequest_GetFeatureSelector
                0x00403900       0x10 libusb/lib/libusb_sam3s_rel.a(release-USBRequests.o)
                0x00403900                USBFeatureRequest_GetFeatureSelector
 .text._Interfaces_Parse
                0x00403910       0xa6 libusb/lib/libusb_sam3s_rel.a(release-CDCDSerialPort.o)
 *fill*         0x004039b6        0x2 00
 .text._SetLineCodingCallback
                0x004039b8       0x48 libusb/lib/libusb_sam3s_rel.a(release-CDCDSerialPort.o)
 .text.CDCDSerialPort_Initialize
                0x00403a00       0x34 libusb/lib/libusb_sam3s_rel.a(release-CDCDSerialPort.o)
                0x00403a00                CDCDSerialPort_Initialize
 .text.CDCDSerialPort_ParseInterfaces
                0x00403a34       0x20 libusb/lib/libusb_sam3s_rel.a(release-CDCDSerialPort.o)
                0x00403a34                CDCDSerialPort_ParseInterfaces
 .text.CDCDSerialPort_RequestHandler
                0x00403a54       0x9c libusb/lib/libusb_sam3s_rel.a(release-CDCDSerialPort.o)
                0x00403a54                CDCDSerialPort_RequestHandler
 .text.CDCDSerialPort_Read
                0x00403af0       0x18 libusb/lib/libusb_sam3s_rel.a(release-CDCDSerialPort.o)
                0x00403af0                CDCDSerialPort_Read
 .text.CDCDSerialPort_Write
                0x00403b08       0x18 libusb/lib/libusb_sam3s_rel.a(release-CDCDSerialPort.o)
                0x00403b08                CDCDSerialPort_Write
 .text.CDCLineCoding_Initialize
                0x00403b20        0xe libusb/lib/libusb_sam3s_rel.a(release-CDCLineCoding.o)
                0x00403b20                CDCLineCoding_Initialize
 *fill*         0x00403b2e        0x2 00
 .text.NVIC_SetPriority
                0x00403b30       0x28 libchip/lib/libchip_sam3s4_rel.a(release-pio_it.o)
 .text.PioInterruptHandler
                0x00403b58       0x6c libchip/lib/libchip_sam3s4_rel.a(release-pio_it.o)
                0x00403b58                PioInterruptHandler
 .text.PIOA_IrqHandler
                0x00403bc4       0x24 libchip/lib/libchip_sam3s4_rel.a(release-pio_it.o)
                0x00403bc4                PIOA_IrqHandler
 .text.PIOB_IrqHandler
                0x00403be8       0x14 libchip/lib/libchip_sam3s4_rel.a(release-pio_it.o)
                0x00403be8                PIOB_IrqHandler
 .text.PIOC_IrqHandler
                0x00403bfc       0x14 libchip/lib/libchip_sam3s4_rel.a(release-pio_it.o)
                0x00403bfc                PIOC_IrqHandler
 .text.PIO_InitializeInterrupts
                0x00403c10       0x98 libchip/lib/libchip_sam3s4_rel.a(release-pio_it.o)
                0x00403c10                PIO_InitializeInterrupts
 .text.PIO_ConfigureIt
                0x00403ca8       0x84 libchip/lib/libchip_sam3s4_rel.a(release-pio_it.o)
                0x00403ca8                PIO_ConfigureIt
 .text.PIO_EnableIt
                0x00403d2c       0x70 libchip/lib/libchip_sam3s4_rel.a(release-pio_it.o)
                0x00403d2c                PIO_EnableIt
 .text.IrqHandlerNotUsed
                0x00403d9c        0x2 libchip/lib/libchip_sam3s4_rel.a(release-exceptions.o)
                0x00403d9c                IrqHandlerNotUsed
 .text.NMI_Handler
                0x00403d9e        0x2 libchip/lib/libchip_sam3s4_rel.a(release-exceptions.o)
                0x00403d9e                NMI_Handler
 .text.HardFault_Handler
                0x00403da0        0x2 libchip/lib/libchip_sam3s4_rel.a(release-exceptions.o)
                0x00403da0                HardFault_Handler
 .text.MemManage_Handler
                0x00403da2        0x2 libchip/lib/libchip_sam3s4_rel.a(release-exceptions.o)
                0x00403da2                MemManage_Handler
 .text.BusFault_Handler
                0x00403da4        0x2 libchip/lib/libchip_sam3s4_rel.a(release-exceptions.o)
                0x00403da4                BusFault_Handler
 .text.UsageFault_Handler
                0x00403da6        0x2 libchip/lib/libchip_sam3s4_rel.a(release-exceptions.o)
                0x00403da6                UsageFault_Handler
 .text.SVC_Handler
                0x00403da8        0x2 libchip/lib/libchip_sam3s4_rel.a(release-exceptions.o)
                0x00403da8                SVC_Handler
 .text.DebugMon_Handler
                0x00403daa        0x2 libchip/lib/libchip_sam3s4_rel.a(release-exceptions.o)
                0x00403daa                DebugMon_Handler
 .text.PendSV_Handler
                0x00403dac        0x2 libchip/lib/libchip_sam3s4_rel.a(release-exceptions.o)
                0x00403dac                PendSV_Handler
 .text.SUPC_IrqHandler
                0x00403dae        0x2 libchip/lib/libchip_sam3s4_rel.a(release-exceptions.o)
                0x00403dae                SUPC_IrqHandler
 .text.RSTC_IrqHandler
                0x00403db0        0x2 libchip/lib/libchip_sam3s4_rel.a(release-exceptions.o)
                0x00403db0                RSTC_IrqHandler
 .text.RTC_IrqHandler
                0x00403db2        0x2 libchip/lib/libchip_sam3s4_rel.a(release-exceptions.o)
                0x00403db2                RTC_IrqHandler
 .text.RTT_IrqHandler
                0x00403db4        0x2 libchip/lib/libchip_sam3s4_rel.a(release-exceptions.o)
                0x00403db4                RTT_IrqHandler
 .text.WDT_IrqHandler
                0x00403db6        0x2 libchip/lib/libchip_sam3s4_rel.a(release-exceptions.o)
                0x00403db6                WDT_IrqHandler
 .text.PMC_IrqHandler
                0x00403db8        0x2 libchip/lib/libchip_sam3s4_rel.a(release-exceptions.o)
                0x00403db8                PMC_IrqHandler
 .text.EEFC_IrqHandler
                0x00403dba        0x2 libchip/lib/libchip_sam3s4_rel.a(release-exceptions.o)
                0x00403dba                EEFC_IrqHandler
 .text.UART0_IrqHandler
                0x00403dbc        0x2 libchip/lib/libchip_sam3s4_rel.a(release-exceptions.o)
                0x00403dbc                UART0_IrqHandler
 .text.UART1_IrqHandler
                0x00403dbe        0x2 libchip/lib/libchip_sam3s4_rel.a(release-exceptions.o)
                0x00403dbe                UART1_IrqHandler
 .text.SMC_IrqHandler
                0x00403dc0        0x2 libchip/lib/libchip_sam3s4_rel.a(release-exceptions.o)
                0x00403dc0                SMC_IrqHandler
 .text.USART0_IrqHandler
                0x00403dc2        0x2 libchip/lib/libchip_sam3s4_rel.a(release-exceptions.o)
                0x00403dc2                USART0_IrqHandler
 .text.USART1_IrqHandler
                0x00403dc4        0x2 libchip/lib/libchip_sam3s4_rel.a(release-exceptions.o)
                0x00403dc4                USART1_IrqHandler
 .text.MCI_IrqHandler
                0x00403dc6        0x2 libchip/lib/libchip_sam3s4_rel.a(release-exceptions.o)
                0x00403dc6                MCI_IrqHandler
 .text.TWI0_IrqHandler
                0x00403dc8        0x2 libchip/lib/libchip_sam3s4_rel.a(release-exceptions.o)
                0x00403dc8                TWI0_IrqHandler
 .text.TWI1_IrqHandler
                0x00403dca        0x2 libchip/lib/libchip_sam3s4_rel.a(release-exceptions.o)
                0x00403dca                TWI1_IrqHandler
 .text.SPI_IrqHandler
                0x00403dcc        0x2 libchip/lib/libchip_sam3s4_rel.a(release-exceptions.o)
                0x00403dcc                SPI_IrqHandler
 .text.SSC_IrqHandler
                0x00403dce        0x2 libchip/lib/libchip_sam3s4_rel.a(release-exceptions.o)
                0x00403dce                SSC_IrqHandler
 .text.TC2_IrqHandler
                0x00403dd0        0x2 libchip/lib/libchip_sam3s4_rel.a(release-exceptions.o)
                0x00403dd0                TC2_IrqHandler
 .text.TC3_IrqHandler
                0x00403dd2        0x2 libchip/lib/libchip_sam3s4_rel.a(release-exceptions.o)
                0x00403dd2                TC3_IrqHandler
 .text.TC4_IrqHandler
                0x00403dd4        0x2 libchip/lib/libchip_sam3s4_rel.a(release-exceptions.o)
                0x00403dd4                TC4_IrqHandler
 .text.TC5_IrqHandler
                0x00403dd6        0x2 libchip/lib/libchip_sam3s4_rel.a(release-exceptions.o)
                0x00403dd6                TC5_IrqHandler
 .text.DAC_IrqHandler
                0x00403dd8        0x2 libchip/lib/libchip_sam3s4_rel.a(release-exceptions.o)
                0x00403dd8                DAC_IrqHandler
 .text.PWM_IrqHandler
                0x00403dda        0x2 libchip/lib/libchip_sam3s4_rel.a(release-exceptions.o)
                0x00403dda                PWM_IrqHandler
 .text.CRCCU_IrqHandler
                0x00403ddc        0x2 libchip/lib/libchip_sam3s4_rel.a(release-exceptions.o)
                0x00403ddc                CRCCU_IrqHandler
 .text.ACC_IrqHandler
                0x00403dde        0x2 libchip/lib/libchip_sam3s4_rel.a(release-exceptions.o)
                0x00403dde                ACC_IrqHandler
 .text.ADC_Initialize
                0x00403de0       0x1c libchip/lib/libchip_sam3s4_rel.a(release-adc.o)
                0x00403de0                ADC_Initialize
 .text.ADC_cfgFrequency
                0x00403dfc       0x16 libchip/lib/libchip_sam3s4_rel.a(release-adc.o)
                0x00403dfc                ADC_cfgFrequency
 .text.ADC_ReadBuffer
                0x00403e12       0x34 libchip/lib/libchip_sam3s4_rel.a(release-adc.o)
                0x00403e12                ADC_ReadBuffer
 *fill*         0x00403e46        0x2 00
 .text.PIO_Configure
                0x00403e48      0x14c libchip/lib/libchip_sam3s4_rel.a(release-pio.o)
                0x00403e48                PIO_Configure
 .text.PIO_Get  0x00403f94       0x1c libchip/lib/libchip_sam3s4_rel.a(release-pio.o)
                0x00403f94                PIO_Get
 .text.PMC_EnablePeripheral
                0x00403fb0       0x5c libchip/lib/libchip_sam3s4_rel.a(release-pmc.o)
                0x00403fb0                PMC_EnablePeripheral
 .text.PMC_DisablePeripheral
                0x0040400c       0x58 libchip/lib/libchip_sam3s4_rel.a(release-pmc.o)
                0x0040400c                PMC_DisablePeripheral
 .text.PMC_IsPeriphEnabled
                0x00404064       0x4c libchip/lib/libchip_sam3s4_rel.a(release-pmc.o)
                0x00404064                PMC_IsPeriphEnabled
 .text.TC_Configure
                0x004040b0       0x38 libchip/lib/libchip_sam3s4_rel.a(release-tc.o)
                0x004040b0                TC_Configure
 .text.TC_Start
                0x004040e8       0x2c libchip/lib/libchip_sam3s4_rel.a(release-tc.o)
                0x004040e8                TC_Start
 .text.TC_Stop  0x00404114       0x2c libchip/lib/libchip_sam3s4_rel.a(release-tc.o)
                0x00404114                TC_Stop
 .text.TC_FindMckDivisor
                0x00404140       0x70 libchip/lib/libchip_sam3s4_rel.a(release-tc.o)
                0x00404140                TC_FindMckDivisor
 .text.FindClockConfiguration
                0x004041b0       0x7c libchip/lib/libchip_sam3s4_rel.a(release-pwmc.o)
 .text.PWMC_ConfigureChannelExt
                0x0040422c       0xcc libchip/lib/libchip_sam3s4_rel.a(release-pwmc.o)
                0x0040422c                PWMC_ConfigureChannelExt
 .text.PWMC_ConfigureClocks
                0x004042f8       0x54 libchip/lib/libchip_sam3s4_rel.a(release-pwmc.o)
                0x004042f8                PWMC_ConfigureClocks
 .text.PWMC_SetPeriod
                0x0040434c       0x1e libchip/lib/libchip_sam3s4_rel.a(release-pwmc.o)
                0x0040434c                PWMC_SetPeriod
 *fill*         0x0040436a        0x2 00
 .text.PWMC_SetDutyCycle
                0x0040436c       0x48 libchip/lib/libchip_sam3s4_rel.a(release-pwmc.o)
                0x0040436c                PWMC_SetDutyCycle
 .text.PWMC_ConfigureSyncChannel
                0x004043b4       0x12 libchip/lib/libchip_sam3s4_rel.a(release-pwmc.o)
                0x004043b4                PWMC_ConfigureSyncChannel
 .text.PWMC_SetSyncChannelUpdatePeriod
                0x004043c6        0xc libchip/lib/libchip_sam3s4_rel.a(release-pwmc.o)
                0x004043c6                PWMC_SetSyncChannelUpdatePeriod
 *fill*         0x004043d2        0x2 00
 .text.PIO_CaptureHandler
                0x004043d4       0x60 libchip/lib/libchip_sam3s4_rel.a(release-pio_capture.o)
                0x004043d4                PIO_CaptureHandler
 .text          0x00404434       0x54 /usr/local/Sourcery/bin/../lib/gcc/arm-none-eabi/4.6.1/../../../../arm-none-eabi/lib/thumb2/libc.a(lib_a-assert.o)
                0x00404434                __assert_func
                0x0040447c                __assert
 .text          0x00404488       0x4c /usr/local/Sourcery/bin/../lib/gcc/arm-none-eabi/4.6.1/../../../../arm-none-eabi/lib/thumb2/libc.a(lib_a-fiprintf.o)
                0x00404488                _fiprintf_r
                0x004044a8                fiprintf
 .text          0x004044d4       0x6c /usr/local/Sourcery/bin/../lib/gcc/arm-none-eabi/4.6.1/../../../../arm-none-eabi/lib/thumb2/libc.a(lib_a-gets.o)
                0x004044d4                _gets_r
                0x00404530                gets
 .text          0x00404540       0x64 /usr/local/Sourcery/bin/../lib/gcc/arm-none-eabi/4.6.1/../../../../arm-none-eabi/lib/thumb2/libc.a(lib_a-iprintf.o)
                0x00404540                iprintf
                0x00404578                _iprintf_r
 .text          0x004045a4       0xf0 /usr/local/Sourcery/bin/../lib/gcc/arm-none-eabi/4.6.1/../../../../arm-none-eabi/lib/thumb2/libc.a(lib_a-memcpy.o)
                0x004045a4                memcpy
 .text          0x00404694       0xbc /usr/local/Sourcery/bin/../lib/gcc/arm-none-eabi/4.6.1/../../../../arm-none-eabi/lib/thumb2/libc.a(lib_a-memmove.o)
                0x00404694                memmove
 .text          0x00404750       0x84 /usr/local/Sourcery/bin/../lib/gcc/arm-none-eabi/4.6.1/../../../../arm-none-eabi/lib/thumb2/libc.a(lib_a-puts.o)
                0x00404750                _puts_r
                0x004047c4                puts
 .text          0x004047d4       0x70 /usr/local/Sourcery/bin/../lib/gcc/arm-none-eabi/4.6.1/../../../../arm-none-eabi/lib/thumb2/libc.a(lib_a-rget.o)
                0x004047d4                __srget_r
                0x00404834                __srget
 .text          0x00404844       0x10 /usr/local/Sourcery/bin/../lib/gcc/arm-none-eabi/4.6.1/../../../../arm-none-eabi/lib/thumb2/libc.a(lib_a-setbuf.o)
                0x00404844                setbuf
 .text          0x00404854      0x15c /usr/local/Sourcery/bin/../lib/gcc/arm-none-eabi/4.6.1/../../../../arm-none-eabi/lib/thumb2/libc.a(lib_a-setvbuf.o)
                0x00404854                setvbuf
 .text          0x004049b0       0xb4 /usr/local/Sourcery/bin/../lib/gcc/arm-none-eabi/4.6.1/../../../../arm-none-eabi/lib/thumb2/libc.a(lib_a-siscanf.o)
                0x004049b0                siscanf
                0x00404a0c                _siscanf_r
 .text          0x00404a64       0x8c /usr/local/Sourcery/bin/../lib/gcc/arm-none-eabi/4.6.1/../../../../arm-none-eabi/lib/thumb2/libc.a(lib_a-stdio.o)
                0x00404a64                __sread
                0x00404a88                __seofread
                0x00404a8c                __swrite
                0x00404ac4                __sseek
                0x00404ae8                __sclose
 .text          0x00404af0       0x60 /usr/local/Sourcery/bin/../lib/gcc/arm-none-eabi/4.6.1/../../../../arm-none-eabi/lib/thumb2/libc.a(lib_a-strlen.o)
                0x00404af0                strlen
 .text          0x00404b50      0xb5c /usr/local/Sourcery/bin/../lib/gcc/arm-none-eabi/4.6.1/../../../../arm-none-eabi/lib/thumb2/libc.a(lib_a-svfiscanf.o)
                0x00404b50                _sungetc_r
                0x00404bd4                __ssrefill_r
                0x00404c10                _sfread_r
                0x00404c88                __ssvfiscanf_r
 .text          0x004056ac      0x19c /usr/local/Sourcery/bin/../lib/gcc/arm-none-eabi/4.6.1/../../../../arm-none-eabi/lib/thumb2/libc.a(lib_a-ungetc.o)
                0x004056ac                __submore
                0x00405730                _ungetc_r
                0x00405834                ungetc
 .text          0x00405848      0xd18 /usr/local/Sourcery/bin/../lib/gcc/arm-none-eabi/4.6.1/../../../../arm-none-eabi/lib/thumb2/libc.a(lib_a-vfiprintf.o)
                0x00405848                __sprint_r
                0x004058c8                _vfiprintf_r
                0x00406544                vfiprintf
 .text          0x00406560       0x2c /usr/local/Sourcery/bin/../lib/gcc/arm-none-eabi/4.6.1/../../../../arm-none-eabi/lib/thumb2/libc.a(lib_a-writer.o)
                0x00406560                _write_r
 .text          0x0040658c       0xf8 /usr/local/Sourcery/bin/../lib/gcc/arm-none-eabi/4.6.1/../../../../arm-none-eabi/lib/thumb2/libc.a(lib_a-wsetup.o)
                0x0040658c                __swsetup_r
 .text          0x00406684       0x10 /usr/local/Sourcery/bin/../lib/gcc/arm-none-eabi/4.6.1/../../../../arm-none-eabi/lib/thumb2/libc.a(lib_a-abort.o)
                0x00406684                abort
 .text          0x00406694       0x28 /usr/local/Sourcery/bin/../lib/gcc/arm-none-eabi/4.6.1/../../../../arm-none-eabi/lib/thumb2/libc.a(lib_a-closer.o)
                0x00406694                _close_r
 .text          0x004066bc      0x1e0 /usr/local/Sourcery/bin/../lib/gcc/arm-none-eabi/4.6.1/../../../../arm-none-eabi/lib/thumb2/libc.a(lib_a-fflush.o)
                0x004066bc                _fflush_r
                0x00406874                fflush
 .text          0x0040689c      0x1dc /usr/local/Sourcery/bin/../lib/gcc/arm-none-eabi/4.6.1/../../../../arm-none-eabi/lib/thumb2/libc.a(lib_a-findfp.o)
                0x004068a4                _cleanup_r
                0x00406900                __sfmoreglue
                0x00406930                _cleanup
                0x00406940                __sinit
                0x0040699c                __sfp
                0x00406a38                __sfp_lock_acquire
                0x00406a3c                __sfp_lock_release
                0x00406a40                __sinit_lock_acquire
                0x00406a44                __sinit_lock_release
                0x00406a48                __fp_lock_all
                0x00406a60                __fp_unlock_all
 .text          0x00406a78      0x13c /usr/local/Sourcery/bin/../lib/gcc/arm-none-eabi/4.6.1/../../../../arm-none-eabi/lib/thumb2/libc.a(lib_a-fputwc.o)
                0x00406a78                _fputwc_r
                0x00406b5c                fputwc
 .text          0x00406bb4      0x234 /usr/local/Sourcery/bin/../lib/gcc/arm-none-eabi/4.6.1/../../../../arm-none-eabi/lib/thumb2/libc.a(lib_a-freer.o)
                0x00406bb4                _malloc_trim_r
                0x00406c58                _free_r
 .text          0x00406de8      0x32c /usr/local/Sourcery/bin/../lib/gcc/arm-none-eabi/4.6.1/../../../../arm-none-eabi/lib/thumb2/libc.a(lib_a-fvwrite.o)
                0x00406de8                __sfvwrite_r
 .text          0x00407114       0xa0 /usr/local/Sourcery/bin/../lib/gcc/arm-none-eabi/4.6.1/../../../../arm-none-eabi/lib/thumb2/libc.a(lib_a-fwalk.o)
                0x00407114                _fwalk
                0x00407160                _fwalk_reent
 .text          0x004071b4       0x1c /usr/local/Sourcery/bin/../lib/gcc/arm-none-eabi/4.6.1/../../../../arm-none-eabi/lib/thumb2/libc.a(lib_a-iswspace.o)
                0x004071b4                iswspace
 .text          0x004071d0       0xa4 /usr/local/Sourcery/bin/../lib/gcc/arm-none-eabi/4.6.1/../../../../arm-none-eabi/lib/thumb2/libc.a(lib_a-locale.o)
                0x004071d0                _setlocale_r
                0x0040722c                __locale_charset
                0x00407238                __locale_mb_cur_max
                0x00407244                __locale_msgcharset
                0x0040724c                __locale_cjk_lang
                0x00407250                _localeconv_r
                0x00407258                setlocale
                0x0040726c                localeconv
 .text          0x00407274       0x2c /usr/local/Sourcery/bin/../lib/gcc/arm-none-eabi/4.6.1/../../../../arm-none-eabi/lib/thumb2/libc.a(lib_a-lseekr.o)
                0x00407274                _lseek_r
 .text          0x004072a0       0xe8 /usr/local/Sourcery/bin/../lib/gcc/arm-none-eabi/4.6.1/../../../../arm-none-eabi/lib/thumb2/libc.a(lib_a-makebuf.o)
                0x004072a0                __smakebuf_r
 .text          0x00407388       0x20 /usr/local/Sourcery/bin/../lib/gcc/arm-none-eabi/4.6.1/../../../../arm-none-eabi/lib/thumb2/libc.a(lib_a-malloc.o)
                0x00407388                malloc
                0x00407398                free
 .text          0x004073a8      0x57c /usr/local/Sourcery/bin/../lib/gcc/arm-none-eabi/4.6.1/../../../../arm-none-eabi/lib/thumb2/libc.a(lib_a-mallocr.o)
                0x004073a8                _malloc_r
 .text          0x00407924       0xc8 /usr/local/Sourcery/bin/../lib/gcc/arm-none-eabi/4.6.1/../../../../arm-none-eabi/lib/thumb2/libc.a(lib_a-mbrtowc.o)
                0x00407924                _mbrtowc_r
                0x00407980                mbrtowc
 .text          0x004079ec       0x58 /usr/local/Sourcery/bin/../lib/gcc/arm-none-eabi/4.6.1/../../../../arm-none-eabi/lib/thumb2/libc.a(lib_a-mbtowc_r.o)
                0x004079ec                __ascii_mbtowc
                0x00407a10                _mbtowc_r
 .text          0x00407a44       0x88 /usr/local/Sourcery/bin/../lib/gcc/arm-none-eabi/4.6.1/../../../../arm-none-eabi/lib/thumb2/libc.a(lib_a-memchr.o)
                0x00407a44                memchr
 .text          0x00407acc       0x8c /usr/local/Sourcery/bin/../lib/gcc/arm-none-eabi/4.6.1/../../../../arm-none-eabi/lib/thumb2/libc.a(lib_a-memset.o)
                0x00407acc                memset
 .text          0x00407b58        0x8 /usr/local/Sourcery/bin/../lib/gcc/arm-none-eabi/4.6.1/../../../../arm-none-eabi/lib/thumb2/libc.a(lib_a-mlock.o)
                0x00407b58                __malloc_lock
                0x00407b5c                __malloc_unlock
 .text          0x00407b60       0x2c /usr/local/Sourcery/bin/../lib/gcc/arm-none-eabi/4.6.1/../../../../arm-none-eabi/lib/thumb2/libc.a(lib_a-readr.o)
                0x00407b60                _read_r
 .text          0x00407b8c      0x3d8 /usr/local/Sourcery/bin/../lib/gcc/arm-none-eabi/4.6.1/../../../../arm-none-eabi/lib/thumb2/libc.a(lib_a-reallocr.o)
                0x00407b8c                _realloc_r
 .text          0x00407f64      0x144 /usr/local/Sourcery/bin/../lib/gcc/arm-none-eabi/4.6.1/../../../../arm-none-eabi/lib/thumb2/libc.a(lib_a-refill.o)
                0x00407f78                __srefill_r
 .text          0x004080a8       0x28 /usr/local/Sourcery/bin/../lib/gcc/arm-none-eabi/4.6.1/../../../../arm-none-eabi/lib/thumb2/libc.a(lib_a-sbrkr.o)
                0x004080a8                _sbrk_r
 .text          0x004080d0       0x78 /usr/local/Sourcery/bin/../lib/gcc/arm-none-eabi/4.6.1/../../../../arm-none-eabi/lib/thumb2/libc.a(lib_a-sccl.o)
                0x004080d0                __sccl
 .text          0x00408148      0x150 /usr/local/Sourcery/bin/../lib/gcc/arm-none-eabi/4.6.1/../../../../arm-none-eabi/lib/thumb2/libc.a(lib_a-signal.o)
                0x00408148                _init_signal_r
                0x00408178                _signal_r
                0x004081b4                _raise_r
                0x00408208                __sigtramp_r
                0x00408254                raise
                0x00408264                signal
                0x00408278                _init_signal
                0x00408288                __sigtramp
 .text          0x00408298       0x2c /usr/local/Sourcery/bin/../lib/gcc/arm-none-eabi/4.6.1/../../../../arm-none-eabi/lib/thumb2/libc.a(lib_a-signalr.o)
                0x00408298                _kill_r
                0x004082c0                _getpid_r
 .text          0x004082c4      0x1dc /usr/local/Sourcery/bin/../lib/gcc/arm-none-eabi/4.6.1/../../../../arm-none-eabi/lib/thumb2/libc.a(lib_a-strcmp.o)
                0x004082c4                strcmp
 .text          0x004084a0      0x17c /usr/local/Sourcery/bin/../lib/gcc/arm-none-eabi/4.6.1/../../../../arm-none-eabi/lib/thumb2/libc.a(lib_a-strtol.o)
                0x004084a0                _strtol_r
                0x00408600                strtol
 .text          0x0040861c      0x1f4 /usr/local/Sourcery/bin/../lib/gcc/arm-none-eabi/4.6.1/../../../../arm-none-eabi/lib/thumb2/libc.a(lib_a-strtoll_r.o)
                0x0040861c                _strtoll_r
 .text          0x00408810      0x180 /usr/local/Sourcery/bin/../lib/gcc/arm-none-eabi/4.6.1/../../../../arm-none-eabi/lib/thumb2/libc.a(lib_a-strtoul.o)
                0x00408810                _strtoul_r
                0x00408974                strtoul
 .text          0x00408990      0x1e0 /usr/local/Sourcery/bin/../lib/gcc/arm-none-eabi/4.6.1/../../../../arm-none-eabi/lib/thumb2/libc.a(lib_a-strtoull_r.o)
                0x00408990                _strtoull_r
 .text          0x00408b70       0xfc /usr/local/Sourcery/bin/../lib/gcc/arm-none-eabi/4.6.1/../../../../arm-none-eabi/lib/thumb2/libc.a(lib_a-wbuf.o)
                0x00408b70                __swbuf_r
                0x00408c58                __swbuf
 .text          0x00408c6c       0xb0 /usr/local/Sourcery/bin/../lib/gcc/arm-none-eabi/4.6.1/../../../../arm-none-eabi/lib/thumb2/libc.a(lib_a-wcrtomb.o)
                0x00408c6c                _wcrtomb_r
                0x00408cbc                wcrtomb
 .text          0x00408d1c       0x4c /usr/local/Sourcery/bin/../lib/gcc/arm-none-eabi/4.6.1/../../../../arm-none-eabi/lib/thumb2/libc.a(lib_a-wctomb_r.o)
                0x00408d1c                __ascii_wctomb
                0x00408d38                _wctomb_r
 .text          0x00408d68       0xc4 /usr/local/Sourcery/bin/../lib/gcc/arm-none-eabi/4.6.1/../../../../arm-none-eabi/lib/thumb2/libc.a(lib_a-fclose.o)
                0x00408d68                _fclose_r
                0x00408e1c                fclose
 .text          0x00408e2c       0x28 /usr/local/Sourcery/bin/../lib/gcc/arm-none-eabi/4.6.1/../../../../arm-none-eabi/lib/thumb2/libc.a(lib_a-fstatr.o)
                0x00408e2c                _fstat_r
 .text          0x00408e54       0x28 /usr/local/Sourcery/bin/../lib/gcc/arm-none-eabi/4.6.1/../../../../arm-none-eabi/lib/thumb2/libc.a(lib_a-isattyr.o)
                0x00408e54                _isatty_r
 *fill*         0x00408e7c        0x4 00
 .text          0x00408e80      0x278 /usr/local/Sourcery/bin/../lib/gcc/arm-none-eabi/4.6.1/thumb2/libgcc.a(_udivsi3.o)
                0x00408e80                __udivsi3
                0x00408e80                __aeabi_uidiv
                0x004090dc                __aeabi_uidivmod
 .text          0x004090f8        0x4 /usr/local/Sourcery/bin/../lib/gcc/arm-none-eabi/4.6.1/thumb2/libgcc.a(_dvmd_tls.o)
                0x004090f8                __aeabi_ldiv0
                0x004090f8                __aeabi_idiv0
 .text          0x004090fc       0x2c /usr/local/Sourcery/bin/../lib/gcc/arm-none-eabi/4.6.1/thumb2/libgcc.a(_aeabi_uldivmod.o)
                0x004090fc                __aeabi_uldivmod
 .text          0x00409128       0x5c /usr/local/Sourcery/bin/../lib/gcc/arm-none-eabi/4.6.1/thumb2/libgcc.a(bpabi.o)
                0x00409128                __gnu_ldivmod_helper
                0x00409158                __gnu_uldivmod_helper
 .text          0x00409184      0x364 /usr/local/Sourcery/bin/../lib/gcc/arm-none-eabi/4.6.1/thumb2/libgcc.a(_divdi3.o)
                0x00409184                __divdi3
 .text          0x004094e8      0x334 /usr/local/Sourcery/bin/../lib/gcc/arm-none-eabi/4.6.1/thumb2/libgcc.a(_udivdi3.o)
                0x004094e8                __udivdi3
 *(.glue_7t)
 .glue_7t       0x00000000        0x0 linker stubs
 *(.glue_7)
 .glue_7        0x00000000        0x0 linker stubs
 *(.rodata .rodata* .gnu.linkonce.r.*)
 .rodata        0x0040981c       0x1c build/obj/syscalls.o
 .rodata        0x00409838        0xc build/obj/uart_console.o
 .rodata        0x00409844      0x124 build/obj/usb_console.o
 .rodata        0x00409968       0x54 build/obj/led.o
 .rodata        0x004099bc       0xa0 build/obj/usb_device_descriptor.o
                0x004099bc                deviceDescriptor
                0x004099d0                configurationDescriptorsFS
                0x00409a14                languageIdStringDescriptor
                0x00409a18                productStringDescriptor
                0x00409a34                cdcdSerialDriverDescriptors
 .rodata        0x00409a5c      0x1a8 build/obj/main.o
 .rodata        0x00409c04       0x34 build/obj/controller.o
 .rodata.str1.1
                0x00409c38       0x69 libusb/lib/libusb_sam3s_rel.a(release-USBD_HAL.o)
                                 0x6b (size before relaxing)
 .rodata.str1.1
                0x00409ca1       0x30 libusb/lib/libusb_sam3s_rel.a(release-USBD.o)
 .rodata.str1.1
                0x00409cd1       0xef libusb/lib/libusb_sam3s_rel.a(release-USBDDriver.o)
 .rodata        0x00409dc0       0x3f libchip/lib/libchip_sam3s4_rel.a(release-pio_it.o)
 .rodata.str1.1
                0x00409dff       0x67 libchip/lib/libchip_sam3s4_rel.a(release-pio_it.o)
 .rodata        0x00409e66       0x3f libchip/lib/libchip_sam3s4_rel.a(release-pmc.o)
 .rodata.str1.1
                0x00409ea5       0x17 libchip/lib/libchip_sam3s4_rel.a(release-pmc.o)
 .rodata        0x00409ebc       0x1e libchip/lib/libchip_sam3s4_rel.a(release-tc.o)
 .rodata.str1.1
                0x00409eda       0x51 libchip/lib/libchip_sam3s4_rel.a(release-tc.o)
 *fill*         0x00409f2b        0x1 00
 .rodata        0x00409f2c       0xe4 libchip/lib/libchip_sam3s4_rel.a(release-pwmc.o)
 .rodata.str1.1
                0x0040a010      0x1c0 libchip/lib/libchip_sam3s4_rel.a(release-pwmc.o)
 .rodata.str1.4
                0x0040a1d0       0x3f /usr/local/Sourcery/bin/../lib/gcc/arm-none-eabi/4.6.1/../../../../arm-none-eabi/lib/thumb2/libc.a(lib_a-assert.o)
                                 0x44 (size before relaxing)
 *fill*         0x0040a20f        0x1 00
 .rodata        0x0040a210        0x4 /usr/local/Sourcery/bin/../lib/gcc/arm-none-eabi/4.6.1/../../../../arm-none-eabi/lib/thumb2/libc.a(lib_a-impure.o)
                0x0040a210                _global_impure_ptr
 .rodata.str1.4
                0x0040a214        0x2 /usr/local/Sourcery/bin/../lib/gcc/arm-none-eabi/4.6.1/../../../../arm-none-eabi/lib/thumb2/libc.a(lib_a-impure.o)
                                  0x4 (size before relaxing)
 *fill*         0x0040a216        0x2 00
 .rodata.str1.4
                0x0040a218        0x2 /usr/local/Sourcery/bin/../lib/gcc/arm-none-eabi/4.6.1/../../../../arm-none-eabi/lib/thumb2/libc.a(lib_a-puts.o)
                                  0x4 (size before relaxing)
 *fill*         0x0040a21a        0x2 00
 .rodata        0x0040a21c       0x24 /usr/local/Sourcery/bin/../lib/gcc/arm-none-eabi/4.6.1/../../../../arm-none-eabi/lib/thumb2/libc.a(lib_a-svfiscanf.o)
 .rodata        0x0040a240       0x20 /usr/local/Sourcery/bin/../lib/gcc/arm-none-eabi/4.6.1/../../../../arm-none-eabi/lib/thumb2/libc.a(lib_a-vfiprintf.o)
 .rodata.str1.4
                0x0040a260       0x2f /usr/local/Sourcery/bin/../lib/gcc/arm-none-eabi/4.6.1/../../../../arm-none-eabi/lib/thumb2/libc.a(lib_a-vfiprintf.o)
                                 0x30 (size before relaxing)
 *fill*         0x0040a28f        0x1 00
 .rodata        0x0040a290      0x104 /usr/local/Sourcery/bin/../lib/gcc/arm-none-eabi/4.6.1/../../../../arm-none-eabi/lib/thumb2/libc.a(lib_a-ctype_.o)
                0x0040a290                _ctype_
 .rodata        0x0040a394       0x60 /usr/local/Sourcery/bin/../lib/gcc/arm-none-eabi/4.6.1/../../../../arm-none-eabi/lib/thumb2/libc.a(lib_a-findfp.o)
                0x0040a394                __sf_fake_stderr
                0x0040a3b4                __sf_fake_stdout
                0x0040a3d4                __sf_fake_stdin
 .rodata.str1.4
                0x0040a3f4        0xc /usr/local/Sourcery/bin/../lib/gcc/arm-none-eabi/4.6.1/../../../../arm-none-eabi/lib/thumb2/libc.a(lib_a-locale.o)
                                 0x14 (size before relaxing)
 .rodata.str1.4
                0x00000000        0x4 /usr/local/Sourcery/bin/../lib/gcc/arm-none-eabi/4.6.1/../../../../arm-none-eabi/lib/thumb2/libc.a(lib_a-mbrtowc.o)
 *(.ARM.extab* .gnu.linkonce.armextab.*)
                0x0040a400                . = ALIGN (0x4)
 *(.init)
 .init          0x0040a400        0x4 /usr/local/Sourcery/bin/../lib/gcc/arm-none-eabi/4.6.1/thumb2/crti.o
                0x0040a400                _init
 .init          0x0040a404        0x8 /usr/local/Sourcery/bin/../lib/gcc/arm-none-eabi/4.6.1/thumb2/crtn.o
                0x0040a40c                . = ALIGN (0x4)
                0x0040a40c                __preinit_array_start = .
 *(.preinit_array)
                0x0040a40c                __preinit_array_end = .
                0x0040a40c                . = ALIGN (0x4)
                0x0040a40c                __init_array_start = .
 *(SORT(.init_array.*))
 *(.init_array)
 .init_array    0x0040a40c        0x4 /usr/local/Sourcery/bin/../lib/gcc/arm-none-eabi/4.6.1/thumb2/crtbegin.o
                0x0040a410                __init_array_end = .
                0x0040a410                . = ALIGN (0x4)
 *crtbegin.o(.ctors)
 *(EXCLUDE_FILE(*crtend.o) .ctors)
 *(SORT(.ctors.*))
 *crtend.o(.ctors)
                0x0040a410                . = ALIGN (0x4)
 *(.fini)
 .fini          0x0040a410        0x4 /usr/local/Sourcery/bin/../lib/gcc/arm-none-eabi/4.6.1/thumb2/crti.o
                0x0040a410                _fini
 .fini          0x0040a414        0x8 /usr/local/Sourcery/bin/../lib/gcc/arm-none-eabi/4.6.1/thumb2/crtn.o
                0x0040a41c                . = ALIGN (0x4)
                0x0040a41c                __fini_array_start = .
 *(.fini_array)
 .fini_array    0x0040a41c        0x4 /usr/local/Sourcery/bin/../lib/gcc/arm-none-eabi/4.6.1/thumb2/crtbegin.o
 *(SORT(.fini_array.*))
                0x0040a420                __fini_array_end = .
 *crtbegin.o(.dtors)
 *(EXCLUDE_FILE(*crtend.o) .dtors)
 *(SORT(.dtors.*))
 *crtend.o(.dtors)
                0x0040a420                . = ALIGN (0x4)
                0x0040a420                _efixed = .
                0x0040a420                PROVIDE (__exidx_start, .)

.vfp11_veneer   0x0040a420        0x0
 .vfp11_veneer  0x00000000        0x0 linker stubs

.v4_bx          0x0040a420        0x0
 .v4_bx         0x00000000        0x0 linker stubs

.iplt           0x0040a420        0x0
 .iplt          0x00000000        0x0 /usr/local/Sourcery/bin/../lib/gcc/arm-none-eabi/4.6.1/thumb2/crtbegin.o

.ARM.exidx      0x0040a420        0x8
 *(.ARM.exidx* .gnu.linkonce.armexidx.*)
 .ARM.exidx     0x0040a420        0x8 /usr/local/Sourcery/bin/../lib/gcc/arm-none-eabi/4.6.1/thumb2/libgcc.a(_divdi3.o)
 .ARM.exidx     0x0040a428        0x0 /usr/local/Sourcery/bin/../lib/gcc/arm-none-eabi/4.6.1/thumb2/libgcc.a(_udivdi3.o)
                                  0x8 (size before relaxing)
                0x0040a428                PROVIDE (__exidx_end, .)

.eh_frame       0x0040a428        0x0
 .eh_frame      0x0040a428        0x0 /usr/local/Sourcery/bin/../lib/gcc/arm-none-eabi/4.6.1/thumb2/crtbegin.o

.rel.dyn        0x0040a428        0x0
 .rel.iplt      0x00000000        0x0 /usr/local/Sourcery/bin/../lib/gcc/arm-none-eabi/4.6.1/thumb2/crtbegin.o

.jcr            0x0040a428        0x0
 .jcr           0x0040a428        0x0 /usr/local/Sourcery/bin/../lib/gcc/arm-none-eabi/4.6.1/thumb2/crtbegin.o

.igot.plt       0x0040a428        0x0
 .igot.plt      0x00000000        0x0 /usr/local/Sourcery/bin/../lib/gcc/arm-none-eabi/4.6.1/thumb2/crtbegin.o
                0x0040a428                . = ALIGN (0x4)
                0x0040a428                _etext = .

.relocate       0x20000000      0x5c4 load address 0x0040a428
                0x20000000                . = ALIGN (0x4)
                0x20000000                _srelocate = .
 *(.ramfunc .ramfunc.*)
 *(.data .data.*)
 .data          0x20000000        0x4 build/obj/system.o
                0x20000000                SystemCoreClock
 .data          0x20000004        0x4 build/obj/uart_console.o
 .data          0x20000008        0x4 build/obj/usb_console.o
 .data          0x2000000c        0x8 build/obj/usb_device_descriptor.o
                0x2000000c                stringDescriptors
 .data          0x20000014       0x24 build/obj/main.o
                0x20000014                _state
                0x20000018                ntrip
                0x20000028                rtrip
 .data          0x20000038       0xf4 /usr/local/Sourcery/bin/../lib/gcc/arm-none-eabi/4.6.1/../../../../arm-none-eabi/lib/thumb2/libc.a(lib_a-impure.o)
                0x20000038                _impure_ptr
 .data          0x2000012c        0x4 /usr/local/Sourcery/bin/../lib/gcc/arm-none-eabi/4.6.1/../../../../arm-none-eabi/lib/thumb2/libc.a(lib_a-ctype_.o)
                0x2000012c                __ctype_ptr__
 .data          0x20000130       0x7c /usr/local/Sourcery/bin/../lib/gcc/arm-none-eabi/4.6.1/../../../../arm-none-eabi/lib/thumb2/libc.a(lib_a-locale.o)
                0x20000150                __mb_cur_max
 .data          0x200001ac      0x410 /usr/local/Sourcery/bin/../lib/gcc/arm-none-eabi/4.6.1/../../../../arm-none-eabi/lib/thumb2/libc.a(lib_a-mallocr.o)
                0x200001ac                __malloc_av_
                0x200005b4                __malloc_sbrk_base
                0x200005b8                __malloc_trim_threshold
 .data          0x200005bc        0x4 /usr/local/Sourcery/bin/../lib/gcc/arm-none-eabi/4.6.1/../../../../arm-none-eabi/lib/thumb2/libc.a(lib_a-mbtowc_r.o)
                0x200005bc                __mbtowc
 .data          0x200005c0        0x4 /usr/local/Sourcery/bin/../lib/gcc/arm-none-eabi/4.6.1/../../../../arm-none-eabi/lib/thumb2/libc.a(lib_a-wctomb_r.o)
                0x200005c0                __wctomb
                0x200005c4                . = ALIGN (0x4)
                0x200005c4                _erelocate = .

.bss            0x200005c4      0x304 load address 0x0040a9ec
                0x200005c4                . = ALIGN (0x4)
                0x200005c4                _sbss = .
                0x200005c4                _szero = .
 *(.bss .bss.*)
 .bss           0x200005c4       0x1c /usr/local/Sourcery/bin/../lib/gcc/arm-none-eabi/4.6.1/thumb2/crtbegin.o
 .bss           0x200005e0        0x4 build/obj/syscalls.o
 .bss           0x200005e4        0x1 build/obj/uart_console.o
 *fill*         0x200005e5        0x3 00
 .bss           0x200005e8      0x10c build/obj/usb_console.o
 .bss           0x200006f4        0xc build/obj/led.o
 .bss           0x20000700        0x4 build/obj/timetick.o
 .bss           0x20000704       0x34 build/obj/main.o
                0x20000704                input
                0x20000708                loop
                0x20000734                releasetime
 .bss           0x20000738       0xe0 libusb/lib/libusb_sam3s_rel.a(release-USBD_HAL.o)
 .bss           0x20000818        0x2 libusb/lib/libusb_sam3s_rel.a(release-USBD.o)
 *fill*         0x2000081a        0x2 00
 .bss           0x2000081c       0x10 libusb/lib/libusb_sam3s_rel.a(release-USBDDriver.o)
 .bss           0x2000082c       0x1c libusb/lib/libusb_sam3s_rel.a(release-CDCDSerial.o)
 .bss           0x20000848        0x7 libusb/lib/libusb_sam3s_rel.a(release-CDCDSerialPort.o)
 *fill*         0x2000084f        0x1 00
 .bss           0x20000850       0x3c libchip/lib/libchip_sam3s4_rel.a(release-pio_it.o)
 .bss           0x2000088c        0x4 libchip/lib/libchip_sam3s4_rel.a(release-pio_capture.o)
 .bss           0x20000890       0x34 /usr/local/Sourcery/bin/../lib/gcc/arm-none-eabi/4.6.1/../../../../arm-none-eabi/lib/thumb2/libc.a(lib_a-mallocr.o)
                0x20000890                __malloc_top_pad
                0x20000894                __malloc_current_mallinfo
                0x200008bc                __malloc_max_sbrked_mem
                0x200008c0                __malloc_max_total_mem
 *(COMMON)
 COMMON         0x200008c4        0x4 /usr/local/Sourcery/bin/../lib/gcc/arm-none-eabi/4.6.1/../../../../arm-none-eabi/lib/thumb2/libc.a(lib_a-reent.o)
                0x200008c4                errno
                0x200008c8                . = ALIGN (0x4)
                0x200008c8                _ebss = .
                0x200008c8                _ezero = .

.stack          0x200008c8     0x1000 load address 0x0040acf0
                0x200008c8                . = ALIGN (0x8)
 *(.stack .stack.*)
 .stack         0x200008c8     0x1000 build/obj/startup.o
                0x200008c8                pdwStack
                0x200018c8                . = ALIGN (0x4)
                0x200018c8                _end = .
OUTPUT(build/bin/project.elf elf32-littlearm)

.ARM.attributes
                0x00000000       0x29
 .ARM.attributes
                0x00000000       0x1b /usr/local/Sourcery/bin/../lib/gcc/arm-none-eabi/4.6.1/thumb2/crti.o
 .ARM.attributes
                0x0000001b       0x2b /usr/local/Sourcery/bin/../lib/gcc/arm-none-eabi/4.6.1/thumb2/crtbegin.o
 .ARM.attributes
                0x00000046       0x33 build/obj/syscalls.o
 .ARM.attributes
                0x00000079       0x33 build/obj/system.o
 .ARM.attributes
                0x000000ac       0x33 build/obj/uart_console.o
 .ARM.attributes
                0x000000df       0x33 build/obj/usb_console.o
 .ARM.attributes
                0x00000112       0x33 build/obj/led.o
 .ARM.attributes
                0x00000145       0x33 build/obj/timetick.o
 .ARM.attributes
                0x00000178       0x33 build/obj/startup.o
 .ARM.attributes
                0x000001ab       0x33 build/obj/usb_device_descriptor.o
 .ARM.attributes
                0x000001de       0x33 build/obj/main.o
 .ARM.attributes
                0x00000211       0x33 build/obj/controller.o
 .ARM.attributes
                0x00000244       0x33 libusb/lib/libusb_sam3s_rel.a(release-USBD_HAL.o)
 .ARM.attributes
                0x00000277       0x33 libusb/lib/libusb_sam3s_rel.a(release-USBDescriptors.o)
 .ARM.attributes
                0x000002aa       0x33 libusb/lib/libusb_sam3s_rel.a(release-USBD.o)
 .ARM.attributes
                0x000002dd       0x33 libusb/lib/libusb_sam3s_rel.a(release-USBDCallbacks.o)
 .ARM.attributes
                0x00000310       0x33 libusb/lib/libusb_sam3s_rel.a(release-USBDDriver.o)
 .ARM.attributes
                0x00000343       0x33 libusb/lib/libusb_sam3s_rel.a(release-CDCDSerial.o)
 .ARM.attributes
                0x00000376       0x33 libusb/lib/libusb_sam3s_rel.a(release-USBDDriverCallbacks.o)
 .ARM.attributes
                0x000003a9       0x33 libusb/lib/libusb_sam3s_rel.a(release-CDCDSerialDriver.o)
 .ARM.attributes
                0x000003dc       0x33 libusb/lib/libusb_sam3s_rel.a(release-USBRequests.o)
 .ARM.attributes
                0x0000040f       0x33 libusb/lib/libusb_sam3s_rel.a(release-CDCDSerialPort.o)
 .ARM.attributes
                0x00000442       0x33 libusb/lib/libusb_sam3s_rel.a(release-CDCLineCoding.o)
 .ARM.attributes
                0x00000475       0x33 libchip/lib/libchip_sam3s4_rel.a(release-pio_it.o)
 .ARM.attributes
                0x000004a8       0x33 libchip/lib/libchip_sam3s4_rel.a(release-exceptions.o)
 .ARM.attributes
                0x000004db       0x33 libchip/lib/libchip_sam3s4_rel.a(release-adc.o)
 .ARM.attributes
                0x0000050e       0x33 libchip/lib/libchip_sam3s4_rel.a(release-pio.o)
 .ARM.attributes
                0x00000541       0x33 libchip/lib/libchip_sam3s4_rel.a(release-pmc.o)
 .ARM.attributes
                0x00000574       0x33 libchip/lib/libchip_sam3s4_rel.a(release-tc.o)
 .ARM.attributes
                0x000005a7       0x33 libchip/lib/libchip_sam3s4_rel.a(release-pwmc.o)
 .ARM.attributes
                0x000005da       0x33 libchip/lib/libchip_sam3s4_rel.a(release-pio_capture.o)
 .ARM.attributes
                0x0000060d       0x2b /usr/local/Sourcery/bin/../lib/gcc/arm-none-eabi/4.6.1/../../../../arm-none-eabi/lib/thumb2/libc.a(lib_a-assert.o)
 .ARM.attributes
                0x00000638       0x2b /usr/local/Sourcery/bin/../lib/gcc/arm-none-eabi/4.6.1/../../../../arm-none-eabi/lib/thumb2/libc.a(lib_a-fiprintf.o)
 .ARM.attributes
                0x00000663       0x2b /usr/local/Sourcery/bin/../lib/gcc/arm-none-eabi/4.6.1/../../../../arm-none-eabi/lib/thumb2/libc.a(lib_a-gets.o)
 .ARM.attributes
                0x0000068e       0x2b /usr/local/Sourcery/bin/../lib/gcc/arm-none-eabi/4.6.1/../../../../arm-none-eabi/lib/thumb2/libc.a(lib_a-impure.o)
 .ARM.attributes
                0x000006b9       0x2b /usr/local/Sourcery/bin/../lib/gcc/arm-none-eabi/4.6.1/../../../../arm-none-eabi/lib/thumb2/libc.a(lib_a-iprintf.o)
 .ARM.attributes
                0x000006e4       0x2b /usr/local/Sourcery/bin/../lib/gcc/arm-none-eabi/4.6.1/../../../../arm-none-eabi/lib/thumb2/libc.a(lib_a-memcpy.o)
 .ARM.attributes
                0x0000070f       0x2b /usr/local/Sourcery/bin/../lib/gcc/arm-none-eabi/4.6.1/../../../../arm-none-eabi/lib/thumb2/libc.a(lib_a-memmove.o)
 .ARM.attributes
                0x0000073a       0x2b /usr/local/Sourcery/bin/../lib/gcc/arm-none-eabi/4.6.1/../../../../arm-none-eabi/lib/thumb2/libc.a(lib_a-puts.o)
 .ARM.attributes
                0x00000765       0x2b /usr/local/Sourcery/bin/../lib/gcc/arm-none-eabi/4.6.1/../../../../arm-none-eabi/lib/thumb2/libc.a(lib_a-reent.o)
 .ARM.attributes
                0x00000790       0x2b /usr/local/Sourcery/bin/../lib/gcc/arm-none-eabi/4.6.1/../../../../arm-none-eabi/lib/thumb2/libc.a(lib_a-rget.o)
 .ARM.attributes
                0x000007bb       0x2b /usr/local/Sourcery/bin/../lib/gcc/arm-none-eabi/4.6.1/../../../../arm-none-eabi/lib/thumb2/libc.a(lib_a-setbuf.o)
 .ARM.attributes
                0x000007e6       0x2b /usr/local/Sourcery/bin/../lib/gcc/arm-none-eabi/4.6.1/../../../../arm-none-eabi/lib/thumb2/libc.a(lib_a-setvbuf.o)
 .ARM.attributes
                0x00000811       0x2b /usr/local/Sourcery/bin/../lib/gcc/arm-none-eabi/4.6.1/../../../../arm-none-eabi/lib/thumb2/libc.a(lib_a-siscanf.o)
 .ARM.attributes
                0x0000083c       0x2b /usr/local/Sourcery/bin/../lib/gcc/arm-none-eabi/4.6.1/../../../../arm-none-eabi/lib/thumb2/libc.a(lib_a-stdio.o)
 .ARM.attributes
                0x00000867       0x2b /usr/local/Sourcery/bin/../lib/gcc/arm-none-eabi/4.6.1/../../../../arm-none-eabi/lib/thumb2/libc.a(lib_a-strlen.o)
 .ARM.attributes
                0x00000892       0x2b /usr/local/Sourcery/bin/../lib/gcc/arm-none-eabi/4.6.1/../../../../arm-none-eabi/lib/thumb2/libc.a(lib_a-svfiscanf.o)
 .ARM.attributes
                0x000008bd       0x2b /usr/local/Sourcery/bin/../lib/gcc/arm-none-eabi/4.6.1/../../../../arm-none-eabi/lib/thumb2/libc.a(lib_a-ungetc.o)
 .ARM.attributes
                0x000008e8       0x2b /usr/local/Sourcery/bin/../lib/gcc/arm-none-eabi/4.6.1/../../../../arm-none-eabi/lib/thumb2/libc.a(lib_a-vfiprintf.o)
 .ARM.attributes
                0x00000913       0x2b /usr/local/Sourcery/bin/../lib/gcc/arm-none-eabi/4.6.1/../../../../arm-none-eabi/lib/thumb2/libc.a(lib_a-writer.o)
 .ARM.attributes
                0x0000093e       0x2b /usr/local/Sourcery/bin/../lib/gcc/arm-none-eabi/4.6.1/../../../../arm-none-eabi/lib/thumb2/libc.a(lib_a-wsetup.o)
 .ARM.attributes
                0x00000969       0x2b /usr/local/Sourcery/bin/../lib/gcc/arm-none-eabi/4.6.1/../../../../arm-none-eabi/lib/thumb2/libc.a(lib_a-abort.o)
 .ARM.attributes
                0x00000994       0x2b /usr/local/Sourcery/bin/../lib/gcc/arm-none-eabi/4.6.1/../../../../arm-none-eabi/lib/thumb2/libc.a(lib_a-closer.o)
 .ARM.attributes
                0x000009bf       0x2b /usr/local/Sourcery/bin/../lib/gcc/arm-none-eabi/4.6.1/../../../../arm-none-eabi/lib/thumb2/libc.a(lib_a-ctype_.o)
 .ARM.attributes
                0x000009ea       0x2b /usr/local/Sourcery/bin/../lib/gcc/arm-none-eabi/4.6.1/../../../../arm-none-eabi/lib/thumb2/libc.a(lib_a-fflush.o)
 .ARM.attributes
                0x00000a15       0x2b /usr/local/Sourcery/bin/../lib/gcc/arm-none-eabi/4.6.1/../../../../arm-none-eabi/lib/thumb2/libc.a(lib_a-findfp.o)
 .ARM.attributes
                0x00000a40       0x2b /usr/local/Sourcery/bin/../lib/gcc/arm-none-eabi/4.6.1/../../../../arm-none-eabi/lib/thumb2/libc.a(lib_a-fputwc.o)
 .ARM.attributes
                0x00000a6b       0x2b /usr/local/Sourcery/bin/../lib/gcc/arm-none-eabi/4.6.1/../../../../arm-none-eabi/lib/thumb2/libc.a(lib_a-freer.o)
 .ARM.attributes
                0x00000a96       0x2b /usr/local/Sourcery/bin/../lib/gcc/arm-none-eabi/4.6.1/../../../../arm-none-eabi/lib/thumb2/libc.a(lib_a-fvwrite.o)
 .ARM.attributes
                0x00000ac1       0x2b /usr/local/Sourcery/bin/../lib/gcc/arm-none-eabi/4.6.1/../../../../arm-none-eabi/lib/thumb2/libc.a(lib_a-fwalk.o)
 .ARM.attributes
                0x00000aec       0x2b /usr/local/Sourcery/bin/../lib/gcc/arm-none-eabi/4.6.1/../../../../arm-none-eabi/lib/thumb2/libc.a(lib_a-iswspace.o)
 .ARM.attributes
                0x00000b17       0x2b /usr/local/Sourcery/bin/../lib/gcc/arm-none-eabi/4.6.1/../../../../arm-none-eabi/lib/thumb2/libc.a(lib_a-locale.o)
 .ARM.attributes
                0x00000b42       0x2b /usr/local/Sourcery/bin/../lib/gcc/arm-none-eabi/4.6.1/../../../../arm-none-eabi/lib/thumb2/libc.a(lib_a-lseekr.o)
 .ARM.attributes
                0x00000b6d       0x2b /usr/local/Sourcery/bin/../lib/gcc/arm-none-eabi/4.6.1/../../../../arm-none-eabi/lib/thumb2/libc.a(lib_a-makebuf.o)
 .ARM.attributes
                0x00000b98       0x2b /usr/local/Sourcery/bin/../lib/gcc/arm-none-eabi/4.6.1/../../../../arm-none-eabi/lib/thumb2/libc.a(lib_a-malloc.o)
 .ARM.attributes
                0x00000bc3       0x2b /usr/local/Sourcery/bin/../lib/gcc/arm-none-eabi/4.6.1/../../../../arm-none-eabi/lib/thumb2/libc.a(lib_a-mallocr.o)
 .ARM.attributes
                0x00000bee       0x2b /usr/local/Sourcery/bin/../lib/gcc/arm-none-eabi/4.6.1/../../../../arm-none-eabi/lib/thumb2/libc.a(lib_a-mbrtowc.o)
 .ARM.attributes
                0x00000c19       0x2b /usr/local/Sourcery/bin/../lib/gcc/arm-none-eabi/4.6.1/../../../../arm-none-eabi/lib/thumb2/libc.a(lib_a-mbtowc_r.o)
 .ARM.attributes
                0x00000c44       0x2b /usr/local/Sourcery/bin/../lib/gcc/arm-none-eabi/4.6.1/../../../../arm-none-eabi/lib/thumb2/libc.a(lib_a-memchr.o)
 .ARM.attributes
                0x00000c6f       0x2b /usr/local/Sourcery/bin/../lib/gcc/arm-none-eabi/4.6.1/../../../../arm-none-eabi/lib/thumb2/libc.a(lib_a-memset.o)
 .ARM.attributes
                0x00000c9a       0x2b /usr/local/Sourcery/bin/../lib/gcc/arm-none-eabi/4.6.1/../../../../arm-none-eabi/lib/thumb2/libc.a(lib_a-mlock.o)
 .ARM.attributes
                0x00000cc5       0x2b /usr/local/Sourcery/bin/../lib/gcc/arm-none-eabi/4.6.1/../../../../arm-none-eabi/lib/thumb2/libc.a(lib_a-readr.o)
 .ARM.attributes
                0x00000cf0       0x2b /usr/local/Sourcery/bin/../lib/gcc/arm-none-eabi/4.6.1/../../../../arm-none-eabi/lib/thumb2/libc.a(lib_a-reallocr.o)
 .ARM.attributes
                0x00000d1b       0x2b /usr/local/Sourcery/bin/../lib/gcc/arm-none-eabi/4.6.1/../../../../arm-none-eabi/lib/thumb2/libc.a(lib_a-refill.o)
 .ARM.attributes
                0x00000d46       0x2b /usr/local/Sourcery/bin/../lib/gcc/arm-none-eabi/4.6.1/../../../../arm-none-eabi/lib/thumb2/libc.a(lib_a-sbrkr.o)
 .ARM.attributes
                0x00000d71       0x2b /usr/local/Sourcery/bin/../lib/gcc/arm-none-eabi/4.6.1/../../../../arm-none-eabi/lib/thumb2/libc.a(lib_a-sccl.o)
 .ARM.attributes
                0x00000d9c       0x2b /usr/local/Sourcery/bin/../lib/gcc/arm-none-eabi/4.6.1/../../../../arm-none-eabi/lib/thumb2/libc.a(lib_a-signal.o)
 .ARM.attributes
                0x00000dc7       0x2b /usr/local/Sourcery/bin/../lib/gcc/arm-none-eabi/4.6.1/../../../../arm-none-eabi/lib/thumb2/libc.a(lib_a-signalr.o)
 .ARM.attributes
                0x00000df2       0x2b /usr/local/Sourcery/bin/../lib/gcc/arm-none-eabi/4.6.1/../../../../arm-none-eabi/lib/thumb2/libc.a(lib_a-strcmp.o)
 .ARM.attributes
                0x00000e1d       0x2b /usr/local/Sourcery/bin/../lib/gcc/arm-none-eabi/4.6.1/../../../../arm-none-eabi/lib/thumb2/libc.a(lib_a-strtol.o)
 .ARM.attributes
                0x00000e48       0x2b /usr/local/Sourcery/bin/../lib/gcc/arm-none-eabi/4.6.1/../../../../arm-none-eabi/lib/thumb2/libc.a(lib_a-strtoll_r.o)
 .ARM.attributes
                0x00000e73       0x2b /usr/local/Sourcery/bin/../lib/gcc/arm-none-eabi/4.6.1/../../../../arm-none-eabi/lib/thumb2/libc.a(lib_a-strtoul.o)
 .ARM.attributes
                0x00000e9e       0x2b /usr/local/Sourcery/bin/../lib/gcc/arm-none-eabi/4.6.1/../../../../arm-none-eabi/lib/thumb2/libc.a(lib_a-strtoull_r.o)
 .ARM.attributes
                0x00000ec9       0x2b /usr/local/Sourcery/bin/../lib/gcc/arm-none-eabi/4.6.1/../../../../arm-none-eabi/lib/thumb2/libc.a(lib_a-wbuf.o)
 .ARM.attributes
                0x00000ef4       0x2b /usr/local/Sourcery/bin/../lib/gcc/arm-none-eabi/4.6.1/../../../../arm-none-eabi/lib/thumb2/libc.a(lib_a-wcrtomb.o)
 .ARM.attributes
                0x00000f1f       0x2b /usr/local/Sourcery/bin/../lib/gcc/arm-none-eabi/4.6.1/../../../../arm-none-eabi/lib/thumb2/libc.a(lib_a-wctomb_r.o)
 .ARM.attributes
                0x00000f4a       0x2b /usr/local/Sourcery/bin/../lib/gcc/arm-none-eabi/4.6.1/../../../../arm-none-eabi/lib/thumb2/libc.a(lib_a-fclose.o)
 .ARM.attributes
                0x00000f75       0x2b /usr/local/Sourcery/bin/../lib/gcc/arm-none-eabi/4.6.1/../../../../arm-none-eabi/lib/thumb2/libc.a(lib_a-fstatr.o)
 .ARM.attributes
                0x00000fa0       0x2b /usr/local/Sourcery/bin/../lib/gcc/arm-none-eabi/4.6.1/../../../../arm-none-eabi/lib/thumb2/libc.a(lib_a-isattyr.o)
 .ARM.attributes
                0x00000fcb       0x1b /usr/local/Sourcery/bin/../lib/gcc/arm-none-eabi/4.6.1/thumb2/libgcc.a(_udivsi3.o)
 .ARM.attributes
                0x00000fe6       0x1b /usr/local/Sourcery/bin/../lib/gcc/arm-none-eabi/4.6.1/thumb2/libgcc.a(_dvmd_tls.o)
 .ARM.attributes
                0x00001001       0x1b /usr/local/Sourcery/bin/../lib/gcc/arm-none-eabi/4.6.1/thumb2/libgcc.a(_aeabi_uldivmod.o)
 .ARM.attributes
                0x0000101c       0x2b /usr/local/Sourcery/bin/../lib/gcc/arm-none-eabi/4.6.1/thumb2/libgcc.a(bpabi.o)
 .ARM.attributes
                0x00001047       0x2b /usr/local/Sourcery/bin/../lib/gcc/arm-none-eabi/4.6.1/thumb2/libgcc.a(_divdi3.o)
 .ARM.attributes
                0x00001072       0x2b /usr/local/Sourcery/bin/../lib/gcc/arm-none-eabi/4.6.1/thumb2/libgcc.a(_udivdi3.o)
 .ARM.attributes
                0x0000109d       0x1b /usr/local/Sourcery/bin/../lib/gcc/arm-none-eabi/4.6.1/thumb2/crtn.o

.comment        0x00000000       0x30
 .comment       0x00000000       0x30 build/obj/syscalls.o
                                 0x31 (size before relaxing)
 .comment       0x00000000       0x31 build/obj/system.o
 .comment       0x00000000       0x31 build/obj/uart_console.o
 .comment       0x00000000       0x31 build/obj/usb_console.o
 .comment       0x00000000       0x31 build/obj/led.o
 .comment       0x00000000       0x31 build/obj/timetick.o
 .comment       0x00000000       0x31 build/obj/startup.o
 .comment       0x00000000       0x31 build/obj/usb_device_descriptor.o
 .comment       0x00000000       0x31 build/obj/main.o
 .comment       0x00000000       0x31 build/obj/controller.o
 .comment       0x00000000       0x31 libusb/lib/libusb_sam3s_rel.a(release-USBD_HAL.o)
 .comment       0x00000000       0x31 libusb/lib/libusb_sam3s_rel.a(release-USBDescriptors.o)
 .comment       0x00000000       0x31 libusb/lib/libusb_sam3s_rel.a(release-USBD.o)
 .comment       0x00000000       0x31 libusb/lib/libusb_sam3s_rel.a(release-USBDCallbacks.o)
 .comment       0x00000000       0x31 libusb/lib/libusb_sam3s_rel.a(release-USBDDriver.o)
 .comment       0x00000000       0x31 libusb/lib/libusb_sam3s_rel.a(release-CDCDSerial.o)
 .comment       0x00000000       0x31 libusb/lib/libusb_sam3s_rel.a(release-USBDDriverCallbacks.o)
 .comment       0x00000000       0x31 libusb/lib/libusb_sam3s_rel.a(release-CDCDSerialDriver.o)
 .comment       0x00000000       0x31 libusb/lib/libusb_sam3s_rel.a(release-USBRequests.o)
 .comment       0x00000000       0x31 libusb/lib/libusb_sam3s_rel.a(release-CDCDSerialPort.o)
 .comment       0x00000000       0x31 libusb/lib/libusb_sam3s_rel.a(release-CDCLineCoding.o)
 .comment       0x00000000       0x31 libchip/lib/libchip_sam3s4_rel.a(release-pio_it.o)
 .comment       0x00000000       0x31 libchip/lib/libchip_sam3s4_rel.a(release-exceptions.o)
 .comment       0x00000000       0x31 libchip/lib/libchip_sam3s4_rel.a(release-adc.o)
 .comment       0x00000000       0x31 libchip/lib/libchip_sam3s4_rel.a(release-pio.o)
 .comment       0x00000000       0x31 libchip/lib/libchip_sam3s4_rel.a(release-pmc.o)
 .comment       0x00000000       0x31 libchip/lib/libchip_sam3s4_rel.a(release-tc.o)
 .comment       0x00000000       0x31 libchip/lib/libchip_sam3s4_rel.a(release-pwmc.o)
 .comment       0x00000000       0x31 libchip/lib/libchip_sam3s4_rel.a(release-pio_capture.o)

.debug_info     0x00000000    0x12072
 .debug_info    0x00000000      0x4e1 build/obj/syscalls.o
 .debug_info    0x000004e1      0x3e9 build/obj/system.o
 .debug_info    0x000008ca      0xbfa build/obj/uart_console.o
 .debug_info    0x000014c4     0x1b58 build/obj/usb_console.o
 .debug_info    0x0000301c     0x1009 build/obj/led.o
 .debug_info    0x00004025      0x649 build/obj/timetick.o
 .debug_info    0x0000466e      0x37b build/obj/startup.o
 .debug_info    0x000049e9      0x7bd build/obj/usb_device_descriptor.o
 .debug_info    0x000051a6     0x19b9 build/obj/main.o
 .debug_info    0x00006b5f      0x398 build/obj/controller.o
 .debug_info    0x00006ef7     0x2144 libusb/lib/libusb_sam3s_rel.a(release-USBD_HAL.o)
 .debug_info    0x0000903b      0x5c9 libusb/lib/libusb_sam3s_rel.a(release-USBDescriptors.o)
 .debug_info    0x00009604      0xd8c libusb/lib/libusb_sam3s_rel.a(release-USBD.o)
 .debug_info    0x0000a390      0x181 libusb/lib/libusb_sam3s_rel.a(release-USBDCallbacks.o)
 .debug_info    0x0000a511     0x13d8 libusb/lib/libusb_sam3s_rel.a(release-USBDDriver.o)
 .debug_info    0x0000b8e9      0x9c5 libusb/lib/libusb_sam3s_rel.a(release-CDCDSerial.o)
 .debug_info    0x0000c2ae       0xd7 libusb/lib/libusb_sam3s_rel.a(release-USBDDriverCallbacks.o)
 .debug_info    0x0000c385      0x563 libusb/lib/libusb_sam3s_rel.a(release-CDCDSerialDriver.o)
 .debug_info    0x0000c8e8      0x3cd libusb/lib/libusb_sam3s_rel.a(release-USBRequests.o)
 .debug_info    0x0000ccb5      0xc73 libusb/lib/libusb_sam3s_rel.a(release-CDCDSerialPort.o)
 .debug_info    0x0000d928      0x140 libusb/lib/libusb_sam3s_rel.a(release-CDCLineCoding.o)
 .debug_info    0x0000da68      0xe46 libchip/lib/libchip_sam3s4_rel.a(release-pio_it.o)
 .debug_info    0x0000e8ae      0x3f0 libchip/lib/libchip_sam3s4_rel.a(release-exceptions.o)
 .debug_info    0x0000ec9e      0xaa1 libchip/lib/libchip_sam3s4_rel.a(release-adc.o)
 .debug_info    0x0000f73f      0xa6c libchip/lib/libchip_sam3s4_rel.a(release-pio.o)
 .debug_info    0x000101ab      0x44d libchip/lib/libchip_sam3s4_rel.a(release-pmc.o)
 .debug_info    0x000105f8      0x488 libchip/lib/libchip_sam3s4_rel.a(release-tc.o)
 .debug_info    0x00010a80      0xe17 libchip/lib/libchip_sam3s4_rel.a(release-pwmc.o)
 .debug_info    0x00011897      0x7db libchip/lib/libchip_sam3s4_rel.a(release-pio_capture.o)

.debug_abbrev   0x00000000     0x2d10
 .debug_abbrev  0x00000000      0x10f build/obj/syscalls.o
 .debug_abbrev  0x0000010f       0xfb build/obj/system.o
 .debug_abbrev  0x0000020a      0x14f build/obj/uart_console.o
 .debug_abbrev  0x00000359      0x2f9 build/obj/usb_console.o
 .debug_abbrev  0x00000652      0x1d2 build/obj/led.o
 .debug_abbrev  0x00000824      0x1c3 build/obj/timetick.o
 .debug_abbrev  0x000009e7       0xf6 build/obj/startup.o
 .debug_abbrev  0x00000add       0xdc build/obj/usb_device_descriptor.o
 .debug_abbrev  0x00000bb9      0x29e build/obj/main.o
 .debug_abbrev  0x00000e57      0x161 build/obj/controller.o
 .debug_abbrev  0x00000fb8      0x3c3 libusb/lib/libusb_sam3s_rel.a(release-USBD_HAL.o)
 .debug_abbrev  0x0000137b      0x10a libusb/lib/libusb_sam3s_rel.a(release-USBDescriptors.o)
 .debug_abbrev  0x00001485      0x265 libusb/lib/libusb_sam3s_rel.a(release-USBD.o)
 .debug_abbrev  0x000016ea       0xb3 libusb/lib/libusb_sam3s_rel.a(release-USBDCallbacks.o)
 .debug_abbrev  0x0000179d      0x309 libusb/lib/libusb_sam3s_rel.a(release-USBDDriver.o)
 .debug_abbrev  0x00001aa6      0x192 libusb/lib/libusb_sam3s_rel.a(release-CDCDSerial.o)
 .debug_abbrev  0x00001c38       0x74 libusb/lib/libusb_sam3s_rel.a(release-USBDDriverCallbacks.o)
 .debug_abbrev  0x00001cac       0xf6 libusb/lib/libusb_sam3s_rel.a(release-CDCDSerialDriver.o)
 .debug_abbrev  0x00001da2       0xd0 libusb/lib/libusb_sam3s_rel.a(release-USBRequests.o)
 .debug_abbrev  0x00001e72      0x264 libusb/lib/libusb_sam3s_rel.a(release-CDCDSerialPort.o)
 .debug_abbrev  0x000020d6       0x95 libusb/lib/libusb_sam3s_rel.a(release-CDCLineCoding.o)
 .debug_abbrev  0x0000216b      0x256 libchip/lib/libchip_sam3s4_rel.a(release-pio_it.o)
 .debug_abbrev  0x000023c1       0x6e libchip/lib/libchip_sam3s4_rel.a(release-exceptions.o)
 .debug_abbrev  0x0000242f      0x1d3 libchip/lib/libchip_sam3s4_rel.a(release-adc.o)
 .debug_abbrev  0x00002602      0x1d5 libchip/lib/libchip_sam3s4_rel.a(release-pio.o)
 .debug_abbrev  0x000027d7       0xf4 libchip/lib/libchip_sam3s4_rel.a(release-pmc.o)
 .debug_abbrev  0x000028cb      0x131 libchip/lib/libchip_sam3s4_rel.a(release-tc.o)
 .debug_abbrev  0x000029fc      0x1b7 libchip/lib/libchip_sam3s4_rel.a(release-pwmc.o)
 .debug_abbrev  0x00002bb3      0x15d libchip/lib/libchip_sam3s4_rel.a(release-pio_capture.o)

.debug_loc      0x00000000     0x53c3
 .debug_loc     0x00000000      0x25c build/obj/syscalls.o
 .debug_loc     0x0000025c       0x64 build/obj/system.o
 .debug_loc     0x000002c0      0x150 build/obj/uart_console.o
 .debug_loc     0x00000410      0x39c build/obj/usb_console.o
 .debug_loc     0x000007ac      0x294 build/obj/led.o
 .debug_loc     0x00000a40      0x19c build/obj/timetick.o
 .debug_loc     0x00000bdc       0x38 build/obj/startup.o
 .debug_loc     0x00000c14      0x17c build/obj/main.o
 .debug_loc     0x00000d90      0x150 build/obj/controller.o
 .debug_loc     0x00000ee0     0x1666 libusb/lib/libusb_sam3s_rel.a(release-USBD_HAL.o)
 .debug_loc     0x00002546      0x2fe libusb/lib/libusb_sam3s_rel.a(release-USBDescriptors.o)
 .debug_loc     0x00002844      0x3db libusb/lib/libusb_sam3s_rel.a(release-USBD.o)
 .debug_loc     0x00002c1f       0x3e libusb/lib/libusb_sam3s_rel.a(release-USBDCallbacks.o)
 .debug_loc     0x00002c5d      0x776 libusb/lib/libusb_sam3s_rel.a(release-USBDDriver.o)
 .debug_loc     0x000033d3      0x369 libusb/lib/libusb_sam3s_rel.a(release-CDCDSerial.o)
 .debug_loc     0x0000373c       0xfe libusb/lib/libusb_sam3s_rel.a(release-CDCDSerialDriver.o)
 .debug_loc     0x0000383a      0x250 libusb/lib/libusb_sam3s_rel.a(release-USBRequests.o)
 .debug_loc     0x00003a8a      0x548 libusb/lib/libusb_sam3s_rel.a(release-CDCDSerialPort.o)
 .debug_loc     0x00003fd2       0x1f libusb/lib/libusb_sam3s_rel.a(release-CDCLineCoding.o)
 .debug_loc     0x00003ff1      0x2e3 libchip/lib/libchip_sam3s4_rel.a(release-pio_it.o)
 .debug_loc     0x000042d4      0x43d libchip/lib/libchip_sam3s4_rel.a(release-adc.o)
 .debug_loc     0x00004711      0x24d libchip/lib/libchip_sam3s4_rel.a(release-pio.o)
 .debug_loc     0x0000495e      0x102 libchip/lib/libchip_sam3s4_rel.a(release-pmc.o)
 .debug_loc     0x00004a60      0x1b9 libchip/lib/libchip_sam3s4_rel.a(release-tc.o)
 .debug_loc     0x00004c19      0x717 libchip/lib/libchip_sam3s4_rel.a(release-pwmc.o)
 .debug_loc     0x00005330       0x93 libchip/lib/libchip_sam3s4_rel.a(release-pio_capture.o)

.debug_aranges  0x00000000      0xc00
 .debug_aranges
                0x00000000       0x70 build/obj/syscalls.o
 .debug_aranges
                0x00000070       0x28 build/obj/system.o
 .debug_aranges
                0x00000098       0x48 build/obj/uart_console.o
 .debug_aranges
                0x000000e0       0xa8 build/obj/usb_console.o
 .debug_aranges
                0x00000188       0x78 build/obj/led.o
 .debug_aranges
                0x00000200       0x58 build/obj/timetick.o
 .debug_aranges
                0x00000258       0x20 build/obj/startup.o
 .debug_aranges
                0x00000278       0x50 build/obj/main.o
 .debug_aranges
                0x000002c8       0x48 build/obj/controller.o
 .debug_aranges
                0x00000310       0xd8 libusb/lib/libusb_sam3s_rel.a(release-USBD_HAL.o)
 .debug_aranges
                0x000003e8       0x80 libusb/lib/libusb_sam3s_rel.a(release-USBDescriptors.o)
 .debug_aranges
                0x00000468       0xb0 libusb/lib/libusb_sam3s_rel.a(release-USBD.o)
 .debug_aranges
                0x00000518       0x40 libusb/lib/libusb_sam3s_rel.a(release-USBDCallbacks.o)
 .debug_aranges
                0x00000558       0x58 libusb/lib/libusb_sam3s_rel.a(release-USBDDriver.o)
 .debug_aranges
                0x000005b0       0x78 libusb/lib/libusb_sam3s_rel.a(release-CDCDSerial.o)
 .debug_aranges
                0x00000628       0x28 libusb/lib/libusb_sam3s_rel.a(release-USBDDriverCallbacks.o)
 .debug_aranges
                0x00000650       0x30 libusb/lib/libusb_sam3s_rel.a(release-CDCDSerialDriver.o)
 .debug_aranges
                0x00000680       0x98 libusb/lib/libusb_sam3s_rel.a(release-USBRequests.o)
 .debug_aranges
                0x00000718       0x70 libusb/lib/libusb_sam3s_rel.a(release-CDCDSerialPort.o)
 .debug_aranges
                0x00000788       0x20 libusb/lib/libusb_sam3s_rel.a(release-CDCLineCoding.o)
 .debug_aranges
                0x000007a8       0x60 libchip/lib/libchip_sam3s4_rel.a(release-pio_it.o)
 .debug_aranges
                0x00000808      0x168 libchip/lib/libchip_sam3s4_rel.a(release-exceptions.o)
 .debug_aranges
                0x00000970       0xa0 libchip/lib/libchip_sam3s4_rel.a(release-adc.o)
 .debug_aranges
                0x00000a10       0x48 libchip/lib/libchip_sam3s4_rel.a(release-pio.o)
 .debug_aranges
                0x00000a58       0x40 libchip/lib/libchip_sam3s4_rel.a(release-pmc.o)
 .debug_aranges
                0x00000a98       0x38 libchip/lib/libchip_sam3s4_rel.a(release-tc.o)
 .debug_aranges
                0x00000ad0       0xe8 libchip/lib/libchip_sam3s4_rel.a(release-pwmc.o)
 .debug_aranges
                0x00000bb8       0x48 libchip/lib/libchip_sam3s4_rel.a(release-pio_capture.o)

.debug_ranges   0x00000000      0xd30
 .debug_ranges  0x00000000       0x60 build/obj/syscalls.o
 .debug_ranges  0x00000060       0x18 build/obj/system.o
 .debug_ranges  0x00000078       0x38 build/obj/uart_console.o
 .debug_ranges  0x000000b0       0x98 build/obj/usb_console.o
 .debug_ranges  0x00000148       0x68 build/obj/led.o
 .debug_ranges  0x000001b0       0x48 build/obj/timetick.o
 .debug_ranges  0x000001f8       0x10 build/obj/startup.o
 .debug_ranges  0x00000208       0x40 build/obj/main.o
 .debug_ranges  0x00000248       0x38 build/obj/controller.o
 .debug_ranges  0x00000280      0x308 libusb/lib/libusb_sam3s_rel.a(release-USBD_HAL.o)
 .debug_ranges  0x00000588       0x88 libusb/lib/libusb_sam3s_rel.a(release-USBDescriptors.o)
 .debug_ranges  0x00000610       0xa0 libusb/lib/libusb_sam3s_rel.a(release-USBD.o)
 .debug_ranges  0x000006b0       0x30 libusb/lib/libusb_sam3s_rel.a(release-USBDCallbacks.o)
 .debug_ranges  0x000006e0       0x78 libusb/lib/libusb_sam3s_rel.a(release-USBDDriver.o)
 .debug_ranges  0x00000758       0x68 libusb/lib/libusb_sam3s_rel.a(release-CDCDSerial.o)
 .debug_ranges  0x000007c0       0x18 libusb/lib/libusb_sam3s_rel.a(release-USBDDriverCallbacks.o)
 .debug_ranges  0x000007d8       0x20 libusb/lib/libusb_sam3s_rel.a(release-CDCDSerialDriver.o)
 .debug_ranges  0x000007f8       0x88 libusb/lib/libusb_sam3s_rel.a(release-USBRequests.o)
 .debug_ranges  0x00000880       0x78 libusb/lib/libusb_sam3s_rel.a(release-CDCDSerialPort.o)
 .debug_ranges  0x000008f8       0x10 libusb/lib/libusb_sam3s_rel.a(release-CDCLineCoding.o)
 .debug_ranges  0x00000908       0x88 libchip/lib/libchip_sam3s4_rel.a(release-pio_it.o)
 .debug_ranges  0x00000990      0x158 libchip/lib/libchip_sam3s4_rel.a(release-exceptions.o)
 .debug_ranges  0x00000ae8       0x90 libchip/lib/libchip_sam3s4_rel.a(release-adc.o)
 .debug_ranges  0x00000b78       0x50 libchip/lib/libchip_sam3s4_rel.a(release-pio.o)
 .debug_ranges  0x00000bc8       0x30 libchip/lib/libchip_sam3s4_rel.a(release-pmc.o)
 .debug_ranges  0x00000bf8       0x28 libchip/lib/libchip_sam3s4_rel.a(release-tc.o)
 .debug_ranges  0x00000c20       0xd8 libchip/lib/libchip_sam3s4_rel.a(release-pwmc.o)
 .debug_ranges  0x00000cf8       0x38 libchip/lib/libchip_sam3s4_rel.a(release-pio_capture.o)

.debug_line     0x00000000     0x3d64
 .debug_line    0x00000000      0x1b7 build/obj/syscalls.o
 .debug_line    0x000001b7      0x155 build/obj/system.o
 .debug_line    0x0000030c      0x180 build/obj/uart_console.o
 .debug_line    0x0000048c      0x3de build/obj/usb_console.o
 .debug_line    0x0000086a      0x213 build/obj/led.o
 .debug_line    0x00000a7d      0x184 build/obj/timetick.o
 .debug_line    0x00000c01      0x105 build/obj/startup.o
 .debug_line    0x00000d06      0x11c build/obj/usb_device_descriptor.o
 .debug_line    0x00000e22      0x359 build/obj/main.o
 .debug_line    0x0000117b      0x1ab build/obj/controller.o
 .debug_line    0x00001326      0x72d libusb/lib/libusb_sam3s_rel.a(release-USBD_HAL.o)
 .debug_line    0x00001a53      0x1d4 libusb/lib/libusb_sam3s_rel.a(release-USBDescriptors.o)
 .debug_line    0x00001c27      0x31f libusb/lib/libusb_sam3s_rel.a(release-USBD.o)
 .debug_line    0x00001f46      0x10a libusb/lib/libusb_sam3s_rel.a(release-USBDCallbacks.o)
 .debug_line    0x00002050      0x313 libusb/lib/libusb_sam3s_rel.a(release-USBDDriver.o)
 .debug_line    0x00002363      0x1f8 libusb/lib/libusb_sam3s_rel.a(release-CDCDSerial.o)
 .debug_line    0x0000255b       0xc3 libusb/lib/libusb_sam3s_rel.a(release-USBDDriverCallbacks.o)
 .debug_line    0x0000261e      0x120 libusb/lib/libusb_sam3s_rel.a(release-CDCDSerialDriver.o)