Archive member included because of file (symbol)

/usr/local/lib64/gcc/arm-none-eabi/4.5.2/../../../../arm-none-eabi/lib/libc.a(lib_a-atexit.o)
                              /usr/local/lib64/gcc/arm-none-eabi/4.5.2/../../../../arm-none-eabi/lib/crt0.o (atexit)
/usr/local/lib64/gcc/arm-none-eabi/4.5.2/../../../../arm-none-eabi/lib/libc.a(lib_a-__atexit.o)
                              /usr/local/lib64/gcc/arm-none-eabi/4.5.2/../../../../arm-none-eabi/lib/libc.a(lib_a-atexit.o) (__register_exitproc)
/usr/local/lib64/gcc/arm-none-eabi/4.5.2/../../../../arm-none-eabi/lib/libc.a(lib_a-exit.o)
                              /usr/local/lib64/gcc/arm-none-eabi/4.5.2/../../../../arm-none-eabi/lib/crt0.o (exit)
/usr/local/lib64/gcc/arm-none-eabi/4.5.2/../../../../arm-none-eabi/lib/libc.a(lib_a-fini.o)
                              /usr/local/lib64/gcc/arm-none-eabi/4.5.2/../../../../arm-none-eabi/lib/crt0.o (__libc_fini_array)
/usr/local/lib64/gcc/arm-none-eabi/4.5.2/../../../../arm-none-eabi/lib/libc.a(lib_a-impure.o)
                              /usr/local/lib64/gcc/arm-none-eabi/4.5.2/../../../../arm-none-eabi/lib/libc.a(lib_a-__atexit.o) (_global_impure_ptr)
/usr/local/lib64/gcc/arm-none-eabi/4.5.2/../../../../arm-none-eabi/lib/libc.a(lib_a-init.o)
                              /usr/local/lib64/gcc/arm-none-eabi/4.5.2/../../../../arm-none-eabi/lib/crt0.o (__libc_init_array)
/usr/local/lib64/gcc/arm-none-eabi/4.5.2/../../../../arm-none-eabi/lib/libc.a(lib_a-memset.o)
                              /usr/local/lib64/gcc/arm-none-eabi/4.5.2/../../../../arm-none-eabi/lib/crt0.o (memset)
/usr/local/lib64/gcc/arm-none-eabi/4.5.2/../../../../arm-none-eabi/lib/libc.a(lib_a-__call_atexit.o)
                              /usr/local/lib64/gcc/arm-none-eabi/4.5.2/../../../../arm-none-eabi/lib/libc.a(lib_a-exit.o) (__call_exitprocs)
libusb/lib/libusb_sam3s_rel.a(release-USBD_HAL.o)
                              build/obj/startup.o (USBD_IrqHandler)
libusb/lib/libusb_sam3s_rel.a(release-USBDescriptors.o)
                              libusb/lib/libusb_sam3s_rel.a(release-USBD_HAL.o) (USBEndpointDescriptor_GetNumber)
libusb/lib/libusb_sam3s_rel.a(release-USBD.o)
                              libusb/lib/libusb_sam3s_rel.a(release-USBD_HAL.o) (USBD_SuspendHandler)
libusb/lib/libusb_sam3s_rel.a(release-USBDCallbacks.o)
                              libusb/lib/libusb_sam3s_rel.a(release-USBD.o) (USBDCallbacks_Reset)
libusb/lib/libusb_sam3s_rel.a(release-USBDDriver.o)
                              libusb/lib/libusb_sam3s_rel.a(release-USBDCallbacks.o) (USBD_GetDriver)
libusb/lib/libusb_sam3s_rel.a(release-CDCDSerial.o)
                              build/obj/usb_console.o (CDCDSerial_Read)
libusb/lib/libusb_sam3s_rel.a(release-USBDDriverCallbacks.o)
                              libusb/lib/libusb_sam3s_rel.a(release-USBDDriver.o) (USBDDriverCallbacks_InterfaceSettingChanged)
libusb/lib/libusb_sam3s_rel.a(release-CDCDSerialDriver.o)
                              build/obj/usb_console.o (CDCDSerialDriver_Initialize)
libusb/lib/libusb_sam3s_rel.a(release-USBRequests.o)
                              libusb/lib/libusb_sam3s_rel.a(release-USBDDriver.o) (USBGenericRequest_GetRequest)
libusb/lib/libusb_sam3s_rel.a(release-CDCDSerialPort.o)
                              libusb/lib/libusb_sam3s_rel.a(release-CDCDSerial.o) (CDCDSerialPort_Initialize)
libusb/lib/libusb_sam3s_rel.a(release-CDCLineCoding.o)
                              libusb/lib/libusb_sam3s_rel.a(release-CDCDSerialPort.o) (CDCLineCoding_Initialize)
libchip/lib/libchip_sam3s4_rel.a(release-pio_it.o)
                              build/obj/startup.o (PIOA_IrqHandler)
libchip/lib/libchip_sam3s4_rel.a(release-exceptions.o)
                              build/obj/startup.o (IrqHandlerNotUsed)
libchip/lib/libchip_sam3s4_rel.a(release-adc.o)
                              build/obj/input.o (ADC_Initialize)
libchip/lib/libchip_sam3s4_rel.a(release-pio.o)
                              build/obj/uart_console.o (PIO_Configure)
libchip/lib/libchip_sam3s4_rel.a(release-pmc.o)
                              build/obj/input.o (PMC_EnablePeripheral)
libchip/lib/libchip_sam3s4_rel.a(release-tc.o)
                              build/obj/input.o (TC_Configure)
libchip/lib/libchip_sam3s4_rel.a(release-pio_capture.o)
                              libchip/lib/libchip_sam3s4_rel.a(release-pio_it.o) (PIO_CaptureHandler)
/usr/local/lib64/gcc/arm-none-eabi/4.5.2/../../../../arm-none-eabi/lib/libg.a(lib_a-assert.o)
                              build/obj/led.o (__assert_func)
/usr/local/lib64/gcc/arm-none-eabi/4.5.2/../../../../arm-none-eabi/lib/libg.a(lib_a-fiprintf.o)
                              build/obj/usb_console.o (fiprintf)
/usr/local/lib64/gcc/arm-none-eabi/4.5.2/../../../../arm-none-eabi/lib/libg.a(lib_a-gets.o)
                              build/obj/main.o (gets)
/usr/local/lib64/gcc/arm-none-eabi/4.5.2/../../../../arm-none-eabi/lib/libg.a(lib_a-iprintf.o)
[...]
Memory Configuration

Name             Origin             Length             Attributes
rom              0x0000000000400000 0x0000000000040000 xr
ram              0x0000000020000000 0x000000000000c000 xrw
*default*        0x0000000000000000 0xffffffffffffffff

Linker script and memory map

LOAD /usr/local/lib64/gcc/arm-none-eabi/4.5.2/thumb/v7/crti.o
LOAD /usr/local/lib64/gcc/arm-none-eabi/4.5.2/thumb/v7/crtbegin.o
LOAD /usr/local/lib64/gcc/arm-none-eabi/4.5.2/../../../../arm-none-eabi/lib/crt0.o
START GROUP
LOAD /usr/local/lib64/gcc/arm-none-eabi/4.5.2/thumb/v7/libgcc.a
LOAD /usr/local/lib64/gcc/arm-none-eabi/4.5.2/../../../../arm-none-eabi/lib/libc.a
END GROUP
LOAD build/obj/syscalls.o
LOAD build/obj/system.o
LOAD build/obj/uart_console.o
LOAD build/obj/usb_console.o
LOAD build/obj/led.o
LOAD build/obj/timetick.o
LOAD build/obj/startup.o
LOAD build/obj/usb_device_descriptor.o
LOAD build/obj/main.o
LOAD build/obj/input.o
LOAD libusb/lib/libusb_sam3s_rel.a
LOAD libchip/lib/libchip_sam3s4_rel.a
START GROUP
LOAD /usr/local/lib64/gcc/arm-none-eabi/4.5.2/thumb/v7/libgcc.a
LOAD /usr/local/lib64/gcc/arm-none-eabi/4.5.2/../../../../arm-none-eabi/lib/libg.a
LOAD /usr/local/lib64/gcc/arm-none-eabi/4.5.2/../../../../arm-none-eabi/lib/libc.a
END GROUP
LOAD /usr/local/lib64/gcc/arm-none-eabi/4.5.2/thumb/v7/crtend.o
LOAD /usr/local/lib64/gcc/arm-none-eabi/4.5.2/thumb/v7/crtn.o

.text           0x0000000000400000     0xa678
                0x0000000000400000                . = ALIGN (0x4)
                0x0000000000400000                _sfixed = .
 *(.vectors .vectors.*)
 .vectors       0x0000000000400000       0xd0 build/obj/startup.o
                0x0000000000400000                exception_table
 *(.text .text.* .gnu.linkonce.t.*)
 .text          0x00000000004000d0       0x30 /usr/local/lib64/gcc/arm-none-eabi/4.5.2/thumb/v7/crtbegin.o
 .text          0x0000000000400100       0xf0 /usr/local/lib64/gcc/arm-none-eabi/4.5.2/../../../../arm-none-eabi/lib/libc.a(lib_a-memset.o)
                0x0000000000400100                memset
 .text._read    0x00000000004001f0       0x54 build/obj/syscalls.o
                0x00000000004001f0                _read
 .text._write   0x0000000000400244       0x54 build/obj/syscalls.o
                0x0000000000400244                _write
 .text._sbrk    0x0000000000400298       0x5c build/obj/syscalls.o
                0x0000000000400298                _sbrk
 .text._isatty  0x00000000004002f4       0x28 build/obj/syscalls.o
                0x00000000004002f4                _isatty
 .text._exit    0x000000000040031c       0x18 build/obj/syscalls.o
                0x000000000040031c                _exit
 .text._lseek   0x0000000000400334       0x1c build/obj/syscalls.o
                0x0000000000400334                _lseek
 .text._kill    0x0000000000400350       0x28 build/obj/syscalls.o
                0x0000000000400350                _kill
 .text._getpid  0x0000000000400378       0x10 build/obj/syscalls.o
                0x0000000000400378                _getpid
 .text._close   0x0000000000400388       0x18 build/obj/syscalls.o
                0x0000000000400388                _close
 .text._fstat   0x00000000004003a0       0x24 build/obj/syscalls.o
                0x00000000004003a0                _fstat
 .text.SystemCoreClockUpdate
                0x00000000004003c4       0x1c build/obj/system.o
                0x00000000004003c4                SystemCoreClockUpdate
 .text.SystemInit
                0x00000000004003e0      0x1dc build/obj/system.o
                0x00000000004003e0                SystemInit
 .text.UART_Configure
                0x00000000004005bc       0x8c build/obj/uart_console.o
                0x00000000004005bc                UART_Configure
 .text.UART_Put
                0x0000000000400648       0x78 build/obj/uart_console.o
                0x0000000000400648                UART_Put
 .text.UART_Get
                0x00000000004006c0       0x70 build/obj/uart_console.o
                0x00000000004006c0                UART_Get
 .text.UART_Puts
                0x0000000000400730       0x50 build/obj/uart_console.o
                0x0000000000400730                UART_Puts
 .text.UART_Gets
                0x0000000000400780       0x54 build/obj/uart_console.o
                0x0000000000400780                UART_Gets
 .text.CDCDSerialDriver_Write
                0x00000000004007d4       0x28 build/obj/usb_console.o
 .text.CDCDSerialDriver_Read
                0x00000000004007fc       0x28 build/obj/usb_console.o
 .text.NVIC_EnableIRQ
                0x0000000000400824       0x38 build/obj/usb_console.o
 .text.ISR_Vbus
                0x000000000040085c       0x60 build/obj/usb_console.o
 .text.VBus_Configure
                0x00000000004008bc       0x54 build/obj/usb_console.o
 .text.ConfigureUsbClock
                0x0000000000400910       0x40 build/obj/usb_console.o
 .text.USBDCallbacks_Initialized
                0x0000000000400950       0x10 build/obj/usb_console.o
                0x0000000000400950                USBDCallbacks_Initialized
 .text.USBDDriverCallbacks_ConfigurationChanged
                0x0000000000400960       0x1c build/obj/usb_console.o
                0x0000000000400960                USBDDriverCallbacks_ConfigurationChanged
 .text.USBDCallbacks_RequestReceived
                0x000000000040097c       0x18 build/obj/usb_console.o
                0x000000000040097c                USBDCallbacks_RequestReceived
 .text.UsbWriteDone
                0x0000000000400994       0x48 build/obj/usb_console.o
 .text.UsbReadDone
                0x00000000004009dc       0x48 build/obj/usb_console.o
 .text.USBC_isConfigured
                0x0000000000400a24       0x68 build/obj/usb_console.o
                0x0000000000400a24                USBC_isConfigured
 .text.USBC_hasData
                0x0000000000400a8c       0x20 build/obj/usb_console.o
                0x0000000000400a8c                USBC_hasData
 .text.USBC_Configure
                0x0000000000400aac       0x3c build/obj/usb_console.o
                0x0000000000400aac                USBC_Configure
 .text.USBC_StartListening
                0x0000000000400ae8       0x50 build/obj/usb_console.o
                0x0000000000400ae8                USBC_StartListening
 .text.USBC_Gets
                0x0000000000400b38      0x100 build/obj/usb_console.o
                0x0000000000400b38                USBC_Gets
 .text.USBC_Puts
                0x0000000000400c38       0xb8 build/obj/usb_console.o
                0x0000000000400c38                USBC_Puts
 .text.blinkhandler
                0x0000000000400cf0       0x84 build/obj/led.o
                0x0000000000400cf0                blinkhandler
 .text.LEDs_configure
                0x0000000000400d74       0x18 build/obj/led.o
                0x0000000000400d74                LEDs_configure
 .text.LED_tgl  0x0000000000400d8c       0x90 build/obj/led.o
                0x0000000000400d8c                LED_tgl
 .text.LED_clr  0x0000000000400e1c       0x7c build/obj/led.o
                0x0000000000400e1c                LED_clr
 .text.LED_blink
                0x0000000000400e98       0x3c build/obj/led.o
                0x0000000000400e98                LED_blink
 .text.LED_blinkstop
                0x0000000000400ed4       0x28 build/obj/led.o
                0x0000000000400ed4                LED_blinkstop
 .text.LED_blinking
                0x0000000000400efc       0x28 build/obj/led.o
                0x0000000000400efc                LED_blinking
 .text.NVIC_SetPriority
                0x0000000000400f24       0x5c build/obj/timetick.o
 .text.SysTick_Config
                0x0000000000400f80       0x64 build/obj/timetick.o
 .text.SysTick_Handler
                0x0000000000400fe4       0x30 build/obj/timetick.o
                0x0000000000400fe4                SysTick_Handler
 .text.TimeTick_Configure
                0x0000000000401014       0x3c build/obj/timetick.o
                0x0000000000401014                TimeTick_Configure
 .text.GetTickCount
                0x0000000000401050       0x18 build/obj/timetick.o
                0x0000000000401050                GetTickCount
 .text.ResetException
                0x0000000000401068       0xd0 build/obj/startup.o
                0x0000000000401068                ResetException
 .text.main     0x0000000000401138      0x230 build/obj/main.o
                0x0000000000401138                main
 .text.do_press
                0x0000000000401368       0x48 build/obj/main.o
                0x0000000000401368                do_press
 .text.do_hold  0x00000000004013b0       0x30 build/obj/main.o
                0x00000000004013b0                do_hold
 .text.do_vent  0x00000000004013e0       0x48 build/obj/main.o
                0x00000000004013e0                do_vent
 .text.enter    0x0000000000401428       0xf0 build/obj/main.o
                0x0000000000401428                enter
 .text.NVIC_EnableIRQ
                0x0000000000401518       0x38 build/obj/input.o
 .text.NVIC_SetPriority
                0x0000000000401550       0x5c build/obj/input.o
 .text.TC0_IrqHandler
                0x00000000004015ac       0x2c build/obj/input.o
                0x00000000004015ac                TC0_IrqHandler
 .text.ADC_IrqHandler
                0x00000000004015d8       0xf4 build/obj/input.o
                0x00000000004015d8                ADC_IrqHandler
 .text.input_init
                0x00000000004016cc      0x120 build/obj/input.o
                0x00000000004016cc                input_init
 .text.UDP_EndOfTransfer
                0x00000000004017ec       0x70 libusb/lib/libusb_sam3s_rel.a(release-USBD_HAL.o)
 .text.UDP_ClearRxFlag
                0x000000000040185c       0x80 libusb/lib/libusb_sam3s_rel.a(release-USBD_HAL.o)
 .text.UDP_WritePayload
                0x00000000004018dc       0x44 libusb/lib/libusb_sam3s_rel.a(release-USBD_HAL.o)
 .text.UDP_EnablePeripheralClock
                0x0000000000401920       0x20 libusb/lib/libusb_sam3s_rel.a(release-USBD_HAL.o)
 .text.UDP_MblWriteFifo
                0x0000000000401940      0x128 libusb/lib/libusb_sam3s_rel.a(release-USBD_HAL.o)
 .text.USBD_IrqHandler
                0x0000000000401a68      0x5f8 libusb/lib/libusb_sam3s_rel.a(release-USBD_HAL.o)
                0x0000000000401a68                USBD_IrqHandler
 .text.USBD_HAL_ResetEPs
                0x0000000000402060       0xc0 libusb/lib/libusb_sam3s_rel.a(release-USBD_HAL.o)
                0x0000000000402060                USBD_HAL_ResetEPs
 .text.USBD_HAL_CancelIo
                0x0000000000402120       0x54 libusb/lib/libusb_sam3s_rel.a(release-USBD_HAL.o)
                0x0000000000402120                USBD_HAL_CancelIo
 .text.USBD_HAL_ConfigureEP
                0x0000000000402174       0xf0 libusb/lib/libusb_sam3s_rel.a(release-USBD_HAL.o)
                0x0000000000402174                USBD_HAL_ConfigureEP
 .text.USBD_HAL_SetTransferCallback
                0x0000000000402264       0x20 libusb/lib/libusb_sam3s_rel.a(release-USBD_HAL.o)
                0x0000000000402264                USBD_HAL_SetTransferCallback
 .text.USBD_HAL_Write
                0x0000000000402284      0x188 libusb/lib/libusb_sam3s_rel.a(release-USBD_HAL.o)
                0x0000000000402284                USBD_HAL_Write
 .text.USBD_HAL_Read
                0x000000000040240c       0x40 libusb/lib/libusb_sam3s_rel.a(release-USBD_HAL.o)
                0x000000000040240c                USBD_HAL_Read
 .text.USBD_HAL_Connect
                0x000000000040244c       0x28 libusb/lib/libusb_sam3s_rel.a(release-USBD_HAL.o)
                0x000000000040244c                USBD_HAL_Connect
 .text.USBD_HAL_Disconnect
                0x0000000000402474       0x28 libusb/lib/libusb_sam3s_rel.a(release-USBD_HAL.o)
                0x0000000000402474                USBD_HAL_Disconnect
 .text.USBD_HAL_SetAddress
                0x000000000040249c       0x1c libusb/lib/libusb_sam3s_rel.a(release-USBD_HAL.o)
                0x000000000040249c                USBD_HAL_SetAddress
 .text.USBD_HAL_SetConfiguration
                0x00000000004024b8       0x18 libusb/lib/libusb_sam3s_rel.a(release-USBD_HAL.o)
                0x00000000004024b8                USBD_HAL_SetConfiguration
 .text.USBD_HAL_Init
                0x00000000004024d0       0x40 libusb/lib/libusb_sam3s_rel.a(release-USBD_HAL.o)
                0x00000000004024d0                USBD_HAL_Init
 .text.USBD_HAL_Stall
                0x0000000000402510       0x60 libusb/lib/libusb_sam3s_rel.a(release-USBD_HAL.o)
                0x0000000000402510                USBD_HAL_Stall
 .text.USBD_HAL_Halt
                0x0000000000402570       0xc4 libusb/lib/libusb_sam3s_rel.a(release-USBD_HAL.o)
                0x0000000000402570                USBD_HAL_Halt
 .text.USBD_HAL_IsHighSpeed
                0x0000000000402634        0x4 libusb/lib/libusb_sam3s_rel.a(release-USBD_HAL.o)
                0x0000000000402634                USBD_HAL_IsHighSpeed
 .text.USBD_HAL_Suspend
                0x0000000000402638       0x28 libusb/lib/libusb_sam3s_rel.a(release-USBD_HAL.o)
                0x0000000000402638                USBD_HAL_Suspend
 .text.USBD_HAL_Activate
                0x0000000000402660       0x24 libusb/lib/libusb_sam3s_rel.a(release-USBD_HAL.o)
                0x0000000000402660                USBD_HAL_Activate
 .text.USBGenericDescriptor_GetLength
                0x0000000000402684        0x4 libusb/lib/libusb_sam3s_rel.a(release-USBDescriptors.o)
                0x0000000000402684                USBGenericDescriptor_GetLength
 .text.USBGenericDescriptor_GetType
                0x0000000000402688        0x4 libusb/lib/libusb_sam3s_rel.a(release-USBDescriptors.o)
                0x0000000000402688                USBGenericDescriptor_GetType
 .text.USBGenericDescriptor_GetNextDescriptor
                0x000000000040268c       0x10 libusb/lib/libusb_sam3s_rel.a(release-USBDescriptors.o)
                0x000000000040268c                USBGenericDescriptor_GetNextDescriptor
 .text.USBGenericDescriptor_Parse
                0x000000000040269c       0x4c libusb/lib/libusb_sam3s_rel.a(release-USBDescriptors.o)
                0x000000000040269c                USBGenericDescriptor_Parse
 .text.USBEndpointDescriptor_GetNumber
                0x00000000004026e8        0x8 libusb/lib/libusb_sam3s_rel.a(release-USBDescriptors.o)
                0x00000000004026e8                USBEndpointDescriptor_GetNumber
 .text.USBEndpointDescriptor_GetDirection
                0x00000000004026f0        0x6 libusb/lib/libusb_sam3s_rel.a(release-USBDescriptors.o)
                0x00000000004026f0                USBEndpointDescriptor_GetDirection
 .text.USBEndpointDescriptor_GetType
                0x00000000004026f6        0x8 libusb/lib/libusb_sam3s_rel.a(release-USBDescriptors.o)
                0x00000000004026f6                USBEndpointDescriptor_GetType
 .text.USBEndpointDescriptor_GetMaxPacketSize
                0x00000000004026fe        0x4 libusb/lib/libusb_sam3s_rel.a(release-USBDescriptors.o)
                0x00000000004026fe                USBEndpointDescriptor_GetMaxPacketSize
 .text.USBConfigurationDescriptor_GetTotalLength
                0x0000000000402702        0x4 libusb/lib/libusb_sam3s_rel.a(release-USBDescriptors.o)
                0x0000000000402702                USBConfigurationDescriptor_GetTotalLength
 .text.USBConfigurationDescriptor_IsSelfPowered
                0x0000000000402706        0x8 libusb/lib/libusb_sam3s_rel.a(release-USBDescriptors.o)
                0x0000000000402706                USBConfigurationDescriptor_IsSelfPowered
 *fill*         0x000000000040270e        0x2 00
 .text.USBConfigurationDescriptor_Parse
                0x0000000000402710       0x78 libusb/lib/libusb_sam3s_rel.a(release-USBDescriptors.o)
                0x0000000000402710                USBConfigurationDescriptor_Parse
 .text.USBD_SuspendHandler
                0x0000000000402788       0x24 libusb/lib/libusb_sam3s_rel.a(release-USBD.o)
                0x0000000000402788                USBD_SuspendHandler
 .text.USBD_ResumeHandler
                0x00000000004027ac       0x28 libusb/lib/libusb_sam3s_rel.a(release-USBD.o)
                0x00000000004027ac                USBD_ResumeHandler
 .text.USBD_RequestHandler
                0x00000000004027d4       0x2c libusb/lib/libusb_sam3s_rel.a(release-USBD.o)
                0x00000000004027d4                USBD_RequestHandler
 .text.USBD_ConfigureEndpoint
                0x0000000000402800        0xc libusb/lib/libusb_sam3s_rel.a(release-USBD.o)
                0x0000000000402800                USBD_ConfigureEndpoint
 .text.USBD_ResetHandler
                0x000000000040280c       0x38 libusb/lib/libusb_sam3s_rel.a(release-USBD.o)
                0x000000000040280c                USBD_ResetHandler
 .text.USBD_Write
                0x0000000000402844       0x24 libusb/lib/libusb_sam3s_rel.a(release-USBD.o)
                0x0000000000402844                USBD_Write
 .text.USBD_Read
                0x0000000000402868       0x24 libusb/lib/libusb_sam3s_rel.a(release-USBD.o)
                0x0000000000402868                USBD_Read
 .text.USBD_Halt
                0x000000000040288c       0x10 libusb/lib/libusb_sam3s_rel.a(release-USBD.o)
                0x000000000040288c                USBD_Halt
 .text.USBD_Unhalt
                0x000000000040289c       0x10 libusb/lib/libusb_sam3s_rel.a(release-USBD.o)
                0x000000000040289c                USBD_Unhalt
 .text.USBD_IsHighSpeed
                0x00000000004028ac        0xc libusb/lib/libusb_sam3s_rel.a(release-USBD.o)
                0x00000000004028ac                USBD_IsHighSpeed
 .text.USBD_Stall
                0x00000000004028b8        0xc libusb/lib/libusb_sam3s_rel.a(release-USBD.o)
                0x00000000004028b8                USBD_Stall
 .text.USBD_SetAddress
                0x00000000004028c4       0x20 libusb/lib/libusb_sam3s_rel.a(release-USBD.o)
                0x00000000004028c4                USBD_SetAddress
 .text.USBD_SetConfiguration
                0x00000000004028e4       0x30 libusb/lib/libusb_sam3s_rel.a(release-USBD.o)
                0x00000000004028e4                USBD_SetConfiguration
 .text.USBD_Connect
                0x0000000000402914        0xc libusb/lib/libusb_sam3s_rel.a(release-USBD.o)
                0x0000000000402914                USBD_Connect
 .text.USBD_Disconnect
                0x0000000000402920       0x28 libusb/lib/libusb_sam3s_rel.a(release-USBD.o)
                0x0000000000402920                USBD_Disconnect
 .text.USBD_Init
                0x0000000000402948       0x24 libusb/lib/libusb_sam3s_rel.a(release-USBD.o)
                0x0000000000402948                USBD_Init
 .text.USBD_GetState
                0x000000000040296c        0xc libusb/lib/libusb_sam3s_rel.a(release-USBD.o)
                0x000000000040296c                USBD_GetState
 .text.USBDCallbacks_Reset
                0x0000000000402978        0x2 libusb/lib/libusb_sam3s_rel.a(release-USBDCallbacks.o)
                0x0000000000402978                USBDCallbacks_Reset
 .text.USBDCallbacks_Suspended
                0x000000000040297a        0x2 libusb/lib/libusb_sam3s_rel.a(release-USBDCallbacks.o)
                0x000000000040297a                USBDCallbacks_Suspended
 .text.USBDCallbacks_Resumed
                0x000000000040297c        0x2 libusb/lib/libusb_sam3s_rel.a(release-USBDCallbacks.o)
                0x000000000040297c                USBDCallbacks_Resumed
 *fill*         0x000000000040297e        0x2 00
 .text.TerminateCtrlInWithNull
                0x0000000000402980       0x18 libusb/lib/libusb_sam3s_rel.a(release-USBDDriver.o)
 .text.USBD_GetDriver
                0x0000000000402998        0x8 libusb/lib/libusb_sam3s_rel.a(release-USBDDriver.o)
                0x0000000000402998                USBD_GetDriver
 .text.USBDDriver_Initialize
                0x00000000004029a0        0xc libusb/lib/libusb_sam3s_rel.a(release-USBDDriver.o)
                0x00000000004029a0                USBDDriver_Initialize
 .text.USBDDriver_GetCfgDescriptors
                0x00000000004029ac       0x18 libusb/lib/libusb_sam3s_rel.a(release-USBDDriver.o)
                0x00000000004029ac                USBDDriver_GetCfgDescriptors
 .text.USBDDriver_RequestHandler
                0x00000000004029c4      0x3f0 libusb/lib/libusb_sam3s_rel.a(release-USBDDriver.o)
                0x00000000004029c4                USBDDriver_RequestHandler
 .text.CDCDSerial_Initialize
                0x0000000000402db4       0x24 libusb/lib/libusb_sam3s_rel.a(release-CDCDSerial.o)
                0x0000000000402db4                CDCDSerial_Initialize
 .text.CDCDSerial_ConfigureFunction
                0x0000000000402dd8       0x18 libusb/lib/libusb_sam3s_rel.a(release-CDCDSerial.o)
                0x0000000000402dd8                CDCDSerial_ConfigureFunction
 .text.CDCDSerial_RequestHandler
                0x0000000000402df0       0x14 libusb/lib/libusb_sam3s_rel.a(release-CDCDSerial.o)
                0x0000000000402df0                CDCDSerial_RequestHandler
 .text.CDCDSerial_Read
                0x0000000000402e04       0x20 libusb/lib/libusb_sam3s_rel.a(release-CDCDSerial.o)
                0x0000000000402e04                CDCDSerial_Read
 .text.CDCDSerial_Write
                0x0000000000402e24       0x20 libusb/lib/libusb_sam3s_rel.a(release-CDCDSerial.o)
                0x0000000000402e24                CDCDSerial_Write
 .text.CDCDSerial_LineCodingIsToChange
                0x0000000000402e44        0x4 libusb/lib/libusb_sam3s_rel.a(release-CDCDSerial.o)
                0x0000000000402e44                CDCDSerial_LineCodingIsToChange
 .text.CDCDSerial_ControlLineStateChanged
                0x0000000000402e48        0x2 libusb/lib/libusb_sam3s_rel.a(release-CDCDSerial.o)
                0x0000000000402e48                CDCDSerial_ControlLineStateChanged
 *fill*         0x0000000000402e4a        0x2 00
 .text.CDCDSerial_EventHandler
                0x0000000000402e4c       0x34 libusb/lib/libusb_sam3s_rel.a(release-CDCDSerial.o)
 .text.USBDDriverCallbacks_InterfaceSettingChanged
                0x0000000000402e80        0x2 libusb/lib/libusb_sam3s_rel.a(release-USBDDriverCallbacks.o)
                0x0000000000402e80                USBDDriverCallbacks_InterfaceSettingChanged
 *fill*         0x0000000000402e82        0x2 00
 .text.CDCDSerialDriver_Initialize
                0x0000000000402e84       0x30 libusb/lib/libusb_sam3s_rel.a(release-CDCDSerialDriver.o)
                0x0000000000402e84                CDCDSerialDriver_Initialize
 .text.CDCDSerialDriver_ConfigurationChangedHandler
                0x0000000000402eb4       0x24 libusb/lib/libusb_sam3s_rel.a(release-CDCDSerialDriver.o)
                0x0000000000402eb4                CDCDSerialDriver_ConfigurationChangedHandler
 .text.CDCDSerialDriver_RequestHandler
                0x0000000000402ed8       0x28 libusb/lib/libusb_sam3s_rel.a(release-CDCDSerialDriver.o)
                0x0000000000402ed8                CDCDSerialDriver_RequestHandler
 .text.USBGenericRequest_GetType
                0x0000000000402f00        0xa libusb/lib/libusb_sam3s_rel.a(release-USBRequests.o)
                0x0000000000402f00                USBGenericRequest_GetType
 .text.USBGenericRequest_GetRequest
                0x0000000000402f0a        0x4 libusb/lib/libusb_sam3s_rel.a(release-USBRequests.o)
                0x0000000000402f0a                USBGenericRequest_GetRequest
 .text.USBGenericRequest_GetValue
                0x0000000000402f0e        0x4 libusb/lib/libusb_sam3s_rel.a(release-USBRequests.o)
                0x0000000000402f0e                USBGenericRequest_GetValue
 .text.USBGenericRequest_GetIndex
                0x0000000000402f12        0x4 libusb/lib/libusb_sam3s_rel.a(release-USBRequests.o)
                0x0000000000402f12                USBGenericRequest_GetIndex
 .text.USBGenericRequest_GetLength
                0x0000000000402f16        0x4 libusb/lib/libusb_sam3s_rel.a(release-USBRequests.o)
                0x0000000000402f16                USBGenericRequest_GetLength
 *fill*         0x0000000000402f1a        0x2 00
 .text.USBGenericRequest_GetEndpointNumber
                0x0000000000402f1c       0x10 libusb/lib/libusb_sam3s_rel.a(release-USBRequests.o)
                0x0000000000402f1c                USBGenericRequest_GetEndpointNumber
 .text.USBGenericRequest_GetRecipient
                0x0000000000402f2c        0x8 libusb/lib/libusb_sam3s_rel.a(release-USBRequests.o)
                0x0000000000402f2c                USBGenericRequest_GetRecipient
 .text.USBGenericRequest_GetDirection
                0x0000000000402f34        0x6 libusb/lib/libusb_sam3s_rel.a(release-USBRequests.o)
                0x0000000000402f34                USBGenericRequest_GetDirection
 *fill*         0x0000000000402f3a        0x2 00
 .text.USBGetDescriptorRequest_GetDescriptorType
                0x0000000000402f3c       0x10 libusb/lib/libusb_sam3s_rel.a(release-USBRequests.o)
                0x0000000000402f3c                USBGetDescriptorRequest_GetDescriptorType
 .text.USBGetDescriptorRequest_GetDescriptorIndex
                0x0000000000402f4c       0x10 libusb/lib/libusb_sam3s_rel.a(release-USBRequests.o)
                0x0000000000402f4c                USBGetDescriptorRequest_GetDescriptorIndex
 .text.USBSetAddressRequest_GetAddress
                0x0000000000402f5c       0x10 libusb/lib/libusb_sam3s_rel.a(release-USBRequests.o)
                0x0000000000402f5c                USBSetAddressRequest_GetAddress
 .text.USBSetConfigurationRequest_GetConfiguration
                0x0000000000402f6c       0x10 libusb/lib/libusb_sam3s_rel.a(release-USBRequests.o)
                0x0000000000402f6c                USBSetConfigurationRequest_GetConfiguration
 .text.USBInterfaceRequest_GetInterface
                0x0000000000402f7c       0x10 libusb/lib/libusb_sam3s_rel.a(release-USBRequests.o)
                0x0000000000402f7c                USBInterfaceRequest_GetInterface
 .text.USBInterfaceRequest_GetAlternateSetting
                0x0000000000402f8c       0x10 libusb/lib/libusb_sam3s_rel.a(release-USBRequests.o)
                0x0000000000402f8c                USBInterfaceRequest_GetAlternateSetting
 .text.USBFeatureRequest_GetFeatureSelector
                0x0000000000402f9c       0x10 libusb/lib/libusb_sam3s_rel.a(release-USBRequests.o)
                0x0000000000402f9c                USBFeatureRequest_GetFeatureSelector
 .text._Interfaces_Parse
                0x0000000000402fac       0xa6 libusb/lib/libusb_sam3s_rel.a(release-CDCDSerialPort.o)
 *fill*         0x0000000000403052        0x2 00
 .text._SetLineCodingCallback
                0x0000000000403054       0x48 libusb/lib/libusb_sam3s_rel.a(release-CDCDSerialPort.o)
 .text.CDCDSerialPort_Initialize
                0x000000000040309c       0x34 libusb/lib/libusb_sam3s_rel.a(release-CDCDSerialPort.o)
                0x000000000040309c                CDCDSerialPort_Initialize
 .text.CDCDSerialPort_ParseInterfaces
                0x00000000004030d0       0x20 libusb/lib/libusb_sam3s_rel.a(release-CDCDSerialPort.o)
                0x00000000004030d0                CDCDSerialPort_ParseInterfaces
 .text.CDCDSerialPort_RequestHandler
                0x00000000004030f0       0x9c libusb/lib/libusb_sam3s_rel.a(release-CDCDSerialPort.o)
                0x00000000004030f0                CDCDSerialPort_RequestHandler
 .text.CDCDSerialPort_Read
                0x000000000040318c       0x18 libusb/lib/libusb_sam3s_rel.a(release-CDCDSerialPort.o)
                0x000000000040318c                CDCDSerialPort_Read
 .text.CDCDSerialPort_Write
                0x00000000004031a4       0x18 libusb/lib/libusb_sam3s_rel.a(release-CDCDSerialPort.o)
                0x00000000004031a4                CDCDSerialPort_Write
 .text.CDCLineCoding_Initialize
                0x00000000004031bc        0xe libusb/lib/libusb_sam3s_rel.a(release-CDCLineCoding.o)
                0x00000000004031bc                CDCLineCoding_Initialize
 *fill*         0x00000000004031ca        0x2 00
 .text.NVIC_SetPriority
                0x00000000004031cc       0x28 libchip/lib/libchip_sam3s4_rel.a(release-pio_it.o)
 .text.PioInterruptHandler
                0x00000000004031f4       0x6c libchip/lib/libchip_sam3s4_rel.a(release-pio_it.o)
                0x00000000004031f4                PioInterruptHandler
 .text.PIOA_IrqHandler
                0x0000000000403260       0x24 libchip/lib/libchip_sam3s4_rel.a(release-pio_it.o)
                0x0000000000403260                PIOA_IrqHandler
 .text.PIOB_IrqHandler
                0x0000000000403284       0x14 libchip/lib/libchip_sam3s4_rel.a(release-pio_it.o)
                0x0000000000403284                PIOB_IrqHandler
 .text.PIOC_IrqHandler
                0x0000000000403298       0x14 libchip/lib/libchip_sam3s4_rel.a(release-pio_it.o)
                0x0000000000403298                PIOC_IrqHandler
 .text.PIO_InitializeInterrupts
                0x00000000004032ac       0x98 libchip/lib/libchip_sam3s4_rel.a(release-pio_it.o)
                0x00000000004032ac                PIO_InitializeInterrupts
 .text.PIO_ConfigureIt
                0x0000000000403344       0x84 libchip/lib/libchip_sam3s4_rel.a(release-pio_it.o)
                0x0000000000403344                PIO_ConfigureIt
 .text.PIO_EnableIt
                0x00000000004033c8       0x70 libchip/lib/libchip_sam3s4_rel.a(release-pio_it.o)
                0x00000000004033c8                PIO_EnableIt
 .text.IrqHandlerNotUsed
                0x0000000000403438        0x2 libchip/lib/libchip_sam3s4_rel.a(release-exceptions.o)
                0x0000000000403438                IrqHandlerNotUsed
 .text.NMI_Handler
                0x000000000040343a        0x2 libchip/lib/libchip_sam3s4_rel.a(release-exceptions.o)
                0x000000000040343a                NMI_Handler
 .text.HardFault_Handler
                0x000000000040343c        0x2 libchip/lib/libchip_sam3s4_rel.a(release-exceptions.o)
                0x000000000040343c                HardFault_Handler
 .text.MemManage_Handler
                0x000000000040343e        0x2 libchip/lib/libchip_sam3s4_rel.a(release-exceptions.o)
                0x000000000040343e                MemManage_Handler
 .text.BusFault_Handler
                0x0000000000403440        0x2 libchip/lib/libchip_sam3s4_rel.a(release-exceptions.o)
                0x0000000000403440                BusFault_Handler
 .text.UsageFault_Handler
                0x0000000000403442        0x2 libchip/lib/libchip_sam3s4_rel.a(release-exceptions.o)
                0x0000000000403442                UsageFault_Handler
 .text.SVC_Handler
                0x0000000000403444        0x2 libchip/lib/libchip_sam3s4_rel.a(release-exceptions.o)
                0x0000000000403444                SVC_Handler
 .text.DebugMon_Handler
                0x0000000000403446        0x2 libchip/lib/libchip_sam3s4_rel.a(release-exceptions.o)
                0x0000000000403446                DebugMon_Handler
 .text.PendSV_Handler
                0x0000000000403448        0x2 libchip/lib/libchip_sam3s4_rel.a(release-exceptions.o)
                0x0000000000403448                PendSV_Handler
 .text.SUPC_IrqHandler
                0x000000000040344a        0x2 libchip/lib/libchip_sam3s4_rel.a(release-exceptions.o)
                0x000000000040344a                SUPC_IrqHandler
 .text.RSTC_IrqHandler
                0x000000000040344c        0x2 libchip/lib/libchip_sam3s4_rel.a(release-exceptions.o)
                0x000000000040344c                RSTC_IrqHandler
 .text.RTC_IrqHandler
                0x000000000040344e        0x2 libchip/lib/libchip_sam3s4_rel.a(release-exceptions.o)
                0x000000000040344e                RTC_IrqHandler
 .text.RTT_IrqHandler
                0x0000000000403450        0x2 libchip/lib/libchip_sam3s4_rel.a(release-exceptions.o)
                0x0000000000403450                RTT_IrqHandler
 .text.WDT_IrqHandler
                0x0000000000403452        0x2 libchip/lib/libchip_sam3s4_rel.a(release-exceptions.o)
                0x0000000000403452                WDT_IrqHandler
 .text.PMC_IrqHandler
                0x0000000000403454        0x2 libchip/lib/libchip_sam3s4_rel.a(release-exceptions.o)
                0x0000000000403454                PMC_IrqHandler
 .text.EEFC_IrqHandler
                0x0000000000403456        0x2 libchip/lib/libchip_sam3s4_rel.a(release-exceptions.o)
                0x0000000000403456                EEFC_IrqHandler
 .text.UART0_IrqHandler
                0x0000000000403458        0x2 libchip/lib/libchip_sam3s4_rel.a(release-exceptions.o)
                0x0000000000403458                UART0_IrqHandler
 .text.UART1_IrqHandler
                0x000000000040345a        0x2 libchip/lib/libchip_sam3s4_rel.a(release-exceptions.o)
                0x000000000040345a                UART1_IrqHandler
 .text.SMC_IrqHandler
                0x000000000040345c        0x2 libchip/lib/libchip_sam3s4_rel.a(release-exceptions.o)
                0x000000000040345c                SMC_IrqHandler
 .text.USART0_IrqHandler
                0x000000000040345e        0x2 libchip/lib/libchip_sam3s4_rel.a(release-exceptions.o)
                0x000000000040345e                USART0_IrqHandler
 .text.USART1_IrqHandler
                0x0000000000403460        0x2 libchip/lib/libchip_sam3s4_rel.a(release-exceptions.o)
                0x0000000000403460                USART1_IrqHandler
 .text.MCI_IrqHandler
                0x0000000000403462        0x2 libchip/lib/libchip_sam3s4_rel.a(release-exceptions.o)
                0x0000000000403462                MCI_IrqHandler
 .text.TWI0_IrqHandler
                0x0000000000403464        0x2 libchip/lib/libchip_sam3s4_rel.a(release-exceptions.o)
                0x0000000000403464                TWI0_IrqHandler
 .text.TWI1_IrqHandler
                0x0000000000403466        0x2 libchip/lib/libchip_sam3s4_rel.a(release-exceptions.o)
                0x0000000000403466                TWI1_IrqHandler
 .text.SPI_IrqHandler
                0x0000000000403468        0x2 libchip/lib/libchip_sam3s4_rel.a(release-exceptions.o)
                0x0000000000403468                SPI_IrqHandler
 .text.SSC_IrqHandler
                0x000000000040346a        0x2 libchip/lib/libchip_sam3s4_rel.a(release-exceptions.o)
                0x000000000040346a                SSC_IrqHandler
 .text.TC1_IrqHandler
                0x000000000040346c        0x2 libchip/lib/libchip_sam3s4_rel.a(release-exceptions.o)
                0x000000000040346c                TC1_IrqHandler
 .text.TC2_IrqHandler
                0x000000000040346e        0x2 libchip/lib/libchip_sam3s4_rel.a(release-exceptions.o)
                0x000000000040346e                TC2_IrqHandler
 .text.TC3_IrqHandler
                0x0000000000403470        0x2 libchip/lib/libchip_sam3s4_rel.a(release-exceptions.o)
                0x0000000000403470                TC3_IrqHandler
 .text.TC4_IrqHandler
                0x0000000000403472        0x2 libchip/lib/libchip_sam3s4_rel.a(release-exceptions.o)
                0x0000000000403472                TC4_IrqHandler
 .text.TC5_IrqHandler
                0x0000000000403474        0x2 libchip/lib/libchip_sam3s4_rel.a(release-exceptions.o)
                0x0000000000403474                TC5_IrqHandler
 .text.DAC_IrqHandler
                0x0000000000403476        0x2 libchip/lib/libchip_sam3s4_rel.a(release-exceptions.o)
                0x0000000000403476                DAC_IrqHandler
 .text.PWM_IrqHandler
                0x0000000000403478        0x2 libchip/lib/libchip_sam3s4_rel.a(release-exceptions.o)
                0x0000000000403478                PWM_IrqHandler
 .text.CRCCU_IrqHandler
                0x000000000040347a        0x2 libchip/lib/libchip_sam3s4_rel.a(release-exceptions.o)
                0x000000000040347a                CRCCU_IrqHandler
 .text.ACC_IrqHandler
                0x000000000040347c        0x2 libchip/lib/libchip_sam3s4_rel.a(release-exceptions.o)
                0x000000000040347c                ACC_IrqHandler
 *fill*         0x000000000040347e        0x2 00
 .text.ADC_Initialize
                0x0000000000403480       0x1c libchip/lib/libchip_sam3s4_rel.a(release-adc.o)
                0x0000000000403480                ADC_Initialize
 .text.ADC_cfgFrequency
                0x000000000040349c       0x16 libchip/lib/libchip_sam3s4_rel.a(release-adc.o)
                0x000000000040349c                ADC_cfgFrequency
 .text.ADC_ReadBuffer
                0x00000000004034b2       0x34 libchip/lib/libchip_sam3s4_rel.a(release-adc.o)
                0x00000000004034b2                ADC_ReadBuffer
 *fill*         0x00000000004034e6        0x2 00
 .text.PIO_Configure
                0x00000000004034e8      0x14c libchip/lib/libchip_sam3s4_rel.a(release-pio.o)
                0x00000000004034e8                PIO_Configure
 .text.PIO_Set  0x0000000000403634        0x8 libchip/lib/libchip_sam3s4_rel.a(release-pio.o)
                0x0000000000403634                PIO_Set
 .text.PIO_Clear
                0x000000000040363c        0x8 libchip/lib/libchip_sam3s4_rel.a(release-pio.o)
                0x000000000040363c                PIO_Clear
 .text.PIO_Get  0x0000000000403644       0x1c libchip/lib/libchip_sam3s4_rel.a(release-pio.o)
                0x0000000000403644                PIO_Get
 .text.PMC_EnablePeripheral
                0x0000000000403660       0x5c libchip/lib/libchip_sam3s4_rel.a(release-pmc.o)
                0x0000000000403660                PMC_EnablePeripheral
 .text.PMC_DisablePeripheral
                0x00000000004036bc       0x58 libchip/lib/libchip_sam3s4_rel.a(release-pmc.o)
                0x00000000004036bc                PMC_DisablePeripheral
 .text.PMC_IsPeriphEnabled
                0x0000000000403714       0x4c libchip/lib/libchip_sam3s4_rel.a(release-pmc.o)
                0x0000000000403714                PMC_IsPeriphEnabled
 .text.TC_Configure
                0x0000000000403760       0x38 libchip/lib/libchip_sam3s4_rel.a(release-tc.o)
                0x0000000000403760                TC_Configure
 .text.TC_Start
                0x0000000000403798       0x2c libchip/lib/libchip_sam3s4_rel.a(release-tc.o)
                0x0000000000403798                TC_Start
 .text.TC_FindMckDivisor
                0x00000000004037c4       0x70 libchip/lib/libchip_sam3s4_rel.a(release-tc.o)
                0x00000000004037c4                TC_FindMckDivisor
 .text.PIO_CaptureHandler
                0x0000000000403834       0x60 libchip/lib/libchip_sam3s4_rel.a(release-pio_capture.o)
                0x0000000000403834                PIO_CaptureHandler
 .text          0x0000000000403894       0x6c /usr/local/lib64/gcc/arm-none-eabi/4.5.2/../../../../arm-none-eabi/lib/libg.a(lib_a-assert.o)
                0x0000000000403894                __assert_func
                0x00000000004038f0                __assert
 .text          0x0000000000403900       0x70 /usr/local/lib64/gcc/arm-none-eabi/4.5.2/../../../../arm-none-eabi/lib/libg.a(lib_a-fiprintf.o)
                0x0000000000403900                _fiprintf_r
                0x0000000000403930                fiprintf
 .text          0x0000000000403970       0xac /usr/local/lib64/gcc/arm-none-eabi/4.5.2/../../../../arm-none-eabi/lib/libg.a(lib_a-gets.o)
                0x0000000000403970                _gets_r
                0x0000000000403a08                gets
 .text          0x0000000000403a1c       0x74 /usr/local/lib64/gcc/arm-none-eabi/4.5.2/../../../../arm-none-eabi/lib/libg.a(lib_a-iprintf.o)
                0x0000000000403a1c                iprintf
                0x0000000000403a5c                _iprintf_r
 .text          0x0000000000403a90       0xd8 /usr/local/lib64/gcc/arm-none-eabi/4.5.2/../../../../arm-none-eabi/lib/libg.a(lib_a-memcpy.o)
                0x0000000000403a90                memcpy
 .text          0x0000000000403b68      0x118 /usr/local/lib64/gcc/arm-none-eabi/4.5.2/../../../../arm-none-eabi/lib/libg.a(lib_a-memmove.o)
                0x0000000000403b68                memmove
 .text          0x0000000000403c80       0x6c /usr/local/lib64/gcc/arm-none-eabi/4.5.2/../../../../arm-none-eabi/lib/libg.a(lib_a-rget.o)
                0x0000000000403c80                __srget_r
                0x0000000000403cd8                __srget
 .text          0x0000000000403cec       0x20 /usr/local/lib64/gcc/arm-none-eabi/4.5.2/../../../../arm-none-eabi/lib/libg.a(lib_a-setbuf.o)
                0x0000000000403cec                setbuf
 .text          0x0000000000403d0c      0x178 /usr/local/lib64/gcc/arm-none-eabi/4.5.2/../../../../arm-none-eabi/lib/libg.a(lib_a-setvbuf.o)
                0x0000000000403d0c                setvbuf
 .text          0x0000000000403e84      0x100 /usr/local/lib64/gcc/arm-none-eabi/4.5.2/../../../../arm-none-eabi/lib/libg.a(lib_a-siscanf.o)
                0x0000000000403e84                siscanf
                0x0000000000403f04                _siscanf_r
 .text          0x0000000000403f84       0xdc /usr/local/lib64/gcc/arm-none-eabi/4.5.2/../../../../arm-none-eabi/lib/libg.a(lib_a-stdio.o)
                0x0000000000403f84                __sread
                0x0000000000403fb8                __seofread
                0x0000000000403fc0                __swrite
                0x0000000000404018                __sseek
                0x000000000040404c                __sclose
 .text          0x0000000000404060       0x60 /usr/local/lib64/gcc/arm-none-eabi/4.5.2/../../../../arm-none-eabi/lib/libg.a(lib_a-strlen.o)
                0x0000000000404060                strlen
 .text          0x00000000004040c0     0x1144 /usr/local/lib64/gcc/arm-none-eabi/4.5.2/../../../../arm-none-eabi/lib/libg.a(lib_a-svfiscanf.o)
                0x00000000004040c0                _sungetc_r
                0x00000000004041c0                __ssrefill_r
                0x000000000040422c                _sfread_r
                0x00000000004042ec                __ssvfiscanf_r
 .text          0x0000000000405204      0x24c /usr/local/lib64/gcc/arm-none-eabi/4.5.2/../../../../arm-none-eabi/lib/libg.a(lib_a-ungetc.o)
                0x0000000000405204                __submore
                0x00000000004052b0                _ungetc_r
                0x0000000000405434                ungetc
 .text          0x0000000000405450     0x11b8 /usr/local/lib64/gcc/arm-none-eabi/4.5.2/../../../../arm-none-eabi/lib/libg.a(lib_a-vfiprintf.o)
                0x0000000000405450                __sprint_r
                0x0000000000405510                _vfiprintf_r
                0x00000000004065dc                vfiprintf
 .text          0x0000000000406608       0x44 /usr/local/lib64/gcc/arm-none-eabi/4.5.2/../../../../arm-none-eabi/lib/libg.a(lib_a-writer.o)
                0x0000000000406608                _write_r
 .text          0x000000000040664c      0x134 /usr/local/lib64/gcc/arm-none-eabi/4.5.2/../../../../arm-none-eabi/lib/libg.a(lib_a-wsetup.o)
                0x000000000040664c                __swsetup_r
 .text          0x0000000000406780       0x14 /usr/local/lib64/gcc/arm-none-eabi/4.5.2/../../../../arm-none-eabi/lib/libg.a(lib_a-abort.o)
                0x0000000000406780                abort
 .text          0x0000000000406794       0x3c /usr/local/lib64/gcc/arm-none-eabi/4.5.2/../../../../arm-none-eabi/lib/libg.a(lib_a-closer.o)
                0x0000000000406794                _close_r
 .text          0x00000000004067d0      0x294 /usr/local/lib64/gcc/arm-none-eabi/4.5.2/../../../../arm-none-eabi/lib/libg.a(lib_a-fflush.o)
                0x00000000004067d0                _fflush_r
                0x0000000000406a24                fflush
 .text          0x0000000000406a64      0x334 /usr/local/lib64/gcc/arm-none-eabi/4.5.2/../../../../arm-none-eabi/lib/libg.a(lib_a-findfp.o)
                0x0000000000406a74                _cleanup_r
                0x0000000000406a8c                __sfmoreglue
                0x0000000000406ad4                _cleanup
                0x0000000000406ae4                __sinit
                0x0000000000406c4c                __sfp
                0x0000000000406d40                __sfp_lock_acquire
                0x0000000000406d44                __sfp_lock_release
                0x0000000000406d48                __sinit_lock_acquire
                0x0000000000406d4c                __sinit_lock_release
                0x0000000000406d50                __fp_lock_all
                0x0000000000406d74                __fp_unlock_all
 .text          0x0000000000406d98      0x1a8 /usr/local/lib64/gcc/arm-none-eabi/4.5.2/../../../../arm-none-eabi/lib/libg.a(lib_a-fputwc.o)
                0x0000000000406d98                _fputwc_r
                0x0000000000406ef4                fputwc
 .text          0x0000000000406f40      0x360 /usr/local/lib64/gcc/arm-none-eabi/4.5.2/../../../../arm-none-eabi/lib/libg.a(lib_a-freer.o)
                0x0000000000406f40                _malloc_trim_r
                0x000000000040703c                _free_r
 .text          0x00000000004072a0      0x4b0 /usr/local/lib64/gcc/arm-none-eabi/4.5.2/../../../../arm-none-eabi/lib/libg.a(lib_a-fvwrite.o)
                0x00000000004072a0                __sfvwrite_r
 .text          0x0000000000407750      0x10c /usr/local/lib64/gcc/arm-none-eabi/4.5.2/../../../../arm-none-eabi/lib/libg.a(lib_a-fwalk.o)
                0x0000000000407750                _fwalk
                0x00000000004077d4                _fwalk_reent
 .text          0x000000000040785c       0x24 /usr/local/lib64/gcc/arm-none-eabi/4.5.2/../../../../arm-none-eabi/lib/libg.a(lib_a-iswspace.o)
                0x000000000040785c                iswspace
 .text          0x0000000000407880       0xd0 /usr/local/lib64/gcc/arm-none-eabi/4.5.2/../../../../arm-none-eabi/lib/libg.a(lib_a-locale.o)
                0x0000000000407880                _setlocale_r
                0x00000000004078ec                __locale_charset
                0x00000000004078f8                __locale_mb_cur_max
                0x0000000000407908                __locale_msgcharset
                0x0000000000407914                __locale_cjk_lang
                0x000000000040791c                _localeconv_r
                0x0000000000407928                setlocale
                0x0000000000407944                localeconv
 .text          0x0000000000407950       0x44 /usr/local/lib64/gcc/arm-none-eabi/4.5.2/../../../../arm-none-eabi/lib/libg.a(lib_a-lseekr.o)
                0x0000000000407950                _lseek_r
 .text          0x0000000000407994      0x164 /usr/local/lib64/gcc/arm-none-eabi/4.5.2/../../../../arm-none-eabi/lib/libg.a(lib_a-makebuf.o)
                0x0000000000407994                __smakebuf_r
 .text          0x0000000000407af8       0x40 /usr/local/lib64/gcc/arm-none-eabi/4.5.2/../../../../arm-none-eabi/lib/libg.a(lib_a-malloc.o)
                0x0000000000407af8                malloc
                0x0000000000407b18                free
 .text          0x0000000000407b38      0x70c /usr/local/lib64/gcc/arm-none-eabi/4.5.2/../../../../arm-none-eabi/lib/libg.a(lib_a-mallocr.o)
                0x0000000000407b38                _malloc_r
 .text          0x0000000000408244      0x14c /usr/local/lib64/gcc/arm-none-eabi/4.5.2/../../../../arm-none-eabi/lib/libg.a(lib_a-mbrtowc.o)
                0x0000000000408244                _mbrtowc_r
                0x00000000004082e0                mbrtowc
 .text          0x0000000000408390       0x98 /usr/local/lib64/gcc/arm-none-eabi/4.5.2/../../../../arm-none-eabi/lib/libg.a(lib_a-mbtowc_r.o)
                0x0000000000408390                __ascii_mbtowc
                0x00000000004083d4                _mbtowc_r
 .text          0x0000000000408428      0x100 /usr/local/lib64/gcc/arm-none-eabi/4.5.2/../../../../arm-none-eabi/lib/libg.a(lib_a-memchr.o)
                0x0000000000408428                memchr
 .text          0x0000000000408528        0x8 /usr/local/lib64/gcc/arm-none-eabi/4.5.2/../../../../arm-none-eabi/lib/libg.a(lib_a-mlock.o)
                0x0000000000408528                __malloc_lock
                0x000000000040852c                __malloc_unlock
 .text          0x0000000000408530       0x44 /usr/local/lib64/gcc/arm-none-eabi/4.5.2/../../../../arm-none-eabi/lib/libg.a(lib_a-readr.o)
                0x0000000000408530                _read_r
 .text          0x0000000000408574      0x5c0 /usr/local/lib64/gcc/arm-none-eabi/4.5.2/../../../../arm-none-eabi/lib/libg.a(lib_a-reallocr.o)
                0x0000000000408574                _realloc_r
 .text          0x0000000000408b34      0x1c4 /usr/local/lib64/gcc/arm-none-eabi/4.5.2/../../../../arm-none-eabi/lib/libg.a(lib_a-refill.o)
                0x0000000000408b5c                __srefill_r
 .text          0x0000000000408cf8       0x40 /usr/local/lib64/gcc/arm-none-eabi/4.5.2/../../../../arm-none-eabi/lib/libg.a(lib_a-sbrkr.o)
                0x0000000000408cf8                _sbrk_r
 .text          0x0000000000408d38       0xc4 /usr/local/lib64/gcc/arm-none-eabi/4.5.2/../../../../arm-none-eabi/lib/libg.a(lib_a-sccl.o)
                0x0000000000408d38                __sccl
 .text          0x0000000000408dfc      0x238 /usr/local/lib64/gcc/arm-none-eabi/4.5.2/../../../../arm-none-eabi/lib/libg.a(lib_a-signal.o)
                0x0000000000408dfc                _init_signal_r
                0x0000000000408e50                _signal_r
                0x0000000000408eb8                _raise_r
                0x0000000000408f4c                __sigtramp_r
                0x0000000000408fe0                raise
                0x0000000000408ff4                signal
                0x0000000000409010                _init_signal
                0x0000000000409020                __sigtramp
 .text          0x0000000000409034       0x50 /usr/local/lib64/gcc/arm-none-eabi/4.5.2/../../../../arm-none-eabi/lib/libg.a(lib_a-signalr.o)
                0x0000000000409034                _kill_r
                0x0000000000409074                _getpid_r
 .text          0x0000000000409084      0x230 /usr/local/lib64/gcc/arm-none-eabi/4.5.2/../../../../arm-none-eabi/lib/libg.a(lib_a-strcmp.o)
                0x0000000000409084                strcmp
 .text          0x00000000004092b4      0x1ec /usr/local/lib64/gcc/arm-none-eabi/4.5.2/../../../../arm-none-eabi/lib/libg.a(lib_a-strtol.o)
                0x00000000004092b4                _strtol_r
                0x0000000000409474                strtol
 .text          0x00000000004094a0      0x1e8 /usr/local/lib64/gcc/arm-none-eabi/4.5.2/../../../../arm-none-eabi/lib/libg.a(lib_a-strtoul.o)
                0x00000000004094a0                _strtoul_r
                0x000000000040965c                strtoul
 .text          0x0000000000409688      0x15c /usr/local/lib64/gcc/arm-none-eabi/4.5.2/../../../../arm-none-eabi/lib/libg.a(lib_a-wbuf.o)
                0x0000000000409688                __swbuf_r
                0x00000000004097c8                __swbuf
 .text          0x00000000004097e4      0x13c /usr/local/lib64/gcc/arm-none-eabi/4.5.2/../../../../arm-none-eabi/lib/libg.a(lib_a-wcrtomb.o)
                0x00000000004097e4                _wcrtomb_r
                0x0000000000409878                wcrtomb
 .text          0x0000000000409920       0x7c /usr/local/lib64/gcc/arm-none-eabi/4.5.2/../../../../arm-none-eabi/lib/libg.a(lib_a-wctomb_r.o)
                0x0000000000409920                __ascii_wctomb
                0x000000000040994c                _wctomb_r
 .text          0x000000000040999c      0x10c /usr/local/lib64/gcc/arm-none-eabi/4.5.2/../../../../arm-none-eabi/lib/libg.a(lib_a-fclose.o)
                0x000000000040999c                _fclose_r
                0x0000000000409a94                fclose
 .text          0x0000000000409aa8       0x40 /usr/local/lib64/gcc/arm-none-eabi/4.5.2/../../../../arm-none-eabi/lib/libg.a(lib_a-fstatr.o)
                0x0000000000409aa8                _fstat_r
 .text          0x0000000000409ae8       0x3c /usr/local/lib64/gcc/arm-none-eabi/4.5.2/../../../../arm-none-eabi/lib/libg.a(lib_a-isattyr.o)
                0x0000000000409ae8                _isatty_r
 *fill*         0x0000000000409b24        0x4 00
 .text          0x0000000000409b28      0x278 /usr/local/lib64/gcc/arm-none-eabi/4.5.2/thumb/v7/libgcc.a(_udivsi3.o)
                0x0000000000409b28                __udivsi3
                0x0000000000409b28                __aeabi_uidiv
                0x0000000000409d84                __aeabi_uidivmod
 .text          0x0000000000409da0        0x4 /usr/local/lib64/gcc/arm-none-eabi/4.5.2/thumb/v7/libgcc.a(_dvmd_tls.o)
                0x0000000000409da0                __aeabi_ldiv0
                0x0000000000409da0                __aeabi_idiv0
 *(.glue_7t)
 .glue_7t       0x0000000000000000        0x0 linker stubs
 *(.glue_7)
 .glue_7        0x0000000000000000        0x0 linker stubs
 *(.rodata .rodata* .gnu.linkonce.r.*)
 .rodata        0x0000000000409da4        0x4 /usr/local/lib64/gcc/arm-none-eabi/4.5.2/../../../../arm-none-eabi/lib/libc.a(lib_a-impure.o)
                0x0000000000409da4                _global_impure_ptr
 .rodata.str1.4
                0x0000000000409da8        0x2 /usr/local/lib64/gcc/arm-none-eabi/4.5.2/../../../../arm-none-eabi/lib/libc.a(lib_a-impure.o)
                                          0x4 (size before relaxing)
 *fill*         0x0000000000409daa        0x2 00
 .rodata        0x0000000000409dac       0x1c build/obj/syscalls.o
 .rodata        0x0000000000409dc8        0xc build/obj/uart_console.o
 .rodata        0x0000000000409dd4      0x124 build/obj/usb_console.o
 .rodata        0x0000000000409ef8       0x54 build/obj/led.o
 .rodata        0x0000000000409f4c       0xa0 build/obj/usb_device_descriptor.o
                0x0000000000409f4c                deviceDescriptor
                0x0000000000409f60                configurationDescriptorsFS
                0x0000000000409fa4                languageIdStringDescriptor
                0x0000000000409fa8                productStringDescriptor
                0x0000000000409fc4                cdcdSerialDriverDescriptors
 .rodata        0x0000000000409fec      0x15c build/obj/main.o
 .rodata        0x000000000040a148       0x58 build/obj/input.o
 .rodata.str1.1
                0x000000000040a1a0       0x69 libusb/lib/libusb_sam3s_rel.a(release-USBD_HAL.o)
                                         0x6b (size before relaxing)
 .rodata.str1.1
                0x000000000040a209       0x30 libusb/lib/libusb_sam3s_rel.a(release-USBD.o)
 .rodata.str1.1
                0x000000000040a239       0xef libusb/lib/libusb_sam3s_rel.a(release-USBDDriver.o)
 .rodata        0x000000000040a328       0x3f libchip/lib/libchip_sam3s4_rel.a(release-pio_it.o)
 .rodata.str1.1
                0x000000000040a367       0x67 libchip/lib/libchip_sam3s4_rel.a(release-pio_it.o)
 .rodata        0x000000000040a3ce       0x3f libchip/lib/libchip_sam3s4_rel.a(release-pmc.o)
 .rodata.str1.1
                0x000000000040a40d       0x17 libchip/lib/libchip_sam3s4_rel.a(release-pmc.o)
 .rodata        0x000000000040a424       0x1e libchip/lib/libchip_sam3s4_rel.a(release-tc.o)
 .rodata.str1.1
                0x000000000040a442       0x51 libchip/lib/libchip_sam3s4_rel.a(release-tc.o)
 *fill*         0x000000000040a493        0x1 00
 .rodata.str1.4
                0x000000000040a494       0x3f /usr/local/lib64/gcc/arm-none-eabi/4.5.2/../../../../arm-none-eabi/lib/libg.a(lib_a-assert.o)
                                         0x44 (size before relaxing)
 *fill*         0x000000000040a4d3        0x1 00
 .rodata        0x000000000040a4d4       0x24 /usr/local/lib64/gcc/arm-none-eabi/4.5.2/../../../../arm-none-eabi/lib/libg.a(lib_a-svfiscanf.o)
 .rodata        0x000000000040a4f8       0x20 /usr/local/lib64/gcc/arm-none-eabi/4.5.2/../../../../arm-none-eabi/lib/libg.a(lib_a-vfiprintf.o)
 .rodata.str1.4
                0x000000000040a518       0x2f /usr/local/lib64/gcc/arm-none-eabi/4.5.2/../../../../arm-none-eabi/lib/libg.a(lib_a-vfiprintf.o)
                                         0x30 (size before relaxing)
 *fill*         0x000000000040a547        0x1 00
 .rodata        0x000000000040a548      0x104 /usr/local/lib64/gcc/arm-none-eabi/4.5.2/../../../../arm-none-eabi/lib/libg.a(lib_a-ctype_.o)
                0x000000000040a548                _ctype_
 .rodata.str1.4
                0x000000000040a64c        0xc /usr/local/lib64/gcc/arm-none-eabi/4.5.2/../../../../arm-none-eabi/lib/libg.a(lib_a-locale.o)
                                         0x14 (size before relaxing)
 .rodata.str1.4
                0x0000000000000000        0x4 /usr/local/lib64/gcc/arm-none-eabi/4.5.2/../../../../arm-none-eabi/lib/libg.a(lib_a-mbrtowc.o)
 *(.ARM.extab* .gnu.linkonce.armextab.*)
                0x000000000040a658                . = ALIGN (0x4)
 *(.init)
 .init          0x000000000040a658        0x4 /usr/local/lib64/gcc/arm-none-eabi/4.5.2/thumb/v7/crti.o
                0x000000000040a658                _init
 .init          0x000000000040a65c        0x8 /usr/local/lib64/gcc/arm-none-eabi/4.5.2/thumb/v7/crtn.o
                0x000000000040a664                . = ALIGN (0x4)
                0x000000000040a664                __preinit_array_start = .
 *(.preinit_array)
                0x000000000040a664                __preinit_array_end = .
                0x000000000040a664                . = ALIGN (0x4)
                0x000000000040a664                __init_array_start = .
 *(SORT(.init_array.*))
 *(.init_array)
 .init_array    0x000000000040a664        0x4 /usr/local/lib64/gcc/arm-none-eabi/4.5.2/thumb/v7/crtbegin.o
                0x000000000040a668                __init_array_end = .
                0x000000000040a668                . = ALIGN (0x4)
 *crtbegin.o(.ctors)
 *(EXCLUDE_FILE(*crtend.o) .ctors)
 *(SORT(.ctors.*))
 *crtend.o(.ctors)
                0x000000000040a668                . = ALIGN (0x4)
 *(.fini)
 .fini          0x000000000040a668        0x4 /usr/local/lib64/gcc/arm-none-eabi/4.5.2/thumb/v7/crti.o
                0x000000000040a668                _fini
 .fini          0x000000000040a66c        0x8 /usr/local/lib64/gcc/arm-none-eabi/4.5.2/thumb/v7/crtn.o
                0x000000000040a674                . = ALIGN (0x4)
                0x000000000040a674                __fini_array_start = .
 *(.fini_array)
 .fini_array    0x000000000040a674        0x4 /usr/local/lib64/gcc/arm-none-eabi/4.5.2/thumb/v7/crtbegin.o
 *(SORT(.fini_array.*))
                0x000000000040a678                __fini_array_end = .
 *crtbegin.o(.dtors)
 *(EXCLUDE_FILE(*crtend.o) .dtors)
 *(SORT(.dtors.*))
 *crtend.o(.dtors)
                0x000000000040a678                . = ALIGN (0x4)
                0x000000000040a678                _efixed = .
                0x000000000040a678                PROVIDE (__exidx_start, .)

.jcr            0x000000000040a678        0x0
 .jcr           0x000000000040a678        0x0 /usr/local/lib64/gcc/arm-none-eabi/4.5.2/thumb/v7/crtbegin.o

.vfp11_veneer   0x000000000040a678        0x0
 .vfp11_veneer  0x0000000000000000        0x0 linker stubs

.v4_bx          0x000000000040a678        0x0
 .v4_bx         0x0000000000000000        0x0 linker stubs

.ARM.exidx
 *(.ARM.exidx* .gnu.linkonce.armexidx.*)
                0x000000000040a678                PROVIDE (__exidx_end, .)
                0x000000000040a678                . = ALIGN (0x4)
                0x000000000040a678                _etext = .

.relocate       0x0000000020000000      0x8e0 load address 0x000000000040a678
                0x0000000020000000                . = ALIGN (0x4)
                0x0000000020000000                _srelocate = .
 *(.ramfunc .ramfunc.*)
 *(.data .data.*)
 .data          0x0000000020000000      0x430 /usr/local/lib64/gcc/arm-none-eabi/4.5.2/../../../../arm-none-eabi/lib/libc.a(lib_a-impure.o)
                0x0000000020000000                _impure_ptr
 .data          0x0000000020000430        0x4 build/obj/system.o
                0x0000000020000430                SystemCoreClock
 .data          0x0000000020000434        0x4 build/obj/uart_console.o
 .data          0x0000000020000438        0x4 build/obj/usb_console.o
 .data          0x000000002000043c        0x8 build/obj/usb_device_descriptor.o
                0x000000002000043c                stringDescriptors
 .data          0x0000000020000444        0x1 build/obj/main.o
                0x0000000020000444                _state
 *fill*         0x0000000020000445        0x3 00
 .data          0x0000000020000448        0x4 /usr/local/lib64/gcc/arm-none-eabi/4.5.2/../../../../arm-none-eabi/lib/libg.a(lib_a-ctype_.o)
                0x0000000020000448                __ctype_ptr__
 .data          0x000000002000044c       0x7c /usr/local/lib64/gcc/arm-none-eabi/4.5.2/../../../../arm-none-eabi/lib/libg.a(lib_a-locale.o)
                0x000000002000046c                __mb_cur_max
 .data          0x00000000200004c8      0x410 /usr/local/lib64/gcc/arm-none-eabi/4.5.2/../../../../arm-none-eabi/lib/libg.a(lib_a-mallocr.o)
                0x00000000200004c8                __malloc_av_
                0x00000000200008d0                __malloc_sbrk_base
                0x00000000200008d4                __malloc_trim_threshold
 .data          0x00000000200008d8        0x4 /usr/local/lib64/gcc/arm-none-eabi/4.5.2/../../../../arm-none-eabi/lib/libg.a(lib_a-mbtowc_r.o)
                0x00000000200008d8                __mbtowc
 .data          0x00000000200008dc        0x4 /usr/local/lib64/gcc/arm-none-eabi/4.5.2/../../../../arm-none-eabi/lib/libg.a(lib_a-wctomb_r.o)
                0x00000000200008dc                __wctomb
                0x00000000200008e0                . = ALIGN (0x4)
                0x00000000200008e0                _erelocate = .

.bss            0x00000000200008e0      0x2d0 load address 0x000000000040af58
                0x00000000200008e0                . = ALIGN (0x4)
                0x00000000200008e0                _sbss = .
                0x00000000200008e0                _szero = .
 *(.bss .bss.*)
 .bss           0x00000000200008e0        0x1 /usr/local/lib64/gcc/arm-none-eabi/4.5.2/thumb/v7/crtbegin.o
 *fill*         0x00000000200008e1        0x3 00
 .bss           0x00000000200008e4        0x4 build/obj/syscalls.o
 .bss           0x00000000200008e8        0x1 build/obj/uart_console.o
 *fill*         0x00000000200008e9        0x3 00
 .bss           0x00000000200008ec      0x10c build/obj/usb_console.o
 .bss           0x00000000200009f8        0x8 build/obj/led.o
 .bss           0x0000000020000a00        0x4 build/obj/timetick.o
 .bss           0x0000000020000a04       0x1c build/obj/input.o
                0x0000000020000a0c                current
                0x0000000020000a14                previous
 .bss           0x0000000020000a20       0xe0 libusb/lib/libusb_sam3s_rel.a(release-USBD_HAL.o)
 .bss           0x0000000020000b00        0x2 libusb/lib/libusb_sam3s_rel.a(release-USBD.o)
 *fill*         0x0000000020000b02        0x2 00
 .bss           0x0000000020000b04       0x10 libusb/lib/libusb_sam3s_rel.a(release-USBDDriver.o)
 .bss           0x0000000020000b14       0x1c libusb/lib/libusb_sam3s_rel.a(release-CDCDSerial.o)
 .bss           0x0000000020000b30        0x7 libusb/lib/libusb_sam3s_rel.a(release-CDCDSerialPort.o)
 *fill*         0x0000000020000b37        0x1 00
 .bss           0x0000000020000b38       0x3c libchip/lib/libchip_sam3s4_rel.a(release-pio_it.o)
 .bss           0x0000000020000b74        0x4 libchip/lib/libchip_sam3s4_rel.a(release-pio_capture.o)
 .bss           0x0000000020000b78       0x34 /usr/local/lib64/gcc/arm-none-eabi/4.5.2/../../../../arm-none-eabi/lib/libg.a(lib_a-mallocr.o)
                0x0000000020000b78                __malloc_top_pad
                0x0000000020000b7c                __malloc_current_mallinfo
                0x0000000020000ba4                __malloc_max_sbrked_mem
                0x0000000020000ba8                __malloc_max_total_mem
 *(COMMON)
 COMMON         0x0000000020000bac        0x4 /usr/local/lib64/gcc/arm-none-eabi/4.5.2/../../../../arm-none-eabi/lib/libg.a(lib_a-reent.o)
                0x0000000020000bac                errno
                0x0000000020000bb0                . = ALIGN (0x4)
                0x0000000020000bb0                _ebss = .
                0x0000000020000bb0                _ezero = .

.stack          0x0000000020000bb0     0x1000 load address 0x000000000040b228
                0x0000000020000bb0                . = ALIGN (0x8)
 *(.stack .stack.*)
 .stack         0x0000000020000bb0     0x1000 build/obj/startup.o
                0x0000000020000bb0                pdwStack
                0x0000000020001bb0                . = ALIGN (0x4)
                0x0000000020001bb0                _end = .
OUTPUT(build/bin/project.elf elf32-littlearm)

.ARM.attributes
                0x0000000000000000       0x29
 .ARM.attributes
                0x0000000000000000       0x1b /usr/local/lib64/gcc/arm-none-eabi/4.5.2/thumb/v7/crti.o
 .ARM.attributes
                0x000000000000001b       0x2b /usr/local/lib64/gcc/arm-none-eabi/4.5.2/thumb/v7/crtbegin.o
 .ARM.attributes
                0x0000000000000046       0x16 /usr/local/lib64/gcc/arm-none-eabi/4.5.2/../../../../arm-none-eabi/lib/crt0.o
 .ARM.attributes
                0x000000000000005c       0x34 /usr/local/lib64/gcc/arm-none-eabi/4.5.2/../../../../arm-none-eabi/lib/libc.a(lib_a-atexit.o)
 .ARM.attributes
                0x0000000000000090       0x34 /usr/local/lib64/gcc/arm-none-eabi/4.5.2/../../../../arm-none-eabi/lib/libc.a(lib_a-__atexit.o)
 .ARM.attributes
                0x00000000000000c4       0x34 /usr/local/lib64/gcc/arm-none-eabi/4.5.2/../../../../arm-none-eabi/lib/libc.a(lib_a-exit.o)
 .ARM.attributes
                0x00000000000000f8       0x34 /usr/local/lib64/gcc/arm-none-eabi/4.5.2/../../../../arm-none-eabi/lib/libc.a(lib_a-fini.o)
 .ARM.attributes
                0x000000000000012c       0x34 /usr/local/lib64/gcc/arm-none-eabi/4.5.2/../../../../arm-none-eabi/lib/libc.a(lib_a-impure.o)
 .ARM.attributes
                0x0000000000000160       0x34 /usr/local/lib64/gcc/arm-none-eabi/4.5.2/../../../../arm-none-eabi/lib/libc.a(lib_a-init.o)
 .ARM.attributes
                0x0000000000000194       0x34 /usr/local/lib64/gcc/arm-none-eabi/4.5.2/../../../../arm-none-eabi/lib/libc.a(lib_a-memset.o)
 .ARM.attributes
                0x00000000000001c8       0x34 /usr/local/lib64/gcc/arm-none-eabi/4.5.2/../../../../arm-none-eabi/lib/libc.a(lib_a-__call_atexit.o)
 .ARM.attributes
                0x00000000000001fc       0x33 build/obj/syscalls.o
 .ARM.attributes
                0x000000000000022f       0x33 build/obj/system.o
 .ARM.attributes
                0x0000000000000262       0x33 build/obj/uart_console.o
 .ARM.attributes
                0x0000000000000295       0x33 build/obj/usb_console.o
 .ARM.attributes
                0x00000000000002c8       0x33 build/obj/led.o
 .ARM.attributes
                0x00000000000002fb       0x33 build/obj/timetick.o
 .ARM.attributes
                0x000000000000032e       0x33 build/obj/startup.o
 .ARM.attributes
                0x0000000000000361       0x33 build/obj/usb_device_descriptor.o
 .ARM.attributes
                0x0000000000000394       0x31 build/obj/main.o
 .ARM.attributes
                0x00000000000003c5       0x31 build/obj/input.o
 .ARM.attributes
                0x00000000000003f6       0x33 libusb/lib/libusb_sam3s_rel.a(release-USBD_HAL.o)
 .ARM.attributes
                0x0000000000000429       0x33 libusb/lib/libusb_sam3s_rel.a(release-USBDescriptors.o)
 .ARM.attributes
                0x000000000000045c       0x33 libusb/lib/libusb_sam3s_rel.a(release-USBD.o)
 .ARM.attributes
                0x000000000000048f       0x33 libusb/lib/libusb_sam3s_rel.a(release-USBDCallbacks.o)
 .ARM.attributes
                0x00000000000004c2       0x33 libusb/lib/libusb_sam3s_rel.a(release-USBDDriver.o)
 .ARM.attributes
                0x00000000000004f5       0x33 libusb/lib/libusb_sam3s_rel.a(release-CDCDSerial.o)
 .ARM.attributes
                0x0000000000000528       0x33 libusb/lib/libusb_sam3s_rel.a(release-USBDDriverCallbacks.o)
 .ARM.attributes
                0x000000000000055b       0x33 libusb/lib/libusb_sam3s_rel.a(release-CDCDSerialDriver.o)
 .ARM.attributes
                0x000000000000058e       0x33 libusb/lib/libusb_sam3s_rel.a(release-USBRequests.o)
 .ARM.attributes
                0x00000000000005c1       0x33 libusb/lib/libusb_sam3s_rel.a(release-CDCDSerialPort.o)
 .ARM.attributes
                0x00000000000005f4       0x33 libusb/lib/libusb_sam3s_rel.a(release-CDCLineCoding.o)
 .ARM.attributes
                0x0000000000000627       0x33 libchip/lib/libchip_sam3s4_rel.a(release-pio_it.o)
 .ARM.attributes
                0x000000000000065a       0x33 libchip/lib/libchip_sam3s4_rel.a(release-exceptions.o)
 .ARM.attributes
                0x000000000000068d       0x33 libchip/lib/libchip_sam3s4_rel.a(release-adc.o)
 .ARM.attributes
                0x00000000000006c0       0x33 libchip/lib/libchip_sam3s4_rel.a(release-pio.o)
 .ARM.attributes
                0x00000000000006f3       0x33 libchip/lib/libchip_sam3s4_rel.a(release-pmc.o)
 .ARM.attributes
                0x0000000000000726       0x33 libchip/lib/libchip_sam3s4_rel.a(release-tc.o)
 .ARM.attributes
                0x0000000000000759       0x33 libchip/lib/libchip_sam3s4_rel.a(release-pio_capture.o)
 .ARM.attributes
                0x000000000000078c       0x34 /usr/local/lib64/gcc/arm-none-eabi/4.5.2/../../../../arm-none-eabi/lib/libg.a(lib_a-assert.o)
 .ARM.attributes
                0x00000000000007c0       0x34 /usr/local/lib64/gcc/arm-none-eabi/4.5.2/../../../../arm-none-eabi/lib/libg.a(lib_a-fiprintf.o)
 .ARM.attributes
                0x00000000000007f4       0x34 /usr/local/lib64/gcc/arm-none-eabi/4.5.2/../../../../arm-none-eabi/lib/libg.a(lib_a-gets.o)
 .ARM.attributes
                0x0000000000000828       0x34 /usr/local/lib64/gcc/arm-none-eabi/4.5.2/../../../../arm-none-eabi/lib/libg.a(lib_a-iprintf.o)
 .ARM.attributes
                0x000000000000085c       0x34 /usr/local/lib64/gcc/arm-none-eabi/4.5.2/../../../../arm-none-eabi/lib/libg.a(lib_a-memcpy.o)
 .ARM.attributes
                0x0000000000000890       0x34 /usr/local/lib64/gcc/arm-none-eabi/4.5.2/../../../../arm-none-eabi/lib/libg.a(lib_a-memmove.o)
 .ARM.attributes
                0x00000000000008c4       0x34 /usr/local/lib64/gcc/arm-none-eabi/4.5.2/../../../../arm-none-eabi/lib/libg.a(lib_a-reent.o)
 .ARM.attributes
                0x00000000000008f8       0x34 /usr/local/lib64/gcc/arm-none-eabi/4.5.2/../../../../arm-none-eabi/lib/libg.a(lib_a-rget.o)
 .ARM.attributes
                0x000000000000092c       0x34 /usr/local/lib64/gcc/arm-none-eabi/4.5.2/../../../../arm-none-eabi/lib/libg.a(lib_a-setbuf.o)
 .ARM.attributes
                0x0000000000000960       0x34 /usr/local/lib64/gcc/arm-none-eabi/4.5.2/../../../../arm-none-eabi/lib/libg.a(lib_a-setvbuf.o)
 .ARM.attributes
                0x0000000000000994       0x34 /usr/local/lib64/gcc/arm-none-eabi/4.5.2/../../../../arm-none-eabi/lib/libg.a(lib_a-siscanf.o)
 .ARM.attributes
                0x00000000000009c8       0x34 /usr/local/lib64/gcc/arm-none-eabi/4.5.2/../../../../arm-none-eabi/lib/libg.a(lib_a-stdio.o)
 .ARM.attributes
                0x00000000000009fc       0x34 /usr/local/lib64/gcc/arm-none-eabi/4.5.2/../../../../arm-none-eabi/lib/libg.a(lib_a-strlen.o)
 .ARM.attributes
                0x0000000000000a30       0x34 /usr/local/lib64/gcc/arm-none-eabi/4.5.2/../../../../arm-none-eabi/lib/libg.a(lib_a-svfiscanf.o)
 .ARM.attributes
                0x0000000000000a64       0x34 /usr/local/lib64/gcc/arm-none-eabi/4.5.2/../../../../arm-none-eabi/lib/libg.a(lib_a-ungetc.o)
 .ARM.attributes
                0x0000000000000a98       0x34 /usr/local/lib64/gcc/arm-none-eabi/4.5.2/../../../../arm-none-eabi/lib/libg.a(lib_a-vfiprintf.o)
 .ARM.attributes
                0x0000000000000acc       0x34 /usr/local/lib64/gcc/arm-none-eabi/4.5.2/../../../../arm-none-eabi/lib/libg.a(lib_a-writer.o)
 .ARM.attributes
                0x0000000000000b00       0x34 /usr/local/lib64/gcc/arm-none-eabi/4.5.2/../../../../arm-none-eabi/lib/libg.a(lib_a-wsetup.o)
 .ARM.attributes
                0x0000000000000b34       0x34 /usr/local/lib64/gcc/arm-none-eabi/4.5.2/../../../../arm-none-eabi/lib/libg.a(lib_a-abort.o)
 .ARM.attributes
                0x0000000000000b68       0x34 /usr/local/lib64/gcc/arm-none-eabi/4.5.2/../../../../arm-none-eabi/lib/libg.a(lib_a-closer.o)
 .ARM.attributes
                0x0000000000000b9c       0x34 /usr/local/lib64/gcc/arm-none-eabi/4.5.2/../../../../arm-none-eabi/lib/libg.a(lib_a-ctype_.o)
 .ARM.attributes
                0x0000000000000bd0       0x34 /usr/local/lib64/gcc/arm-none-eabi/4.5.2/../../../../arm-none-eabi/lib/libg.a(lib_a-fflush.o)
 .ARM.attributes
                0x0000000000000c04       0x34 /usr/local/lib64/gcc/arm-none-eabi/4.5.2/../../../../arm-none-eabi/lib/libg.a(lib_a-findfp.o)
 .ARM.attributes
                0x0000000000000c38       0x34 /usr/local/lib64/gcc/arm-none-eabi/4.5.2/../../../../arm-none-eabi/lib/libg.a(lib_a-fputwc.o)
 .ARM.attributes
                0x0000000000000c6c       0x34 /usr/local/lib64/gcc/arm-none-eabi/4.5.2/../../../../arm-none-eabi/lib/libg.a(lib_a-freer.o)
 .ARM.attributes
                0x0000000000000ca0       0x34 /usr/local/lib64/gcc/arm-none-eabi/4.5.2/../../../../arm-none-eabi/lib/libg.a(lib_a-fvwrite.o)
 .ARM.attributes
                0x0000000000000cd4       0x34 /usr/local/lib64/gcc/arm-none-eabi/4.5.2/../../../../arm-none-eabi/lib/libg.a(lib_a-fwalk.o)
 .ARM.attributes
                0x0000000000000d08       0x34 /usr/local/lib64/gcc/arm-none-eabi/4.5.2/../../../../arm-none-eabi/lib/libg.a(lib_a-iswspace.o)
 .ARM.attributes
                0x0000000000000d3c       0x34 /usr/local/lib64/gcc/arm-none-eabi/4.5.2/../../../../arm-none-eabi/lib/libg.a(lib_a-locale.o)
 .ARM.attributes
                0x0000000000000d70       0x34 /usr/local/lib64/gcc/arm-none-eabi/4.5.2/../../../../arm-none-eabi/lib/libg.a(lib_a-lseekr.o)
 .ARM.attributes
                0x0000000000000da4       0x34 /usr/local/lib64/gcc/arm-none-eabi/4.5.2/../../../../arm-none-eabi/lib/libg.a(lib_a-makebuf.o)
 .ARM.attributes
                0x0000000000000dd8       0x34 /usr/local/lib64/gcc/arm-none-eabi/4.5.2/../../../../arm-none-eabi/lib/libg.a(lib_a-malloc.o)
 .ARM.attributes
                0x0000000000000e0c       0x34 /usr/local/lib64/gcc/arm-none-eabi/4.5.2/../../../../arm-none-eabi/lib/libg.a(lib_a-mallocr.o)
 .ARM.attributes
                0x0000000000000e40       0x34 /usr/local/lib64/gcc/arm-none-eabi/4.5.2/../../../../arm-none-eabi/lib/libg.a(lib_a-mbrtowc.o)
 .ARM.attributes
                0x0000000000000e74       0x34 /usr/local/lib64/gcc/arm-none-eabi/4.5.2/../../../../arm-none-eabi/lib/libg.a(lib_a-mbtowc_r.o)
 .ARM.attributes
                0x0000000000000ea8       0x34 /usr/local/lib64/gcc/arm-none-eabi/4.5.2/../../../../arm-none-eabi/lib/libg.a(lib_a-memchr.o)
 .ARM.attributes
                0x0000000000000edc       0x34 /usr/local/lib64/gcc/arm-none-eabi/4.5.2/../../../../arm-none-eabi/lib/libg.a(lib_a-mlock.o)
 .ARM.attributes
                0x0000000000000f10       0x34 /usr/local/lib64/gcc/arm-none-eabi/4.5.2/../../../../arm-none-eabi/lib/libg.a(lib_a-readr.o)
 .ARM.attributes
                0x0000000000000f44       0x34 /usr/local/lib64/gcc/arm-none-eabi/4.5.2/../../../../arm-none-eabi/lib/libg.a(lib_a-reallocr.o)
 .ARM.attributes
                0x0000000000000f78       0x34 /usr/local/lib64/gcc/arm-none-eabi/4.5.2/../../../../arm-none-eabi/lib/libg.a(lib_a-refill.o)
 .ARM.attributes
                0x0000000000000fac       0x34 /usr/local/lib64/gcc/arm-none-eabi/4.5.2/../../../../arm-none-eabi/lib/libg.a(lib_a-sbrkr.o)
 .ARM.attributes
                0x0000000000000fe0       0x34 /usr/local/lib64/gcc/arm-none-eabi/4.5.2/../../../../arm-none-eabi/lib/libg.a(lib_a-sccl.o)
 .ARM.attributes
                0x0000000000001014       0x34 /usr/local/lib64/gcc/arm-none-eabi/4.5.2/../../../../arm-none-eabi/lib/libg.a(lib_a-signal.o)
 .ARM.attributes
                0x0000000000001048       0x34 /usr/local/lib64/gcc/arm-none-eabi/4.5.2/../../../../arm-none-eabi/lib/libg.a(lib_a-signalr.o)
 .ARM.attributes
                0x000000000000107c       0x34 /usr/local/lib64/gcc/arm-none-eabi/4.5.2/../../../../arm-none-eabi/lib/libg.a(lib_a-strcmp.o)
 .ARM.attributes
                0x00000000000010b0       0x34 /usr/local/lib64/gcc/arm-none-eabi/4.5.2/../../../../arm-none-eabi/lib/libg.a(lib_a-strtol.o)
 .ARM.attributes
                0x00000000000010e4       0x34 /usr/local/lib64/gcc/arm-none-eabi/4.5.2/../../../../arm-none-eabi/lib/libg.a(lib_a-strtoul.o)
 .ARM.attributes
                0x0000000000001118       0x34 /usr/local/lib64/gcc/arm-none-eabi/4.5.2/../../../../arm-none-eabi/lib/libg.a(lib_a-wbuf.o)
 .ARM.attributes
                0x000000000000114c       0x34 /usr/local/lib64/gcc/arm-none-eabi/4.5.2/../../../../arm-none-eabi/lib/libg.a(lib_a-wcrtomb.o)
 .ARM.attributes
                0x0000000000001180       0x34 /usr/local/lib64/gcc/arm-none-eabi/4.5.2/../../../../arm-none-eabi/lib/libg.a(lib_a-wctomb_r.o)
 .ARM.attributes
                0x00000000000011b4       0x34 /usr/local/lib64/gcc/arm-none-eabi/4.5.2/../../../../arm-none-eabi/lib/libg.a(lib_a-fclose.o)
 .ARM.attributes
                0x00000000000011e8       0x34 /usr/local/lib64/gcc/arm-none-eabi/4.5.2/../../../../arm-none-eabi/lib/libg.a(lib_a-fstatr.o)
 .ARM.attributes
                0x000000000000121c       0x34 /usr/local/lib64/gcc/arm-none-eabi/4.5.2/../../../../arm-none-eabi/lib/libg.a(lib_a-isattyr.o)
 .ARM.attributes
                0x0000000000001250       0x1d /usr/local/lib64/gcc/arm-none-eabi/4.5.2/thumb/v7/libgcc.a(_udivsi3.o)
 .ARM.attributes
                0x000000000000126d       0x1d /usr/local/lib64/gcc/arm-none-eabi/4.5.2/thumb/v7/libgcc.a(_dvmd_tls.o)
 .ARM.attributes
                0x000000000000128a       0x2b /usr/local/lib64/gcc/arm-none-eabi/4.5.2/thumb/v7/crtend.o
 .ARM.attributes
                0x00000000000012b5       0x1b /usr/local/lib64/gcc/arm-none-eabi/4.5.2/thumb/v7/crtn.o

.comment        0x0000000000000000       0x56
 .comment       0x0000000000000000       0x26 /usr/local/lib64/gcc/arm-none-eabi/4.5.2/thumb/v7/crtbegin.o
                                         0x27 (size before relaxing)
 .comment       0x0000000000000000       0x27 /usr/local/lib64/gcc/arm-none-eabi/4.5.2/../../../../arm-none-eabi/lib/libc.a(lib_a-atexit.o)
 .comment       0x0000000000000000       0x27 /usr/local/lib64/gcc/arm-none-eabi/4.5.2/../../../../arm-none-eabi/lib/libc.a(lib_a-__atexit.o)
 .comment       0x0000000000000000       0x27 /usr/local/lib64/gcc/arm-none-eabi/4.5.2/../../../../arm-none-eabi/lib/libc.a(lib_a-exit.o)
 .comment       0x0000000000000000       0x27 /usr/local/lib64/gcc/arm-none-eabi/4.5.2/../../../../arm-none-eabi/lib/libc.a(lib_a-fini.o)
 .comment       0x0000000000000000       0x27 /usr/local/lib64/gcc/arm-none-eabi/4.5.2/../../../../arm-none-eabi/lib/libc.a(lib_a-impure.o)
 .comment       0x0000000000000000       0x27 /usr/local/lib64/gcc/arm-none-eabi/4.5.2/../../../../arm-none-eabi/lib/libc.a(lib_a-init.o)
 .comment       0x0000000000000000       0x27 /usr/local/lib64/gcc/arm-none-eabi/4.5.2/../../../../arm-none-eabi/lib/libc.a(lib_a-memset.o)
 .comment       0x0000000000000000       0x27 /usr/local/lib64/gcc/arm-none-eabi/4.5.2/../../../../arm-none-eabi/lib/libc.a(lib_a-__call_atexit.o)
 .comment       0x0000000000000026       0x30 build/obj/syscalls.o
                                         0x31 (size before relaxing)
 .comment       0x0000000000000000       0x31 build/obj/system.o
 .comment       0x0000000000000000       0x31 build/obj/uart_console.o
 .comment       0x0000000000000000       0x31 build/obj/usb_console.o
 .comment       0x0000000000000000       0x31 build/obj/led.o
 .comment       0x0000000000000000       0x31 build/obj/timetick.o
 .comment       0x0000000000000000       0x31 build/obj/startup.o
 .comment       0x0000000000000000       0x31 build/obj/usb_device_descriptor.o
 .comment       0x0000000000000000       0x27 build/obj/main.o
 .comment       0x0000000000000000       0x27 build/obj/input.o
 .comment       0x0000000000000000       0x31 libusb/lib/libusb_sam3s_rel.a(release-USBD_HAL.o)
 .comment       0x0000000000000000       0x31 libusb/lib/libusb_sam3s_rel.a(release-USBDescriptors.o)
 .comment       0x0000000000000000       0x31 libusb/lib/libusb_sam3s_rel.a(release-USBD.o)
 .comment       0x0000000000000000       0x31 libusb/lib/libusb_sam3s_rel.a(release-USBDCallbacks.o)
 .comment       0x0000000000000000       0x31 libusb/lib/libusb_sam3s_rel.a(release-USBDDriver.o)
 .comment       0x0000000000000000       0x31 libusb/lib/libusb_sam3s_rel.a(release-CDCDSerial.o)
 .comment       0x0000000000000000       0x31 libusb/lib/libusb_sam3s_rel.a(release-USBDDriverCallbacks.o)
 .comment       0x0000000000000000       0x31 libusb/lib/libusb_sam3s_rel.a(release-CDCDSerialDriver.o)
 .comment       0x0000000000000000       0x31 libusb/lib/libusb_sam3s_rel.a(release-USBRequests.o)
 .comment       0x0000000000000000       0x31 libusb/lib/libusb_sam3s_rel.a(release-CDCDSerialPort.o)
 .comment       0x0000000000000000       0x31 libusb/lib/libusb_sam3s_rel.a(release-CDCLineCoding.o)
 .comment       0x0000000000000000       0x31 libchip/lib/libchip_sam3s4_rel.a(release-pio_it.o)
 .comment       0x0000000000000000       0x31 libchip/lib/libchip_sam3s4_rel.a(release-exceptions.o)
 .comment       0x0000000000000000       0x31 libchip/lib/libchip_sam3s4_rel.a(release-adc.o)
 .comment       0x0000000000000000       0x31 libchip/lib/libchip_sam3s4_rel.a(release-pio.o)
 .comment       0x0000000000000000       0x31 libchip/lib/libchip_sam3s4_rel.a(release-pmc.o)
 .comment       0x0000000000000000       0x31 libchip/lib/libchip_sam3s4_rel.a(release-tc.o)
 .comment       0x0000000000000000       0x31 libchip/lib/libchip_sam3s4_rel.a(release-pio_capture.o)
 .comment       0x0000000000000000       0x27 /usr/local/lib64/gcc/arm-none-eabi/4.5.2/../../../../arm-none-eabi/lib/libg.a(lib_a-assert.o)
 .comment       0x0000000000000000       0x27 /usr/local/lib64/gcc/arm-none-eabi/4.5.2/../../../../arm-none-eabi/lib/libg.a(lib_a-fiprintf.o)
 .comment       0x0000000000000000       0x27 /usr/local/lib64/gcc/arm-none-eabi/4.5.2/../../../../arm-none-eabi/lib/libg.a(lib_a-gets.o)
 .comment       0x0000000000000000       0x27 /usr/local/lib64/gcc/arm-none-eabi/4.5.2/../../../../arm-none-eabi/lib/libg.a(lib_a-iprintf.o)
 .comment       0x0000000000000000       0x27 /usr/local/lib64/gcc/arm-none-eabi/4.5.2/../../../../arm-none-eabi/lib/libg.a(lib_a-memcpy.o)
 .comment       0x0000000000000000       0x27 /usr/local/lib64/gcc/arm-none-eabi/4.5.2/../../../../arm-none-eabi/lib/libg.a(lib_a-memmove.o)
 .comment       0x0000000000000000       0x27 /usr/local/lib64/gcc/arm-none-eabi/4.5.2/../../../../arm-none-eabi/lib/libg.a(lib_a-reent.o)
 .comment       0x0000000000000000       0x27 /usr/local/lib64/gcc/arm-none-eabi/4.5.2/../../../../arm-none-eabi/lib/libg.a(lib_a-rget.o)
 .comment       0x0000000000000000       0x27 /usr/local/lib64/gcc/arm-none-eabi/4.5.2/../../../../arm-none-eabi/lib/libg.a(lib_a-setbuf.o)
 .comment       0x0000000000000000       0x27 /usr/local/lib64/gcc/arm-none-eabi/4.5.2/../../../../arm-none-eabi/lib/libg.a(lib_a-setvbuf.o)
 .comment       0x0000000000000000       0x27 /usr/local/lib64/gcc/arm-none-eabi/4.5.2/../../../../arm-none-eabi/lib/libg.a(lib_a-siscanf.o)
 .comment       0x0000000000000000       0x27 /usr/local/lib64/gcc/arm-none-eabi/4.5.2/../../../../arm-none-eabi/lib/libg.a(lib_a-stdio.o)
 .comment       0x0000000000000000       0x27 /usr/local/lib64/gcc/arm-none-eabi/4.5.2/../../../../arm-none-eabi/lib/libg.a(lib_a-strlen.o)
 .comment       0x0000000000000000       0x27 /usr/local/lib64/gcc/arm-none-eabi/4.5.2/../../../../arm-none-eabi/lib/libg.a(lib_a-svfiscanf.o)
 .comment       0x0000000000000000       0x27 /usr/local/lib64/gcc/arm-none-eabi/4.5.2/../../../../arm-none-eabi/lib/libg.a(lib_a-ungetc.o)
 .comment       0x0000000000000000       0x27 /usr/local/lib64/gcc/arm-none-eabi/4.5.2/../../../../arm-none-eabi/lib/libg.a(lib_a-vfiprintf.o)
 .comment       0x0000000000000000       0x27 /usr/local/lib64/gcc/arm-none-eabi/4.5.2/../../../../arm-none-eabi/lib/libg.a(lib_a-writer.o)
 .comment       0x0000000000000000       0x27 /usr/local/lib64/gcc/arm-none-eabi/4.5.2/../../../../arm-none-eabi/lib/libg.a(lib_a-wsetup.o)
 .comment       0x0000000000000000       0x27 /usr/local/lib64/gcc/arm-none-eabi/4.5.2/../../../../arm-none-eabi/lib/libg.a(lib_a-abort.o)
 .comment       0x0000000000000000       0x27 /usr/local/lib64/gcc/arm-none-eabi/4.5.2/../../../../arm-none-eabi/lib/libg.a(lib_a-closer.o)
 .comment       0x0000000000000000       0x27 /usr/local/lib64/gcc/arm-none-eabi/4.5.2/../../../../arm-none-eabi/lib/libg.a(lib_a-ctype_.o)
 .comment       0x0000000000000000       0x27 /usr/local/lib64/gcc/arm-none-eabi/4.5.2/../../../../arm-none-eabi/lib/libg.a(lib_a-fflush.o)
 .comment       0x0000000000000000       0x27 /usr/local/lib64/gcc/arm-none-eabi/4.5.2/../../../../arm-none-eabi/lib/libg.a(lib_a-findfp.o)
 .comment       0x0000000000000000       0x27 /usr/local/lib64/gcc/arm-none-eabi/4.5.2/../../../../arm-none-eabi/lib/libg.a(lib_a-fputwc.o)
 .comment       0x0000000000000000       0x27 /usr/local/lib64/gcc/arm-none-eabi/4.5.2/../../../../arm-none-eabi/lib/libg.a(lib_a-freer.o)
 .comment       0x0000000000000000       0x27 /usr/local/lib64/gcc/arm-none-eabi/4.5.2/../../../../arm-none-eabi/lib/libg.a(lib_a-fvwrite.o)
 .comment       0x0000000000000000       0x27 /usr/local/lib64/gcc/arm-none-eabi/4.5.2/../../../../arm-none-eabi/lib/libg.a(lib_a-fwalk.o)
 .comment       0x0000000000000000       0x27 /usr/local/lib64/gcc/arm-none-eabi/4.5.2/../../../../arm-none-eabi/lib/libg.a(lib_a-iswspace.o)
 .comment       0x0000000000000000       0x27 /usr/local/lib64/gcc/arm-none-eabi/4.5.2/../../../../arm-none-eabi/lib/libg.a(lib_a-locale.o)
 .comment       0x0000000000000000       0x27 /usr/local/lib64/gcc/arm-none-eabi/4.5.2/../../../../arm-none-eabi/lib/libg.a(lib_a-lseekr.o)
 .comment       0x0000000000000000       0x27 /usr/local/lib64/gcc/arm-none-eabi/4.5.2/../../../../arm-none-eabi/lib/libg.a(lib_a-makebuf.o)
 .comment       0x0000000000000000       0x27 /usr/local/lib64/gcc/arm-none-eabi/4.5.2/../../../../arm-none-eabi/lib/libg.a(lib_a-malloc.o)
 .comment       0x0000000000000000       0x27 /usr/local/lib64/gcc/arm-none-eabi/4.5.2/../../../../arm-none-eabi/lib/libg.a(lib_a-mallocr.o)
 .comment       0x0000000000000000       0x27 /usr/local/lib64/gcc/arm-none-eabi/4.5.2/../../../../arm-none-eabi/lib/libg.a(lib_a-mbrtowc.o)
 .comment       0x0000000000000000       0x27 /usr/local/lib64/gcc/arm-none-eabi/4.5.2/../../../../arm-none-eabi/lib/libg.a(lib_a-mbtowc_r.o)
 .comment       0x0000000000000000       0x27 /usr/local/lib64/gcc/arm-none-eabi/4.5.2/../../../../arm-none-eabi/lib/libg.a(lib_a-memchr.o)
 .comment       0x0000000000000000       0x27 /usr/local/lib64/gcc/arm-none-eabi/4.5.2/../../../../arm-none-eabi/lib/libg.a(lib_a-mlock.o)
 .comment       0x0000000000000000       0x27 /usr/local/lib64/gcc/arm-none-eabi/4.5.2/../../../../arm-none-eabi/lib/libg.a(lib_a-readr.o)
 .comment       0x0000000000000000       0x27 /usr/local/lib64/gcc/arm-none-eabi/4.5.2/../../../../arm-none-eabi/lib/libg.a(lib_a-reallocr.o)
 .comment       0x0000000000000000       0x27 /usr/local/lib64/gcc/arm-none-eabi/4.5.2/../../../../arm-none-eabi/lib/libg.a(lib_a-refill.o)
 .comment       0x0000000000000000       0x27 /usr/local/lib64/gcc/arm-none-eabi/4.5.2/../../../../arm-none-eabi/lib/libg.a(lib_a-sbrkr.o)
 .comment       0x0000000000000000       0x27 /usr/local/lib64/gcc/arm-none-eabi/4.5.2/../../../../arm-none-eabi/lib/libg.a(lib_a-sccl.o)
 .comment       0x0000000000000000       0x27 /usr/local/lib64/gcc/arm-none-eabi/4.5.2/../../../../arm-none-eabi/lib/libg.a(lib_a-signal.o)
 .comment       0x0000000000000000       0x27 /usr/local/lib64/gcc/arm-none-eabi/4.5.2/../../../../arm-none-eabi/lib/libg.a(lib_a-signalr.o)
 .comment       0x0000000000000000       0x27 /usr/local/lib64/gcc/arm-none-eabi/4.5.2/../../../../arm-none-eabi/lib/libg.a(lib_a-strcmp.o)
 .comment       0x0000000000000000       0x27 /usr/local/lib64/gcc/arm-none-eabi/4.5.2/../../../../arm-none-eabi/lib/libg.a(lib_a-strtol.o)
 .comment       0x0000000000000000       0x27 /usr/local/lib64/gcc/arm-none-eabi/4.5.2/../../../../arm-none-eabi/lib/libg.a(lib_a-strtoul.o)
 .comment       0x0000000000000000       0x27 /usr/local/lib64/gcc/arm-none-eabi/4.5.2/../../../../arm-none-eabi/lib/libg.a(lib_a-wbuf.o)
 .comment       0x0000000000000000       0x27 /usr/local/lib64/gcc/arm-none-eabi/4.5.2/../../../../arm-none-eabi/lib/libg.a(lib_a-wcrtomb.o)
 .comment       0x0000000000000000       0x27 /usr/local/lib64/gcc/arm-none-eabi/4.5.2/../../../../arm-none-eabi/lib/libg.a(lib_a-wctomb_r.o)
 .comment       0x0000000000000000       0x27 /usr/local/lib64/gcc/arm-none-eabi/4.5.2/../../../../arm-none-eabi/lib/libg.a(lib_a-fclose.o)
 .comment       0x0000000000000000       0x27 /usr/local/lib64/gcc/arm-none-eabi/4.5.2/../../../../arm-none-eabi/lib/libg.a(lib_a-fstatr.o)
 .comment       0x0000000000000000       0x27 /usr/local/lib64/gcc/arm-none-eabi/4.5.2/../../../../arm-none-eabi/lib/libg.a(lib_a-isattyr.o)
 .comment       0x0000000000000000       0x27 /usr/local/lib64/gcc/arm-none-eabi/4.5.2/thumb/v7/crtend.o

.debug_line     0x0000000000000000     0xa55f
 .debug_line    0x0000000000000000       0x76 /usr/local/lib64/gcc/arm-none-eabi/4.5.2/thumb/v7/crti.o
 .debug_line    0x0000000000000076       0xa9 /usr/local/lib64/gcc/arm-none-eabi/4.5.2/../../../../arm-none-eabi/lib/crt0.o
 .debug_line    0x000000000000011f       0xda /usr/local/lib64/gcc/arm-none-eabi/4.5.2/../../../../arm-none-eabi/lib/libc.a(lib_a-atexit.o)
 .debug_line    0x00000000000001f9      0x16a /usr/local/lib64/gcc/arm-none-eabi/4.5.2/../../../../arm-none-eabi/lib/libc.a(lib_a-__atexit.o)
 .debug_line    0x0000000000000363      0x17c /usr/local/lib64/gcc/arm-none-eabi/4.5.2/../../../../arm-none-eabi/lib/libc.a(lib_a-exit.o)
 .debug_line    0x00000000000004df       0xbe /usr/local/lib64/gcc/arm-none-eabi/4.5.2/../../../../arm-none-eabi/lib/libc.a(lib_a-fini.o)
 .debug_line    0x000000000000059d      0x111 /usr/local/lib64/gcc/arm-none-eabi/4.5.2/../../../../arm-none-eabi/lib/libc.a(lib_a-impure.o)
 .debug_line    0x00000000000006ae       0xdb /usr/local/lib64/gcc/arm-none-eabi/4.5.2/../../../../arm-none-eabi/lib/libc.a(lib_a-init.o)
 .debug_line    0x0000000000000789      0x169 /usr/local/lib64/gcc/arm-none-eabi/4.5.2/../../../../arm-none-eabi/lib/libc.a(lib_a-memset.o)
 .debug_line    0x00000000000008f2      0x18e /usr/local/lib64/gcc/arm-none-eabi/4.5.2/../../../../arm-none-eabi/lib/libc.a(lib_a-__call_atexit.o)
 .debug_line    0x0000000000000a80      0x1b7 build/obj/syscalls.o
 .debug_line    0x0000000000000c37      0x155 build/obj/system.o
 .debug_line    0x0000000000000d8c      0x180 build/obj/uart_console.o
 .debug_line    0x0000000000000f0c      0x3de build/obj/usb_console.o
 .debug_line    0x00000000000012ea      0x1c0 build/obj/led.o
 .debug_line    0x00000000000014aa      0x185 build/obj/timetick.o
 .debug_line    0x000000000000162f      0x105 build/obj/startup.o
 .debug_line    0x0000000000001734      0x11c build/obj/usb_device_descriptor.o
 .debug_line    0x0000000000001850      0x225 build/obj/main.o
 .debug_line    0x0000000000001a75      0x1e7 build/obj/input.o
 .debug_line    0x0000000000001c5c      0x72d libusb/lib/libusb_sam3s_rel.a(release-USBD_HAL.o)
 .debug_line    0x0000000000002389      0x1d4 libusb/lib/libusb_sam3s_rel.a(release-USBDescriptors.o)
 .debug_line    0x000000000000255d      0x31f libusb/lib/libusb_sam3s_rel.a(release-USBD.o)
 .debug_line    0x000000000000287c      0x10a libusb/lib/libusb_sam3s_rel.a(release-USBDCallbacks.o)
 .debug_line    0x0000000000002986      0x313 libusb/lib/libusb_sam3s_rel.a(release-USBDDriver.o)
 .debug_line    0x0000000000002c99      0x1f8 libusb/lib/libusb_sam3s_rel.a(release-CDCDSerial.o)
 .debug_line    0x0000000000002e91       0xc3 libusb/lib/libusb_sam3s_rel.a(release-USBDDriverCallbacks.o)
 .debug_line    0x0000000000002f54      0x120 libusb/lib/libusb_sam3s_rel.a(release-CDCDSerialDriver.o)
 .debug_line    0x0000000000003074      0x1ce libusb/lib/libusb_sam3s_rel.a(release-USBRequests.o)
 .debug_line    0x0000000000003242      0x25b libusb/lib/libusb_sam3s_rel.a(release-CDCDSerialPort.o)
 .debug_line    0x000000000000349d       0xca libusb/lib/libusb_sam3s_rel.a(release-CDCLineCoding.o)
 .debug_line    0x0000000000003567      0x285 libchip/lib/libchip_sam3s4_rel.a(release-pio_it.o)
 .debug_line    0x00000000000037ec      0x2e8 libchip/lib/libchip_sam3s4_rel.a(release-exceptions.o)
 .debug_line    0x0000000000003ad4      0x264 libchip/lib/libchip_sam3s4_rel.a(release-adc.o)
 .debug_line    0x0000000000003d38      0x1bf libchip/lib/libchip_sam3s4_rel.a(release-pio.o)
 .debug_line    0x0000000000003ef7      0x154 libchip/lib/libchip_sam3s4_rel.a(release-pmc.o)
 .debug_line    0x000000000000404b      0x14e libchip/lib/libchip_sam3s4_rel.a(release-tc.o)
 .debug_line    0x0000000000004199      0x194 libchip/lib/libchip_sam3s4_rel.a(release-pio_capture.o)
 .debug_line    0x000000000000432d      0x186 /usr/local/lib64/gcc/arm-none-eabi/4.5.2/../../../../arm-none-eabi/lib/libg.a(lib_a-assert.o)
 .debug_line    0x00000000000044b3      0x1a0 /usr/local/lib64/gcc/arm-none-eabi/4.5.2/../../../../arm-none-eabi/lib/libg.a(lib_a-fiprintf.o)
 .debug_line    0x0000000000004653      0x19a /usr/local/lib64/gcc/arm-none-eabi/4.5.2/../../../../arm-none-eabi/lib/libg.a(lib_a-gets.o)
 .debug_line    0x00000000000047ed      0x19f /usr/local/lib64/gcc/arm-none-eabi/4.5.2/../../../../arm-none-eabi/lib/libg.a(lib_a-iprintf.o)
 .debug_line    0x000000000000498c      0x164 /usr/local/lib64/gcc/arm-none-eabi/4.5.2/../../../../arm-none-eabi/lib/libg.a(lib_a-memcpy.o)
 .debug_line    0x0000000000004af0      0x17a /usr/local/lib64/gcc/arm-none-eabi/4.5.2/../../../../arm-none-eabi/lib/libg.a(lib_a-memmove.o)