Archive member included because of file (symbol)

libusb/lib/libusb_sam3s_rel.a(release-USBD_HAL.o)
                              build/obj/startup.o (USBD_IrqHandler)
libusb/lib/libusb_sam3s_rel.a(release-USBDescriptors.o)
                              libusb/lib/libusb_sam3s_rel.a(release-USBD_HAL.o) (USBEndpointDescriptor_GetNumber)
libusb/lib/libusb_sam3s_rel.a(release-USBD.o)
                              libusb/lib/libusb_sam3s_rel.a(release-USBD_HAL.o) (USBD_SuspendHandler)
libusb/lib/libusb_sam3s_rel.a(release-USBDCallbacks.o)
                              libusb/lib/libusb_sam3s_rel.a(release-USBD.o) (USBDCallbacks_Reset)
libusb/lib/libusb_sam3s_rel.a(release-USBDDriver.o)
                              libusb/lib/libusb_sam3s_rel.a(release-USBDCallbacks.o) (USBD_GetDriver)
libusb/lib/libusb_sam3s_rel.a(release-CDCDSerial.o)
                              build/obj/usb_console.o (CDCDSerial_Read)
libusb/lib/libusb_sam3s_rel.a(release-USBDDriverCallbacks.o)
                              libusb/lib/libusb_sam3s_rel.a(release-USBDDriver.o) (USBDDriverCallbacks_InterfaceSettingChanged)
libusb/lib/libusb_sam3s_rel.a(release-CDCDSerialDriver.o)
                              build/obj/usb_console.o (CDCDSerialDriver_Initialize)
libusb/lib/libusb_sam3s_rel.a(release-USBRequests.o)
                              libusb/lib/libusb_sam3s_rel.a(release-USBDDriver.o) (USBGenericRequest_GetRequest)
libusb/lib/libusb_sam3s_rel.a(release-CDCDSerialPort.o)
                              libusb/lib/libusb_sam3s_rel.a(release-CDCDSerial.o) (CDCDSerialPort_Initialize)
libusb/lib/libusb_sam3s_rel.a(release-CDCLineCoding.o)
                              libusb/lib/libusb_sam3s_rel.a(release-CDCDSerialPort.o) (CDCLineCoding_Initialize)
libchip/lib/libchip_sam3s4_rel.a(release-pio_it.o)
                              build/obj/startup.o (PIOA_IrqHandler)
libchip/lib/libchip_sam3s4_rel.a(release-exceptions.o)
                              build/obj/startup.o (IrqHandlerNotUsed)
libchip/lib/libchip_sam3s4_rel.a(release-adc.o)
                              build/obj/main.o (ADC_Initialize)
libchip/lib/libchip_sam3s4_rel.a(release-pio.o)
                              build/obj/uart_console.o (PIO_Configure)
libchip/lib/libchip_sam3s4_rel.a(release-pmc.o)
                              build/obj/main.o (PMC_EnablePeripheral)
libchip/lib/libchip_sam3s4_rel.a(release-tc.o)
                              build/obj/led.o (TC_Configure)
libchip/lib/libchip_sam3s4_rel.a(release-pio_capture.o)
                              libchip/lib/libchip_sam3s4_rel.a(release-pio_it.o) (PIO_CaptureHandler)
/usr/local/Sourcery/bin/../lib/gcc/arm-none-eabi/4.6.1/../../../../arm-none-eabi/lib/thumb2/libc.a(lib_a-assert.o)
                              build/obj/led.o (__assert_func)
/usr/local/Sourcery/bin/../lib/gcc/arm-none-eabi/4.6.1/../../../../arm-none-eabi/lib/thumb2/libc.a(lib_a-fiprintf.o)
                              build/obj/usb_console.o (fiprintf)
/usr/local/Sourcery/bin/../lib/gcc/arm-none-eabi/4.6.1/../../../../arm-none-eabi/lib/thumb2/libc.a(lib_a-gets.o)
                              build/obj/main.o (gets)
/usr/local/Sourcery/bin/../lib/gcc/arm-none-eabi/4.6.1/../../../../arm-none-eabi/lib/thumb2/libc.a(lib_a-impure.o)
                              build/obj/usb_console.o (_impure_ptr)
/usr/local/Sourcery/bin/../lib/gcc/arm-none-eabi/4.6.1/../../../../arm-none-eabi/lib/thumb2/libc.a(lib_a-iprintf.o)
                              build/obj/syscalls.o (iprintf)
/usr/local/Sourcery/bin/../lib/gcc/arm-none-eabi/4.6.1/../../../../arm-none-eabi/lib/thumb2/libc.a(lib_a-memcpy.o)
                              build/obj/usb_console.o (memcpy)
/usr/local/Sourcery/bin/../lib/gcc/arm-none-eabi/4.6.1/../../../../arm-none-eabi/lib/thumb2/libc.a(lib_a-memmove.o)
                              build/obj/usb_console.o (memmove)
/usr/local/Sourcery/bin/../lib/gcc/arm-none-eabi/4.6.1/../../../../arm-none-eabi/lib/thumb2/libc.a(lib_a-reent.o)
                              build/obj/syscalls.o (errno)
/usr/local/Sourcery/bin/../lib/gcc/arm-none-eabi/4.6.1/../../../../arm-none-eabi/lib/thumb2/libc.a(lib_a-rget.o)
                              /usr/local/Sourcery/bin/../lib/gcc/arm-none-eabi/4.6.1/../../../../arm-none-eabi/lib/thumb2/libc.a(lib_a-gets.o) (__srget_r)
/usr/local/Sourcery/bin/../lib/gcc/arm-none-eabi/4.6.1/../../../../arm-none-eabi/lib/thumb2/libc.a(lib_a-setbuf.o)
                              build/obj/main.o (setbuf)
/usr/local/Sourcery/bin/../lib/gcc/arm-none-eabi/4.6.1/../../../../arm-none-eabi/lib/thumb2/libc.a(lib_a-setvbuf.o)
                              /usr/local/Sourcery/bin/../lib/gcc/arm-none-eabi/4.6.1/../../../../arm-none-eabi/lib/thumb2/libc.a(lib_a-setbuf.o) (setvbuf)
/usr/local/Sourcery/bin/../lib/gcc/arm-none-eabi/4.6.1/../../../../arm-none-eabi/lib/thumb2/libc.a(lib_a-siscanf.o)
                              build/obj/main.o (siscanf)
[...]
Memory Configuration

Name             Origin             Length             Attributes
rom              0x00400000         0x00040000         xr
ram              0x20000000         0x0000c000         xrw
*default*        0x00000000         0xffffffff

Linker script and memory map

LOAD /usr/local/Sourcery/bin/../lib/gcc/arm-none-eabi/4.6.1/thumb2/crti.o
LOAD /usr/local/Sourcery/bin/../lib/gcc/arm-none-eabi/4.6.1/thumb2/crtbegin.o
START GROUP
LOAD /usr/local/Sourcery/bin/../lib/gcc/arm-none-eabi/4.6.1/thumb2/libgcc.a
LOAD /usr/local/Sourcery/bin/../lib/gcc/arm-none-eabi/4.6.1/../../../../arm-none-eabi/lib/thumb2/libc.a
END GROUP
LOAD build/obj/syscalls.o
LOAD build/obj/system.o
LOAD build/obj/uart_console.o
LOAD build/obj/usb_console.o
LOAD build/obj/led.o
LOAD build/obj/timetick.o
LOAD build/obj/startup.o
LOAD build/obj/usb_device_descriptor.o
LOAD build/obj/main.o
LOAD libusb/lib/libusb_sam3s_rel.a
LOAD libchip/lib/libchip_sam3s4_rel.a
START GROUP
LOAD /usr/local/Sourcery/bin/../lib/gcc/arm-none-eabi/4.6.1/thumb2/libgcc.a
LOAD /usr/local/Sourcery/bin/../lib/gcc/arm-none-eabi/4.6.1/../../../../arm-none-eabi/lib/thumb2/libc.a
END GROUP
LOAD /usr/local/Sourcery/bin/../lib/gcc/arm-none-eabi/4.6.1/thumb2/crtend.o
LOAD /usr/local/Sourcery/bin/../lib/gcc/arm-none-eabi/4.6.1/thumb2/crtn.o

.text           0x00400000     0x935c
                0x00400000                . = ALIGN (0x4)
                0x00400000                _sfixed = .
 *(.vectors .vectors.*)
 .vectors       0x00400000       0xd0 build/obj/startup.o
                0x00400000                exception_table
 *(.text .text.* .gnu.linkonce.t.*)
 .text          0x004000d0       0x68 /usr/local/Sourcery/bin/../lib/gcc/arm-none-eabi/4.6.1/thumb2/crtbegin.o
 .text._read    0x00400138       0x54 build/obj/syscalls.o
                0x00400138                _read
 .text._write   0x0040018c       0x54 build/obj/syscalls.o
                0x0040018c                _write
 .text._sbrk    0x004001e0       0x5c build/obj/syscalls.o
                0x004001e0                _sbrk
 .text._isatty  0x0040023c       0x28 build/obj/syscalls.o
                0x0040023c                _isatty
 .text._exit    0x00400264       0x18 build/obj/syscalls.o
                0x00400264                _exit
 .text._lseek   0x0040027c       0x1c build/obj/syscalls.o
                0x0040027c                _lseek
 .text._kill    0x00400298       0x28 build/obj/syscalls.o
                0x00400298                _kill
 .text._getpid  0x004002c0       0x10 build/obj/syscalls.o
                0x004002c0                _getpid
 .text._close   0x004002d0       0x18 build/obj/syscalls.o
                0x004002d0                _close
 .text._fstat   0x004002e8       0x24 build/obj/syscalls.o
                0x004002e8                _fstat
 .text.SystemCoreClockUpdate
                0x0040030c       0x1c build/obj/system.o
                0x0040030c                SystemCoreClockUpdate
 .text.SystemInit
                0x00400328      0x1dc build/obj/system.o
                0x00400328                SystemInit
 .text.UART_Configure
                0x00400504       0x8c build/obj/uart_console.o
                0x00400504                UART_Configure
 .text.UART_Put
                0x00400590       0x78 build/obj/uart_console.o
                0x00400590                UART_Put
 .text.UART_Get
                0x00400608       0x70 build/obj/uart_console.o
                0x00400608                UART_Get
 .text.UART_Puts
                0x00400678       0x50 build/obj/uart_console.o
                0x00400678                UART_Puts
 .text.UART_Gets
                0x004006c8       0x54 build/obj/uart_console.o
                0x004006c8                UART_Gets
 .text.CDCDSerialDriver_Write
                0x0040071c       0x28 build/obj/usb_console.o
 .text.CDCDSerialDriver_Read
                0x00400744       0x28 build/obj/usb_console.o
 .text.NVIC_EnableIRQ
                0x0040076c       0x38 build/obj/usb_console.o
 .text.ISR_Vbus
                0x004007a4       0x60 build/obj/usb_console.o
 .text.VBus_Configure
                0x00400804       0x54 build/obj/usb_console.o
 .text.ConfigureUsbClock
                0x00400858       0x40 build/obj/usb_console.o
 .text.USBDCallbacks_Initialized
                0x00400898       0x10 build/obj/usb_console.o
                0x00400898                USBDCallbacks_Initialized
 .text.USBDDriverCallbacks_ConfigurationChanged
                0x004008a8       0x1c build/obj/usb_console.o
                0x004008a8                USBDDriverCallbacks_ConfigurationChanged
 .text.USBDCallbacks_RequestReceived
                0x004008c4       0x18 build/obj/usb_console.o
                0x004008c4                USBDCallbacks_RequestReceived
 .text.UsbWriteDone
                0x004008dc       0x48 build/obj/usb_console.o
 .text.UsbReadDone
                0x00400924       0x48 build/obj/usb_console.o
 .text.USBC_isConfigured
                0x0040096c       0x68 build/obj/usb_console.o
                0x0040096c                USBC_isConfigured
 .text.USBC_hasData
                0x004009d4       0x20 build/obj/usb_console.o
                0x004009d4                USBC_hasData
 .text.USBC_Configure
                0x004009f4       0x3c build/obj/usb_console.o
                0x004009f4                USBC_Configure
 .text.USBC_StartListening
                0x00400a30       0x50 build/obj/usb_console.o
                0x00400a30                USBC_StartListening
 .text.USBC_Gets
                0x00400a80      0x100 build/obj/usb_console.o
                0x00400a80                USBC_Gets
 .text.USBC_Puts
                0x00400b80       0xb8 build/obj/usb_console.o
                0x00400b80                USBC_Puts
 .text.NVIC_EnableIRQ
                0x00400c38       0x38 build/obj/led.o
 .text.TC1_IrqHandler
                0x00400c70       0x90 build/obj/led.o
                0x00400c70                TC1_IrqHandler
 .text.configure
                0x00400d00       0xa0 build/obj/led.o
 .text.LEDs_configure
                0x00400da0       0x18 build/obj/led.o
                0x00400da0                LEDs_configure
 .text.LED_tgl  0x00400db8       0x90 build/obj/led.o
                0x00400db8                LED_tgl
 .text.LED_clr  0x00400e48       0x7c build/obj/led.o
                0x00400e48                LED_clr
 .text.LED_blink
                0x00400ec4       0x6c build/obj/led.o
                0x00400ec4                LED_blink
 .text.LED_blinkstop
                0x00400f30       0x44 build/obj/led.o
                0x00400f30                LED_blinkstop
 .text.NVIC_SetPriority
                0x00400f74       0x5c build/obj/timetick.o
 .text.SysTick_Config
                0x00400fd0       0x64 build/obj/timetick.o
 .text.SysTick_Handler
                0x00401034       0x24 build/obj/timetick.o
                0x00401034                SysTick_Handler
 .text.TimeTick_Configure
                0x00401058       0x3c build/obj/timetick.o
                0x00401058                TimeTick_Configure
 .text.GetTickCount
                0x00401094       0x18 build/obj/timetick.o
                0x00401094                GetTickCount
 .text.ResetException
                0x004010ac       0xd0 build/obj/startup.o
                0x004010ac                ResetException
 .text.NVIC_EnableIRQ
                0x0040117c       0x38 build/obj/main.o
 .text.NVIC_SetPriority
                0x004011b4       0x5c build/obj/main.o
 .text.main     0x00401210       0x68 build/obj/main.o
                0x00401210                main
 .text.TC0_IrqHandler
                0x00401278       0x2c build/obj/main.o
                0x00401278                TC0_IrqHandler
 .text.ADC_IrqHandler
                0x004012a4       0xa0 build/obj/main.o
                0x004012a4                ADC_IrqHandler
 .text.init     0x00401344      0x184 build/obj/main.o
 .text.state    0x004014c8       0xf4 build/obj/main.o
 .text.cli      0x004015bc       0x94 build/obj/main.o
 .text.UDP_EndOfTransfer
                0x00401650       0x70 libusb/lib/libusb_sam3s_rel.a(release-USBD_HAL.o)
 .text.UDP_ClearRxFlag
                0x004016c0       0x80 libusb/lib/libusb_sam3s_rel.a(release-USBD_HAL.o)
 .text.UDP_WritePayload
                0x00401740       0x44 libusb/lib/libusb_sam3s_rel.a(release-USBD_HAL.o)
 .text.UDP_EnablePeripheralClock
                0x00401784       0x20 libusb/lib/libusb_sam3s_rel.a(release-USBD_HAL.o)
 .text.UDP_MblWriteFifo
                0x004017a4      0x128 libusb/lib/libusb_sam3s_rel.a(release-USBD_HAL.o)
 .text.USBD_IrqHandler
                0x004018cc      0x5f8 libusb/lib/libusb_sam3s_rel.a(release-USBD_HAL.o)
                0x004018cc                USBD_IrqHandler
 .text.USBD_HAL_ResetEPs
                0x00401ec4       0xc0 libusb/lib/libusb_sam3s_rel.a(release-USBD_HAL.o)
                0x00401ec4                USBD_HAL_ResetEPs
 .text.USBD_HAL_CancelIo
                0x00401f84       0x54 libusb/lib/libusb_sam3s_rel.a(release-USBD_HAL.o)
                0x00401f84                USBD_HAL_CancelIo
 .text.USBD_HAL_ConfigureEP
                0x00401fd8       0xf0 libusb/lib/libusb_sam3s_rel.a(release-USBD_HAL.o)
                0x00401fd8                USBD_HAL_ConfigureEP
 .text.USBD_HAL_SetTransferCallback
                0x004020c8       0x20 libusb/lib/libusb_sam3s_rel.a(release-USBD_HAL.o)
                0x004020c8                USBD_HAL_SetTransferCallback
 .text.USBD_HAL_Write
                0x004020e8      0x188 libusb/lib/libusb_sam3s_rel.a(release-USBD_HAL.o)
                0x004020e8                USBD_HAL_Write
 .text.USBD_HAL_Read
                0x00402270       0x40 libusb/lib/libusb_sam3s_rel.a(release-USBD_HAL.o)
                0x00402270                USBD_HAL_Read
 .text.USBD_HAL_Connect
                0x004022b0       0x28 libusb/lib/libusb_sam3s_rel.a(release-USBD_HAL.o)
                0x004022b0                USBD_HAL_Connect
 .text.USBD_HAL_Disconnect
                0x004022d8       0x28 libusb/lib/libusb_sam3s_rel.a(release-USBD_HAL.o)
                0x004022d8                USBD_HAL_Disconnect
 .text.USBD_HAL_SetAddress
                0x00402300       0x1c libusb/lib/libusb_sam3s_rel.a(release-USBD_HAL.o)
                0x00402300                USBD_HAL_SetAddress
 .text.USBD_HAL_SetConfiguration
                0x0040231c       0x18 libusb/lib/libusb_sam3s_rel.a(release-USBD_HAL.o)
                0x0040231c                USBD_HAL_SetConfiguration
 .text.USBD_HAL_Init
                0x00402334       0x40 libusb/lib/libusb_sam3s_rel.a(release-USBD_HAL.o)
                0x00402334                USBD_HAL_Init
 .text.USBD_HAL_Stall
                0x00402374       0x60 libusb/lib/libusb_sam3s_rel.a(release-USBD_HAL.o)
                0x00402374                USBD_HAL_Stall
 .text.USBD_HAL_Halt
                0x004023d4       0xc4 libusb/lib/libusb_sam3s_rel.a(release-USBD_HAL.o)
                0x004023d4                USBD_HAL_Halt
 .text.USBD_HAL_IsHighSpeed
                0x00402498        0x4 libusb/lib/libusb_sam3s_rel.a(release-USBD_HAL.o)
                0x00402498                USBD_HAL_IsHighSpeed
 .text.USBD_HAL_Suspend
                0x0040249c       0x28 libusb/lib/libusb_sam3s_rel.a(release-USBD_HAL.o)
                0x0040249c                USBD_HAL_Suspend
 .text.USBD_HAL_Activate
                0x004024c4       0x24 libusb/lib/libusb_sam3s_rel.a(release-USBD_HAL.o)
                0x004024c4                USBD_HAL_Activate
 .text.USBGenericDescriptor_GetLength
                0x004024e8        0x4 libusb/lib/libusb_sam3s_rel.a(release-USBDescriptors.o)
                0x004024e8                USBGenericDescriptor_GetLength
 .text.USBGenericDescriptor_GetType
                0x004024ec        0x4 libusb/lib/libusb_sam3s_rel.a(release-USBDescriptors.o)
                0x004024ec                USBGenericDescriptor_GetType
 .text.USBGenericDescriptor_GetNextDescriptor
                0x004024f0       0x10 libusb/lib/libusb_sam3s_rel.a(release-USBDescriptors.o)
                0x004024f0                USBGenericDescriptor_GetNextDescriptor
 .text.USBGenericDescriptor_Parse
                0x00402500       0x4c libusb/lib/libusb_sam3s_rel.a(release-USBDescriptors.o)
                0x00402500                USBGenericDescriptor_Parse
 .text.USBEndpointDescriptor_GetNumber
                0x0040254c        0x8 libusb/lib/libusb_sam3s_rel.a(release-USBDescriptors.o)
                0x0040254c                USBEndpointDescriptor_GetNumber
 .text.USBEndpointDescriptor_GetDirection
                0x00402554        0x6 libusb/lib/libusb_sam3s_rel.a(release-USBDescriptors.o)
                0x00402554                USBEndpointDescriptor_GetDirection
 .text.USBEndpointDescriptor_GetType
                0x0040255a        0x8 libusb/lib/libusb_sam3s_rel.a(release-USBDescriptors.o)
                0x0040255a                USBEndpointDescriptor_GetType
 .text.USBEndpointDescriptor_GetMaxPacketSize
                0x00402562        0x4 libusb/lib/libusb_sam3s_rel.a(release-USBDescriptors.o)
                0x00402562                USBEndpointDescriptor_GetMaxPacketSize
 .text.USBConfigurationDescriptor_GetTotalLength
                0x00402566        0x4 libusb/lib/libusb_sam3s_rel.a(release-USBDescriptors.o)
                0x00402566                USBConfigurationDescriptor_GetTotalLength
 .text.USBConfigurationDescriptor_IsSelfPowered
                0x0040256a        0x8 libusb/lib/libusb_sam3s_rel.a(release-USBDescriptors.o)
                0x0040256a                USBConfigurationDescriptor_IsSelfPowered
 *fill*         0x00402572        0x2 00
 .text.USBConfigurationDescriptor_Parse
                0x00402574       0x78 libusb/lib/libusb_sam3s_rel.a(release-USBDescriptors.o)
                0x00402574                USBConfigurationDescriptor_Parse
 .text.USBD_SuspendHandler
                0x004025ec       0x24 libusb/lib/libusb_sam3s_rel.a(release-USBD.o)
                0x004025ec                USBD_SuspendHandler
 .text.USBD_ResumeHandler
                0x00402610       0x28 libusb/lib/libusb_sam3s_rel.a(release-USBD.o)
                0x00402610                USBD_ResumeHandler
 .text.USBD_RequestHandler
                0x00402638       0x2c libusb/lib/libusb_sam3s_rel.a(release-USBD.o)
                0x00402638                USBD_RequestHandler
 .text.USBD_ConfigureEndpoint
                0x00402664        0xc libusb/lib/libusb_sam3s_rel.a(release-USBD.o)
                0x00402664                USBD_ConfigureEndpoint
 .text.USBD_ResetHandler
                0x00402670       0x38 libusb/lib/libusb_sam3s_rel.a(release-USBD.o)
                0x00402670                USBD_ResetHandler
 .text.USBD_Write
                0x004026a8       0x24 libusb/lib/libusb_sam3s_rel.a(release-USBD.o)
                0x004026a8                USBD_Write
 .text.USBD_Read
                0x004026cc       0x24 libusb/lib/libusb_sam3s_rel.a(release-USBD.o)
                0x004026cc                USBD_Read
 .text.USBD_Halt
                0x004026f0       0x10 libusb/lib/libusb_sam3s_rel.a(release-USBD.o)
                0x004026f0                USBD_Halt
 .text.USBD_Unhalt
                0x00402700       0x10 libusb/lib/libusb_sam3s_rel.a(release-USBD.o)
                0x00402700                USBD_Unhalt
 .text.USBD_IsHighSpeed
                0x00402710        0xc libusb/lib/libusb_sam3s_rel.a(release-USBD.o)
                0x00402710                USBD_IsHighSpeed
 .text.USBD_Stall
                0x0040271c        0xc libusb/lib/libusb_sam3s_rel.a(release-USBD.o)
                0x0040271c                USBD_Stall
 .text.USBD_SetAddress
                0x00402728       0x20 libusb/lib/libusb_sam3s_rel.a(release-USBD.o)
                0x00402728                USBD_SetAddress
 .text.USBD_SetConfiguration
                0x00402748       0x30 libusb/lib/libusb_sam3s_rel.a(release-USBD.o)
                0x00402748                USBD_SetConfiguration
 .text.USBD_Connect
                0x00402778        0xc libusb/lib/libusb_sam3s_rel.a(release-USBD.o)
                0x00402778                USBD_Connect
 .text.USBD_Disconnect
                0x00402784       0x28 libusb/lib/libusb_sam3s_rel.a(release-USBD.o)
                0x00402784                USBD_Disconnect
 .text.USBD_Init
                0x004027ac       0x24 libusb/lib/libusb_sam3s_rel.a(release-USBD.o)
                0x004027ac                USBD_Init
 .text.USBD_GetState
                0x004027d0        0xc libusb/lib/libusb_sam3s_rel.a(release-USBD.o)
                0x004027d0                USBD_GetState
 .text.USBDCallbacks_Reset
                0x004027dc        0x2 libusb/lib/libusb_sam3s_rel.a(release-USBDCallbacks.o)
                0x004027dc                USBDCallbacks_Reset
 .text.USBDCallbacks_Suspended
                0x004027de        0x2 libusb/lib/libusb_sam3s_rel.a(release-USBDCallbacks.o)
                0x004027de                USBDCallbacks_Suspended
 .text.USBDCallbacks_Resumed
                0x004027e0        0x2 libusb/lib/libusb_sam3s_rel.a(release-USBDCallbacks.o)
                0x004027e0                USBDCallbacks_Resumed
 *fill*         0x004027e2        0x2 00
 .text.TerminateCtrlInWithNull
                0x004027e4       0x18 libusb/lib/libusb_sam3s_rel.a(release-USBDDriver.o)
 .text.USBD_GetDriver
                0x004027fc        0x8 libusb/lib/libusb_sam3s_rel.a(release-USBDDriver.o)
                0x004027fc                USBD_GetDriver
 .text.USBDDriver_Initialize
                0x00402804        0xc libusb/lib/libusb_sam3s_rel.a(release-USBDDriver.o)
                0x00402804                USBDDriver_Initialize
 .text.USBDDriver_GetCfgDescriptors
                0x00402810       0x18 libusb/lib/libusb_sam3s_rel.a(release-USBDDriver.o)
                0x00402810                USBDDriver_GetCfgDescriptors
 .text.USBDDriver_RequestHandler
                0x00402828      0x3f0 libusb/lib/libusb_sam3s_rel.a(release-USBDDriver.o)
                0x00402828                USBDDriver_RequestHandler
 .text.CDCDSerial_Initialize
                0x00402c18       0x24 libusb/lib/libusb_sam3s_rel.a(release-CDCDSerial.o)
                0x00402c18                CDCDSerial_Initialize
 .text.CDCDSerial_ConfigureFunction
                0x00402c3c       0x18 libusb/lib/libusb_sam3s_rel.a(release-CDCDSerial.o)
                0x00402c3c                CDCDSerial_ConfigureFunction
 .text.CDCDSerial_RequestHandler
                0x00402c54       0x14 libusb/lib/libusb_sam3s_rel.a(release-CDCDSerial.o)
                0x00402c54                CDCDSerial_RequestHandler
 .text.CDCDSerial_Read
                0x00402c68       0x20 libusb/lib/libusb_sam3s_rel.a(release-CDCDSerial.o)
                0x00402c68                CDCDSerial_Read
 .text.CDCDSerial_Write
                0x00402c88       0x20 libusb/lib/libusb_sam3s_rel.a(release-CDCDSerial.o)
                0x00402c88                CDCDSerial_Write
 .text.CDCDSerial_LineCodingIsToChange
                0x00402ca8        0x4 libusb/lib/libusb_sam3s_rel.a(release-CDCDSerial.o)
                0x00402ca8                CDCDSerial_LineCodingIsToChange
 .text.CDCDSerial_ControlLineStateChanged
                0x00402cac        0x2 libusb/lib/libusb_sam3s_rel.a(release-CDCDSerial.o)
                0x00402cac                CDCDSerial_ControlLineStateChanged
 *fill*         0x00402cae        0x2 00
 .text.CDCDSerial_EventHandler
                0x00402cb0       0x34 libusb/lib/libusb_sam3s_rel.a(release-CDCDSerial.o)
 .text.USBDDriverCallbacks_InterfaceSettingChanged
                0x00402ce4        0x2 libusb/lib/libusb_sam3s_rel.a(release-USBDDriverCallbacks.o)
                0x00402ce4                USBDDriverCallbacks_InterfaceSettingChanged
 *fill*         0x00402ce6        0x2 00
 .text.CDCDSerialDriver_Initialize
                0x00402ce8       0x30 libusb/lib/libusb_sam3s_rel.a(release-CDCDSerialDriver.o)
                0x00402ce8                CDCDSerialDriver_Initialize
 .text.CDCDSerialDriver_ConfigurationChangedHandler
                0x00402d18       0x24 libusb/lib/libusb_sam3s_rel.a(release-CDCDSerialDriver.o)
                0x00402d18                CDCDSerialDriver_ConfigurationChangedHandler
 .text.CDCDSerialDriver_RequestHandler
                0x00402d3c       0x28 libusb/lib/libusb_sam3s_rel.a(release-CDCDSerialDriver.o)
                0x00402d3c                CDCDSerialDriver_RequestHandler
 .text.USBGenericRequest_GetType
                0x00402d64        0xa libusb/lib/libusb_sam3s_rel.a(release-USBRequests.o)
                0x00402d64                USBGenericRequest_GetType
 .text.USBGenericRequest_GetRequest
                0x00402d6e        0x4 libusb/lib/libusb_sam3s_rel.a(release-USBRequests.o)
                0x00402d6e                USBGenericRequest_GetRequest
 .text.USBGenericRequest_GetValue
                0x00402d72        0x4 libusb/lib/libusb_sam3s_rel.a(release-USBRequests.o)
                0x00402d72                USBGenericRequest_GetValue
 .text.USBGenericRequest_GetIndex
                0x00402d76        0x4 libusb/lib/libusb_sam3s_rel.a(release-USBRequests.o)
                0x00402d76                USBGenericRequest_GetIndex
 .text.USBGenericRequest_GetLength
                0x00402d7a        0x4 libusb/lib/libusb_sam3s_rel.a(release-USBRequests.o)
                0x00402d7a                USBGenericRequest_GetLength
 *fill*         0x00402d7e        0x2 00
 .text.USBGenericRequest_GetEndpointNumber
                0x00402d80       0x10 libusb/lib/libusb_sam3s_rel.a(release-USBRequests.o)
                0x00402d80                USBGenericRequest_GetEndpointNumber
 .text.USBGenericRequest_GetRecipient
                0x00402d90        0x8 libusb/lib/libusb_sam3s_rel.a(release-USBRequests.o)
                0x00402d90                USBGenericRequest_GetRecipient
 .text.USBGenericRequest_GetDirection
                0x00402d98        0x6 libusb/lib/libusb_sam3s_rel.a(release-USBRequests.o)
                0x00402d98                USBGenericRequest_GetDirection
 *fill*         0x00402d9e        0x2 00
 .text.USBGetDescriptorRequest_GetDescriptorType
                0x00402da0       0x10 libusb/lib/libusb_sam3s_rel.a(release-USBRequests.o)
                0x00402da0                USBGetDescriptorRequest_GetDescriptorType
 .text.USBGetDescriptorRequest_GetDescriptorIndex
                0x00402db0       0x10 libusb/lib/libusb_sam3s_rel.a(release-USBRequests.o)
                0x00402db0                USBGetDescriptorRequest_GetDescriptorIndex
 .text.USBSetAddressRequest_GetAddress
                0x00402dc0       0x10 libusb/lib/libusb_sam3s_rel.a(release-USBRequests.o)
                0x00402dc0                USBSetAddressRequest_GetAddress
 .text.USBSetConfigurationRequest_GetConfiguration
                0x00402dd0       0x10 libusb/lib/libusb_sam3s_rel.a(release-USBRequests.o)
                0x00402dd0                USBSetConfigurationRequest_GetConfiguration
 .text.USBInterfaceRequest_GetInterface
                0x00402de0       0x10 libusb/lib/libusb_sam3s_rel.a(release-USBRequests.o)
                0x00402de0                USBInterfaceRequest_GetInterface
 .text.USBInterfaceRequest_GetAlternateSetting
                0x00402df0       0x10 libusb/lib/libusb_sam3s_rel.a(release-USBRequests.o)
                0x00402df0                USBInterfaceRequest_GetAlternateSetting
 .text.USBFeatureRequest_GetFeatureSelector
                0x00402e00       0x10 libusb/lib/libusb_sam3s_rel.a(release-USBRequests.o)
                0x00402e00                USBFeatureRequest_GetFeatureSelector
 .text._Interfaces_Parse
                0x00402e10       0xa6 libusb/lib/libusb_sam3s_rel.a(release-CDCDSerialPort.o)
 *fill*         0x00402eb6        0x2 00
 .text._SetLineCodingCallback
                0x00402eb8       0x48 libusb/lib/libusb_sam3s_rel.a(release-CDCDSerialPort.o)
 .text.CDCDSerialPort_Initialize
                0x00402f00       0x34 libusb/lib/libusb_sam3s_rel.a(release-CDCDSerialPort.o)
                0x00402f00                CDCDSerialPort_Initialize
 .text.CDCDSerialPort_ParseInterfaces
                0x00402f34       0x20 libusb/lib/libusb_sam3s_rel.a(release-CDCDSerialPort.o)
                0x00402f34                CDCDSerialPort_ParseInterfaces
 .text.CDCDSerialPort_RequestHandler
                0x00402f54       0x9c libusb/lib/libusb_sam3s_rel.a(release-CDCDSerialPort.o)
                0x00402f54                CDCDSerialPort_RequestHandler
 .text.CDCDSerialPort_Read
                0x00402ff0       0x18 libusb/lib/libusb_sam3s_rel.a(release-CDCDSerialPort.o)
                0x00402ff0                CDCDSerialPort_Read
 .text.CDCDSerialPort_Write
                0x00403008       0x18 libusb/lib/libusb_sam3s_rel.a(release-CDCDSerialPort.o)
                0x00403008                CDCDSerialPort_Write
 .text.CDCLineCoding_Initialize
                0x00403020        0xe libusb/lib/libusb_sam3s_rel.a(release-CDCLineCoding.o)
                0x00403020                CDCLineCoding_Initialize
 *fill*         0x0040302e        0x2 00
 .text.NVIC_SetPriority
                0x00403030       0x28 libchip/lib/libchip_sam3s4_rel.a(release-pio_it.o)
 .text.PioInterruptHandler
                0x00403058       0x6c libchip/lib/libchip_sam3s4_rel.a(release-pio_it.o)
                0x00403058                PioInterruptHandler
 .text.PIOA_IrqHandler
                0x004030c4       0x24 libchip/lib/libchip_sam3s4_rel.a(release-pio_it.o)
                0x004030c4                PIOA_IrqHandler
 .text.PIOB_IrqHandler
                0x004030e8       0x14 libchip/lib/libchip_sam3s4_rel.a(release-pio_it.o)
                0x004030e8                PIOB_IrqHandler
 .text.PIOC_IrqHandler
                0x004030fc       0x14 libchip/lib/libchip_sam3s4_rel.a(release-pio_it.o)
                0x004030fc                PIOC_IrqHandler
 .text.PIO_InitializeInterrupts
                0x00403110       0x98 libchip/lib/libchip_sam3s4_rel.a(release-pio_it.o)
                0x00403110                PIO_InitializeInterrupts
 .text.PIO_ConfigureIt
                0x004031a8       0x84 libchip/lib/libchip_sam3s4_rel.a(release-pio_it.o)
                0x004031a8                PIO_ConfigureIt
 .text.PIO_EnableIt
                0x0040322c       0x70 libchip/lib/libchip_sam3s4_rel.a(release-pio_it.o)
                0x0040322c                PIO_EnableIt
 .text.IrqHandlerNotUsed
                0x0040329c        0x2 libchip/lib/libchip_sam3s4_rel.a(release-exceptions.o)
                0x0040329c                IrqHandlerNotUsed
 .text.NMI_Handler
                0x0040329e        0x2 libchip/lib/libchip_sam3s4_rel.a(release-exceptions.o)
                0x0040329e                NMI_Handler
 .text.HardFault_Handler
                0x004032a0        0x2 libchip/lib/libchip_sam3s4_rel.a(release-exceptions.o)
                0x004032a0                HardFault_Handler
 .text.MemManage_Handler
                0x004032a2        0x2 libchip/lib/libchip_sam3s4_rel.a(release-exceptions.o)
                0x004032a2                MemManage_Handler
 .text.BusFault_Handler
                0x004032a4        0x2 libchip/lib/libchip_sam3s4_rel.a(release-exceptions.o)
                0x004032a4                BusFault_Handler
 .text.UsageFault_Handler
                0x004032a6        0x2 libchip/lib/libchip_sam3s4_rel.a(release-exceptions.o)
                0x004032a6                UsageFault_Handler
 .text.SVC_Handler
                0x004032a8        0x2 libchip/lib/libchip_sam3s4_rel.a(release-exceptions.o)
                0x004032a8                SVC_Handler
 .text.DebugMon_Handler
                0x004032aa        0x2 libchip/lib/libchip_sam3s4_rel.a(release-exceptions.o)
                0x004032aa                DebugMon_Handler
 .text.PendSV_Handler
                0x004032ac        0x2 libchip/lib/libchip_sam3s4_rel.a(release-exceptions.o)
                0x004032ac                PendSV_Handler
 .text.SUPC_IrqHandler
                0x004032ae        0x2 libchip/lib/libchip_sam3s4_rel.a(release-exceptions.o)
                0x004032ae                SUPC_IrqHandler
 .text.RSTC_IrqHandler
                0x004032b0        0x2 libchip/lib/libchip_sam3s4_rel.a(release-exceptions.o)
                0x004032b0                RSTC_IrqHandler
 .text.RTC_IrqHandler
                0x004032b2        0x2 libchip/lib/libchip_sam3s4_rel.a(release-exceptions.o)
                0x004032b2                RTC_IrqHandler
 .text.RTT_IrqHandler
                0x004032b4        0x2 libchip/lib/libchip_sam3s4_rel.a(release-exceptions.o)
                0x004032b4                RTT_IrqHandler
 .text.WDT_IrqHandler
                0x004032b6        0x2 libchip/lib/libchip_sam3s4_rel.a(release-exceptions.o)
                0x004032b6                WDT_IrqHandler
 .text.PMC_IrqHandler
                0x004032b8        0x2 libchip/lib/libchip_sam3s4_rel.a(release-exceptions.o)
                0x004032b8                PMC_IrqHandler
 .text.EEFC_IrqHandler
                0x004032ba        0x2 libchip/lib/libchip_sam3s4_rel.a(release-exceptions.o)
                0x004032ba                EEFC_IrqHandler
 .text.UART0_IrqHandler
                0x004032bc        0x2 libchip/lib/libchip_sam3s4_rel.a(release-exceptions.o)
                0x004032bc                UART0_IrqHandler
 .text.UART1_IrqHandler
                0x004032be        0x2 libchip/lib/libchip_sam3s4_rel.a(release-exceptions.o)
                0x004032be                UART1_IrqHandler
 .text.SMC_IrqHandler
                0x004032c0        0x2 libchip/lib/libchip_sam3s4_rel.a(release-exceptions.o)
                0x004032c0                SMC_IrqHandler
 .text.USART0_IrqHandler
                0x004032c2        0x2 libchip/lib/libchip_sam3s4_rel.a(release-exceptions.o)
                0x004032c2                USART0_IrqHandler
 .text.USART1_IrqHandler
                0x004032c4        0x2 libchip/lib/libchip_sam3s4_rel.a(release-exceptions.o)
                0x004032c4                USART1_IrqHandler
 .text.MCI_IrqHandler
                0x004032c6        0x2 libchip/lib/libchip_sam3s4_rel.a(release-exceptions.o)
                0x004032c6                MCI_IrqHandler
 .text.TWI0_IrqHandler
                0x004032c8        0x2 libchip/lib/libchip_sam3s4_rel.a(release-exceptions.o)
                0x004032c8                TWI0_IrqHandler
 .text.TWI1_IrqHandler
                0x004032ca        0x2 libchip/lib/libchip_sam3s4_rel.a(release-exceptions.o)
                0x004032ca                TWI1_IrqHandler
 .text.SPI_IrqHandler
                0x004032cc        0x2 libchip/lib/libchip_sam3s4_rel.a(release-exceptions.o)
                0x004032cc                SPI_IrqHandler
 .text.SSC_IrqHandler
                0x004032ce        0x2 libchip/lib/libchip_sam3s4_rel.a(release-exceptions.o)
                0x004032ce                SSC_IrqHandler
 .text.TC2_IrqHandler
                0x004032d0        0x2 libchip/lib/libchip_sam3s4_rel.a(release-exceptions.o)
                0x004032d0                TC2_IrqHandler
 .text.TC3_IrqHandler
                0x004032d2        0x2 libchip/lib/libchip_sam3s4_rel.a(release-exceptions.o)
                0x004032d2                TC3_IrqHandler
 .text.TC4_IrqHandler
                0x004032d4        0x2 libchip/lib/libchip_sam3s4_rel.a(release-exceptions.o)
                0x004032d4                TC4_IrqHandler
 .text.TC5_IrqHandler
                0x004032d6        0x2 libchip/lib/libchip_sam3s4_rel.a(release-exceptions.o)
                0x004032d6                TC5_IrqHandler
 .text.DAC_IrqHandler
                0x004032d8        0x2 libchip/lib/libchip_sam3s4_rel.a(release-exceptions.o)
                0x004032d8                DAC_IrqHandler
 .text.PWM_IrqHandler
                0x004032da        0x2 libchip/lib/libchip_sam3s4_rel.a(release-exceptions.o)
                0x004032da                PWM_IrqHandler
 .text.CRCCU_IrqHandler
                0x004032dc        0x2 libchip/lib/libchip_sam3s4_rel.a(release-exceptions.o)
                0x004032dc                CRCCU_IrqHandler
 .text.ACC_IrqHandler
                0x004032de        0x2 libchip/lib/libchip_sam3s4_rel.a(release-exceptions.o)
                0x004032de                ACC_IrqHandler
 .text.ADC_Initialize
                0x004032e0       0x1c libchip/lib/libchip_sam3s4_rel.a(release-adc.o)
                0x004032e0                ADC_Initialize
 .text.ADC_cfgFrequency
                0x004032fc       0x16 libchip/lib/libchip_sam3s4_rel.a(release-adc.o)
                0x004032fc                ADC_cfgFrequency
 .text.ADC_ReadBuffer
                0x00403312       0x34 libchip/lib/libchip_sam3s4_rel.a(release-adc.o)
                0x00403312                ADC_ReadBuffer
 *fill*         0x00403346        0x2 00
 .text.PIO_Configure
                0x00403348      0x14c libchip/lib/libchip_sam3s4_rel.a(release-pio.o)
                0x00403348                PIO_Configure
 .text.PIO_Get  0x00403494       0x1c libchip/lib/libchip_sam3s4_rel.a(release-pio.o)
                0x00403494                PIO_Get
 .text.PMC_EnablePeripheral
                0x004034b0       0x5c libchip/lib/libchip_sam3s4_rel.a(release-pmc.o)
                0x004034b0                PMC_EnablePeripheral
 .text.PMC_DisablePeripheral
                0x0040350c       0x58 libchip/lib/libchip_sam3s4_rel.a(release-pmc.o)
                0x0040350c                PMC_DisablePeripheral
 .text.PMC_IsPeriphEnabled
                0x00403564       0x4c libchip/lib/libchip_sam3s4_rel.a(release-pmc.o)
                0x00403564                PMC_IsPeriphEnabled
 .text.TC_Configure
                0x004035b0       0x38 libchip/lib/libchip_sam3s4_rel.a(release-tc.o)
                0x004035b0                TC_Configure
 .text.TC_Start
                0x004035e8       0x2c libchip/lib/libchip_sam3s4_rel.a(release-tc.o)
                0x004035e8                TC_Start
 .text.TC_Stop  0x00403614       0x2c libchip/lib/libchip_sam3s4_rel.a(release-tc.o)
                0x00403614                TC_Stop
 .text.TC_FindMckDivisor
                0x00403640       0x70 libchip/lib/libchip_sam3s4_rel.a(release-tc.o)
                0x00403640                TC_FindMckDivisor
 .text.PIO_CaptureHandler
                0x004036b0       0x60 libchip/lib/libchip_sam3s4_rel.a(release-pio_capture.o)
                0x004036b0                PIO_CaptureHandler
 .text          0x00403710       0x54 /usr/local/Sourcery/bin/../lib/gcc/arm-none-eabi/4.6.1/../../../../arm-none-eabi/lib/thumb2/libc.a(lib_a-assert.o)
                0x00403710                __assert_func
                0x00403758                __assert
 .text          0x00403764       0x4c /usr/local/Sourcery/bin/../lib/gcc/arm-none-eabi/4.6.1/../../../../arm-none-eabi/lib/thumb2/libc.a(lib_a-fiprintf.o)
                0x00403764                _fiprintf_r
                0x00403784                fiprintf
 .text          0x004037b0       0x6c /usr/local/Sourcery/bin/../lib/gcc/arm-none-eabi/4.6.1/../../../../arm-none-eabi/lib/thumb2/libc.a(lib_a-gets.o)
                0x004037b0                _gets_r
                0x0040380c                gets
 .text          0x0040381c       0x64 /usr/local/Sourcery/bin/../lib/gcc/arm-none-eabi/4.6.1/../../../../arm-none-eabi/lib/thumb2/libc.a(lib_a-iprintf.o)
                0x0040381c                iprintf
                0x00403854                _iprintf_r
 .text          0x00403880       0xf0 /usr/local/Sourcery/bin/../lib/gcc/arm-none-eabi/4.6.1/../../../../arm-none-eabi/lib/thumb2/libc.a(lib_a-memcpy.o)
                0x00403880                memcpy
 .text          0x00403970       0xbc /usr/local/Sourcery/bin/../lib/gcc/arm-none-eabi/4.6.1/../../../../arm-none-eabi/lib/thumb2/libc.a(lib_a-memmove.o)
                0x00403970                memmove
 .text          0x00403a2c       0x70 /usr/local/Sourcery/bin/../lib/gcc/arm-none-eabi/4.6.1/../../../../arm-none-eabi/lib/thumb2/libc.a(lib_a-rget.o)
                0x00403a2c                __srget_r
                0x00403a8c                __srget
 .text          0x00403a9c       0x10 /usr/local/Sourcery/bin/../lib/gcc/arm-none-eabi/4.6.1/../../../../arm-none-eabi/lib/thumb2/libc.a(lib_a-setbuf.o)
                0x00403a9c                setbuf
 .text          0x00403aac      0x15c /usr/local/Sourcery/bin/../lib/gcc/arm-none-eabi/4.6.1/../../../../arm-none-eabi/lib/thumb2/libc.a(lib_a-setvbuf.o)
                0x00403aac                setvbuf
 .text          0x00403c08       0xb4 /usr/local/Sourcery/bin/../lib/gcc/arm-none-eabi/4.6.1/../../../../arm-none-eabi/lib/thumb2/libc.a(lib_a-siscanf.o)
                0x00403c08                siscanf
                0x00403c64                _siscanf_r
 .text          0x00403cbc       0x8c /usr/local/Sourcery/bin/../lib/gcc/arm-none-eabi/4.6.1/../../../../arm-none-eabi/lib/thumb2/libc.a(lib_a-stdio.o)
                0x00403cbc                __sread
                0x00403ce0                __seofread
                0x00403ce4                __swrite
                0x00403d1c                __sseek
                0x00403d40                __sclose
 .text          0x00403d48       0x60 /usr/local/Sourcery/bin/../lib/gcc/arm-none-eabi/4.6.1/../../../../arm-none-eabi/lib/thumb2/libc.a(lib_a-strlen.o)
                0x00403d48                strlen
 .text          0x00403da8      0xb5c /usr/local/Sourcery/bin/../lib/gcc/arm-none-eabi/4.6.1/../../../../arm-none-eabi/lib/thumb2/libc.a(lib_a-svfiscanf.o)
                0x00403da8                _sungetc_r
                0x00403e2c                __ssrefill_r
                0x00403e68                _sfread_r
                0x00403ee0                __ssvfiscanf_r
 .text          0x00404904      0x19c /usr/local/Sourcery/bin/../lib/gcc/arm-none-eabi/4.6.1/../../../../arm-none-eabi/lib/thumb2/libc.a(lib_a-ungetc.o)
                0x00404904                __submore
                0x00404988                _ungetc_r
                0x00404a8c                ungetc
 .text          0x00404aa0      0xd18 /usr/local/Sourcery/bin/../lib/gcc/arm-none-eabi/4.6.1/../../../../arm-none-eabi/lib/thumb2/libc.a(lib_a-vfiprintf.o)
                0x00404aa0                __sprint_r
                0x00404b20                _vfiprintf_r
                0x0040579c                vfiprintf
 .text          0x004057b8       0x2c /usr/local/Sourcery/bin/../lib/gcc/arm-none-eabi/4.6.1/../../../../arm-none-eabi/lib/thumb2/libc.a(lib_a-writer.o)
                0x004057b8                _write_r
 .text          0x004057e4       0xf8 /usr/local/Sourcery/bin/../lib/gcc/arm-none-eabi/4.6.1/../../../../arm-none-eabi/lib/thumb2/libc.a(lib_a-wsetup.o)
                0x004057e4                __swsetup_r
 .text          0x004058dc       0x10 /usr/local/Sourcery/bin/../lib/gcc/arm-none-eabi/4.6.1/../../../../arm-none-eabi/lib/thumb2/libc.a(lib_a-abort.o)
                0x004058dc                abort
 .text          0x004058ec       0x28 /usr/local/Sourcery/bin/../lib/gcc/arm-none-eabi/4.6.1/../../../../arm-none-eabi/lib/thumb2/libc.a(lib_a-closer.o)
                0x004058ec                _close_r
 .text          0x00405914      0x1e0 /usr/local/Sourcery/bin/../lib/gcc/arm-none-eabi/4.6.1/../../../../arm-none-eabi/lib/thumb2/libc.a(lib_a-fflush.o)
                0x00405914                _fflush_r
                0x00405acc                fflush
 .text          0x00405af4      0x1dc /usr/local/Sourcery/bin/../lib/gcc/arm-none-eabi/4.6.1/../../../../arm-none-eabi/lib/thumb2/libc.a(lib_a-findfp.o)
                0x00405afc                _cleanup_r
                0x00405b58                __sfmoreglue
                0x00405b88                _cleanup
                0x00405b98                __sinit
                0x00405bf4                __sfp
                0x00405c90                __sfp_lock_acquire
                0x00405c94                __sfp_lock_release
                0x00405c98                __sinit_lock_acquire
                0x00405c9c                __sinit_lock_release
                0x00405ca0                __fp_lock_all
                0x00405cb8                __fp_unlock_all
 .text          0x00405cd0      0x13c /usr/local/Sourcery/bin/../lib/gcc/arm-none-eabi/4.6.1/../../../../arm-none-eabi/lib/thumb2/libc.a(lib_a-fputwc.o)
                0x00405cd0                _fputwc_r
                0x00405db4                fputwc
 .text          0x00405e0c      0x234 /usr/local/Sourcery/bin/../lib/gcc/arm-none-eabi/4.6.1/../../../../arm-none-eabi/lib/thumb2/libc.a(lib_a-freer.o)
                0x00405e0c                _malloc_trim_r
                0x00405eb0                _free_r
 .text          0x00406040      0x32c /usr/local/Sourcery/bin/../lib/gcc/arm-none-eabi/4.6.1/../../../../arm-none-eabi/lib/thumb2/libc.a(lib_a-fvwrite.o)
                0x00406040                __sfvwrite_r
 .text          0x0040636c       0xa0 /usr/local/Sourcery/bin/../lib/gcc/arm-none-eabi/4.6.1/../../../../arm-none-eabi/lib/thumb2/libc.a(lib_a-fwalk.o)
                0x0040636c                _fwalk
                0x004063b8                _fwalk_reent
 .text          0x0040640c       0x1c /usr/local/Sourcery/bin/../lib/gcc/arm-none-eabi/4.6.1/../../../../arm-none-eabi/lib/thumb2/libc.a(lib_a-iswspace.o)
                0x0040640c                iswspace
 .text          0x00406428       0xa4 /usr/local/Sourcery/bin/../lib/gcc/arm-none-eabi/4.6.1/../../../../arm-none-eabi/lib/thumb2/libc.a(lib_a-locale.o)
                0x00406428                _setlocale_r
                0x00406484                __locale_charset
                0x00406490                __locale_mb_cur_max
                0x0040649c                __locale_msgcharset
                0x004064a4                __locale_cjk_lang
                0x004064a8                _localeconv_r
                0x004064b0                setlocale
                0x004064c4                localeconv
 .text          0x004064cc       0x2c /usr/local/Sourcery/bin/../lib/gcc/arm-none-eabi/4.6.1/../../../../arm-none-eabi/lib/thumb2/libc.a(lib_a-lseekr.o)
                0x004064cc                _lseek_r
 .text          0x004064f8       0xe8 /usr/local/Sourcery/bin/../lib/gcc/arm-none-eabi/4.6.1/../../../../arm-none-eabi/lib/thumb2/libc.a(lib_a-makebuf.o)
                0x004064f8                __smakebuf_r
 .text          0x004065e0       0x20 /usr/local/Sourcery/bin/../lib/gcc/arm-none-eabi/4.6.1/../../../../arm-none-eabi/lib/thumb2/libc.a(lib_a-malloc.o)
                0x004065e0                malloc
                0x004065f0                free
 .text          0x00406600      0x57c /usr/local/Sourcery/bin/../lib/gcc/arm-none-eabi/4.6.1/../../../../arm-none-eabi/lib/thumb2/libc.a(lib_a-mallocr.o)
                0x00406600                _malloc_r
 .text          0x00406b7c       0xc8 /usr/local/Sourcery/bin/../lib/gcc/arm-none-eabi/4.6.1/../../../../arm-none-eabi/lib/thumb2/libc.a(lib_a-mbrtowc.o)
                0x00406b7c                _mbrtowc_r
                0x00406bd8                mbrtowc
 .text          0x00406c44       0x58 /usr/local/Sourcery/bin/../lib/gcc/arm-none-eabi/4.6.1/../../../../arm-none-eabi/lib/thumb2/libc.a(lib_a-mbtowc_r.o)
                0x00406c44                __ascii_mbtowc
                0x00406c68                _mbtowc_r
 .text          0x00406c9c       0x88 /usr/local/Sourcery/bin/../lib/gcc/arm-none-eabi/4.6.1/../../../../arm-none-eabi/lib/thumb2/libc.a(lib_a-memchr.o)
                0x00406c9c                memchr
 .text          0x00406d24       0x8c /usr/local/Sourcery/bin/../lib/gcc/arm-none-eabi/4.6.1/../../../../arm-none-eabi/lib/thumb2/libc.a(lib_a-memset.o)
                0x00406d24                memset
 .text          0x00406db0        0x8 /usr/local/Sourcery/bin/../lib/gcc/arm-none-eabi/4.6.1/../../../../arm-none-eabi/lib/thumb2/libc.a(lib_a-mlock.o)
                0x00406db0                __malloc_lock
                0x00406db4                __malloc_unlock
 .text          0x00406db8       0x2c /usr/local/Sourcery/bin/../lib/gcc/arm-none-eabi/4.6.1/../../../../arm-none-eabi/lib/thumb2/libc.a(lib_a-readr.o)
                0x00406db8                _read_r
 .text          0x00406de4      0x3d8 /usr/local/Sourcery/bin/../lib/gcc/arm-none-eabi/4.6.1/../../../../arm-none-eabi/lib/thumb2/libc.a(lib_a-reallocr.o)
                0x00406de4                _realloc_r
 .text          0x004071bc      0x144 /usr/local/Sourcery/bin/../lib/gcc/arm-none-eabi/4.6.1/../../../../arm-none-eabi/lib/thumb2/libc.a(lib_a-refill.o)
                0x004071d0                __srefill_r
 .text          0x00407300       0x28 /usr/local/Sourcery/bin/../lib/gcc/arm-none-eabi/4.6.1/../../../../arm-none-eabi/lib/thumb2/libc.a(lib_a-sbrkr.o)
                0x00407300                _sbrk_r
 .text          0x00407328       0x78 /usr/local/Sourcery/bin/../lib/gcc/arm-none-eabi/4.6.1/../../../../arm-none-eabi/lib/thumb2/libc.a(lib_a-sccl.o)
                0x00407328                __sccl
 .text          0x004073a0      0x150 /usr/local/Sourcery/bin/../lib/gcc/arm-none-eabi/4.6.1/../../../../arm-none-eabi/lib/thumb2/libc.a(lib_a-signal.o)
                0x004073a0                _init_signal_r
                0x004073d0                _signal_r
                0x0040740c                _raise_r
                0x00407460                __sigtramp_r
                0x004074ac                raise
                0x004074bc                signal
                0x004074d0                _init_signal
                0x004074e0                __sigtramp
 .text          0x004074f0       0x2c /usr/local/Sourcery/bin/../lib/gcc/arm-none-eabi/4.6.1/../../../../arm-none-eabi/lib/thumb2/libc.a(lib_a-signalr.o)
                0x004074f0                _kill_r
                0x00407518                _getpid_r
 .text          0x0040751c      0x1dc /usr/local/Sourcery/bin/../lib/gcc/arm-none-eabi/4.6.1/../../../../arm-none-eabi/lib/thumb2/libc.a(lib_a-strcmp.o)
                0x0040751c                strcmp
 .text          0x004076f8      0x17c /usr/local/Sourcery/bin/../lib/gcc/arm-none-eabi/4.6.1/../../../../arm-none-eabi/lib/thumb2/libc.a(lib_a-strtol.o)
                0x004076f8                _strtol_r
                0x00407858                strtol
 .text          0x00407874      0x1f4 /usr/local/Sourcery/bin/../lib/gcc/arm-none-eabi/4.6.1/../../../../arm-none-eabi/lib/thumb2/libc.a(lib_a-strtoll_r.o)
                0x00407874                _strtoll_r
 .text          0x00407a68      0x180 /usr/local/Sourcery/bin/../lib/gcc/arm-none-eabi/4.6.1/../../../../arm-none-eabi/lib/thumb2/libc.a(lib_a-strtoul.o)
                0x00407a68                _strtoul_r
                0x00407bcc                strtoul
 .text          0x00407be8      0x1e0 /usr/local/Sourcery/bin/../lib/gcc/arm-none-eabi/4.6.1/../../../../arm-none-eabi/lib/thumb2/libc.a(lib_a-strtoull_r.o)
                0x00407be8                _strtoull_r
 .text          0x00407dc8       0xfc /usr/local/Sourcery/bin/../lib/gcc/arm-none-eabi/4.6.1/../../../../arm-none-eabi/lib/thumb2/libc.a(lib_a-wbuf.o)
                0x00407dc8                __swbuf_r
                0x00407eb0                __swbuf
 .text          0x00407ec4       0xb0 /usr/local/Sourcery/bin/../lib/gcc/arm-none-eabi/4.6.1/../../../../arm-none-eabi/lib/thumb2/libc.a(lib_a-wcrtomb.o)
                0x00407ec4                _wcrtomb_r
                0x00407f14                wcrtomb
 .text          0x00407f74       0x4c /usr/local/Sourcery/bin/../lib/gcc/arm-none-eabi/4.6.1/../../../../arm-none-eabi/lib/thumb2/libc.a(lib_a-wctomb_r.o)
                0x00407f74                __ascii_wctomb
                0x00407f90                _wctomb_r
 .text          0x00407fc0       0xc4 /usr/local/Sourcery/bin/../lib/gcc/arm-none-eabi/4.6.1/../../../../arm-none-eabi/lib/thumb2/libc.a(lib_a-fclose.o)
                0x00407fc0                _fclose_r
                0x00408074                fclose
 .text          0x00408084       0x28 /usr/local/Sourcery/bin/../lib/gcc/arm-none-eabi/4.6.1/../../../../arm-none-eabi/lib/thumb2/libc.a(lib_a-fstatr.o)
                0x00408084                _fstat_r
 .text          0x004080ac       0x28 /usr/local/Sourcery/bin/../lib/gcc/arm-none-eabi/4.6.1/../../../../arm-none-eabi/lib/thumb2/libc.a(lib_a-isattyr.o)
                0x004080ac                _isatty_r
 *fill*         0x004080d4        0x4 00
 .text          0x004080d8      0x278 /usr/local/Sourcery/bin/../lib/gcc/arm-none-eabi/4.6.1/thumb2/libgcc.a(_udivsi3.o)
                0x004080d8                __udivsi3
                0x004080d8                __aeabi_uidiv
                0x00408334                __aeabi_uidivmod
 .text          0x00408350        0x4 /usr/local/Sourcery/bin/../lib/gcc/arm-none-eabi/4.6.1/thumb2/libgcc.a(_dvmd_tls.o)
                0x00408350                __aeabi_ldiv0
                0x00408350                __aeabi_idiv0
 .text          0x00408354       0x2c /usr/local/Sourcery/bin/../lib/gcc/arm-none-eabi/4.6.1/thumb2/libgcc.a(_aeabi_uldivmod.o)
                0x00408354                __aeabi_uldivmod
 .text          0x00408380       0x5c /usr/local/Sourcery/bin/../lib/gcc/arm-none-eabi/4.6.1/thumb2/libgcc.a(bpabi.o)
                0x00408380                __gnu_ldivmod_helper
                0x004083b0                __gnu_uldivmod_helper
 .text          0x004083dc      0x364 /usr/local/Sourcery/bin/../lib/gcc/arm-none-eabi/4.6.1/thumb2/libgcc.a(_divdi3.o)
                0x004083dc                __divdi3
 .text          0x00408740      0x334 /usr/local/Sourcery/bin/../lib/gcc/arm-none-eabi/4.6.1/thumb2/libgcc.a(_udivdi3.o)
                0x00408740                __udivdi3
 *(.glue_7t)
 .glue_7t       0x00000000        0x0 linker stubs
 *(.glue_7)
 .glue_7        0x00000000        0x0 linker stubs
 *(.rodata .rodata* .gnu.linkonce.r.*)
 .rodata        0x00408a74       0x1c build/obj/syscalls.o
 .rodata        0x00408a90        0xc build/obj/uart_console.o
 .rodata        0x00408a9c      0x124 build/obj/usb_console.o
 .rodata        0x00408bc0       0x54 build/obj/led.o
 .rodata        0x00408c14       0xa0 build/obj/usb_device_descriptor.o
                0x00408c14                deviceDescriptor
                0x00408c28                configurationDescriptorsFS
                0x00408c6c                languageIdStringDescriptor
                0x00408c70                productStringDescriptor
                0x00408c8c                cdcdSerialDriverDescriptors
 .rodata        0x00408cb4      0x168 build/obj/main.o
 .rodata.str1.1
                0x00408e1c       0x69 libusb/lib/libusb_sam3s_rel.a(release-USBD_HAL.o)
                                 0x6b (size before relaxing)
 .rodata.str1.1
                0x00408e85       0x30 libusb/lib/libusb_sam3s_rel.a(release-USBD.o)
 .rodata.str1.1
                0x00408eb5       0xef libusb/lib/libusb_sam3s_rel.a(release-USBDDriver.o)
 .rodata        0x00408fa4       0x3f libchip/lib/libchip_sam3s4_rel.a(release-pio_it.o)
 .rodata.str1.1
                0x00408fe3       0x67 libchip/lib/libchip_sam3s4_rel.a(release-pio_it.o)
 .rodata        0x0040904a       0x3f libchip/lib/libchip_sam3s4_rel.a(release-pmc.o)
 .rodata.str1.1
                0x00409089       0x17 libchip/lib/libchip_sam3s4_rel.a(release-pmc.o)
 .rodata        0x004090a0       0x1e libchip/lib/libchip_sam3s4_rel.a(release-tc.o)
 .rodata.str1.1
                0x004090be       0x51 libchip/lib/libchip_sam3s4_rel.a(release-tc.o)
 *fill*         0x0040910f        0x1 00
 .rodata.str1.4
                0x00409110       0x3f /usr/local/Sourcery/bin/../lib/gcc/arm-none-eabi/4.6.1/../../../../arm-none-eabi/lib/thumb2/libc.a(lib_a-assert.o)
                                 0x44 (size before relaxing)
 *fill*         0x0040914f        0x1 00
 .rodata        0x00409150        0x4 /usr/local/Sourcery/bin/../lib/gcc/arm-none-eabi/4.6.1/../../../../arm-none-eabi/lib/thumb2/libc.a(lib_a-impure.o)
                0x00409150                _global_impure_ptr
 .rodata.str1.4
                0x00409154        0x2 /usr/local/Sourcery/bin/../lib/gcc/arm-none-eabi/4.6.1/../../../../arm-none-eabi/lib/thumb2/libc.a(lib_a-impure.o)
                                  0x4 (size before relaxing)
 *fill*         0x00409156        0x2 00
 .rodata        0x00409158       0x24 /usr/local/Sourcery/bin/../lib/gcc/arm-none-eabi/4.6.1/../../../../arm-none-eabi/lib/thumb2/libc.a(lib_a-svfiscanf.o)
 .rodata        0x0040917c       0x20 /usr/local/Sourcery/bin/../lib/gcc/arm-none-eabi/4.6.1/../../../../arm-none-eabi/lib/thumb2/libc.a(lib_a-vfiprintf.o)
 .rodata.str1.4
                0x0040919c       0x2f /usr/local/Sourcery/bin/../lib/gcc/arm-none-eabi/4.6.1/../../../../arm-none-eabi/lib/thumb2/libc.a(lib_a-vfiprintf.o)
                                 0x30 (size before relaxing)
 *fill*         0x004091cb        0x1 00
 .rodata        0x004091cc      0x104 /usr/local/Sourcery/bin/../lib/gcc/arm-none-eabi/4.6.1/../../../../arm-none-eabi/lib/thumb2/libc.a(lib_a-ctype_.o)
                0x004091cc                _ctype_
 .rodata        0x004092d0       0x60 /usr/local/Sourcery/bin/../lib/gcc/arm-none-eabi/4.6.1/../../../../arm-none-eabi/lib/thumb2/libc.a(lib_a-findfp.o)
                0x004092d0                __sf_fake_stderr
                0x004092f0                __sf_fake_stdout
                0x00409310                __sf_fake_stdin
 .rodata.str1.4
                0x00409330        0xc /usr/local/Sourcery/bin/../lib/gcc/arm-none-eabi/4.6.1/../../../../arm-none-eabi/lib/thumb2/libc.a(lib_a-locale.o)
                                 0x14 (size before relaxing)
 .rodata.str1.4
                0x00000000        0x4 /usr/local/Sourcery/bin/../lib/gcc/arm-none-eabi/4.6.1/../../../../arm-none-eabi/lib/thumb2/libc.a(lib_a-mbrtowc.o)
 *(.ARM.extab* .gnu.linkonce.armextab.*)
                0x0040933c                . = ALIGN (0x4)
 *(.init)
 .init          0x0040933c        0x4 /usr/local/Sourcery/bin/../lib/gcc/arm-none-eabi/4.6.1/thumb2/crti.o
                0x0040933c                _init
 .init          0x00409340        0x8 /usr/local/Sourcery/bin/../lib/gcc/arm-none-eabi/4.6.1/thumb2/crtn.o
                0x00409348                . = ALIGN (0x4)
                0x00409348                __preinit_array_start = .
 *(.preinit_array)
                0x00409348                __preinit_array_end = .
                0x00409348                . = ALIGN (0x4)
                0x00409348                __init_array_start = .
 *(SORT(.init_array.*))
 *(.init_array)
 .init_array    0x00409348        0x4 /usr/local/Sourcery/bin/../lib/gcc/arm-none-eabi/4.6.1/thumb2/crtbegin.o
                0x0040934c                __init_array_end = .
                0x0040934c                . = ALIGN (0x4)
 *crtbegin.o(.ctors)
 *(EXCLUDE_FILE(*crtend.o) .ctors)
 *(SORT(.ctors.*))
 *crtend.o(.ctors)
                0x0040934c                . = ALIGN (0x4)
 *(.fini)
 .fini          0x0040934c        0x4 /usr/local/Sourcery/bin/../lib/gcc/arm-none-eabi/4.6.1/thumb2/crti.o
                0x0040934c                _fini
 .fini          0x00409350        0x8 /usr/local/Sourcery/bin/../lib/gcc/arm-none-eabi/4.6.1/thumb2/crtn.o
                0x00409358                . = ALIGN (0x4)
                0x00409358                __fini_array_start = .
 *(.fini_array)
 .fini_array    0x00409358        0x4 /usr/local/Sourcery/bin/../lib/gcc/arm-none-eabi/4.6.1/thumb2/crtbegin.o
 *(SORT(.fini_array.*))
                0x0040935c                __fini_array_end = .
 *crtbegin.o(.dtors)
 *(EXCLUDE_FILE(*crtend.o) .dtors)
 *(SORT(.dtors.*))
 *crtend.o(.dtors)
                0x0040935c                . = ALIGN (0x4)
                0x0040935c                _efixed = .
                0x0040935c                PROVIDE (__exidx_start, .)

.vfp11_veneer   0x0040935c        0x0
 .vfp11_veneer  0x00000000        0x0 linker stubs

.v4_bx          0x0040935c        0x0
 .v4_bx         0x00000000        0x0 linker stubs

.iplt           0x0040935c        0x0
 .iplt          0x00000000        0x0 /usr/local/Sourcery/bin/../lib/gcc/arm-none-eabi/4.6.1/thumb2/crtbegin.o

.ARM.exidx      0x0040935c        0x8
 *(.ARM.exidx* .gnu.linkonce.armexidx.*)
 .ARM.exidx     0x0040935c        0x8 /usr/local/Sourcery/bin/../lib/gcc/arm-none-eabi/4.6.1/thumb2/libgcc.a(_divdi3.o)
 .ARM.exidx     0x00409364        0x0 /usr/local/Sourcery/bin/../lib/gcc/arm-none-eabi/4.6.1/thumb2/libgcc.a(_udivdi3.o)
                                  0x8 (size before relaxing)
                0x00409364                PROVIDE (__exidx_end, .)

.eh_frame       0x00409364        0x0
 .eh_frame      0x00409364        0x0 /usr/local/Sourcery/bin/../lib/gcc/arm-none-eabi/4.6.1/thumb2/crtbegin.o

.rel.dyn        0x00409364        0x0
 .rel.iplt      0x00000000        0x0 /usr/local/Sourcery/bin/../lib/gcc/arm-none-eabi/4.6.1/thumb2/crtbegin.o

.jcr            0x00409364        0x0
 .jcr           0x00409364        0x0 /usr/local/Sourcery/bin/../lib/gcc/arm-none-eabi/4.6.1/thumb2/crtbegin.o

.igot.plt       0x00409364        0x0
 .igot.plt      0x00000000        0x0 /usr/local/Sourcery/bin/../lib/gcc/arm-none-eabi/4.6.1/thumb2/crtbegin.o
                0x00409364                . = ALIGN (0x4)
                0x00409364                _etext = .

.relocate       0x20000000      0x5a4 load address 0x00409364
                0x20000000                . = ALIGN (0x4)
                0x20000000                _srelocate = .
 *(.ramfunc .ramfunc.*)
 *(.data .data.*)
 .data          0x20000000        0x4 build/obj/system.o
                0x20000000                SystemCoreClock
 .data          0x20000004        0x4 build/obj/uart_console.o
 .data          0x20000008        0x4 build/obj/usb_console.o
 .data          0x2000000c        0x8 build/obj/usb_device_descriptor.o
                0x2000000c                stringDescriptors
 .data          0x20000014        0x1 build/obj/main.o
                0x20000014                _state
 *fill*         0x20000015        0x3 00
 .data          0x20000018       0xf4 /usr/local/Sourcery/bin/../lib/gcc/arm-none-eabi/4.6.1/../../../../arm-none-eabi/lib/thumb2/libc.a(lib_a-impure.o)
                0x20000018                _impure_ptr
 .data          0x2000010c        0x4 /usr/local/Sourcery/bin/../lib/gcc/arm-none-eabi/4.6.1/../../../../arm-none-eabi/lib/thumb2/libc.a(lib_a-ctype_.o)
                0x2000010c                __ctype_ptr__
 .data          0x20000110       0x7c /usr/local/Sourcery/bin/../lib/gcc/arm-none-eabi/4.6.1/../../../../arm-none-eabi/lib/thumb2/libc.a(lib_a-locale.o)
                0x20000130                __mb_cur_max
 .data          0x2000018c      0x410 /usr/local/Sourcery/bin/../lib/gcc/arm-none-eabi/4.6.1/../../../../arm-none-eabi/lib/thumb2/libc.a(lib_a-mallocr.o)
                0x2000018c                __malloc_av_
                0x20000594                __malloc_sbrk_base
                0x20000598                __malloc_trim_threshold
 .data          0x2000059c        0x4 /usr/local/Sourcery/bin/../lib/gcc/arm-none-eabi/4.6.1/../../../../arm-none-eabi/lib/thumb2/libc.a(lib_a-mbtowc_r.o)
                0x2000059c                __mbtowc
 .data          0x200005a0        0x4 /usr/local/Sourcery/bin/../lib/gcc/arm-none-eabi/4.6.1/../../../../arm-none-eabi/lib/thumb2/libc.a(lib_a-wctomb_r.o)
                0x200005a0                __wctomb
                0x200005a4                . = ALIGN (0x4)
                0x200005a4                _erelocate = .

.bss            0x200005a4      0x2dc load address 0x00409908
                0x200005a4                . = ALIGN (0x4)
                0x200005a4                _sbss = .
                0x200005a4                _szero = .
 *(.bss .bss.*)
 .bss           0x200005a4       0x1c /usr/local/Sourcery/bin/../lib/gcc/arm-none-eabi/4.6.1/thumb2/crtbegin.o
 .bss           0x200005c0        0x4 build/obj/syscalls.o
 .bss           0x200005c4        0x1 build/obj/uart_console.o
 *fill*         0x200005c5        0x3 00
 .bss           0x200005c8      0x10c build/obj/usb_console.o
 .bss           0x200006d4        0xc build/obj/led.o
 .bss           0x200006e0        0x4 build/obj/timetick.o
 .bss           0x200006e4        0xc build/obj/main.o
                0x200006e4                input
 .bss           0x200006f0       0xe0 libusb/lib/libusb_sam3s_rel.a(release-USBD_HAL.o)
 .bss           0x200007d0        0x2 libusb/lib/libusb_sam3s_rel.a(release-USBD.o)
 *fill*         0x200007d2        0x2 00
 .bss           0x200007d4       0x10 libusb/lib/libusb_sam3s_rel.a(release-USBDDriver.o)
 .bss           0x200007e4       0x1c libusb/lib/libusb_sam3s_rel.a(release-CDCDSerial.o)
 .bss           0x20000800        0x7 libusb/lib/libusb_sam3s_rel.a(release-CDCDSerialPort.o)
 *fill*         0x20000807        0x1 00
 .bss           0x20000808       0x3c libchip/lib/libchip_sam3s4_rel.a(release-pio_it.o)
 .bss           0x20000844        0x4 libchip/lib/libchip_sam3s4_rel.a(release-pio_capture.o)
 .bss           0x20000848       0x34 /usr/local/Sourcery/bin/../lib/gcc/arm-none-eabi/4.6.1/../../../../arm-none-eabi/lib/thumb2/libc.a(lib_a-mallocr.o)
                0x20000848                __malloc_top_pad
                0x2000084c                __malloc_current_mallinfo
                0x20000874                __malloc_max_sbrked_mem
                0x20000878                __malloc_max_total_mem
 *(COMMON)
 COMMON         0x2000087c        0x4 /usr/local/Sourcery/bin/../lib/gcc/arm-none-eabi/4.6.1/../../../../arm-none-eabi/lib/thumb2/libc.a(lib_a-reent.o)
                0x2000087c                errno
                0x20000880                . = ALIGN (0x4)
                0x20000880                _ebss = .
                0x20000880                _ezero = .

.stack          0x20000880     0x1000 load address 0x00409be8
                0x20000880                . = ALIGN (0x8)
 *(.stack .stack.*)
 .stack         0x20000880     0x1000 build/obj/startup.o
                0x20000880                pdwStack
                0x20001880                . = ALIGN (0x4)
                0x20001880                _end = .
OUTPUT(build/bin/project.elf elf32-littlearm)

.ARM.attributes
                0x00000000       0x29
 .ARM.attributes
                0x00000000       0x1b /usr/local/Sourcery/bin/../lib/gcc/arm-none-eabi/4.6.1/thumb2/crti.o
 .ARM.attributes
                0x0000001b       0x2b /usr/local/Sourcery/bin/../lib/gcc/arm-none-eabi/4.6.1/thumb2/crtbegin.o
 .ARM.attributes
                0x00000046       0x33 build/obj/syscalls.o
 .ARM.attributes
                0x00000079       0x33 build/obj/system.o
 .ARM.attributes
                0x000000ac       0x33 build/obj/uart_console.o
 .ARM.attributes
                0x000000df       0x33 build/obj/usb_console.o
 .ARM.attributes
                0x00000112       0x33 build/obj/led.o
 .ARM.attributes
                0x00000145       0x33 build/obj/timetick.o
 .ARM.attributes
                0x00000178       0x33 build/obj/startup.o
 .ARM.attributes
                0x000001ab       0x33 build/obj/usb_device_descriptor.o
 .ARM.attributes
                0x000001de       0x33 build/obj/main.o
 .ARM.attributes
                0x00000211       0x33 libusb/lib/libusb_sam3s_rel.a(release-USBD_HAL.o)
 .ARM.attributes
                0x00000244       0x33 libusb/lib/libusb_sam3s_rel.a(release-USBDescriptors.o)
 .ARM.attributes
                0x00000277       0x33 libusb/lib/libusb_sam3s_rel.a(release-USBD.o)
 .ARM.attributes
                0x000002aa       0x33 libusb/lib/libusb_sam3s_rel.a(release-USBDCallbacks.o)
 .ARM.attributes
                0x000002dd       0x33 libusb/lib/libusb_sam3s_rel.a(release-USBDDriver.o)
 .ARM.attributes
                0x00000310       0x33 libusb/lib/libusb_sam3s_rel.a(release-CDCDSerial.o)
 .ARM.attributes
                0x00000343       0x33 libusb/lib/libusb_sam3s_rel.a(release-USBDDriverCallbacks.o)
 .ARM.attributes
                0x00000376       0x33 libusb/lib/libusb_sam3s_rel.a(release-CDCDSerialDriver.o)
 .ARM.attributes
                0x000003a9       0x33 libusb/lib/libusb_sam3s_rel.a(release-USBRequests.o)
 .ARM.attributes
                0x000003dc       0x33 libusb/lib/libusb_sam3s_rel.a(release-CDCDSerialPort.o)
 .ARM.attributes
                0x0000040f       0x33 libusb/lib/libusb_sam3s_rel.a(release-CDCLineCoding.o)
 .ARM.attributes
                0x00000442       0x33 libchip/lib/libchip_sam3s4_rel.a(release-pio_it.o)
 .ARM.attributes
                0x00000475       0x33 libchip/lib/libchip_sam3s4_rel.a(release-exceptions.o)
 .ARM.attributes
                0x000004a8       0x33 libchip/lib/libchip_sam3s4_rel.a(release-adc.o)
 .ARM.attributes
                0x000004db       0x33 libchip/lib/libchip_sam3s4_rel.a(release-pio.o)
 .ARM.attributes
                0x0000050e       0x33 libchip/lib/libchip_sam3s4_rel.a(release-pmc.o)
 .ARM.attributes
                0x00000541       0x33 libchip/lib/libchip_sam3s4_rel.a(release-tc.o)
 .ARM.attributes
                0x00000574       0x33 libchip/lib/libchip_sam3s4_rel.a(release-pio_capture.o)
 .ARM.attributes
                0x000005a7       0x2b /usr/local/Sourcery/bin/../lib/gcc/arm-none-eabi/4.6.1/../../../../arm-none-eabi/lib/thumb2/libc.a(lib_a-assert.o)
 .ARM.attributes
                0x000005d2       0x2b /usr/local/Sourcery/bin/../lib/gcc/arm-none-eabi/4.6.1/../../../../arm-none-eabi/lib/thumb2/libc.a(lib_a-fiprintf.o)
 .ARM.attributes
                0x000005fd       0x2b /usr/local/Sourcery/bin/../lib/gcc/arm-none-eabi/4.6.1/../../../../arm-none-eabi/lib/thumb2/libc.a(lib_a-gets.o)
 .ARM.attributes
                0x00000628       0x2b /usr/local/Sourcery/bin/../lib/gcc/arm-none-eabi/4.6.1/../../../../arm-none-eabi/lib/thumb2/libc.a(lib_a-impure.o)
 .ARM.attributes
                0x00000653       0x2b /usr/local/Sourcery/bin/../lib/gcc/arm-none-eabi/4.6.1/../../../../arm-none-eabi/lib/thumb2/libc.a(lib_a-iprintf.o)
 .ARM.attributes
                0x0000067e       0x2b /usr/local/Sourcery/bin/../lib/gcc/arm-none-eabi/4.6.1/../../../../arm-none-eabi/lib/thumb2/libc.a(lib_a-memcpy.o)
 .ARM.attributes
                0x000006a9       0x2b /usr/local/Sourcery/bin/../lib/gcc/arm-none-eabi/4.6.1/../../../../arm-none-eabi/lib/thumb2/libc.a(lib_a-memmove.o)
 .ARM.attributes
                0x000006d4       0x2b /usr/local/Sourcery/bin/../lib/gcc/arm-none-eabi/4.6.1/../../../../arm-none-eabi/lib/thumb2/libc.a(lib_a-reent.o)
 .ARM.attributes
                0x000006ff       0x2b /usr/local/Sourcery/bin/../lib/gcc/arm-none-eabi/4.6.1/../../../../arm-none-eabi/lib/thumb2/libc.a(lib_a-rget.o)
 .ARM.attributes
                0x0000072a       0x2b /usr/local/Sourcery/bin/../lib/gcc/arm-none-eabi/4.6.1/../../../../arm-none-eabi/lib/thumb2/libc.a(lib_a-setbuf.o)
 .ARM.attributes
                0x00000755       0x2b /usr/local/Sourcery/bin/../lib/gcc/arm-none-eabi/4.6.1/../../../../arm-none-eabi/lib/thumb2/libc.a(lib_a-setvbuf.o)
 .ARM.attributes
                0x00000780       0x2b /usr/local/Sourcery/bin/../lib/gcc/arm-none-eabi/4.6.1/../../../../arm-none-eabi/lib/thumb2/libc.a(lib_a-siscanf.o)
 .ARM.attributes
                0x000007ab       0x2b /usr/local/Sourcery/bin/../lib/gcc/arm-none-eabi/4.6.1/../../../../arm-none-eabi/lib/thumb2/libc.a(lib_a-stdio.o)
 .ARM.attributes
                0x000007d6       0x2b /usr/local/Sourcery/bin/../lib/gcc/arm-none-eabi/4.6.1/../../../../arm-none-eabi/lib/thumb2/libc.a(lib_a-strlen.o)
 .ARM.attributes
                0x00000801       0x2b /usr/local/Sourcery/bin/../lib/gcc/arm-none-eabi/4.6.1/../../../../arm-none-eabi/lib/thumb2/libc.a(lib_a-svfiscanf.o)
 .ARM.attributes
                0x0000082c       0x2b /usr/local/Sourcery/bin/../lib/gcc/arm-none-eabi/4.6.1/../../../../arm-none-eabi/lib/thumb2/libc.a(lib_a-ungetc.o)
 .ARM.attributes
                0x00000857       0x2b /usr/local/Sourcery/bin/../lib/gcc/arm-none-eabi/4.6.1/../../../../arm-none-eabi/lib/thumb2/libc.a(lib_a-vfiprintf.o)
 .ARM.attributes
                0x00000882       0x2b /usr/local/Sourcery/bin/../lib/gcc/arm-none-eabi/4.6.1/../../../../arm-none-eabi/lib/thumb2/libc.a(lib_a-writer.o)
 .ARM.attributes
                0x000008ad       0x2b /usr/local/Sourcery/bin/../lib/gcc/arm-none-eabi/4.6.1/../../../../arm-none-eabi/lib/thumb2/libc.a(lib_a-wsetup.o)
 .ARM.attributes
                0x000008d8       0x2b /usr/local/Sourcery/bin/../lib/gcc/arm-none-eabi/4.6.1/../../../../arm-none-eabi/lib/thumb2/libc.a(lib_a-abort.o)
 .ARM.attributes
                0x00000903       0x2b /usr/local/Sourcery/bin/../lib/gcc/arm-none-eabi/4.6.1/../../../../arm-none-eabi/lib/thumb2/libc.a(lib_a-closer.o)
 .ARM.attributes
                0x0000092e       0x2b /usr/local/Sourcery/bin/../lib/gcc/arm-none-eabi/4.6.1/../../../../arm-none-eabi/lib/thumb2/libc.a(lib_a-ctype_.o)
 .ARM.attributes
                0x00000959       0x2b /usr/local/Sourcery/bin/../lib/gcc/arm-none-eabi/4.6.1/../../../../arm-none-eabi/lib/thumb2/libc.a(lib_a-fflush.o)
 .ARM.attributes
                0x00000984       0x2b /usr/local/Sourcery/bin/../lib/gcc/arm-none-eabi/4.6.1/../../../../arm-none-eabi/lib/thumb2/libc.a(lib_a-findfp.o)
 .ARM.attributes
                0x000009af       0x2b /usr/local/Sourcery/bin/../lib/gcc/arm-none-eabi/4.6.1/../../../../arm-none-eabi/lib/thumb2/libc.a(lib_a-fputwc.o)
 .ARM.attributes
                0x000009da       0x2b /usr/local/Sourcery/bin/../lib/gcc/arm-none-eabi/4.6.1/../../../../arm-none-eabi/lib/thumb2/libc.a(lib_a-freer.o)
 .ARM.attributes
                0x00000a05       0x2b /usr/local/Sourcery/bin/../lib/gcc/arm-none-eabi/4.6.1/../../../../arm-none-eabi/lib/thumb2/libc.a(lib_a-fvwrite.o)
 .ARM.attributes
                0x00000a30       0x2b /usr/local/Sourcery/bin/../lib/gcc/arm-none-eabi/4.6.1/../../../../arm-none-eabi/lib/thumb2/libc.a(lib_a-fwalk.o)
 .ARM.attributes
                0x00000a5b       0x2b /usr/local/Sourcery/bin/../lib/gcc/arm-none-eabi/4.6.1/../../../../arm-none-eabi/lib/thumb2/libc.a(lib_a-iswspace.o)
 .ARM.attributes
                0x00000a86       0x2b /usr/local/Sourcery/bin/../lib/gcc/arm-none-eabi/4.6.1/../../../../arm-none-eabi/lib/thumb2/libc.a(lib_a-locale.o)
 .ARM.attributes
                0x00000ab1       0x2b /usr/local/Sourcery/bin/../lib/gcc/arm-none-eabi/4.6.1/../../../../arm-none-eabi/lib/thumb2/libc.a(lib_a-lseekr.o)
 .ARM.attributes
                0x00000adc       0x2b /usr/local/Sourcery/bin/../lib/gcc/arm-none-eabi/4.6.1/../../../../arm-none-eabi/lib/thumb2/libc.a(lib_a-makebuf.o)
 .ARM.attributes
                0x00000b07       0x2b /usr/local/Sourcery/bin/../lib/gcc/arm-none-eabi/4.6.1/../../../../arm-none-eabi/lib/thumb2/libc.a(lib_a-malloc.o)
 .ARM.attributes
                0x00000b32       0x2b /usr/local/Sourcery/bin/../lib/gcc/arm-none-eabi/4.6.1/../../../../arm-none-eabi/lib/thumb2/libc.a(lib_a-mallocr.o)
 .ARM.attributes
                0x00000b5d       0x2b /usr/local/Sourcery/bin/../lib/gcc/arm-none-eabi/4.6.1/../../../../arm-none-eabi/lib/thumb2/libc.a(lib_a-mbrtowc.o)
 .ARM.attributes
                0x00000b88       0x2b /usr/local/Sourcery/bin/../lib/gcc/arm-none-eabi/4.6.1/../../../../arm-none-eabi/lib/thumb2/libc.a(lib_a-mbtowc_r.o)
 .ARM.attributes
                0x00000bb3       0x2b /usr/local/Sourcery/bin/../lib/gcc/arm-none-eabi/4.6.1/../../../../arm-none-eabi/lib/thumb2/libc.a(lib_a-memchr.o)
 .ARM.attributes
                0x00000bde       0x2b /usr/local/Sourcery/bin/../lib/gcc/arm-none-eabi/4.6.1/../../../../arm-none-eabi/lib/thumb2/libc.a(lib_a-memset.o)
 .ARM.attributes
                0x00000c09       0x2b /usr/local/Sourcery/bin/../lib/gcc/arm-none-eabi/4.6.1/../../../../arm-none-eabi/lib/thumb2/libc.a(lib_a-mlock.o)
 .ARM.attributes
                0x00000c34       0x2b /usr/local/Sourcery/bin/../lib/gcc/arm-none-eabi/4.6.1/../../../../arm-none-eabi/lib/thumb2/libc.a(lib_a-readr.o)
 .ARM.attributes
                0x00000c5f       0x2b /usr/local/Sourcery/bin/../lib/gcc/arm-none-eabi/4.6.1/../../../../arm-none-eabi/lib/thumb2/libc.a(lib_a-reallocr.o)
 .ARM.attributes
                0x00000c8a       0x2b /usr/local/Sourcery/bin/../lib/gcc/arm-none-eabi/4.6.1/../../../../arm-none-eabi/lib/thumb2/libc.a(lib_a-refill.o)
 .ARM.attributes
                0x00000cb5       0x2b /usr/local/Sourcery/bin/../lib/gcc/arm-none-eabi/4.6.1/../../../../arm-none-eabi/lib/thumb2/libc.a(lib_a-sbrkr.o)
 .ARM.attributes
                0x00000ce0       0x2b /usr/local/Sourcery/bin/../lib/gcc/arm-none-eabi/4.6.1/../../../../arm-none-eabi/lib/thumb2/libc.a(lib_a-sccl.o)
 .ARM.attributes
                0x00000d0b       0x2b /usr/local/Sourcery/bin/../lib/gcc/arm-none-eabi/4.6.1/../../../../arm-none-eabi/lib/thumb2/libc.a(lib_a-signal.o)
 .ARM.attributes
                0x00000d36       0x2b /usr/local/Sourcery/bin/../lib/gcc/arm-none-eabi/4.6.1/../../../../arm-none-eabi/lib/thumb2/libc.a(lib_a-signalr.o)
 .ARM.attributes
                0x00000d61       0x2b /usr/local/Sourcery/bin/../lib/gcc/arm-none-eabi/4.6.1/../../../../arm-none-eabi/lib/thumb2/libc.a(lib_a-strcmp.o)
 .ARM.attributes
                0x00000d8c       0x2b /usr/local/Sourcery/bin/../lib/gcc/arm-none-eabi/4.6.1/../../../../arm-none-eabi/lib/thumb2/libc.a(lib_a-strtol.o)
 .ARM.attributes
                0x00000db7       0x2b /usr/local/Sourcery/bin/../lib/gcc/arm-none-eabi/4.6.1/../../../../arm-none-eabi/lib/thumb2/libc.a(lib_a-strtoll_r.o)
 .ARM.attributes
                0x00000de2       0x2b /usr/local/Sourcery/bin/../lib/gcc/arm-none-eabi/4.6.1/../../../../arm-none-eabi/lib/thumb2/libc.a(lib_a-strtoul.o)
 .ARM.attributes
                0x00000e0d       0x2b /usr/local/Sourcery/bin/../lib/gcc/arm-none-eabi/4.6.1/../../../../arm-none-eabi/lib/thumb2/libc.a(lib_a-strtoull_r.o)
 .ARM.attributes
                0x00000e38       0x2b /usr/local/Sourcery/bin/../lib/gcc/arm-none-eabi/4.6.1/../../../../arm-none-eabi/lib/thumb2/libc.a(lib_a-wbuf.o)
 .ARM.attributes
                0x00000e63       0x2b /usr/local/Sourcery/bin/../lib/gcc/arm-none-eabi/4.6.1/../../../../arm-none-eabi/lib/thumb2/libc.a(lib_a-wcrtomb.o)
 .ARM.attributes
                0x00000e8e       0x2b /usr/local/Sourcery/bin/../lib/gcc/arm-none-eabi/4.6.1/../../../../arm-none-eabi/lib/thumb2/libc.a(lib_a-wctomb_r.o)
 .ARM.attributes
                0x00000eb9       0x2b /usr/local/Sourcery/bin/../lib/gcc/arm-none-eabi/4.6.1/../../../../arm-none-eabi/lib/thumb2/libc.a(lib_a-fclose.o)
 .ARM.attributes
                0x00000ee4       0x2b /usr/local/Sourcery/bin/../lib/gcc/arm-none-eabi/4.6.1/../../../../arm-none-eabi/lib/thumb2/libc.a(lib_a-fstatr.o)
 .ARM.attributes
                0x00000f0f       0x2b /usr/local/Sourcery/bin/../lib/gcc/arm-none-eabi/4.6.1/../../../../arm-none-eabi/lib/thumb2/libc.a(lib_a-isattyr.o)
 .ARM.attributes
                0x00000f3a       0x1b /usr/local/Sourcery/bin/../lib/gcc/arm-none-eabi/4.6.1/thumb2/libgcc.a(_udivsi3.o)
 .ARM.attributes
                0x00000f55       0x1b /usr/local/Sourcery/bin/../lib/gcc/arm-none-eabi/4.6.1/thumb2/libgcc.a(_dvmd_tls.o)
 .ARM.attributes
                0x00000f70       0x1b /usr/local/Sourcery/bin/../lib/gcc/arm-none-eabi/4.6.1/thumb2/libgcc.a(_aeabi_uldivmod.o)
 .ARM.attributes
                0x00000f8b       0x2b /usr/local/Sourcery/bin/../lib/gcc/arm-none-eabi/4.6.1/thumb2/libgcc.a(bpabi.o)
 .ARM.attributes
                0x00000fb6       0x2b /usr/local/Sourcery/bin/../lib/gcc/arm-none-eabi/4.6.1/thumb2/libgcc.a(_divdi3.o)
 .ARM.attributes
                0x00000fe1       0x2b /usr/local/Sourcery/bin/../lib/gcc/arm-none-eabi/4.6.1/thumb2/libgcc.a(_udivdi3.o)
 .ARM.attributes
                0x0000100c       0x1b /usr/local/Sourcery/bin/../lib/gcc/arm-none-eabi/4.6.1/thumb2/crtn.o

.comment        0x00000000       0x30
 .comment       0x00000000       0x30 build/obj/syscalls.o
                                 0x31 (size before relaxing)
 .comment       0x00000000       0x31 build/obj/system.o
 .comment       0x00000000       0x31 build/obj/uart_console.o
 .comment       0x00000000       0x31 build/obj/usb_console.o
 .comment       0x00000000       0x31 build/obj/led.o
 .comment       0x00000000       0x31 build/obj/timetick.o
 .comment       0x00000000       0x31 build/obj/startup.o
 .comment       0x00000000       0x31 build/obj/usb_device_descriptor.o
 .comment       0x00000000       0x31 build/obj/main.o
 .comment       0x00000000       0x31 libusb/lib/libusb_sam3s_rel.a(release-USBD_HAL.o)
 .comment       0x00000000       0x31 libusb/lib/libusb_sam3s_rel.a(release-USBDescriptors.o)
 .comment       0x00000000       0x31 libusb/lib/libusb_sam3s_rel.a(release-USBD.o)
 .comment       0x00000000       0x31 libusb/lib/libusb_sam3s_rel.a(release-USBDCallbacks.o)
 .comment       0x00000000       0x31 libusb/lib/libusb_sam3s_rel.a(release-USBDDriver.o)
 .comment       0x00000000       0x31 libusb/lib/libusb_sam3s_rel.a(release-CDCDSerial.o)
 .comment       0x00000000       0x31 libusb/lib/libusb_sam3s_rel.a(release-USBDDriverCallbacks.o)
 .comment       0x00000000       0x31 libusb/lib/libusb_sam3s_rel.a(release-CDCDSerialDriver.o)
 .comment       0x00000000       0x31 libusb/lib/libusb_sam3s_rel.a(release-USBRequests.o)
 .comment       0x00000000       0x31 libusb/lib/libusb_sam3s_rel.a(release-CDCDSerialPort.o)
 .comment       0x00000000       0x31 libusb/lib/libusb_sam3s_rel.a(release-CDCLineCoding.o)
 .comment       0x00000000       0x31 libchip/lib/libchip_sam3s4_rel.a(release-pio_it.o)
 .comment       0x00000000       0x31 libchip/lib/libchip_sam3s4_rel.a(release-exceptions.o)
 .comment       0x00000000       0x31 libchip/lib/libchip_sam3s4_rel.a(release-adc.o)
 .comment       0x00000000       0x31 libchip/lib/libchip_sam3s4_rel.a(release-pio.o)
 .comment       0x00000000       0x31 libchip/lib/libchip_sam3s4_rel.a(release-pmc.o)
 .comment       0x00000000       0x31 libchip/lib/libchip_sam3s4_rel.a(release-tc.o)
 .comment       0x00000000       0x31 libchip/lib/libchip_sam3s4_rel.a(release-pio_capture.o)

.debug_info     0x00000000    0x10e35
 .debug_info    0x00000000      0x4e1 build/obj/syscalls.o
 .debug_info    0x000004e1      0x3e9 build/obj/system.o
 .debug_info    0x000008ca      0xbfa build/obj/uart_console.o
 .debug_info    0x000014c4     0x1b58 build/obj/usb_console.o
 .debug_info    0x0000301c     0x1009 build/obj/led.o
 .debug_info    0x00004025      0x649 build/obj/timetick.o
 .debug_info    0x0000466e      0x37b build/obj/startup.o
 .debug_info    0x000049e9      0x7bd build/obj/usb_device_descriptor.o
 .debug_info    0x000051a6     0x192b build/obj/main.o
 .debug_info    0x00006ad1     0x2144 libusb/lib/libusb_sam3s_rel.a(release-USBD_HAL.o)
 .debug_info    0x00008c15      0x5c9 libusb/lib/libusb_sam3s_rel.a(release-USBDescriptors.o)
 .debug_info    0x000091de      0xd8c libusb/lib/libusb_sam3s_rel.a(release-USBD.o)
 .debug_info    0x00009f6a      0x181 libusb/lib/libusb_sam3s_rel.a(release-USBDCallbacks.o)
 .debug_info    0x0000a0eb     0x13d8 libusb/lib/libusb_sam3s_rel.a(release-USBDDriver.o)
 .debug_info    0x0000b4c3      0x9c5 libusb/lib/libusb_sam3s_rel.a(release-CDCDSerial.o)
 .debug_info    0x0000be88       0xd7 libusb/lib/libusb_sam3s_rel.a(release-USBDDriverCallbacks.o)
 .debug_info    0x0000bf5f      0x563 libusb/lib/libusb_sam3s_rel.a(release-CDCDSerialDriver.o)
 .debug_info    0x0000c4c2      0x3cd libusb/lib/libusb_sam3s_rel.a(release-USBRequests.o)
 .debug_info    0x0000c88f      0xc73 libusb/lib/libusb_sam3s_rel.a(release-CDCDSerialPort.o)
 .debug_info    0x0000d502      0x140 libusb/lib/libusb_sam3s_rel.a(release-CDCLineCoding.o)
 .debug_info    0x0000d642      0xe46 libchip/lib/libchip_sam3s4_rel.a(release-pio_it.o)
 .debug_info    0x0000e488      0x3f0 libchip/lib/libchip_sam3s4_rel.a(release-exceptions.o)
 .debug_info    0x0000e878      0xaa1 libchip/lib/libchip_sam3s4_rel.a(release-adc.o)
 .debug_info    0x0000f319      0xa6c libchip/lib/libchip_sam3s4_rel.a(release-pio.o)
 .debug_info    0x0000fd85      0x44d libchip/lib/libchip_sam3s4_rel.a(release-pmc.o)
 .debug_info    0x000101d2      0x488 libchip/lib/libchip_sam3s4_rel.a(release-tc.o)
 .debug_info    0x0001065a      0x7db libchip/lib/libchip_sam3s4_rel.a(release-pio_capture.o)

.debug_abbrev   0x00000000     0x29cf
 .debug_abbrev  0x00000000      0x10f build/obj/syscalls.o
 .debug_abbrev  0x0000010f       0xfb build/obj/system.o
 .debug_abbrev  0x0000020a      0x14f build/obj/uart_console.o
 .debug_abbrev  0x00000359      0x2f9 build/obj/usb_console.o
 .debug_abbrev  0x00000652      0x1d2 build/obj/led.o
 .debug_abbrev  0x00000824      0x1c3 build/obj/timetick.o
 .debug_abbrev  0x000009e7       0xf6 build/obj/startup.o
 .debug_abbrev  0x00000add       0xdc build/obj/usb_device_descriptor.o
 .debug_abbrev  0x00000bb9      0x275 build/obj/main.o
 .debug_abbrev  0x00000e2e      0x3c3 libusb/lib/libusb_sam3s_rel.a(release-USBD_HAL.o)
 .debug_abbrev  0x000011f1      0x10a libusb/lib/libusb_sam3s_rel.a(release-USBDescriptors.o)
 .debug_abbrev  0x000012fb      0x265 libusb/lib/libusb_sam3s_rel.a(release-USBD.o)
 .debug_abbrev  0x00001560       0xb3 libusb/lib/libusb_sam3s_rel.a(release-USBDCallbacks.o)
 .debug_abbrev  0x00001613      0x309 libusb/lib/libusb_sam3s_rel.a(release-USBDDriver.o)
 .debug_abbrev  0x0000191c      0x192 libusb/lib/libusb_sam3s_rel.a(release-CDCDSerial.o)
 .debug_abbrev  0x00001aae       0x74 libusb/lib/libusb_sam3s_rel.a(release-USBDDriverCallbacks.o)
 .debug_abbrev  0x00001b22       0xf6 libusb/lib/libusb_sam3s_rel.a(release-CDCDSerialDriver.o)
 .debug_abbrev  0x00001c18       0xd0 libusb/lib/libusb_sam3s_rel.a(release-USBRequests.o)
 .debug_abbrev  0x00001ce8      0x264 libusb/lib/libusb_sam3s_rel.a(release-CDCDSerialPort.o)
 .debug_abbrev  0x00001f4c       0x95 libusb/lib/libusb_sam3s_rel.a(release-CDCLineCoding.o)
 .debug_abbrev  0x00001fe1      0x256 libchip/lib/libchip_sam3s4_rel.a(release-pio_it.o)
 .debug_abbrev  0x00002237       0x6e libchip/lib/libchip_sam3s4_rel.a(release-exceptions.o)
 .debug_abbrev  0x000022a5      0x1d3 libchip/lib/libchip_sam3s4_rel.a(release-adc.o)
 .debug_abbrev  0x00002478      0x1d5 libchip/lib/libchip_sam3s4_rel.a(release-pio.o)
 .debug_abbrev  0x0000264d       0xf4 libchip/lib/libchip_sam3s4_rel.a(release-pmc.o)
 .debug_abbrev  0x00002741      0x131 libchip/lib/libchip_sam3s4_rel.a(release-tc.o)
 .debug_abbrev  0x00002872      0x15d libchip/lib/libchip_sam3s4_rel.a(release-pio_capture.o)

.debug_loc      0x00000000     0x4b98
 .debug_loc     0x00000000      0x25c build/obj/syscalls.o
 .debug_loc     0x0000025c       0x64 build/obj/system.o
 .debug_loc     0x000002c0      0x150 build/obj/uart_console.o
 .debug_loc     0x00000410      0x39c build/obj/usb_console.o
 .debug_loc     0x000007ac      0x294 build/obj/led.o
 .debug_loc     0x00000a40      0x19c build/obj/timetick.o
 .debug_loc     0x00000bdc       0x38 build/obj/startup.o
 .debug_loc     0x00000c14      0x1b8 build/obj/main.o
 .debug_loc     0x00000dcc     0x1666 libusb/lib/libusb_sam3s_rel.a(release-USBD_HAL.o)
 .debug_loc     0x00002432      0x2fe libusb/lib/libusb_sam3s_rel.a(release-USBDescriptors.o)
 .debug_loc     0x00002730      0x3db libusb/lib/libusb_sam3s_rel.a(release-USBD.o)
 .debug_loc     0x00002b0b       0x3e libusb/lib/libusb_sam3s_rel.a(release-USBDCallbacks.o)
 .debug_loc     0x00002b49      0x776 libusb/lib/libusb_sam3s_rel.a(release-USBDDriver.o)
 .debug_loc     0x000032bf      0x369 libusb/lib/libusb_sam3s_rel.a(release-CDCDSerial.o)
 .debug_loc     0x00003628       0xfe libusb/lib/libusb_sam3s_rel.a(release-CDCDSerialDriver.o)
 .debug_loc     0x00003726      0x250 libusb/lib/libusb_sam3s_rel.a(release-USBRequests.o)
 .debug_loc     0x00003976      0x548 libusb/lib/libusb_sam3s_rel.a(release-CDCDSerialPort.o)
 .debug_loc     0x00003ebe       0x1f libusb/lib/libusb_sam3s_rel.a(release-CDCLineCoding.o)
 .debug_loc     0x00003edd      0x2e3 libchip/lib/libchip_sam3s4_rel.a(release-pio_it.o)
 .debug_loc     0x000041c0      0x43d libchip/lib/libchip_sam3s4_rel.a(release-adc.o)
 .debug_loc     0x000045fd      0x24d libchip/lib/libchip_sam3s4_rel.a(release-pio.o)
 .debug_loc     0x0000484a      0x102 libchip/lib/libchip_sam3s4_rel.a(release-pmc.o)
 .debug_loc     0x0000494c      0x1b9 libchip/lib/libchip_sam3s4_rel.a(release-tc.o)
 .debug_loc     0x00004b05       0x93 libchip/lib/libchip_sam3s4_rel.a(release-pio_capture.o)

.debug_aranges  0x00000000      0xad8
 .debug_aranges
                0x00000000       0x70 build/obj/syscalls.o
 .debug_aranges
                0x00000070       0x28 build/obj/system.o
 .debug_aranges
                0x00000098       0x48 build/obj/uart_console.o
 .debug_aranges
                0x000000e0       0xa8 build/obj/usb_console.o
 .debug_aranges
                0x00000188       0x78 build/obj/led.o
 .debug_aranges
                0x00000200       0x58 build/obj/timetick.o
 .debug_aranges
                0x00000258       0x20 build/obj/startup.o
 .debug_aranges
                0x00000278       0x58 build/obj/main.o
 .debug_aranges
                0x000002d0       0xd8 libusb/lib/libusb_sam3s_rel.a(release-USBD_HAL.o)
 .debug_aranges
                0x000003a8       0x80 libusb/lib/libusb_sam3s_rel.a(release-USBDescriptors.o)
 .debug_aranges
                0x00000428       0xb0 libusb/lib/libusb_sam3s_rel.a(release-USBD.o)
 .debug_aranges
                0x000004d8       0x40 libusb/lib/libusb_sam3s_rel.a(release-USBDCallbacks.o)
 .debug_aranges
                0x00000518       0x58 libusb/lib/libusb_sam3s_rel.a(release-USBDDriver.o)
 .debug_aranges
                0x00000570       0x78 libusb/lib/libusb_sam3s_rel.a(release-CDCDSerial.o)
 .debug_aranges
                0x000005e8       0x28 libusb/lib/libusb_sam3s_rel.a(release-USBDDriverCallbacks.o)
 .debug_aranges
                0x00000610       0x30 libusb/lib/libusb_sam3s_rel.a(release-CDCDSerialDriver.o)
 .debug_aranges
                0x00000640       0x98 libusb/lib/libusb_sam3s_rel.a(release-USBRequests.o)
 .debug_aranges
                0x000006d8       0x70 libusb/lib/libusb_sam3s_rel.a(release-CDCDSerialPort.o)
 .debug_aranges
                0x00000748       0x20 libusb/lib/libusb_sam3s_rel.a(release-CDCLineCoding.o)
 .debug_aranges
                0x00000768       0x60 libchip/lib/libchip_sam3s4_rel.a(release-pio_it.o)
 .debug_aranges
                0x000007c8      0x168 libchip/lib/libchip_sam3s4_rel.a(release-exceptions.o)
 .debug_aranges
                0x00000930       0xa0 libchip/lib/libchip_sam3s4_rel.a(release-adc.o)
 .debug_aranges
                0x000009d0       0x48 libchip/lib/libchip_sam3s4_rel.a(release-pio.o)
 .debug_aranges
                0x00000a18       0x40 libchip/lib/libchip_sam3s4_rel.a(release-pmc.o)
 .debug_aranges
                0x00000a58       0x38 libchip/lib/libchip_sam3s4_rel.a(release-tc.o)
 .debug_aranges
                0x00000a90       0x48 libchip/lib/libchip_sam3s4_rel.a(release-pio_capture.o)

.debug_ranges   0x00000000      0xc28
 .debug_ranges  0x00000000       0x60 build/obj/syscalls.o
 .debug_ranges  0x00000060       0x18 build/obj/system.o
 .debug_ranges  0x00000078       0x38 build/obj/uart_console.o
 .debug_ranges  0x000000b0       0x98 build/obj/usb_console.o
 .debug_ranges  0x00000148       0x68 build/obj/led.o
 .debug_ranges  0x000001b0       0x48 build/obj/timetick.o
 .debug_ranges  0x000001f8       0x10 build/obj/startup.o
 .debug_ranges  0x00000208       0x48 build/obj/main.o
 .debug_ranges  0x00000250      0x308 libusb/lib/libusb_sam3s_rel.a(release-USBD_HAL.o)
 .debug_ranges  0x00000558       0x88 libusb/lib/libusb_sam3s_rel.a(release-USBDescriptors.o)
 .debug_ranges  0x000005e0       0xa0 libusb/lib/libusb_sam3s_rel.a(release-USBD.o)
 .debug_ranges  0x00000680       0x30 libusb/lib/libusb_sam3s_rel.a(release-USBDCallbacks.o)
 .debug_ranges  0x000006b0       0x78 libusb/lib/libusb_sam3s_rel.a(release-USBDDriver.o)
 .debug_ranges  0x00000728       0x68 libusb/lib/libusb_sam3s_rel.a(release-CDCDSerial.o)
 .debug_ranges  0x00000790       0x18 libusb/lib/libusb_sam3s_rel.a(release-USBDDriverCallbacks.o)
 .debug_ranges  0x000007a8       0x20 libusb/lib/libusb_sam3s_rel.a(release-CDCDSerialDriver.o)
 .debug_ranges  0x000007c8       0x88 libusb/lib/libusb_sam3s_rel.a(release-USBRequests.o)
 .debug_ranges  0x00000850       0x78 libusb/lib/libusb_sam3s_rel.a(release-CDCDSerialPort.o)
 .debug_ranges  0x000008c8       0x10 libusb/lib/libusb_sam3s_rel.a(release-CDCLineCoding.o)
 .debug_ranges  0x000008d8       0x88 libchip/lib/libchip_sam3s4_rel.a(release-pio_it.o)
 .debug_ranges  0x00000960      0x158 libchip/lib/libchip_sam3s4_rel.a(release-exceptions.o)
 .debug_ranges  0x00000ab8       0x90 libchip/lib/libchip_sam3s4_rel.a(release-adc.o)
 .debug_ranges  0x00000b48       0x50 libchip/lib/libchip_sam3s4_rel.a(release-pio.o)
 .debug_ranges  0x00000b98       0x30 libchip/lib/libchip_sam3s4_rel.a(release-pmc.o)
 .debug_ranges  0x00000bc8       0x28 libchip/lib/libchip_sam3s4_rel.a(release-tc.o)
 .debug_ranges  0x00000bf0       0x38 libchip/lib/libchip_sam3s4_rel.a(release-pio_capture.o)

.debug_line     0x00000000     0x377a
 .debug_line    0x00000000      0x1b7 build/obj/syscalls.o
 .debug_line    0x000001b7      0x155 build/obj/system.o
 .debug_line    0x0000030c      0x180 build/obj/uart_console.o
 .debug_line    0x0000048c      0x3de build/obj/usb_console.o
 .debug_line    0x0000086a      0x213 build/obj/led.o
 .debug_line    0x00000a7d      0x184 build/obj/timetick.o
 .debug_line    0x00000c01      0x105 build/obj/startup.o
 .debug_line    0x00000d06      0x11c build/obj/usb_device_descriptor.o
 .debug_line    0x00000e22      0x287 build/obj/main.o
 .debug_line    0x000010a9      0x72d libusb/lib/libusb_sam3s_rel.a(release-USBD_HAL.o)
 .debug_line    0x000017d6      0x1d4 libusb/lib/libusb_sam3s_rel.a(release-USBDescriptors.o)
 .debug_line    0x000019aa      0x31f libusb/lib/libusb_sam3s_rel.a(release-USBD.o)
 .debug_line    0x00001cc9      0x10a libusb/lib/libusb_sam3s_rel.a(release-USBDCallbacks.o)
 .debug_line    0x00001dd3      0x313 libusb/lib/libusb_sam3s_rel.a(release-USBDDriver.o)
 .debug_line    0x000020e6      0x1f8 libusb/lib/libusb_sam3s_rel.a(release-CDCDSerial.o)
 .debug_line    0x000022de       0xc3 libusb/lib/libusb_sam3s_rel.a(release-USBDDriverCallbacks.o)
 .debug_line    0x000023a1      0x120 libusb/lib/libusb_sam3s_rel.a(release-CDCDSerialDriver.o)
 .debug_line    0x000024c1      0x1ce libusb/lib/libusb_sam3s_rel.a(release-USBRequests.o)
 .debug_line    0x0000268f      0x25b libusb/lib/libusb_sam3s_rel.a(release-CDCDSerialPort.o)
 .debug_line    0x000028ea       0xca libusb/lib/libusb_sam3s_rel.a(release-CDCLineCoding.o)
 .debug_line    0x000029b4      0x285 libchip/lib/libchip_sam3s4_rel.a(release-pio_it.o)
 .debug_line    0x00002c39      0x2e8 libchip/lib/libchip_sam3s4_rel.a(release-exceptions.o)
 .debug_line    0x00002f21      0x264 libchip/lib/libchip_sam3s4_rel.a(release-adc.o)
 .debug_line    0x00003185      0x1bf libchip/lib/libchip_sam3s4_rel.a(release-pio.o)
 .debug_line    0x00003344      0x154 libchip/lib/libchip_sam3s4_rel.a(release-pmc.o)
 .debug_line    0x00003498      0x14e libchip/lib/libchip_sam3s4_rel.a(release-tc.o)
 .debug_line    0x000035e6      0x194 libchip/lib/libchip_sam3s4_rel.a(release-pio_capture.o)

.debug_str      0x00000000     0x34cd
 .debug_str     0x00000000      0x1e6 build/obj/syscalls.o
                                0x24c (size before relaxing)
 .debug_str     0x000001e6      0x1b2 build/obj/system.o
                                0x283 (size before relaxing)
 .debug_str     0x00000398      0x3ee build/obj/uart_console.o
                                0x60f (size before relaxing)
 .debug_str     0x00000786      0xaa0 build/obj/usb_console.o
                               0x103e (size before relaxing)
 .debug_str     0x00001226      0x143 build/obj/led.o
                                0x836 (size before relaxing)
 .debug_str     0x00001369      0x118 build/obj/timetick.o
                                0x421 (size before relaxing)
 .debug_str     0x00001481       0x7e build/obj/startup.o
                                0x1ae (size before relaxing)
 .debug_str     0x000014ff      0x2cb build/obj/usb_device_descriptor.o
                                0x6e7 (size before relaxing)
 .debug_str     0x000017ca      0x16b build/obj/main.o
                                0xc53 (size before relaxing)
 .debug_str     0x00001935      0x52a libusb/lib/libusb_sam3s_rel.a(release-USBD_HAL.o)
                                0xcb2 (size before relaxing)
 .debug_str     0x00001e5f      0x262 libusb/lib/libusb_sam3s_rel.a(release-USBDescriptors.o)
                                0x51e (size before relaxing)
 .debug_str     0x000020c1      0x154 libusb/lib/libusb_sam3s_rel.a(release-USBD.o)
                                0x7ed (size before relaxing)
 .debug_str     0x00002215       0x59 libusb/lib/libusb_sam3s_rel.a(release-USBDCallbacks.o)
                                0x1b4 (size before relaxing)
 .debug_str     0x0000226e      0x218 libusb/lib/libusb_sam3s_rel.a(release-USBDDriver.o)
                                0xb4f (size before relaxing)
 .debug_str     0x00002486      0x26f libusb/lib/libusb_sam3s_rel.a(release-CDCDSerial.o)
                                0x7b7 (size before relaxing)
 .debug_str     0x000026f5       0x53 libusb/lib/libusb_sam3s_rel.a(release-USBDDriverCallbacks.o)
                                0x15e (size before relaxing)
 .debug_str     0x00002748       0x89 libusb/lib/libusb_sam3s_rel.a(release-CDCDSerialDriver.o)
                                0x49a (size before relaxing)
 .debug_str     0x000027d1      0x231 libusb/lib/libusb_sam3s_rel.a(release-USBRequests.o)
                                0x354 (size before relaxing)
 .debug_str     0x00002a02      0x1b3 libusb/lib/libusb_sam3s_rel.a(release-CDCDSerialPort.o)
                                0x91b (size before relaxing)
 .debug_str     0x00002bb5       0x51 libusb/lib/libusb_sam3s_rel.a(release-CDCLineCoding.o)
                                0x181 (size before relaxing)
 .debug_str     0x00002c06      0x148 libchip/lib/libchip_sam3s4_rel.a(release-pio_it.o)
                                0x7a6 (size before relaxing)
 .debug_str     0x00002d4e      0x22e libchip/lib/libchip_sam3s4_rel.a(release-exceptions.o)
                                0x384 (size before relaxing)