Archive member included because of file (symbol)

libusb/lib/libusb_sam3s_rel.a(release-USBD_HAL.o)
                              build/obj/startup.o (USBD_IrqHandler)
libusb/lib/libusb_sam3s_rel.a(release-USBDescriptors.o)
                              libusb/lib/libusb_sam3s_rel.a(release-USBD_HAL.o) (USBEndpointDescriptor_GetNumber)
libusb/lib/libusb_sam3s_rel.a(release-USBD.o)
                              libusb/lib/libusb_sam3s_rel.a(release-USBD_HAL.o) (USBD_SuspendHandler)
libusb/lib/libusb_sam3s_rel.a(release-USBDCallbacks.o)
                              libusb/lib/libusb_sam3s_rel.a(release-USBD.o) (USBDCallbacks_Reset)
libusb/lib/libusb_sam3s_rel.a(release-USBDDriver.o)
                              libusb/lib/libusb_sam3s_rel.a(release-USBDCallbacks.o) (USBD_GetDriver)
libusb/lib/libusb_sam3s_rel.a(release-CDCDSerial.o)
                              build/obj/usb_console.o (CDCDSerial_Read)
libusb/lib/libusb_sam3s_rel.a(release-USBDDriverCallbacks.o)
                              libusb/lib/libusb_sam3s_rel.a(release-USBDDriver.o) (USBDDriverCallbacks_InterfaceSettingChanged)
libusb/lib/libusb_sam3s_rel.a(release-CDCDSerialDriver.o)
                              build/obj/usb_console.o (CDCDSerialDriver_Initialize)
libusb/lib/libusb_sam3s_rel.a(release-USBRequests.o)
                              libusb/lib/libusb_sam3s_rel.a(release-USBDDriver.o) (USBGenericRequest_GetRequest)
libusb/lib/libusb_sam3s_rel.a(release-CDCDSerialPort.o)
                              libusb/lib/libusb_sam3s_rel.a(release-CDCDSerial.o) (CDCDSerialPort_Initialize)
libusb/lib/libusb_sam3s_rel.a(release-CDCLineCoding.o)
                              libusb/lib/libusb_sam3s_rel.a(release-CDCDSerialPort.o) (CDCLineCoding_Initialize)
libchip/lib/libchip_sam3s4_rel.a(release-pio_it.o)
                              build/obj/startup.o (PIOA_IrqHandler)
libchip/lib/libchip_sam3s4_rel.a(release-exceptions.o)
                              build/obj/startup.o (IrqHandlerNotUsed)
libchip/lib/libchip_sam3s4_rel.a(release-pio.o)
                              build/obj/uart_console.o (PIO_Configure)
libchip/lib/libchip_sam3s4_rel.a(release-pmc.o)
                              libusb/lib/libusb_sam3s_rel.a(release-USBD_HAL.o) (PMC_EnablePeripheral)
libchip/lib/libchip_sam3s4_rel.a(release-tc.o)
                              build/obj/led.o (TC_Configure)
libchip/lib/libchip_sam3s4_rel.a(release-pio_capture.o)
                              libchip/lib/libchip_sam3s4_rel.a(release-pio_it.o) (PIO_CaptureHandler)
/usr/local/Sourcery/bin/../lib/gcc/arm-none-eabi/4.6.1/../../../../arm-none-eabi/lib/thumb2/libc.a(lib_a-assert.o)
                              build/obj/led.o (__assert_func)
/usr/local/Sourcery/bin/../lib/gcc/arm-none-eabi/4.6.1/../../../../arm-none-eabi/lib/thumb2/libc.a(lib_a-fiprintf.o)
                              build/obj/usb_console.o (fiprintf)
/usr/local/Sourcery/bin/../lib/gcc/arm-none-eabi/4.6.1/../../../../arm-none-eabi/lib/thumb2/libc.a(lib_a-gets.o)
                              build/obj/main.o (gets)
/usr/local/Sourcery/bin/../lib/gcc/arm-none-eabi/4.6.1/../../../../arm-none-eabi/lib/thumb2/libc.a(lib_a-impure.o)
                              build/obj/usb_console.o (_impure_ptr)
/usr/local/Sourcery/bin/../lib/gcc/arm-none-eabi/4.6.1/../../../../arm-none-eabi/lib/thumb2/libc.a(lib_a-iprintf.o)
                              build/obj/syscalls.o (iprintf)
/usr/local/Sourcery/bin/../lib/gcc/arm-none-eabi/4.6.1/../../../../arm-none-eabi/lib/thumb2/libc.a(lib_a-memcpy.o)
                              build/obj/usb_console.o (memcpy)
/usr/local/Sourcery/bin/../lib/gcc/arm-none-eabi/4.6.1/../../../../arm-none-eabi/lib/thumb2/libc.a(lib_a-memmove.o)
                              build/obj/usb_console.o (memmove)
/usr/local/Sourcery/bin/../lib/gcc/arm-none-eabi/4.6.1/../../../../arm-none-eabi/lib/thumb2/libc.a(lib_a-puts.o)
                              build/obj/main.o (puts)
/usr/local/Sourcery/bin/../lib/gcc/arm-none-eabi/4.6.1/../../../../arm-none-eabi/lib/thumb2/libc.a(lib_a-reent.o)
                              build/obj/syscalls.o (errno)
/usr/local/Sourcery/bin/../lib/gcc/arm-none-eabi/4.6.1/../../../../arm-none-eabi/lib/thumb2/libc.a(lib_a-rget.o)
                              /usr/local/Sourcery/bin/../lib/gcc/arm-none-eabi/4.6.1/../../../../arm-none-eabi/lib/thumb2/libc.a(lib_a-gets.o) (__srget_r)
/usr/local/Sourcery/bin/../lib/gcc/arm-none-eabi/4.6.1/../../../../arm-none-eabi/lib/thumb2/libc.a(lib_a-setbuf.o)
                              build/obj/main.o (setbuf)
/usr/local/Sourcery/bin/../lib/gcc/arm-none-eabi/4.6.1/../../../../arm-none-eabi/lib/thumb2/libc.a(lib_a-setvbuf.o)
                              /usr/local/Sourcery/bin/../lib/gcc/arm-none-eabi/4.6.1/../../../../arm-none-eabi/lib/thumb2/libc.a(lib_a-setbuf.o) (setvbuf)
/usr/local/Sourcery/bin/../lib/gcc/arm-none-eabi/4.6.1/../../../../arm-none-eabi/lib/thumb2/libc.a(lib_a-siscanf.o)
                              build/obj/main.o (siscanf)
[...]
Memory Configuration

Name             Origin             Length             Attributes
rom              0x00400000         0x00040000         xr
ram              0x20000000         0x0000c000         xrw
*default*        0x00000000         0xffffffff

Linker script and memory map

LOAD /usr/local/Sourcery/bin/../lib/gcc/arm-none-eabi/4.6.1/thumb2/crti.o
LOAD /usr/local/Sourcery/bin/../lib/gcc/arm-none-eabi/4.6.1/thumb2/crtbegin.o
START GROUP
LOAD /usr/local/Sourcery/bin/../lib/gcc/arm-none-eabi/4.6.1/thumb2/libgcc.a
LOAD /usr/local/Sourcery/bin/../lib/gcc/arm-none-eabi/4.6.1/../../../../arm-none-eabi/lib/thumb2/libc.a
END GROUP
LOAD build/obj/syscalls.o
LOAD build/obj/system.o
LOAD build/obj/uart_console.o
LOAD build/obj/usb_console.o
LOAD build/obj/led.o
LOAD build/obj/timetick.o
LOAD build/obj/startup.o
LOAD build/obj/usb_device_descriptor.o
LOAD build/obj/main.o
LOAD build/obj/controller.o
LOAD libusb/lib/libusb_sam3s_rel.a
LOAD libchip/lib/libchip_sam3s4_rel.a
START GROUP
LOAD /usr/local/Sourcery/bin/../lib/gcc/arm-none-eabi/4.6.1/thumb2/libgcc.a
LOAD /usr/local/Sourcery/bin/../lib/gcc/arm-none-eabi/4.6.1/../../../../arm-none-eabi/lib/thumb2/libc.a
END GROUP
LOAD /usr/local/Sourcery/bin/../lib/gcc/arm-none-eabi/4.6.1/thumb2/crtend.o
LOAD /usr/local/Sourcery/bin/../lib/gcc/arm-none-eabi/4.6.1/thumb2/crtn.o

.text           0x00400000     0x9348
                0x00400000                . = ALIGN (0x4)
                0x00400000                _sfixed = .
 *(.vectors .vectors.*)
 .vectors       0x00400000       0xd0 build/obj/startup.o
                0x00400000                exception_table
 *(.text .text.* .gnu.linkonce.t.*)
 .text          0x004000d0       0x68 /usr/local/Sourcery/bin/../lib/gcc/arm-none-eabi/4.6.1/thumb2/crtbegin.o
 .text._read    0x00400138       0x54 build/obj/syscalls.o
                0x00400138                _read
 .text._write   0x0040018c       0x54 build/obj/syscalls.o
                0x0040018c                _write
 .text._sbrk    0x004001e0       0x5c build/obj/syscalls.o
                0x004001e0                _sbrk
 .text._isatty  0x0040023c       0x28 build/obj/syscalls.o
                0x0040023c                _isatty
 .text._exit    0x00400264       0x18 build/obj/syscalls.o
                0x00400264                _exit
 .text._lseek   0x0040027c       0x1c build/obj/syscalls.o
                0x0040027c                _lseek
 .text._kill    0x00400298       0x28 build/obj/syscalls.o
                0x00400298                _kill
 .text._getpid  0x004002c0       0x10 build/obj/syscalls.o
                0x004002c0                _getpid
 .text._close   0x004002d0       0x18 build/obj/syscalls.o
                0x004002d0                _close
 .text._fstat   0x004002e8       0x24 build/obj/syscalls.o
                0x004002e8                _fstat
 .text.SystemCoreClockUpdate
                0x0040030c       0x1c build/obj/system.o
                0x0040030c                SystemCoreClockUpdate
 .text.SystemInit
                0x00400328      0x1dc build/obj/system.o
                0x00400328                SystemInit
 .text.UART_Configure
                0x00400504       0x8c build/obj/uart_console.o
                0x00400504                UART_Configure
 .text.UART_Put
                0x00400590       0x78 build/obj/uart_console.o
                0x00400590                UART_Put
 .text.UART_Get
                0x00400608       0x70 build/obj/uart_console.o
                0x00400608                UART_Get
 .text.UART_Puts
                0x00400678       0x50 build/obj/uart_console.o
                0x00400678                UART_Puts
 .text.UART_Gets
                0x004006c8       0x54 build/obj/uart_console.o
                0x004006c8                UART_Gets
 .text.CDCDSerialDriver_Write
                0x0040071c       0x28 build/obj/usb_console.o
 .text.CDCDSerialDriver_Read
                0x00400744       0x28 build/obj/usb_console.o
 .text.NVIC_EnableIRQ
                0x0040076c       0x38 build/obj/usb_console.o
 .text.ISR_Vbus
                0x004007a4       0x60 build/obj/usb_console.o
 .text.VBus_Configure
                0x00400804       0x54 build/obj/usb_console.o
 .text.ConfigureUsbClock
                0x00400858       0x40 build/obj/usb_console.o
 .text.USBDCallbacks_Initialized
                0x00400898       0x10 build/obj/usb_console.o
                0x00400898                USBDCallbacks_Initialized
 .text.USBDDriverCallbacks_ConfigurationChanged
                0x004008a8       0x1c build/obj/usb_console.o
                0x004008a8                USBDDriverCallbacks_ConfigurationChanged
 .text.USBDCallbacks_RequestReceived
                0x004008c4       0x18 build/obj/usb_console.o
                0x004008c4                USBDCallbacks_RequestReceived
 .text.UsbWriteDone
                0x004008dc       0x48 build/obj/usb_console.o
 .text.UsbReadDone
                0x00400924       0x48 build/obj/usb_console.o
 .text.USBC_isConfigured
                0x0040096c       0x68 build/obj/usb_console.o
                0x0040096c                USBC_isConfigured
 .text.USBC_hasData
                0x004009d4       0x20 build/obj/usb_console.o
                0x004009d4                USBC_hasData
 .text.USBC_Configure
                0x004009f4       0x3c build/obj/usb_console.o
                0x004009f4                USBC_Configure
 .text.USBC_StartListening
                0x00400a30       0x50 build/obj/usb_console.o
                0x00400a30                USBC_StartListening
 .text.USBC_Gets
                0x00400a80      0x100 build/obj/usb_console.o
                0x00400a80                USBC_Gets
 .text.USBC_Puts
                0x00400b80       0xb8 build/obj/usb_console.o
                0x00400b80                USBC_Puts
 .text.NVIC_EnableIRQ
                0x00400c38       0x38 build/obj/led.o
 .text.TC0_IrqHandler
                0x00400c70       0x90 build/obj/led.o
                0x00400c70                TC0_IrqHandler
 .text.configure
                0x00400d00       0xa0 build/obj/led.o
 .text.LEDs_configure
                0x00400da0       0x18 build/obj/led.o
                0x00400da0                LEDs_configure
 .text.LED_tgl  0x00400db8       0x90 build/obj/led.o
                0x00400db8                LED_tgl
 .text.LED_clr  0x00400e48       0x7c build/obj/led.o
                0x00400e48                LED_clr
 .text.LED_blink
                0x00400ec4       0x6c build/obj/led.o
                0x00400ec4                LED_blink
 .text.NVIC_SetPriority
                0x00400f30       0x5c build/obj/timetick.o
 .text.SysTick_Config
                0x00400f8c       0x64 build/obj/timetick.o
 .text.SysTick_Handler
                0x00400ff0       0x24 build/obj/timetick.o
                0x00400ff0                SysTick_Handler
 .text.TimeTick_Configure
                0x00401014       0x3c build/obj/timetick.o
                0x00401014                TimeTick_Configure
 .text.GetTickCount
                0x00401050       0x18 build/obj/timetick.o
                0x00401050                GetTickCount
 .text.ResetException
                0x00401068       0xd0 build/obj/startup.o
                0x00401068                ResetException
 .text.NVIC_EnableIRQ
                0x00401138       0x38 build/obj/main.o
 .text.main     0x00401170      0x4b0 build/obj/main.o
                0x00401170                main
 .text.TC1_IrqHandler
                0x00401620        0xc build/obj/main.o
                0x00401620                TC1_IrqHandler
 .text.init     0x0040162c       0xa0 build/obj/main.o
                0x0040162c                init
 .text.UDP_EndOfTransfer
                0x004016cc       0x70 libusb/lib/libusb_sam3s_rel.a(release-USBD_HAL.o)
 .text.UDP_ClearRxFlag
                0x0040173c       0x80 libusb/lib/libusb_sam3s_rel.a(release-USBD_HAL.o)
 .text.UDP_WritePayload
                0x004017bc       0x44 libusb/lib/libusb_sam3s_rel.a(release-USBD_HAL.o)
 .text.UDP_EnablePeripheralClock
                0x00401800       0x20 libusb/lib/libusb_sam3s_rel.a(release-USBD_HAL.o)
 .text.UDP_MblWriteFifo
                0x00401820      0x128 libusb/lib/libusb_sam3s_rel.a(release-USBD_HAL.o)
 .text.USBD_IrqHandler
                0x00401948      0x5f8 libusb/lib/libusb_sam3s_rel.a(release-USBD_HAL.o)
                0x00401948                USBD_IrqHandler
 .text.USBD_HAL_ResetEPs
                0x00401f40       0xc0 libusb/lib/libusb_sam3s_rel.a(release-USBD_HAL.o)
                0x00401f40                USBD_HAL_ResetEPs
 .text.USBD_HAL_CancelIo
                0x00402000       0x54 libusb/lib/libusb_sam3s_rel.a(release-USBD_HAL.o)
                0x00402000                USBD_HAL_CancelIo
 .text.USBD_HAL_ConfigureEP
                0x00402054       0xf0 libusb/lib/libusb_sam3s_rel.a(release-USBD_HAL.o)
                0x00402054                USBD_HAL_ConfigureEP
 .text.USBD_HAL_SetTransferCallback
                0x00402144       0x20 libusb/lib/libusb_sam3s_rel.a(release-USBD_HAL.o)
                0x00402144                USBD_HAL_SetTransferCallback
 .text.USBD_HAL_Write
                0x00402164      0x188 libusb/lib/libusb_sam3s_rel.a(release-USBD_HAL.o)
                0x00402164                USBD_HAL_Write
 .text.USBD_HAL_Read
                0x004022ec       0x40 libusb/lib/libusb_sam3s_rel.a(release-USBD_HAL.o)
                0x004022ec                USBD_HAL_Read
 .text.USBD_HAL_Connect
                0x0040232c       0x28 libusb/lib/libusb_sam3s_rel.a(release-USBD_HAL.o)
                0x0040232c                USBD_HAL_Connect
 .text.USBD_HAL_Disconnect
                0x00402354       0x28 libusb/lib/libusb_sam3s_rel.a(release-USBD_HAL.o)
                0x00402354                USBD_HAL_Disconnect
 .text.USBD_HAL_SetAddress
                0x0040237c       0x1c libusb/lib/libusb_sam3s_rel.a(release-USBD_HAL.o)
                0x0040237c                USBD_HAL_SetAddress
 .text.USBD_HAL_SetConfiguration
                0x00402398       0x18 libusb/lib/libusb_sam3s_rel.a(release-USBD_HAL.o)
                0x00402398                USBD_HAL_SetConfiguration
 .text.USBD_HAL_Init
                0x004023b0       0x40 libusb/lib/libusb_sam3s_rel.a(release-USBD_HAL.o)
                0x004023b0                USBD_HAL_Init
 .text.USBD_HAL_Stall
                0x004023f0       0x60 libusb/lib/libusb_sam3s_rel.a(release-USBD_HAL.o)
                0x004023f0                USBD_HAL_Stall
 .text.USBD_HAL_Halt
                0x00402450       0xc4 libusb/lib/libusb_sam3s_rel.a(release-USBD_HAL.o)
                0x00402450                USBD_HAL_Halt
 .text.USBD_HAL_IsHighSpeed
                0x00402514        0x4 libusb/lib/libusb_sam3s_rel.a(release-USBD_HAL.o)
                0x00402514                USBD_HAL_IsHighSpeed
 .text.USBD_HAL_Suspend
                0x00402518       0x28 libusb/lib/libusb_sam3s_rel.a(release-USBD_HAL.o)
                0x00402518                USBD_HAL_Suspend
 .text.USBD_HAL_Activate
                0x00402540       0x24 libusb/lib/libusb_sam3s_rel.a(release-USBD_HAL.o)
                0x00402540                USBD_HAL_Activate
 .text.USBGenericDescriptor_GetLength
                0x00402564        0x4 libusb/lib/libusb_sam3s_rel.a(release-USBDescriptors.o)
                0x00402564                USBGenericDescriptor_GetLength
 .text.USBGenericDescriptor_GetType
                0x00402568        0x4 libusb/lib/libusb_sam3s_rel.a(release-USBDescriptors.o)
                0x00402568                USBGenericDescriptor_GetType
 .text.USBGenericDescriptor_GetNextDescriptor
                0x0040256c       0x10 libusb/lib/libusb_sam3s_rel.a(release-USBDescriptors.o)
                0x0040256c                USBGenericDescriptor_GetNextDescriptor
 .text.USBGenericDescriptor_Parse
                0x0040257c       0x4c libusb/lib/libusb_sam3s_rel.a(release-USBDescriptors.o)
                0x0040257c                USBGenericDescriptor_Parse
 .text.USBEndpointDescriptor_GetNumber
                0x004025c8        0x8 libusb/lib/libusb_sam3s_rel.a(release-USBDescriptors.o)
                0x004025c8                USBEndpointDescriptor_GetNumber
 .text.USBEndpointDescriptor_GetDirection
                0x004025d0        0x6 libusb/lib/libusb_sam3s_rel.a(release-USBDescriptors.o)
                0x004025d0                USBEndpointDescriptor_GetDirection
 .text.USBEndpointDescriptor_GetType
                0x004025d6        0x8 libusb/lib/libusb_sam3s_rel.a(release-USBDescriptors.o)
                0x004025d6                USBEndpointDescriptor_GetType
 .text.USBEndpointDescriptor_GetMaxPacketSize
                0x004025de        0x4 libusb/lib/libusb_sam3s_rel.a(release-USBDescriptors.o)
                0x004025de                USBEndpointDescriptor_GetMaxPacketSize
 .text.USBConfigurationDescriptor_GetTotalLength
                0x004025e2        0x4 libusb/lib/libusb_sam3s_rel.a(release-USBDescriptors.o)
                0x004025e2                USBConfigurationDescriptor_GetTotalLength
 .text.USBConfigurationDescriptor_IsSelfPowered
                0x004025e6        0x8 libusb/lib/libusb_sam3s_rel.a(release-USBDescriptors.o)
                0x004025e6                USBConfigurationDescriptor_IsSelfPowered
 *fill*         0x004025ee        0x2 00
 .text.USBConfigurationDescriptor_Parse
                0x004025f0       0x78 libusb/lib/libusb_sam3s_rel.a(release-USBDescriptors.o)
                0x004025f0                USBConfigurationDescriptor_Parse
 .text.USBD_SuspendHandler
                0x00402668       0x24 libusb/lib/libusb_sam3s_rel.a(release-USBD.o)
                0x00402668                USBD_SuspendHandler
 .text.USBD_ResumeHandler
                0x0040268c       0x28 libusb/lib/libusb_sam3s_rel.a(release-USBD.o)
                0x0040268c                USBD_ResumeHandler
 .text.USBD_RequestHandler
                0x004026b4       0x2c libusb/lib/libusb_sam3s_rel.a(release-USBD.o)
                0x004026b4                USBD_RequestHandler
 .text.USBD_ConfigureEndpoint
                0x004026e0        0xc libusb/lib/libusb_sam3s_rel.a(release-USBD.o)
                0x004026e0                USBD_ConfigureEndpoint
 .text.USBD_ResetHandler
                0x004026ec       0x38 libusb/lib/libusb_sam3s_rel.a(release-USBD.o)
                0x004026ec                USBD_ResetHandler
 .text.USBD_Write
                0x00402724       0x24 libusb/lib/libusb_sam3s_rel.a(release-USBD.o)
                0x00402724                USBD_Write
 .text.USBD_Read
                0x00402748       0x24 libusb/lib/libusb_sam3s_rel.a(release-USBD.o)
                0x00402748                USBD_Read
 .text.USBD_Halt
                0x0040276c       0x10 libusb/lib/libusb_sam3s_rel.a(release-USBD.o)
                0x0040276c                USBD_Halt
 .text.USBD_Unhalt
                0x0040277c       0x10 libusb/lib/libusb_sam3s_rel.a(release-USBD.o)
                0x0040277c                USBD_Unhalt
 .text.USBD_IsHighSpeed
                0x0040278c        0xc libusb/lib/libusb_sam3s_rel.a(release-USBD.o)
                0x0040278c                USBD_IsHighSpeed
 .text.USBD_Stall
                0x00402798        0xc libusb/lib/libusb_sam3s_rel.a(release-USBD.o)
                0x00402798                USBD_Stall
 .text.USBD_SetAddress
                0x004027a4       0x20 libusb/lib/libusb_sam3s_rel.a(release-USBD.o)
                0x004027a4                USBD_SetAddress
 .text.USBD_SetConfiguration
                0x004027c4       0x30 libusb/lib/libusb_sam3s_rel.a(release-USBD.o)
                0x004027c4                USBD_SetConfiguration
 .text.USBD_Connect
                0x004027f4        0xc libusb/lib/libusb_sam3s_rel.a(release-USBD.o)
                0x004027f4                USBD_Connect
 .text.USBD_Disconnect
                0x00402800       0x28 libusb/lib/libusb_sam3s_rel.a(release-USBD.o)
                0x00402800                USBD_Disconnect
 .text.USBD_Init
                0x00402828       0x24 libusb/lib/libusb_sam3s_rel.a(release-USBD.o)
                0x00402828                USBD_Init
 .text.USBD_GetState
                0x0040284c        0xc libusb/lib/libusb_sam3s_rel.a(release-USBD.o)
                0x0040284c                USBD_GetState
 .text.USBDCallbacks_Reset
                0x00402858        0x2 libusb/lib/libusb_sam3s_rel.a(release-USBDCallbacks.o)
                0x00402858                USBDCallbacks_Reset
 .text.USBDCallbacks_Suspended
                0x0040285a        0x2 libusb/lib/libusb_sam3s_rel.a(release-USBDCallbacks.o)
                0x0040285a                USBDCallbacks_Suspended
 .text.USBDCallbacks_Resumed
                0x0040285c        0x2 libusb/lib/libusb_sam3s_rel.a(release-USBDCallbacks.o)
                0x0040285c                USBDCallbacks_Resumed
 *fill*         0x0040285e        0x2 00
 .text.TerminateCtrlInWithNull
                0x00402860       0x18 libusb/lib/libusb_sam3s_rel.a(release-USBDDriver.o)
 .text.USBD_GetDriver
                0x00402878        0x8 libusb/lib/libusb_sam3s_rel.a(release-USBDDriver.o)
                0x00402878                USBD_GetDriver
 .text.USBDDriver_Initialize
                0x00402880        0xc libusb/lib/libusb_sam3s_rel.a(release-USBDDriver.o)
                0x00402880                USBDDriver_Initialize
 .text.USBDDriver_GetCfgDescriptors
                0x0040288c       0x18 libusb/lib/libusb_sam3s_rel.a(release-USBDDriver.o)
                0x0040288c                USBDDriver_GetCfgDescriptors
 .text.USBDDriver_RequestHandler
                0x004028a4      0x3f0 libusb/lib/libusb_sam3s_rel.a(release-USBDDriver.o)
                0x004028a4                USBDDriver_RequestHandler
 .text.CDCDSerial_Initialize
                0x00402c94       0x24 libusb/lib/libusb_sam3s_rel.a(release-CDCDSerial.o)
                0x00402c94                CDCDSerial_Initialize
 .text.CDCDSerial_ConfigureFunction
                0x00402cb8       0x18 libusb/lib/libusb_sam3s_rel.a(release-CDCDSerial.o)
                0x00402cb8                CDCDSerial_ConfigureFunction
 .text.CDCDSerial_RequestHandler
                0x00402cd0       0x14 libusb/lib/libusb_sam3s_rel.a(release-CDCDSerial.o)
                0x00402cd0                CDCDSerial_RequestHandler
 .text.CDCDSerial_Read
                0x00402ce4       0x20 libusb/lib/libusb_sam3s_rel.a(release-CDCDSerial.o)
                0x00402ce4                CDCDSerial_Read
 .text.CDCDSerial_Write
                0x00402d04       0x20 libusb/lib/libusb_sam3s_rel.a(release-CDCDSerial.o)
                0x00402d04                CDCDSerial_Write
 .text.CDCDSerial_LineCodingIsToChange
                0x00402d24        0x4 libusb/lib/libusb_sam3s_rel.a(release-CDCDSerial.o)
                0x00402d24                CDCDSerial_LineCodingIsToChange
 .text.CDCDSerial_ControlLineStateChanged
                0x00402d28        0x2 libusb/lib/libusb_sam3s_rel.a(release-CDCDSerial.o)
                0x00402d28                CDCDSerial_ControlLineStateChanged
 *fill*         0x00402d2a        0x2 00
 .text.CDCDSerial_EventHandler
                0x00402d2c       0x34 libusb/lib/libusb_sam3s_rel.a(release-CDCDSerial.o)
 .text.USBDDriverCallbacks_InterfaceSettingChanged
                0x00402d60        0x2 libusb/lib/libusb_sam3s_rel.a(release-USBDDriverCallbacks.o)
                0x00402d60                USBDDriverCallbacks_InterfaceSettingChanged
 *fill*         0x00402d62        0x2 00
 .text.CDCDSerialDriver_Initialize
                0x00402d64       0x30 libusb/lib/libusb_sam3s_rel.a(release-CDCDSerialDriver.o)
                0x00402d64                CDCDSerialDriver_Initialize
 .text.CDCDSerialDriver_ConfigurationChangedHandler
                0x00402d94       0x24 libusb/lib/libusb_sam3s_rel.a(release-CDCDSerialDriver.o)
                0x00402d94                CDCDSerialDriver_ConfigurationChangedHandler
 .text.CDCDSerialDriver_RequestHandler
                0x00402db8       0x28 libusb/lib/libusb_sam3s_rel.a(release-CDCDSerialDriver.o)
                0x00402db8                CDCDSerialDriver_RequestHandler
 .text.USBGenericRequest_GetType
                0x00402de0        0xa libusb/lib/libusb_sam3s_rel.a(release-USBRequests.o)
                0x00402de0                USBGenericRequest_GetType
 .text.USBGenericRequest_GetRequest
                0x00402dea        0x4 libusb/lib/libusb_sam3s_rel.a(release-USBRequests.o)
                0x00402dea                USBGenericRequest_GetRequest
 .text.USBGenericRequest_GetValue
                0x00402dee        0x4 libusb/lib/libusb_sam3s_rel.a(release-USBRequests.o)
                0x00402dee                USBGenericRequest_GetValue
 .text.USBGenericRequest_GetIndex
                0x00402df2        0x4 libusb/lib/libusb_sam3s_rel.a(release-USBRequests.o)
                0x00402df2                USBGenericRequest_GetIndex
 .text.USBGenericRequest_GetLength
                0x00402df6        0x4 libusb/lib/libusb_sam3s_rel.a(release-USBRequests.o)
                0x00402df6                USBGenericRequest_GetLength
 *fill*         0x00402dfa        0x2 00
 .text.USBGenericRequest_GetEndpointNumber
                0x00402dfc       0x10 libusb/lib/libusb_sam3s_rel.a(release-USBRequests.o)
                0x00402dfc                USBGenericRequest_GetEndpointNumber
 .text.USBGenericRequest_GetRecipient
                0x00402e0c        0x8 libusb/lib/libusb_sam3s_rel.a(release-USBRequests.o)
                0x00402e0c                USBGenericRequest_GetRecipient
 .text.USBGenericRequest_GetDirection
                0x00402e14        0x6 libusb/lib/libusb_sam3s_rel.a(release-USBRequests.o)
                0x00402e14                USBGenericRequest_GetDirection
 *fill*         0x00402e1a        0x2 00
 .text.USBGetDescriptorRequest_GetDescriptorType
                0x00402e1c       0x10 libusb/lib/libusb_sam3s_rel.a(release-USBRequests.o)
                0x00402e1c                USBGetDescriptorRequest_GetDescriptorType
 .text.USBGetDescriptorRequest_GetDescriptorIndex
                0x00402e2c       0x10 libusb/lib/libusb_sam3s_rel.a(release-USBRequests.o)
                0x00402e2c                USBGetDescriptorRequest_GetDescriptorIndex
 .text.USBSetAddressRequest_GetAddress
                0x00402e3c       0x10 libusb/lib/libusb_sam3s_rel.a(release-USBRequests.o)
                0x00402e3c                USBSetAddressRequest_GetAddress
 .text.USBSetConfigurationRequest_GetConfiguration
                0x00402e4c       0x10 libusb/lib/libusb_sam3s_rel.a(release-USBRequests.o)
                0x00402e4c                USBSetConfigurationRequest_GetConfiguration
 .text.USBInterfaceRequest_GetInterface
                0x00402e5c       0x10 libusb/lib/libusb_sam3s_rel.a(release-USBRequests.o)
                0x00402e5c                USBInterfaceRequest_GetInterface
 .text.USBInterfaceRequest_GetAlternateSetting
                0x00402e6c       0x10 libusb/lib/libusb_sam3s_rel.a(release-USBRequests.o)
                0x00402e6c                USBInterfaceRequest_GetAlternateSetting
 .text.USBFeatureRequest_GetFeatureSelector
                0x00402e7c       0x10 libusb/lib/libusb_sam3s_rel.a(release-USBRequests.o)
                0x00402e7c                USBFeatureRequest_GetFeatureSelector
 .text._Interfaces_Parse
                0x00402e8c       0xa6 libusb/lib/libusb_sam3s_rel.a(release-CDCDSerialPort.o)
 *fill*         0x00402f32        0x2 00
 .text._SetLineCodingCallback
                0x00402f34       0x48 libusb/lib/libusb_sam3s_rel.a(release-CDCDSerialPort.o)
 .text.CDCDSerialPort_Initialize
                0x00402f7c       0x34 libusb/lib/libusb_sam3s_rel.a(release-CDCDSerialPort.o)
                0x00402f7c                CDCDSerialPort_Initialize
 .text.CDCDSerialPort_ParseInterfaces
                0x00402fb0       0x20 libusb/lib/libusb_sam3s_rel.a(release-CDCDSerialPort.o)
                0x00402fb0                CDCDSerialPort_ParseInterfaces
 .text.CDCDSerialPort_RequestHandler
                0x00402fd0       0x9c libusb/lib/libusb_sam3s_rel.a(release-CDCDSerialPort.o)
                0x00402fd0                CDCDSerialPort_RequestHandler
 .text.CDCDSerialPort_Read
                0x0040306c       0x18 libusb/lib/libusb_sam3s_rel.a(release-CDCDSerialPort.o)
                0x0040306c                CDCDSerialPort_Read
 .text.CDCDSerialPort_Write
                0x00403084       0x18 libusb/lib/libusb_sam3s_rel.a(release-CDCDSerialPort.o)
                0x00403084                CDCDSerialPort_Write
 .text.CDCLineCoding_Initialize
                0x0040309c        0xe libusb/lib/libusb_sam3s_rel.a(release-CDCLineCoding.o)
                0x0040309c                CDCLineCoding_Initialize
 *fill*         0x004030aa        0x2 00
 .text.NVIC_SetPriority
                0x004030ac       0x28 libchip/lib/libchip_sam3s4_rel.a(release-pio_it.o)
 .text.PioInterruptHandler
                0x004030d4       0x6c libchip/lib/libchip_sam3s4_rel.a(release-pio_it.o)
                0x004030d4                PioInterruptHandler
 .text.PIOA_IrqHandler
                0x00403140       0x24 libchip/lib/libchip_sam3s4_rel.a(release-pio_it.o)
                0x00403140                PIOA_IrqHandler
 .text.PIOB_IrqHandler
                0x00403164       0x14 libchip/lib/libchip_sam3s4_rel.a(release-pio_it.o)
                0x00403164                PIOB_IrqHandler
 .text.PIOC_IrqHandler
                0x00403178       0x14 libchip/lib/libchip_sam3s4_rel.a(release-pio_it.o)
                0x00403178                PIOC_IrqHandler
 .text.PIO_InitializeInterrupts
                0x0040318c       0x98 libchip/lib/libchip_sam3s4_rel.a(release-pio_it.o)
                0x0040318c                PIO_InitializeInterrupts
 .text.PIO_ConfigureIt
                0x00403224       0x84 libchip/lib/libchip_sam3s4_rel.a(release-pio_it.o)
                0x00403224                PIO_ConfigureIt
 .text.PIO_EnableIt
                0x004032a8       0x70 libchip/lib/libchip_sam3s4_rel.a(release-pio_it.o)
                0x004032a8                PIO_EnableIt
 .text.IrqHandlerNotUsed
                0x00403318        0x2 libchip/lib/libchip_sam3s4_rel.a(release-exceptions.o)
                0x00403318                IrqHandlerNotUsed
 .text.NMI_Handler
                0x0040331a        0x2 libchip/lib/libchip_sam3s4_rel.a(release-exceptions.o)
                0x0040331a                NMI_Handler
 .text.HardFault_Handler
                0x0040331c        0x2 libchip/lib/libchip_sam3s4_rel.a(release-exceptions.o)
                0x0040331c                HardFault_Handler
 .text.MemManage_Handler
                0x0040331e        0x2 libchip/lib/libchip_sam3s4_rel.a(release-exceptions.o)
                0x0040331e                MemManage_Handler
 .text.BusFault_Handler
                0x00403320        0x2 libchip/lib/libchip_sam3s4_rel.a(release-exceptions.o)
                0x00403320                BusFault_Handler
 .text.UsageFault_Handler
                0x00403322        0x2 libchip/lib/libchip_sam3s4_rel.a(release-exceptions.o)
                0x00403322                UsageFault_Handler
 .text.SVC_Handler
                0x00403324        0x2 libchip/lib/libchip_sam3s4_rel.a(release-exceptions.o)
                0x00403324                SVC_Handler
 .text.DebugMon_Handler
                0x00403326        0x2 libchip/lib/libchip_sam3s4_rel.a(release-exceptions.o)
                0x00403326                DebugMon_Handler
 .text.PendSV_Handler
                0x00403328        0x2 libchip/lib/libchip_sam3s4_rel.a(release-exceptions.o)
                0x00403328                PendSV_Handler
 .text.SUPC_IrqHandler
                0x0040332a        0x2 libchip/lib/libchip_sam3s4_rel.a(release-exceptions.o)
                0x0040332a                SUPC_IrqHandler
 .text.RSTC_IrqHandler
                0x0040332c        0x2 libchip/lib/libchip_sam3s4_rel.a(release-exceptions.o)
                0x0040332c                RSTC_IrqHandler
 .text.RTC_IrqHandler
                0x0040332e        0x2 libchip/lib/libchip_sam3s4_rel.a(release-exceptions.o)
                0x0040332e                RTC_IrqHandler
 .text.RTT_IrqHandler
                0x00403330        0x2 libchip/lib/libchip_sam3s4_rel.a(release-exceptions.o)
                0x00403330                RTT_IrqHandler
 .text.WDT_IrqHandler
                0x00403332        0x2 libchip/lib/libchip_sam3s4_rel.a(release-exceptions.o)
                0x00403332                WDT_IrqHandler
 .text.PMC_IrqHandler
                0x00403334        0x2 libchip/lib/libchip_sam3s4_rel.a(release-exceptions.o)
                0x00403334                PMC_IrqHandler
 .text.EEFC_IrqHandler
                0x00403336        0x2 libchip/lib/libchip_sam3s4_rel.a(release-exceptions.o)
                0x00403336                EEFC_IrqHandler
 .text.UART0_IrqHandler
                0x00403338        0x2 libchip/lib/libchip_sam3s4_rel.a(release-exceptions.o)
                0x00403338                UART0_IrqHandler
 .text.UART1_IrqHandler
                0x0040333a        0x2 libchip/lib/libchip_sam3s4_rel.a(release-exceptions.o)
                0x0040333a                UART1_IrqHandler
 .text.SMC_IrqHandler
                0x0040333c        0x2 libchip/lib/libchip_sam3s4_rel.a(release-exceptions.o)
                0x0040333c                SMC_IrqHandler
 .text.USART0_IrqHandler
                0x0040333e        0x2 libchip/lib/libchip_sam3s4_rel.a(release-exceptions.o)
                0x0040333e                USART0_IrqHandler
 .text.USART1_IrqHandler
                0x00403340        0x2 libchip/lib/libchip_sam3s4_rel.a(release-exceptions.o)
                0x00403340                USART1_IrqHandler
 .text.MCI_IrqHandler
                0x00403342        0x2 libchip/lib/libchip_sam3s4_rel.a(release-exceptions.o)
                0x00403342                MCI_IrqHandler
 .text.TWI0_IrqHandler
                0x00403344        0x2 libchip/lib/libchip_sam3s4_rel.a(release-exceptions.o)
                0x00403344                TWI0_IrqHandler
 .text.TWI1_IrqHandler
                0x00403346        0x2 libchip/lib/libchip_sam3s4_rel.a(release-exceptions.o)
                0x00403346                TWI1_IrqHandler
 .text.SPI_IrqHandler
                0x00403348        0x2 libchip/lib/libchip_sam3s4_rel.a(release-exceptions.o)
                0x00403348                SPI_IrqHandler
 .text.SSC_IrqHandler
                0x0040334a        0x2 libchip/lib/libchip_sam3s4_rel.a(release-exceptions.o)
                0x0040334a                SSC_IrqHandler
 .text.TC2_IrqHandler
                0x0040334c        0x2 libchip/lib/libchip_sam3s4_rel.a(release-exceptions.o)
                0x0040334c                TC2_IrqHandler
 .text.TC3_IrqHandler
                0x0040334e        0x2 libchip/lib/libchip_sam3s4_rel.a(release-exceptions.o)
                0x0040334e                TC3_IrqHandler
 .text.TC4_IrqHandler
                0x00403350        0x2 libchip/lib/libchip_sam3s4_rel.a(release-exceptions.o)
                0x00403350                TC4_IrqHandler
 .text.TC5_IrqHandler
                0x00403352        0x2 libchip/lib/libchip_sam3s4_rel.a(release-exceptions.o)
                0x00403352                TC5_IrqHandler
 .text.ADC_IrqHandler
                0x00403354        0x2 libchip/lib/libchip_sam3s4_rel.a(release-exceptions.o)
                0x00403354                ADC_IrqHandler
 .text.DAC_IrqHandler
                0x00403356        0x2 libchip/lib/libchip_sam3s4_rel.a(release-exceptions.o)
                0x00403356                DAC_IrqHandler
 .text.PWM_IrqHandler
                0x00403358        0x2 libchip/lib/libchip_sam3s4_rel.a(release-exceptions.o)
                0x00403358                PWM_IrqHandler
 .text.CRCCU_IrqHandler
                0x0040335a        0x2 libchip/lib/libchip_sam3s4_rel.a(release-exceptions.o)
                0x0040335a                CRCCU_IrqHandler
 .text.ACC_IrqHandler
                0x0040335c        0x2 libchip/lib/libchip_sam3s4_rel.a(release-exceptions.o)
                0x0040335c                ACC_IrqHandler
 *fill*         0x0040335e        0x2 00
 .text.PIO_Configure
                0x00403360      0x14c libchip/lib/libchip_sam3s4_rel.a(release-pio.o)
                0x00403360                PIO_Configure
 .text.PIO_Get  0x004034ac       0x1c libchip/lib/libchip_sam3s4_rel.a(release-pio.o)
                0x004034ac                PIO_Get
 .text.PMC_EnablePeripheral
                0x004034c8       0x5c libchip/lib/libchip_sam3s4_rel.a(release-pmc.o)
                0x004034c8                PMC_EnablePeripheral
 .text.PMC_DisablePeripheral
                0x00403524       0x58 libchip/lib/libchip_sam3s4_rel.a(release-pmc.o)
                0x00403524                PMC_DisablePeripheral
 .text.PMC_IsPeriphEnabled
                0x0040357c       0x4c libchip/lib/libchip_sam3s4_rel.a(release-pmc.o)
                0x0040357c                PMC_IsPeriphEnabled
 .text.TC_Configure
                0x004035c8       0x38 libchip/lib/libchip_sam3s4_rel.a(release-tc.o)
                0x004035c8                TC_Configure
 .text.TC_Start
                0x00403600       0x2c libchip/lib/libchip_sam3s4_rel.a(release-tc.o)
                0x00403600                TC_Start
 .text.TC_Stop  0x0040362c       0x2c libchip/lib/libchip_sam3s4_rel.a(release-tc.o)
                0x0040362c                TC_Stop
 .text.TC_FindMckDivisor
                0x00403658       0x70 libchip/lib/libchip_sam3s4_rel.a(release-tc.o)
                0x00403658                TC_FindMckDivisor
 .text.PIO_CaptureHandler
                0x004036c8       0x60 libchip/lib/libchip_sam3s4_rel.a(release-pio_capture.o)
                0x004036c8                PIO_CaptureHandler
 .text          0x00403728       0x54 /usr/local/Sourcery/bin/../lib/gcc/arm-none-eabi/4.6.1/../../../../arm-none-eabi/lib/thumb2/libc.a(lib_a-assert.o)
                0x00403728                __assert_func
                0x00403770                __assert
 .text          0x0040377c       0x4c /usr/local/Sourcery/bin/../lib/gcc/arm-none-eabi/4.6.1/../../../../arm-none-eabi/lib/thumb2/libc.a(lib_a-fiprintf.o)
                0x0040377c                _fiprintf_r
                0x0040379c                fiprintf
 .text          0x004037c8       0x6c /usr/local/Sourcery/bin/../lib/gcc/arm-none-eabi/4.6.1/../../../../arm-none-eabi/lib/thumb2/libc.a(lib_a-gets.o)
                0x004037c8                _gets_r
                0x00403824                gets
 .text          0x00403834       0x64 /usr/local/Sourcery/bin/../lib/gcc/arm-none-eabi/4.6.1/../../../../arm-none-eabi/lib/thumb2/libc.a(lib_a-iprintf.o)
                0x00403834                iprintf
                0x0040386c                _iprintf_r
 .text          0x00403898       0xf0 /usr/local/Sourcery/bin/../lib/gcc/arm-none-eabi/4.6.1/../../../../arm-none-eabi/lib/thumb2/libc.a(lib_a-memcpy.o)
                0x00403898                memcpy
 .text          0x00403988       0xbc /usr/local/Sourcery/bin/../lib/gcc/arm-none-eabi/4.6.1/../../../../arm-none-eabi/lib/thumb2/libc.a(lib_a-memmove.o)
                0x00403988                memmove
 .text          0x00403a44       0x84 /usr/local/Sourcery/bin/../lib/gcc/arm-none-eabi/4.6.1/../../../../arm-none-eabi/lib/thumb2/libc.a(lib_a-puts.o)
                0x00403a44                _puts_r
                0x00403ab8                puts
 .text          0x00403ac8       0x70 /usr/local/Sourcery/bin/../lib/gcc/arm-none-eabi/4.6.1/../../../../arm-none-eabi/lib/thumb2/libc.a(lib_a-rget.o)
                0x00403ac8                __srget_r
                0x00403b28                __srget
 .text          0x00403b38       0x10 /usr/local/Sourcery/bin/../lib/gcc/arm-none-eabi/4.6.1/../../../../arm-none-eabi/lib/thumb2/libc.a(lib_a-setbuf.o)
                0x00403b38                setbuf
 .text          0x00403b48      0x15c /usr/local/Sourcery/bin/../lib/gcc/arm-none-eabi/4.6.1/../../../../arm-none-eabi/lib/thumb2/libc.a(lib_a-setvbuf.o)
                0x00403b48                setvbuf
 .text          0x00403ca4       0xb4 /usr/local/Sourcery/bin/../lib/gcc/arm-none-eabi/4.6.1/../../../../arm-none-eabi/lib/thumb2/libc.a(lib_a-siscanf.o)
                0x00403ca4                siscanf
                0x00403d00                _siscanf_r
 .text          0x00403d58       0x8c /usr/local/Sourcery/bin/../lib/gcc/arm-none-eabi/4.6.1/../../../../arm-none-eabi/lib/thumb2/libc.a(lib_a-stdio.o)
                0x00403d58                __sread
                0x00403d7c                __seofread
                0x00403d80                __swrite
                0x00403db8                __sseek
                0x00403ddc                __sclose
 .text          0x00403de4      0x1dc /usr/local/Sourcery/bin/../lib/gcc/arm-none-eabi/4.6.1/../../../../arm-none-eabi/lib/thumb2/libc.a(lib_a-strcmp.o)
                0x00403de4                strcmp
 .text          0x00403fc0       0x60 /usr/local/Sourcery/bin/../lib/gcc/arm-none-eabi/4.6.1/../../../../arm-none-eabi/lib/thumb2/libc.a(lib_a-strlen.o)
                0x00403fc0                strlen
 .text          0x00404020      0xb5c /usr/local/Sourcery/bin/../lib/gcc/arm-none-eabi/4.6.1/../../../../arm-none-eabi/lib/thumb2/libc.a(lib_a-svfiscanf.o)
                0x00404020                _sungetc_r
                0x004040a4                __ssrefill_r
                0x004040e0                _sfread_r
                0x00404158                __ssvfiscanf_r
 .text          0x00404b7c      0x19c /usr/local/Sourcery/bin/../lib/gcc/arm-none-eabi/4.6.1/../../../../arm-none-eabi/lib/thumb2/libc.a(lib_a-ungetc.o)
                0x00404b7c                __submore
                0x00404c00                _ungetc_r
                0x00404d04                ungetc
 .text          0x00404d18      0xd18 /usr/local/Sourcery/bin/../lib/gcc/arm-none-eabi/4.6.1/../../../../arm-none-eabi/lib/thumb2/libc.a(lib_a-vfiprintf.o)
                0x00404d18                __sprint_r
                0x00404d98                _vfiprintf_r
                0x00405a14                vfiprintf
 .text          0x00405a30       0x2c /usr/local/Sourcery/bin/../lib/gcc/arm-none-eabi/4.6.1/../../../../arm-none-eabi/lib/thumb2/libc.a(lib_a-writer.o)
                0x00405a30                _write_r
 .text          0x00405a5c       0xf8 /usr/local/Sourcery/bin/../lib/gcc/arm-none-eabi/4.6.1/../../../../arm-none-eabi/lib/thumb2/libc.a(lib_a-wsetup.o)
                0x00405a5c                __swsetup_r
 .text          0x00405b54       0x10 /usr/local/Sourcery/bin/../lib/gcc/arm-none-eabi/4.6.1/../../../../arm-none-eabi/lib/thumb2/libc.a(lib_a-abort.o)
                0x00405b54                abort
 .text          0x00405b64       0x28 /usr/local/Sourcery/bin/../lib/gcc/arm-none-eabi/4.6.1/../../../../arm-none-eabi/lib/thumb2/libc.a(lib_a-closer.o)
                0x00405b64                _close_r
 .text          0x00405b8c      0x1e0 /usr/local/Sourcery/bin/../lib/gcc/arm-none-eabi/4.6.1/../../../../arm-none-eabi/lib/thumb2/libc.a(lib_a-fflush.o)
                0x00405b8c                _fflush_r
                0x00405d44                fflush
 .text          0x00405d6c      0x1dc /usr/local/Sourcery/bin/../lib/gcc/arm-none-eabi/4.6.1/../../../../arm-none-eabi/lib/thumb2/libc.a(lib_a-findfp.o)
                0x00405d74                _cleanup_r
                0x00405dd0                __sfmoreglue
                0x00405e00                _cleanup
                0x00405e10                __sinit
                0x00405e6c                __sfp
                0x00405f08                __sfp_lock_acquire
                0x00405f0c                __sfp_lock_release
                0x00405f10                __sinit_lock_acquire
                0x00405f14                __sinit_lock_release
                0x00405f18                __fp_lock_all
                0x00405f30                __fp_unlock_all
 .text          0x00405f48      0x13c /usr/local/Sourcery/bin/../lib/gcc/arm-none-eabi/4.6.1/../../../../arm-none-eabi/lib/thumb2/libc.a(lib_a-fputwc.o)
                0x00405f48                _fputwc_r
                0x0040602c                fputwc
 .text          0x00406084      0x234 /usr/local/Sourcery/bin/../lib/gcc/arm-none-eabi/4.6.1/../../../../arm-none-eabi/lib/thumb2/libc.a(lib_a-freer.o)
                0x00406084                _malloc_trim_r
                0x00406128                _free_r
 .text          0x004062b8      0x32c /usr/local/Sourcery/bin/../lib/gcc/arm-none-eabi/4.6.1/../../../../arm-none-eabi/lib/thumb2/libc.a(lib_a-fvwrite.o)
                0x004062b8                __sfvwrite_r
 .text          0x004065e4       0xa0 /usr/local/Sourcery/bin/../lib/gcc/arm-none-eabi/4.6.1/../../../../arm-none-eabi/lib/thumb2/libc.a(lib_a-fwalk.o)
                0x004065e4                _fwalk
                0x00406630                _fwalk_reent
 .text          0x00406684       0x1c /usr/local/Sourcery/bin/../lib/gcc/arm-none-eabi/4.6.1/../../../../arm-none-eabi/lib/thumb2/libc.a(lib_a-iswspace.o)
                0x00406684                iswspace
 .text          0x004066a0       0xa4 /usr/local/Sourcery/bin/../lib/gcc/arm-none-eabi/4.6.1/../../../../arm-none-eabi/lib/thumb2/libc.a(lib_a-locale.o)
                0x004066a0                _setlocale_r
                0x004066fc                __locale_charset
                0x00406708                __locale_mb_cur_max
                0x00406714                __locale_msgcharset
                0x0040671c                __locale_cjk_lang
                0x00406720                _localeconv_r
                0x00406728                setlocale
                0x0040673c                localeconv
 .text          0x00406744       0x2c /usr/local/Sourcery/bin/../lib/gcc/arm-none-eabi/4.6.1/../../../../arm-none-eabi/lib/thumb2/libc.a(lib_a-lseekr.o)
                0x00406744                _lseek_r
 .text          0x00406770       0xe8 /usr/local/Sourcery/bin/../lib/gcc/arm-none-eabi/4.6.1/../../../../arm-none-eabi/lib/thumb2/libc.a(lib_a-makebuf.o)
                0x00406770                __smakebuf_r
 .text          0x00406858       0x20 /usr/local/Sourcery/bin/../lib/gcc/arm-none-eabi/4.6.1/../../../../arm-none-eabi/lib/thumb2/libc.a(lib_a-malloc.o)
                0x00406858                malloc
                0x00406868                free
 .text          0x00406878      0x57c /usr/local/Sourcery/bin/../lib/gcc/arm-none-eabi/4.6.1/../../../../arm-none-eabi/lib/thumb2/libc.a(lib_a-mallocr.o)
                0x00406878                _malloc_r
 .text          0x00406df4       0xc8 /usr/local/Sourcery/bin/../lib/gcc/arm-none-eabi/4.6.1/../../../../arm-none-eabi/lib/thumb2/libc.a(lib_a-mbrtowc.o)
                0x00406df4                _mbrtowc_r
                0x00406e50                mbrtowc
 .text          0x00406ebc       0x58 /usr/local/Sourcery/bin/../lib/gcc/arm-none-eabi/4.6.1/../../../../arm-none-eabi/lib/thumb2/libc.a(lib_a-mbtowc_r.o)
                0x00406ebc                __ascii_mbtowc
                0x00406ee0                _mbtowc_r
 .text          0x00406f14       0x88 /usr/local/Sourcery/bin/../lib/gcc/arm-none-eabi/4.6.1/../../../../arm-none-eabi/lib/thumb2/libc.a(lib_a-memchr.o)
                0x00406f14                memchr
 .text          0x00406f9c       0x8c /usr/local/Sourcery/bin/../lib/gcc/arm-none-eabi/4.6.1/../../../../arm-none-eabi/lib/thumb2/libc.a(lib_a-memset.o)
                0x00406f9c                memset
 .text          0x00407028        0x8 /usr/local/Sourcery/bin/../lib/gcc/arm-none-eabi/4.6.1/../../../../arm-none-eabi/lib/thumb2/libc.a(lib_a-mlock.o)
                0x00407028                __malloc_lock
                0x0040702c                __malloc_unlock
 .text          0x00407030       0x2c /usr/local/Sourcery/bin/../lib/gcc/arm-none-eabi/4.6.1/../../../../arm-none-eabi/lib/thumb2/libc.a(lib_a-readr.o)
                0x00407030                _read_r
 .text          0x0040705c      0x3d8 /usr/local/Sourcery/bin/../lib/gcc/arm-none-eabi/4.6.1/../../../../arm-none-eabi/lib/thumb2/libc.a(lib_a-reallocr.o)
                0x0040705c                _realloc_r
 .text          0x00407434      0x144 /usr/local/Sourcery/bin/../lib/gcc/arm-none-eabi/4.6.1/../../../../arm-none-eabi/lib/thumb2/libc.a(lib_a-refill.o)
                0x00407448                __srefill_r
 .text          0x00407578       0x28 /usr/local/Sourcery/bin/../lib/gcc/arm-none-eabi/4.6.1/../../../../arm-none-eabi/lib/thumb2/libc.a(lib_a-sbrkr.o)
                0x00407578                _sbrk_r
 .text          0x004075a0       0x78 /usr/local/Sourcery/bin/../lib/gcc/arm-none-eabi/4.6.1/../../../../arm-none-eabi/lib/thumb2/libc.a(lib_a-sccl.o)
                0x004075a0                __sccl
 .text          0x00407618      0x150 /usr/local/Sourcery/bin/../lib/gcc/arm-none-eabi/4.6.1/../../../../arm-none-eabi/lib/thumb2/libc.a(lib_a-signal.o)
                0x00407618                _init_signal_r
                0x00407648                _signal_r
                0x00407684                _raise_r
                0x004076d8                __sigtramp_r
                0x00407724                raise
                0x00407734                signal
                0x00407748                _init_signal
                0x00407758                __sigtramp
 .text          0x00407768       0x2c /usr/local/Sourcery/bin/../lib/gcc/arm-none-eabi/4.6.1/../../../../arm-none-eabi/lib/thumb2/libc.a(lib_a-signalr.o)
                0x00407768                _kill_r
                0x00407790                _getpid_r
 .text          0x00407794      0x17c /usr/local/Sourcery/bin/../lib/gcc/arm-none-eabi/4.6.1/../../../../arm-none-eabi/lib/thumb2/libc.a(lib_a-strtol.o)
                0x00407794                _strtol_r
                0x004078f4                strtol
 .text          0x00407910      0x1f4 /usr/local/Sourcery/bin/../lib/gcc/arm-none-eabi/4.6.1/../../../../arm-none-eabi/lib/thumb2/libc.a(lib_a-strtoll_r.o)
                0x00407910                _strtoll_r
 .text          0x00407b04      0x180 /usr/local/Sourcery/bin/../lib/gcc/arm-none-eabi/4.6.1/../../../../arm-none-eabi/lib/thumb2/libc.a(lib_a-strtoul.o)
                0x00407b04                _strtoul_r
                0x00407c68                strtoul
 *fill*         0x00407c84        0x4 00
 .text          0x00407c88      0x1e0 /usr/local/Sourcery/bin/../lib/gcc/arm-none-eabi/4.6.1/../../../../arm-none-eabi/lib/thumb2/libc.a(lib_a-strtoull_r.o)
                0x00407c88                _strtoull_r
 .text          0x00407e68       0xfc /usr/local/Sourcery/bin/../lib/gcc/arm-none-eabi/4.6.1/../../../../arm-none-eabi/lib/thumb2/libc.a(lib_a-wbuf.o)
                0x00407e68                __swbuf_r
                0x00407f50                __swbuf
 .text          0x00407f64       0xb0 /usr/local/Sourcery/bin/../lib/gcc/arm-none-eabi/4.6.1/../../../../arm-none-eabi/lib/thumb2/libc.a(lib_a-wcrtomb.o)
                0x00407f64                _wcrtomb_r
                0x00407fb4                wcrtomb
 .text          0x00408014       0x4c /usr/local/Sourcery/bin/../lib/gcc/arm-none-eabi/4.6.1/../../../../arm-none-eabi/lib/thumb2/libc.a(lib_a-wctomb_r.o)
                0x00408014                __ascii_wctomb
                0x00408030                _wctomb_r
 .text          0x00408060       0xc4 /usr/local/Sourcery/bin/../lib/gcc/arm-none-eabi/4.6.1/../../../../arm-none-eabi/lib/thumb2/libc.a(lib_a-fclose.o)
                0x00408060                _fclose_r
                0x00408114                fclose
 .text          0x00408124       0x28 /usr/local/Sourcery/bin/../lib/gcc/arm-none-eabi/4.6.1/../../../../arm-none-eabi/lib/thumb2/libc.a(lib_a-fstatr.o)
                0x00408124                _fstat_r
 .text          0x0040814c       0x28 /usr/local/Sourcery/bin/../lib/gcc/arm-none-eabi/4.6.1/../../../../arm-none-eabi/lib/thumb2/libc.a(lib_a-isattyr.o)
                0x0040814c                _isatty_r
 *fill*         0x00408174        0x4 00
 .text          0x00408178      0x278 /usr/local/Sourcery/bin/../lib/gcc/arm-none-eabi/4.6.1/thumb2/libgcc.a(_udivsi3.o)
                0x00408178                __udivsi3
                0x00408178                __aeabi_uidiv
                0x004083d4                __aeabi_uidivmod
 .text          0x004083f0        0x4 /usr/local/Sourcery/bin/../lib/gcc/arm-none-eabi/4.6.1/thumb2/libgcc.a(_dvmd_tls.o)
                0x004083f0                __aeabi_ldiv0
                0x004083f0                __aeabi_idiv0
 .text          0x004083f4       0x2c /usr/local/Sourcery/bin/../lib/gcc/arm-none-eabi/4.6.1/thumb2/libgcc.a(_aeabi_uldivmod.o)
                0x004083f4                __aeabi_uldivmod
 .text          0x00408420       0x5c /usr/local/Sourcery/bin/../lib/gcc/arm-none-eabi/4.6.1/thumb2/libgcc.a(bpabi.o)
                0x00408420                __gnu_ldivmod_helper
                0x00408450                __gnu_uldivmod_helper
 .text          0x0040847c      0x364 /usr/local/Sourcery/bin/../lib/gcc/arm-none-eabi/4.6.1/thumb2/libgcc.a(_divdi3.o)
                0x0040847c                __divdi3
 .text          0x004087e0      0x334 /usr/local/Sourcery/bin/../lib/gcc/arm-none-eabi/4.6.1/thumb2/libgcc.a(_udivdi3.o)
                0x004087e0                __udivdi3
 *(.glue_7t)
 .glue_7t       0x00000000        0x0 linker stubs
 *(.glue_7)
 .glue_7        0x00000000        0x0 linker stubs
 *(.rodata .rodata* .gnu.linkonce.r.*)
 .rodata        0x00408b14       0x1c build/obj/syscalls.o
 .rodata        0x00408b30        0xc build/obj/uart_console.o
 .rodata        0x00408b3c      0x124 build/obj/usb_console.o
 .rodata        0x00408c60       0x54 build/obj/led.o
 .rodata        0x00408cb4       0xa0 build/obj/usb_device_descriptor.o
                0x00408cb4                deviceDescriptor
                0x00408cc8                configurationDescriptorsFS
                0x00408d0c                languageIdStringDescriptor
                0x00408d10                productStringDescriptor
                0x00408d2c                cdcdSerialDriverDescriptors
 .rodata        0x00408d54       0xb0 build/obj/main.o
 .rodata.str1.1
                0x00408e04       0x69 libusb/lib/libusb_sam3s_rel.a(release-USBD_HAL.o)
                                 0x6b (size before relaxing)
 .rodata.str1.1
                0x00408e6d       0x30 libusb/lib/libusb_sam3s_rel.a(release-USBD.o)
 .rodata.str1.1
                0x00408e9d       0xef libusb/lib/libusb_sam3s_rel.a(release-USBDDriver.o)
 .rodata        0x00408f8c       0x3f libchip/lib/libchip_sam3s4_rel.a(release-pio_it.o)
 .rodata.str1.1
                0x00408fcb       0x67 libchip/lib/libchip_sam3s4_rel.a(release-pio_it.o)
 .rodata        0x00409032       0x3f libchip/lib/libchip_sam3s4_rel.a(release-pmc.o)
 .rodata.str1.1
                0x00409071       0x17 libchip/lib/libchip_sam3s4_rel.a(release-pmc.o)
 .rodata        0x00409088       0x1e libchip/lib/libchip_sam3s4_rel.a(release-tc.o)
 .rodata.str1.1
                0x004090a6       0x51 libchip/lib/libchip_sam3s4_rel.a(release-tc.o)
 *fill*         0x004090f7        0x1 00
 .rodata.str1.4
                0x004090f8       0x3f /usr/local/Sourcery/bin/../lib/gcc/arm-none-eabi/4.6.1/../../../../arm-none-eabi/lib/thumb2/libc.a(lib_a-assert.o)
                                 0x44 (size before relaxing)
 *fill*         0x00409137        0x1 00
 .rodata        0x00409138        0x4 /usr/local/Sourcery/bin/../lib/gcc/arm-none-eabi/4.6.1/../../../../arm-none-eabi/lib/thumb2/libc.a(lib_a-impure.o)
                0x00409138                _global_impure_ptr
 .rodata.str1.4
                0x0040913c        0x2 /usr/local/Sourcery/bin/../lib/gcc/arm-none-eabi/4.6.1/../../../../arm-none-eabi/lib/thumb2/libc.a(lib_a-impure.o)
                                  0x4 (size before relaxing)
 *fill*         0x0040913e        0x2 00
 .rodata.str1.4
                0x00409140        0x2 /usr/local/Sourcery/bin/../lib/gcc/arm-none-eabi/4.6.1/../../../../arm-none-eabi/lib/thumb2/libc.a(lib_a-puts.o)
                                  0x4 (size before relaxing)
 *fill*         0x00409142        0x2 00
 .rodata        0x00409144       0x24 /usr/local/Sourcery/bin/../lib/gcc/arm-none-eabi/4.6.1/../../../../arm-none-eabi/lib/thumb2/libc.a(lib_a-svfiscanf.o)
 .rodata        0x00409168       0x20 /usr/local/Sourcery/bin/../lib/gcc/arm-none-eabi/4.6.1/../../../../arm-none-eabi/lib/thumb2/libc.a(lib_a-vfiprintf.o)
 .rodata.str1.4
                0x00409188       0x2f /usr/local/Sourcery/bin/../lib/gcc/arm-none-eabi/4.6.1/../../../../arm-none-eabi/lib/thumb2/libc.a(lib_a-vfiprintf.o)
                                 0x30 (size before relaxing)
 *fill*         0x004091b7        0x1 00
 .rodata        0x004091b8      0x104 /usr/local/Sourcery/bin/../lib/gcc/arm-none-eabi/4.6.1/../../../../arm-none-eabi/lib/thumb2/libc.a(lib_a-ctype_.o)
                0x004091b8                _ctype_
 .rodata        0x004092bc       0x60 /usr/local/Sourcery/bin/../lib/gcc/arm-none-eabi/4.6.1/../../../../arm-none-eabi/lib/thumb2/libc.a(lib_a-findfp.o)
                0x004092bc                __sf_fake_stderr
                0x004092dc                __sf_fake_stdout
                0x004092fc                __sf_fake_stdin
 .rodata.str1.4
                0x0040931c        0xc /usr/local/Sourcery/bin/../lib/gcc/arm-none-eabi/4.6.1/../../../../arm-none-eabi/lib/thumb2/libc.a(lib_a-locale.o)
                                 0x14 (size before relaxing)
 .rodata.str1.4
                0x00000000        0x4 /usr/local/Sourcery/bin/../lib/gcc/arm-none-eabi/4.6.1/../../../../arm-none-eabi/lib/thumb2/libc.a(lib_a-mbrtowc.o)
 *(.ARM.extab* .gnu.linkonce.armextab.*)
                0x00409328                . = ALIGN (0x4)
 *(.init)
 .init          0x00409328        0x4 /usr/local/Sourcery/bin/../lib/gcc/arm-none-eabi/4.6.1/thumb2/crti.o
                0x00409328                _init
 .init          0x0040932c        0x8 /usr/local/Sourcery/bin/../lib/gcc/arm-none-eabi/4.6.1/thumb2/crtn.o
                0x00409334                . = ALIGN (0x4)
                0x00409334                __preinit_array_start = .
 *(.preinit_array)
                0x00409334                __preinit_array_end = .
                0x00409334                . = ALIGN (0x4)
                0x00409334                __init_array_start = .
 *(SORT(.init_array.*))
 *(.init_array)
 .init_array    0x00409334        0x4 /usr/local/Sourcery/bin/../lib/gcc/arm-none-eabi/4.6.1/thumb2/crtbegin.o
                0x00409338                __init_array_end = .
                0x00409338                . = ALIGN (0x4)
 *crtbegin.o(.ctors)
 *(EXCLUDE_FILE(*crtend.o) .ctors)
 *(SORT(.ctors.*))
 *crtend.o(.ctors)
                0x00409338                . = ALIGN (0x4)
 *(.fini)
 .fini          0x00409338        0x4 /usr/local/Sourcery/bin/../lib/gcc/arm-none-eabi/4.6.1/thumb2/crti.o
                0x00409338                _fini
 .fini          0x0040933c        0x8 /usr/local/Sourcery/bin/../lib/gcc/arm-none-eabi/4.6.1/thumb2/crtn.o
                0x00409344                . = ALIGN (0x4)
                0x00409344                __fini_array_start = .
 *(.fini_array)
 .fini_array    0x00409344        0x4 /usr/local/Sourcery/bin/../lib/gcc/arm-none-eabi/4.6.1/thumb2/crtbegin.o
 *(SORT(.fini_array.*))
                0x00409348                __fini_array_end = .
 *crtbegin.o(.dtors)
 *(EXCLUDE_FILE(*crtend.o) .dtors)
 *(SORT(.dtors.*))
 *crtend.o(.dtors)
                0x00409348                . = ALIGN (0x4)
                0x00409348                _efixed = .
                0x00409348                PROVIDE (__exidx_start, .)

.vfp11_veneer   0x00409348        0x0
 .vfp11_veneer  0x00000000        0x0 linker stubs

.v4_bx          0x00409348        0x0
 .v4_bx         0x00000000        0x0 linker stubs

.iplt           0x00409348        0x0
 .iplt          0x00000000        0x0 /usr/local/Sourcery/bin/../lib/gcc/arm-none-eabi/4.6.1/thumb2/crtbegin.o

.ARM.exidx      0x00409348        0x8
 *(.ARM.exidx* .gnu.linkonce.armexidx.*)
 .ARM.exidx     0x00409348        0x8 /usr/local/Sourcery/bin/../lib/gcc/arm-none-eabi/4.6.1/thumb2/libgcc.a(_divdi3.o)
 .ARM.exidx     0x00409350        0x0 /usr/local/Sourcery/bin/../lib/gcc/arm-none-eabi/4.6.1/thumb2/libgcc.a(_udivdi3.o)
                                  0x8 (size before relaxing)
                0x00409350                PROVIDE (__exidx_end, .)

.eh_frame       0x00409350        0x0
 .eh_frame      0x00409350        0x0 /usr/local/Sourcery/bin/../lib/gcc/arm-none-eabi/4.6.1/thumb2/crtbegin.o

.rel.dyn        0x00409350        0x0
 .rel.iplt      0x00000000        0x0 /usr/local/Sourcery/bin/../lib/gcc/arm-none-eabi/4.6.1/thumb2/crtbegin.o

.jcr            0x00409350        0x0
 .jcr           0x00409350        0x0 /usr/local/Sourcery/bin/../lib/gcc/arm-none-eabi/4.6.1/thumb2/crtbegin.o

.igot.plt       0x00409350        0x0
 .igot.plt      0x00000000        0x0 /usr/local/Sourcery/bin/../lib/gcc/arm-none-eabi/4.6.1/thumb2/crtbegin.o
                0x00409350                . = ALIGN (0x4)
                0x00409350                _etext = .

.relocate       0x20000000      0x5a0 load address 0x00409350
                0x20000000                . = ALIGN (0x4)
                0x20000000                _srelocate = .
 *(.ramfunc .ramfunc.*)
 *(.data .data.*)
 .data          0x20000000        0x4 build/obj/system.o
                0x20000000                SystemCoreClock
 .data          0x20000004        0x4 build/obj/uart_console.o
 .data          0x20000008        0x4 build/obj/usb_console.o
 .data          0x2000000c        0x8 build/obj/usb_device_descriptor.o
                0x2000000c                stringDescriptors
 .data          0x20000014       0xf4 /usr/local/Sourcery/bin/../lib/gcc/arm-none-eabi/4.6.1/../../../../arm-none-eabi/lib/thumb2/libc.a(lib_a-impure.o)
                0x20000014                _impure_ptr
 .data          0x20000108        0x4 /usr/local/Sourcery/bin/../lib/gcc/arm-none-eabi/4.6.1/../../../../arm-none-eabi/lib/thumb2/libc.a(lib_a-ctype_.o)
                0x20000108                __ctype_ptr__
 .data          0x2000010c       0x7c /usr/local/Sourcery/bin/../lib/gcc/arm-none-eabi/4.6.1/../../../../arm-none-eabi/lib/thumb2/libc.a(lib_a-locale.o)
                0x2000012c                __mb_cur_max
 .data          0x20000188      0x410 /usr/local/Sourcery/bin/../lib/gcc/arm-none-eabi/4.6.1/../../../../arm-none-eabi/lib/thumb2/libc.a(lib_a-mallocr.o)
                0x20000188                __malloc_av_
                0x20000590                __malloc_sbrk_base
                0x20000594                __malloc_trim_threshold
 .data          0x20000598        0x4 /usr/local/Sourcery/bin/../lib/gcc/arm-none-eabi/4.6.1/../../../../arm-none-eabi/lib/thumb2/libc.a(lib_a-mbtowc_r.o)
                0x20000598                __mbtowc
 .data          0x2000059c        0x4 /usr/local/Sourcery/bin/../lib/gcc/arm-none-eabi/4.6.1/../../../../arm-none-eabi/lib/thumb2/libc.a(lib_a-wctomb_r.o)
                0x2000059c                __wctomb
                0x200005a0                . = ALIGN (0x4)
                0x200005a0                _erelocate = .

.bss            0x200005a0      0x328 load address 0x004098f0
                0x200005a0                . = ALIGN (0x4)
                0x200005a0                _sbss = .
                0x200005a0                _szero = .
 *(.bss .bss.*)
 .bss           0x200005a0       0x1c /usr/local/Sourcery/bin/../lib/gcc/arm-none-eabi/4.6.1/thumb2/crtbegin.o
 .bss           0x200005bc        0x4 build/obj/syscalls.o
 .bss           0x200005c0        0x1 build/obj/uart_console.o
 *fill*         0x200005c1        0x3 00
 .bss           0x200005c4      0x10c build/obj/usb_console.o
 .bss           0x200006d0        0xc build/obj/led.o
 .bss           0x200006dc        0x4 build/obj/timetick.o
 .bss           0x200006e0       0x58 build/obj/main.o
                0x200006e0                loops
 .bss           0x20000738       0xe0 libusb/lib/libusb_sam3s_rel.a(release-USBD_HAL.o)
 .bss           0x20000818        0x2 libusb/lib/libusb_sam3s_rel.a(release-USBD.o)
 *fill*         0x2000081a        0x2 00
 .bss           0x2000081c       0x10 libusb/lib/libusb_sam3s_rel.a(release-USBDDriver.o)
 .bss           0x2000082c       0x1c libusb/lib/libusb_sam3s_rel.a(release-CDCDSerial.o)
 .bss           0x20000848        0x7 libusb/lib/libusb_sam3s_rel.a(release-CDCDSerialPort.o)
 *fill*         0x2000084f        0x1 00
 .bss           0x20000850       0x3c libchip/lib/libchip_sam3s4_rel.a(release-pio_it.o)
 .bss           0x2000088c        0x4 libchip/lib/libchip_sam3s4_rel.a(release-pio_capture.o)
 .bss           0x20000890       0x34 /usr/local/Sourcery/bin/../lib/gcc/arm-none-eabi/4.6.1/../../../../arm-none-eabi/lib/thumb2/libc.a(lib_a-mallocr.o)
                0x20000890                __malloc_top_pad
                0x20000894                __malloc_current_mallinfo
                0x200008bc                __malloc_max_sbrked_mem
                0x200008c0                __malloc_max_total_mem
 *(COMMON)
 COMMON         0x200008c4        0x4 /usr/local/Sourcery/bin/../lib/gcc/arm-none-eabi/4.6.1/../../../../arm-none-eabi/lib/thumb2/libc.a(lib_a-reent.o)
                0x200008c4                errno
                0x200008c8                . = ALIGN (0x4)
                0x200008c8                _ebss = .
                0x200008c8                _ezero = .

.stack          0x200008c8     0x1000 load address 0x00409c18
                0x200008c8                . = ALIGN (0x8)
 *(.stack .stack.*)
 .stack         0x200008c8     0x1000 build/obj/startup.o
                0x200008c8                pdwStack
                0x200018c8                . = ALIGN (0x4)
                0x200018c8                _end = .
OUTPUT(build/bin/project.elf elf32-littlearm)

.ARM.attributes
                0x00000000       0x29
 .ARM.attributes
                0x00000000       0x1b /usr/local/Sourcery/bin/../lib/gcc/arm-none-eabi/4.6.1/thumb2/crti.o
 .ARM.attributes
                0x0000001b       0x2b /usr/local/Sourcery/bin/../lib/gcc/arm-none-eabi/4.6.1/thumb2/crtbegin.o
 .ARM.attributes
                0x00000046       0x33 build/obj/syscalls.o
 .ARM.attributes
                0x00000079       0x33 build/obj/system.o
 .ARM.attributes
                0x000000ac       0x33 build/obj/uart_console.o
 .ARM.attributes
                0x000000df       0x33 build/obj/usb_console.o
 .ARM.attributes
                0x00000112       0x33 build/obj/led.o
 .ARM.attributes
                0x00000145       0x33 build/obj/timetick.o
 .ARM.attributes
                0x00000178       0x33 build/obj/startup.o
 .ARM.attributes
                0x000001ab       0x33 build/obj/usb_device_descriptor.o
 .ARM.attributes
                0x000001de       0x33 build/obj/main.o
 .ARM.attributes
                0x00000211       0x33 libusb/lib/libusb_sam3s_rel.a(release-USBD_HAL.o)
 .ARM.attributes
                0x00000244       0x33 libusb/lib/libusb_sam3s_rel.a(release-USBDescriptors.o)
 .ARM.attributes
                0x00000277       0x33 libusb/lib/libusb_sam3s_rel.a(release-USBD.o)
 .ARM.attributes
                0x000002aa       0x33 libusb/lib/libusb_sam3s_rel.a(release-USBDCallbacks.o)
 .ARM.attributes
                0x000002dd       0x33 libusb/lib/libusb_sam3s_rel.a(release-USBDDriver.o)
 .ARM.attributes
                0x00000310       0x33 libusb/lib/libusb_sam3s_rel.a(release-CDCDSerial.o)
 .ARM.attributes
                0x00000343       0x33 libusb/lib/libusb_sam3s_rel.a(release-USBDDriverCallbacks.o)
 .ARM.attributes
                0x00000376       0x33 libusb/lib/libusb_sam3s_rel.a(release-CDCDSerialDriver.o)
 .ARM.attributes
                0x000003a9       0x33 libusb/lib/libusb_sam3s_rel.a(release-USBRequests.o)
 .ARM.attributes
                0x000003dc       0x33 libusb/lib/libusb_sam3s_rel.a(release-CDCDSerialPort.o)
 .ARM.attributes
                0x0000040f       0x33 libusb/lib/libusb_sam3s_rel.a(release-CDCLineCoding.o)
 .ARM.attributes
                0x00000442       0x33 libchip/lib/libchip_sam3s4_rel.a(release-pio_it.o)
 .ARM.attributes
                0x00000475       0x33 libchip/lib/libchip_sam3s4_rel.a(release-exceptions.o)
 .ARM.attributes
                0x000004a8       0x33 libchip/lib/libchip_sam3s4_rel.a(release-pio.o)
 .ARM.attributes
                0x000004db       0x33 libchip/lib/libchip_sam3s4_rel.a(release-pmc.o)
 .ARM.attributes
                0x0000050e       0x33 libchip/lib/libchip_sam3s4_rel.a(release-tc.o)
 .ARM.attributes
                0x00000541       0x33 libchip/lib/libchip_sam3s4_rel.a(release-pio_capture.o)
 .ARM.attributes
                0x00000574       0x2b /usr/local/Sourcery/bin/../lib/gcc/arm-none-eabi/4.6.1/../../../../arm-none-eabi/lib/thumb2/libc.a(lib_a-assert.o)
 .ARM.attributes
                0x0000059f       0x2b /usr/local/Sourcery/bin/../lib/gcc/arm-none-eabi/4.6.1/../../../../arm-none-eabi/lib/thumb2/libc.a(lib_a-fiprintf.o)
 .ARM.attributes
                0x000005ca       0x2b /usr/local/Sourcery/bin/../lib/gcc/arm-none-eabi/4.6.1/../../../../arm-none-eabi/lib/thumb2/libc.a(lib_a-gets.o)
 .ARM.attributes
                0x000005f5       0x2b /usr/local/Sourcery/bin/../lib/gcc/arm-none-eabi/4.6.1/../../../../arm-none-eabi/lib/thumb2/libc.a(lib_a-impure.o)
 .ARM.attributes
                0x00000620       0x2b /usr/local/Sourcery/bin/../lib/gcc/arm-none-eabi/4.6.1/../../../../arm-none-eabi/lib/thumb2/libc.a(lib_a-iprintf.o)
 .ARM.attributes
                0x0000064b       0x2b /usr/local/Sourcery/bin/../lib/gcc/arm-none-eabi/4.6.1/../../../../arm-none-eabi/lib/thumb2/libc.a(lib_a-memcpy.o)
 .ARM.attributes
                0x00000676       0x2b /usr/local/Sourcery/bin/../lib/gcc/arm-none-eabi/4.6.1/../../../../arm-none-eabi/lib/thumb2/libc.a(lib_a-memmove.o)
 .ARM.attributes
                0x000006a1       0x2b /usr/local/Sourcery/bin/../lib/gcc/arm-none-eabi/4.6.1/../../../../arm-none-eabi/lib/thumb2/libc.a(lib_a-puts.o)
 .ARM.attributes
                0x000006cc       0x2b /usr/local/Sourcery/bin/../lib/gcc/arm-none-eabi/4.6.1/../../../../arm-none-eabi/lib/thumb2/libc.a(lib_a-reent.o)
 .ARM.attributes
                0x000006f7       0x2b /usr/local/Sourcery/bin/../lib/gcc/arm-none-eabi/4.6.1/../../../../arm-none-eabi/lib/thumb2/libc.a(lib_a-rget.o)
 .ARM.attributes
                0x00000722       0x2b /usr/local/Sourcery/bin/../lib/gcc/arm-none-eabi/4.6.1/../../../../arm-none-eabi/lib/thumb2/libc.a(lib_a-setbuf.o)
 .ARM.attributes
                0x0000074d       0x2b /usr/local/Sourcery/bin/../lib/gcc/arm-none-eabi/4.6.1/../../../../arm-none-eabi/lib/thumb2/libc.a(lib_a-setvbuf.o)
 .ARM.attributes
                0x00000778       0x2b /usr/local/Sourcery/bin/../lib/gcc/arm-none-eabi/4.6.1/../../../../arm-none-eabi/lib/thumb2/libc.a(lib_a-siscanf.o)
 .ARM.attributes
                0x000007a3       0x2b /usr/local/Sourcery/bin/../lib/gcc/arm-none-eabi/4.6.1/../../../../arm-none-eabi/lib/thumb2/libc.a(lib_a-stdio.o)
 .ARM.attributes
                0x000007ce       0x2b /usr/local/Sourcery/bin/../lib/gcc/arm-none-eabi/4.6.1/../../../../arm-none-eabi/lib/thumb2/libc.a(lib_a-strcmp.o)
 .ARM.attributes
                0x000007f9       0x2b /usr/local/Sourcery/bin/../lib/gcc/arm-none-eabi/4.6.1/../../../../arm-none-eabi/lib/thumb2/libc.a(lib_a-strlen.o)
 .ARM.attributes
                0x00000824       0x2b /usr/local/Sourcery/bin/../lib/gcc/arm-none-eabi/4.6.1/../../../../arm-none-eabi/lib/thumb2/libc.a(lib_a-svfiscanf.o)
 .ARM.attributes
                0x0000084f       0x2b /usr/local/Sourcery/bin/../lib/gcc/arm-none-eabi/4.6.1/../../../../arm-none-eabi/lib/thumb2/libc.a(lib_a-ungetc.o)
 .ARM.attributes
                0x0000087a       0x2b /usr/local/Sourcery/bin/../lib/gcc/arm-none-eabi/4.6.1/../../../../arm-none-eabi/lib/thumb2/libc.a(lib_a-vfiprintf.o)
 .ARM.attributes
                0x000008a5       0x2b /usr/local/Sourcery/bin/../lib/gcc/arm-none-eabi/4.6.1/../../../../arm-none-eabi/lib/thumb2/libc.a(lib_a-writer.o)
 .ARM.attributes
                0x000008d0       0x2b /usr/local/Sourcery/bin/../lib/gcc/arm-none-eabi/4.6.1/../../../../arm-none-eabi/lib/thumb2/libc.a(lib_a-wsetup.o)
 .ARM.attributes
                0x000008fb       0x2b /usr/local/Sourcery/bin/../lib/gcc/arm-none-eabi/4.6.1/../../../../arm-none-eabi/lib/thumb2/libc.a(lib_a-abort.o)
 .ARM.attributes
                0x00000926       0x2b /usr/local/Sourcery/bin/../lib/gcc/arm-none-eabi/4.6.1/../../../../arm-none-eabi/lib/thumb2/libc.a(lib_a-closer.o)
 .ARM.attributes
                0x00000951       0x2b /usr/local/Sourcery/bin/../lib/gcc/arm-none-eabi/4.6.1/../../../../arm-none-eabi/lib/thumb2/libc.a(lib_a-ctype_.o)
 .ARM.attributes
                0x0000097c       0x2b /usr/local/Sourcery/bin/../lib/gcc/arm-none-eabi/4.6.1/../../../../arm-none-eabi/lib/thumb2/libc.a(lib_a-fflush.o)
 .ARM.attributes
                0x000009a7       0x2b /usr/local/Sourcery/bin/../lib/gcc/arm-none-eabi/4.6.1/../../../../arm-none-eabi/lib/thumb2/libc.a(lib_a-findfp.o)
 .ARM.attributes
                0x000009d2       0x2b /usr/local/Sourcery/bin/../lib/gcc/arm-none-eabi/4.6.1/../../../../arm-none-eabi/lib/thumb2/libc.a(lib_a-fputwc.o)
 .ARM.attributes
                0x000009fd       0x2b /usr/local/Sourcery/bin/../lib/gcc/arm-none-eabi/4.6.1/../../../../arm-none-eabi/lib/thumb2/libc.a(lib_a-freer.o)
 .ARM.attributes
                0x00000a28       0x2b /usr/local/Sourcery/bin/../lib/gcc/arm-none-eabi/4.6.1/../../../../arm-none-eabi/lib/thumb2/libc.a(lib_a-fvwrite.o)
 .ARM.attributes
                0x00000a53       0x2b /usr/local/Sourcery/bin/../lib/gcc/arm-none-eabi/4.6.1/../../../../arm-none-eabi/lib/thumb2/libc.a(lib_a-fwalk.o)
 .ARM.attributes
                0x00000a7e       0x2b /usr/local/Sourcery/bin/../lib/gcc/arm-none-eabi/4.6.1/../../../../arm-none-eabi/lib/thumb2/libc.a(lib_a-iswspace.o)
 .ARM.attributes
                0x00000aa9       0x2b /usr/local/Sourcery/bin/../lib/gcc/arm-none-eabi/4.6.1/../../../../arm-none-eabi/lib/thumb2/libc.a(lib_a-locale.o)
 .ARM.attributes
                0x00000ad4       0x2b /usr/local/Sourcery/bin/../lib/gcc/arm-none-eabi/4.6.1/../../../../arm-none-eabi/lib/thumb2/libc.a(lib_a-lseekr.o)
 .ARM.attributes
                0x00000aff       0x2b /usr/local/Sourcery/bin/../lib/gcc/arm-none-eabi/4.6.1/../../../../arm-none-eabi/lib/thumb2/libc.a(lib_a-makebuf.o)
 .ARM.attributes
                0x00000b2a       0x2b /usr/local/Sourcery/bin/../lib/gcc/arm-none-eabi/4.6.1/../../../../arm-none-eabi/lib/thumb2/libc.a(lib_a-malloc.o)
 .ARM.attributes
                0x00000b55       0x2b /usr/local/Sourcery/bin/../lib/gcc/arm-none-eabi/4.6.1/../../../../arm-none-eabi/lib/thumb2/libc.a(lib_a-mallocr.o)
 .ARM.attributes
                0x00000b80       0x2b /usr/local/Sourcery/bin/../lib/gcc/arm-none-eabi/4.6.1/../../../../arm-none-eabi/lib/thumb2/libc.a(lib_a-mbrtowc.o)
 .ARM.attributes
                0x00000bab       0x2b /usr/local/Sourcery/bin/../lib/gcc/arm-none-eabi/4.6.1/../../../../arm-none-eabi/lib/thumb2/libc.a(lib_a-mbtowc_r.o)
 .ARM.attributes
                0x00000bd6       0x2b /usr/local/Sourcery/bin/../lib/gcc/arm-none-eabi/4.6.1/../../../../arm-none-eabi/lib/thumb2/libc.a(lib_a-memchr.o)
 .ARM.attributes
                0x00000c01       0x2b /usr/local/Sourcery/bin/../lib/gcc/arm-none-eabi/4.6.1/../../../../arm-none-eabi/lib/thumb2/libc.a(lib_a-memset.o)
 .ARM.attributes
                0x00000c2c       0x2b /usr/local/Sourcery/bin/../lib/gcc/arm-none-eabi/4.6.1/../../../../arm-none-eabi/lib/thumb2/libc.a(lib_a-mlock.o)
 .ARM.attributes
                0x00000c57       0x2b /usr/local/Sourcery/bin/../lib/gcc/arm-none-eabi/4.6.1/../../../../arm-none-eabi/lib/thumb2/libc.a(lib_a-readr.o)
 .ARM.attributes
                0x00000c82       0x2b /usr/local/Sourcery/bin/../lib/gcc/arm-none-eabi/4.6.1/../../../../arm-none-eabi/lib/thumb2/libc.a(lib_a-reallocr.o)
 .ARM.attributes
                0x00000cad       0x2b /usr/local/Sourcery/bin/../lib/gcc/arm-none-eabi/4.6.1/../../../../arm-none-eabi/lib/thumb2/libc.a(lib_a-refill.o)
 .ARM.attributes
                0x00000cd8       0x2b /usr/local/Sourcery/bin/../lib/gcc/arm-none-eabi/4.6.1/../../../../arm-none-eabi/lib/thumb2/libc.a(lib_a-sbrkr.o)
 .ARM.attributes
                0x00000d03       0x2b /usr/local/Sourcery/bin/../lib/gcc/arm-none-eabi/4.6.1/../../../../arm-none-eabi/lib/thumb2/libc.a(lib_a-sccl.o)
 .ARM.attributes
                0x00000d2e       0x2b /usr/local/Sourcery/bin/../lib/gcc/arm-none-eabi/4.6.1/../../../../arm-none-eabi/lib/thumb2/libc.a(lib_a-signal.o)
 .ARM.attributes
                0x00000d59       0x2b /usr/local/Sourcery/bin/../lib/gcc/arm-none-eabi/4.6.1/../../../../arm-none-eabi/lib/thumb2/libc.a(lib_a-signalr.o)
 .ARM.attributes
                0x00000d84       0x2b /usr/local/Sourcery/bin/../lib/gcc/arm-none-eabi/4.6.1/../../../../arm-none-eabi/lib/thumb2/libc.a(lib_a-strtol.o)
 .ARM.attributes
                0x00000daf       0x2b /usr/local/Sourcery/bin/../lib/gcc/arm-none-eabi/4.6.1/../../../../arm-none-eabi/lib/thumb2/libc.a(lib_a-strtoll_r.o)
 .ARM.attributes
                0x00000dda       0x2b /usr/local/Sourcery/bin/../lib/gcc/arm-none-eabi/4.6.1/../../../../arm-none-eabi/lib/thumb2/libc.a(lib_a-strtoul.o)
 .ARM.attributes
                0x00000e05       0x2b /usr/local/Sourcery/bin/../lib/gcc/arm-none-eabi/4.6.1/../../../../arm-none-eabi/lib/thumb2/libc.a(lib_a-strtoull_r.o)
 .ARM.attributes
                0x00000e30       0x2b /usr/local/Sourcery/bin/../lib/gcc/arm-none-eabi/4.6.1/../../../../arm-none-eabi/lib/thumb2/libc.a(lib_a-wbuf.o)
 .ARM.attributes
                0x00000e5b       0x2b /usr/local/Sourcery/bin/../lib/gcc/arm-none-eabi/4.6.1/../../../../arm-none-eabi/lib/thumb2/libc.a(lib_a-wcrtomb.o)
 .ARM.attributes
                0x00000e86       0x2b /usr/local/Sourcery/bin/../lib/gcc/arm-none-eabi/4.6.1/../../../../arm-none-eabi/lib/thumb2/libc.a(lib_a-wctomb_r.o)
 .ARM.attributes
                0x00000eb1       0x2b /usr/local/Sourcery/bin/../lib/gcc/arm-none-eabi/4.6.1/../../../../arm-none-eabi/lib/thumb2/libc.a(lib_a-fclose.o)
 .ARM.attributes
                0x00000edc       0x2b /usr/local/Sourcery/bin/../lib/gcc/arm-none-eabi/4.6.1/../../../../arm-none-eabi/lib/thumb2/libc.a(lib_a-fstatr.o)
 .ARM.attributes
                0x00000f07       0x2b /usr/local/Sourcery/bin/../lib/gcc/arm-none-eabi/4.6.1/../../../../arm-none-eabi/lib/thumb2/libc.a(lib_a-isattyr.o)
 .ARM.attributes
                0x00000f32       0x1b /usr/local/Sourcery/bin/../lib/gcc/arm-none-eabi/4.6.1/thumb2/libgcc.a(_udivsi3.o)
 .ARM.attributes
                0x00000f4d       0x1b /usr/local/Sourcery/bin/../lib/gcc/arm-none-eabi/4.6.1/thumb2/libgcc.a(_dvmd_tls.o)
 .ARM.attributes
                0x00000f68       0x1b /usr/local/Sourcery/bin/../lib/gcc/arm-none-eabi/4.6.1/thumb2/libgcc.a(_aeabi_uldivmod.o)
 .ARM.attributes
                0x00000f83       0x2b /usr/local/Sourcery/bin/../lib/gcc/arm-none-eabi/4.6.1/thumb2/libgcc.a(bpabi.o)
 .ARM.attributes
                0x00000fae       0x2b /usr/local/Sourcery/bin/../lib/gcc/arm-none-eabi/4.6.1/thumb2/libgcc.a(_divdi3.o)
 .ARM.attributes
                0x00000fd9       0x2b /usr/local/Sourcery/bin/../lib/gcc/arm-none-eabi/4.6.1/thumb2/libgcc.a(_udivdi3.o)
 .ARM.attributes
                0x00001004       0x1b /usr/local/Sourcery/bin/../lib/gcc/arm-none-eabi/4.6.1/thumb2/crtn.o

.comment        0x00000000       0x30
 .comment       0x00000000       0x30 build/obj/syscalls.o
                                 0x31 (size before relaxing)
 .comment       0x00000000       0x31 build/obj/system.o
 .comment       0x00000000       0x31 build/obj/uart_console.o
 .comment       0x00000000       0x31 build/obj/usb_console.o
 .comment       0x00000000       0x31 build/obj/led.o
 .comment       0x00000000       0x31 build/obj/timetick.o
 .comment       0x00000000       0x31 build/obj/startup.o
 .comment       0x00000000       0x31 build/obj/usb_device_descriptor.o
 .comment       0x00000000       0x31 build/obj/main.o
 .comment       0x00000000       0x31 libusb/lib/libusb_sam3s_rel.a(release-USBD_HAL.o)
 .comment       0x00000000       0x31 libusb/lib/libusb_sam3s_rel.a(release-USBDescriptors.o)
 .comment       0x00000000       0x31 libusb/lib/libusb_sam3s_rel.a(release-USBD.o)
 .comment       0x00000000       0x31 libusb/lib/libusb_sam3s_rel.a(release-USBDCallbacks.o)
 .comment       0x00000000       0x31 libusb/lib/libusb_sam3s_rel.a(release-USBDDriver.o)
 .comment       0x00000000       0x31 libusb/lib/libusb_sam3s_rel.a(release-CDCDSerial.o)
 .comment       0x00000000       0x31 libusb/lib/libusb_sam3s_rel.a(release-USBDDriverCallbacks.o)
 .comment       0x00000000       0x31 libusb/lib/libusb_sam3s_rel.a(release-CDCDSerialDriver.o)
 .comment       0x00000000       0x31 libusb/lib/libusb_sam3s_rel.a(release-USBRequests.o)
 .comment       0x00000000       0x31 libusb/lib/libusb_sam3s_rel.a(release-CDCDSerialPort.o)
 .comment       0x00000000       0x31 libusb/lib/libusb_sam3s_rel.a(release-CDCLineCoding.o)
 .comment       0x00000000       0x31 libchip/lib/libchip_sam3s4_rel.a(release-pio_it.o)
 .comment       0x00000000       0x31 libchip/lib/libchip_sam3s4_rel.a(release-exceptions.o)
 .comment       0x00000000       0x31 libchip/lib/libchip_sam3s4_rel.a(release-pio.o)
 .comment       0x00000000       0x31 libchip/lib/libchip_sam3s4_rel.a(release-pmc.o)
 .comment       0x00000000       0x31 libchip/lib/libchip_sam3s4_rel.a(release-tc.o)
 .comment       0x00000000       0x31 libchip/lib/libchip_sam3s4_rel.a(release-pio_capture.o)

.debug_info     0x00000000     0xfcc8
 .debug_info    0x00000000      0x4e1 build/obj/syscalls.o
 .debug_info    0x000004e1      0x3e9 build/obj/system.o
 .debug_info    0x000008ca      0xbfa build/obj/uart_console.o
 .debug_info    0x000014c4     0x1b58 build/obj/usb_console.o
 .debug_info    0x0000301c     0x1009 build/obj/led.o
 .debug_info    0x00004025      0x649 build/obj/timetick.o
 .debug_info    0x0000466e      0x37b build/obj/startup.o
 .debug_info    0x000049e9      0x7bd build/obj/usb_device_descriptor.o
 .debug_info    0x000051a6     0x125f build/obj/main.o
 .debug_info    0x00006405     0x2144 libusb/lib/libusb_sam3s_rel.a(release-USBD_HAL.o)
 .debug_info    0x00008549      0x5c9 libusb/lib/libusb_sam3s_rel.a(release-USBDescriptors.o)
 .debug_info    0x00008b12      0xd8c libusb/lib/libusb_sam3s_rel.a(release-USBD.o)
 .debug_info    0x0000989e      0x181 libusb/lib/libusb_sam3s_rel.a(release-USBDCallbacks.o)
 .debug_info    0x00009a1f     0x13d8 libusb/lib/libusb_sam3s_rel.a(release-USBDDriver.o)
 .debug_info    0x0000adf7      0x9c5 libusb/lib/libusb_sam3s_rel.a(release-CDCDSerial.o)
 .debug_info    0x0000b7bc       0xd7 libusb/lib/libusb_sam3s_rel.a(release-USBDDriverCallbacks.o)
 .debug_info    0x0000b893      0x563 libusb/lib/libusb_sam3s_rel.a(release-CDCDSerialDriver.o)
 .debug_info    0x0000bdf6      0x3cd libusb/lib/libusb_sam3s_rel.a(release-USBRequests.o)
 .debug_info    0x0000c1c3      0xc73 libusb/lib/libusb_sam3s_rel.a(release-CDCDSerialPort.o)
 .debug_info    0x0000ce36      0x140 libusb/lib/libusb_sam3s_rel.a(release-CDCLineCoding.o)
 .debug_info    0x0000cf76      0xe46 libchip/lib/libchip_sam3s4_rel.a(release-pio_it.o)
 .debug_info    0x0000ddbc      0x3f0 libchip/lib/libchip_sam3s4_rel.a(release-exceptions.o)
 .debug_info    0x0000e1ac      0xa6c libchip/lib/libchip_sam3s4_rel.a(release-pio.o)
 .debug_info    0x0000ec18      0x44d libchip/lib/libchip_sam3s4_rel.a(release-pmc.o)
 .debug_info    0x0000f065      0x488 libchip/lib/libchip_sam3s4_rel.a(release-tc.o)
 .debug_info    0x0000f4ed      0x7db libchip/lib/libchip_sam3s4_rel.a(release-pio_capture.o)

.debug_abbrev   0x00000000     0x27d0
 .debug_abbrev  0x00000000      0x10f build/obj/syscalls.o
 .debug_abbrev  0x0000010f       0xfb build/obj/system.o
 .debug_abbrev  0x0000020a      0x14f build/obj/uart_console.o
 .debug_abbrev  0x00000359      0x2f9 build/obj/usb_console.o
 .debug_abbrev  0x00000652      0x1d2 build/obj/led.o
 .debug_abbrev  0x00000824      0x1c3 build/obj/timetick.o
 .debug_abbrev  0x000009e7       0xf6 build/obj/startup.o
 .debug_abbrev  0x00000add       0xdc build/obj/usb_device_descriptor.o
 .debug_abbrev  0x00000bb9      0x249 build/obj/main.o
 .debug_abbrev  0x00000e02      0x3c3 libusb/lib/libusb_sam3s_rel.a(release-USBD_HAL.o)
 .debug_abbrev  0x000011c5      0x10a libusb/lib/libusb_sam3s_rel.a(release-USBDescriptors.o)
 .debug_abbrev  0x000012cf      0x265 libusb/lib/libusb_sam3s_rel.a(release-USBD.o)
 .debug_abbrev  0x00001534       0xb3 libusb/lib/libusb_sam3s_rel.a(release-USBDCallbacks.o)
 .debug_abbrev  0x000015e7      0x309 libusb/lib/libusb_sam3s_rel.a(release-USBDDriver.o)
 .debug_abbrev  0x000018f0      0x192 libusb/lib/libusb_sam3s_rel.a(release-CDCDSerial.o)
 .debug_abbrev  0x00001a82       0x74 libusb/lib/libusb_sam3s_rel.a(release-USBDDriverCallbacks.o)
 .debug_abbrev  0x00001af6       0xf6 libusb/lib/libusb_sam3s_rel.a(release-CDCDSerialDriver.o)
 .debug_abbrev  0x00001bec       0xd0 libusb/lib/libusb_sam3s_rel.a(release-USBRequests.o)
 .debug_abbrev  0x00001cbc      0x264 libusb/lib/libusb_sam3s_rel.a(release-CDCDSerialPort.o)
 .debug_abbrev  0x00001f20       0x95 libusb/lib/libusb_sam3s_rel.a(release-CDCLineCoding.o)
 .debug_abbrev  0x00001fb5      0x256 libchip/lib/libchip_sam3s4_rel.a(release-pio_it.o)
 .debug_abbrev  0x0000220b       0x6e libchip/lib/libchip_sam3s4_rel.a(release-exceptions.o)
 .debug_abbrev  0x00002279      0x1d5 libchip/lib/libchip_sam3s4_rel.a(release-pio.o)
 .debug_abbrev  0x0000244e       0xf4 libchip/lib/libchip_sam3s4_rel.a(release-pmc.o)
 .debug_abbrev  0x00002542      0x131 libchip/lib/libchip_sam3s4_rel.a(release-tc.o)
 .debug_abbrev  0x00002673      0x15d libchip/lib/libchip_sam3s4_rel.a(release-pio_capture.o)

.debug_loc      0x00000000     0x4678
 .debug_loc     0x00000000      0x25c build/obj/syscalls.o
 .debug_loc     0x0000025c       0x64 build/obj/system.o
 .debug_loc     0x000002c0      0x150 build/obj/uart_console.o
 .debug_loc     0x00000410      0x39c build/obj/usb_console.o
 .debug_loc     0x000007ac      0x294 build/obj/led.o
 .debug_loc     0x00000a40      0x19c build/obj/timetick.o
 .debug_loc     0x00000bdc       0x38 build/obj/startup.o
 .debug_loc     0x00000c14       0xd5 build/obj/main.o
 .debug_loc     0x00000ce9     0x1666 libusb/lib/libusb_sam3s_rel.a(release-USBD_HAL.o)
 .debug_loc     0x0000234f      0x2fe libusb/lib/libusb_sam3s_rel.a(release-USBDescriptors.o)
 .debug_loc     0x0000264d      0x3db libusb/lib/libusb_sam3s_rel.a(release-USBD.o)
 .debug_loc     0x00002a28       0x3e libusb/lib/libusb_sam3s_rel.a(release-USBDCallbacks.o)
 .debug_loc     0x00002a66      0x776 libusb/lib/libusb_sam3s_rel.a(release-USBDDriver.o)
 .debug_loc     0x000031dc      0x369 libusb/lib/libusb_sam3s_rel.a(release-CDCDSerial.o)
 .debug_loc     0x00003545       0xfe libusb/lib/libusb_sam3s_rel.a(release-CDCDSerialDriver.o)
 .debug_loc     0x00003643      0x250 libusb/lib/libusb_sam3s_rel.a(release-USBRequests.o)
 .debug_loc     0x00003893      0x548 libusb/lib/libusb_sam3s_rel.a(release-CDCDSerialPort.o)
 .debug_loc     0x00003ddb       0x1f libusb/lib/libusb_sam3s_rel.a(release-CDCLineCoding.o)
 .debug_loc     0x00003dfa      0x2e3 libchip/lib/libchip_sam3s4_rel.a(release-pio_it.o)
 .debug_loc     0x000040dd      0x24d libchip/lib/libchip_sam3s4_rel.a(release-pio.o)
 .debug_loc     0x0000432a      0x102 libchip/lib/libchip_sam3s4_rel.a(release-pmc.o)
 .debug_loc     0x0000442c      0x1b9 libchip/lib/libchip_sam3s4_rel.a(release-tc.o)
 .debug_loc     0x000045e5       0x93 libchip/lib/libchip_sam3s4_rel.a(release-pio_capture.o)

.debug_aranges  0x00000000      0xa18
 .debug_aranges
                0x00000000       0x70 build/obj/syscalls.o
 .debug_aranges
                0x00000070       0x28 build/obj/system.o
 .debug_aranges
                0x00000098       0x48 build/obj/uart_console.o
 .debug_aranges
                0x000000e0       0xa8 build/obj/usb_console.o
 .debug_aranges
                0x00000188       0x78 build/obj/led.o
 .debug_aranges
                0x00000200       0x58 build/obj/timetick.o
 .debug_aranges
                0x00000258       0x20 build/obj/startup.o
 .debug_aranges
                0x00000278       0x38 build/obj/main.o
 .debug_aranges
                0x000002b0       0xd8 libusb/lib/libusb_sam3s_rel.a(release-USBD_HAL.o)
 .debug_aranges
                0x00000388       0x80 libusb/lib/libusb_sam3s_rel.a(release-USBDescriptors.o)
 .debug_aranges
                0x00000408       0xb0 libusb/lib/libusb_sam3s_rel.a(release-USBD.o)
 .debug_aranges
                0x000004b8       0x40 libusb/lib/libusb_sam3s_rel.a(release-USBDCallbacks.o)
 .debug_aranges
                0x000004f8       0x58 libusb/lib/libusb_sam3s_rel.a(release-USBDDriver.o)
 .debug_aranges
                0x00000550       0x78 libusb/lib/libusb_sam3s_rel.a(release-CDCDSerial.o)
 .debug_aranges
                0x000005c8       0x28 libusb/lib/libusb_sam3s_rel.a(release-USBDDriverCallbacks.o)
 .debug_aranges
                0x000005f0       0x30 libusb/lib/libusb_sam3s_rel.a(release-CDCDSerialDriver.o)
 .debug_aranges
                0x00000620       0x98 libusb/lib/libusb_sam3s_rel.a(release-USBRequests.o)
 .debug_aranges
                0x000006b8       0x70 libusb/lib/libusb_sam3s_rel.a(release-CDCDSerialPort.o)
 .debug_aranges
                0x00000728       0x20 libusb/lib/libusb_sam3s_rel.a(release-CDCLineCoding.o)
 .debug_aranges
                0x00000748       0x60 libchip/lib/libchip_sam3s4_rel.a(release-pio_it.o)
 .debug_aranges
                0x000007a8      0x168 libchip/lib/libchip_sam3s4_rel.a(release-exceptions.o)
 .debug_aranges
                0x00000910       0x48 libchip/lib/libchip_sam3s4_rel.a(release-pio.o)
 .debug_aranges
                0x00000958       0x40 libchip/lib/libchip_sam3s4_rel.a(release-pmc.o)
 .debug_aranges
                0x00000998       0x38 libchip/lib/libchip_sam3s4_rel.a(release-tc.o)
 .debug_aranges
                0x000009d0       0x48 libchip/lib/libchip_sam3s4_rel.a(release-pio_capture.o)

.debug_ranges   0x00000000      0xb78
 .debug_ranges  0x00000000       0x60 build/obj/syscalls.o
 .debug_ranges  0x00000060       0x18 build/obj/system.o
 .debug_ranges  0x00000078       0x38 build/obj/uart_console.o
 .debug_ranges  0x000000b0       0x98 build/obj/usb_console.o
 .debug_ranges  0x00000148       0x68 build/obj/led.o
 .debug_ranges  0x000001b0       0x48 build/obj/timetick.o
 .debug_ranges  0x000001f8       0x10 build/obj/startup.o
 .debug_ranges  0x00000208       0x28 build/obj/main.o
 .debug_ranges  0x00000230      0x308 libusb/lib/libusb_sam3s_rel.a(release-USBD_HAL.o)
 .debug_ranges  0x00000538       0x88 libusb/lib/libusb_sam3s_rel.a(release-USBDescriptors.o)
 .debug_ranges  0x000005c0       0xa0 libusb/lib/libusb_sam3s_rel.a(release-USBD.o)
 .debug_ranges  0x00000660       0x30 libusb/lib/libusb_sam3s_rel.a(release-USBDCallbacks.o)
 .debug_ranges  0x00000690       0x78 libusb/lib/libusb_sam3s_rel.a(release-USBDDriver.o)
 .debug_ranges  0x00000708       0x68 libusb/lib/libusb_sam3s_rel.a(release-CDCDSerial.o)
 .debug_ranges  0x00000770       0x18 libusb/lib/libusb_sam3s_rel.a(release-USBDDriverCallbacks.o)
 .debug_ranges  0x00000788       0x20 libusb/lib/libusb_sam3s_rel.a(release-CDCDSerialDriver.o)
 .debug_ranges  0x000007a8       0x88 libusb/lib/libusb_sam3s_rel.a(release-USBRequests.o)
 .debug_ranges  0x00000830       0x78 libusb/lib/libusb_sam3s_rel.a(release-CDCDSerialPort.o)
 .debug_ranges  0x000008a8       0x10 libusb/lib/libusb_sam3s_rel.a(release-CDCLineCoding.o)
 .debug_ranges  0x000008b8       0x88 libchip/lib/libchip_sam3s4_rel.a(release-pio_it.o)
 .debug_ranges  0x00000940      0x158 libchip/lib/libchip_sam3s4_rel.a(release-exceptions.o)
 .debug_ranges  0x00000a98       0x50 libchip/lib/libchip_sam3s4_rel.a(release-pio.o)
 .debug_ranges  0x00000ae8       0x30 libchip/lib/libchip_sam3s4_rel.a(release-pmc.o)
 .debug_ranges  0x00000b18       0x28 libchip/lib/libchip_sam3s4_rel.a(release-tc.o)
 .debug_ranges  0x00000b40       0x38 libchip/lib/libchip_sam3s4_rel.a(release-pio_capture.o)

.debug_line     0x00000000     0x34fc
 .debug_line    0x00000000      0x1b7 build/obj/syscalls.o
 .debug_line    0x000001b7      0x155 build/obj/system.o
 .debug_line    0x0000030c      0x180 build/obj/uart_console.o
 .debug_line    0x0000048c      0x3de build/obj/usb_console.o
 .debug_line    0x0000086a      0x213 build/obj/led.o
 .debug_line    0x00000a7d      0x184 build/obj/timetick.o
 .debug_line    0x00000c01      0x105 build/obj/startup.o
 .debug_line    0x00000d06      0x11c build/obj/usb_device_descriptor.o
 .debug_line    0x00000e22      0x26d build/obj/main.o
 .debug_line    0x0000108f      0x72d libusb/lib/libusb_sam3s_rel.a(release-USBD_HAL.o)
 .debug_line    0x000017bc      0x1d4 libusb/lib/libusb_sam3s_rel.a(release-USBDescriptors.o)
 .debug_line    0x00001990      0x31f libusb/lib/libusb_sam3s_rel.a(release-USBD.o)
 .debug_line    0x00001caf      0x10a libusb/lib/libusb_sam3s_rel.a(release-USBDCallbacks.o)
 .debug_line    0x00001db9      0x313 libusb/lib/libusb_sam3s_rel.a(release-USBDDriver.o)
 .debug_line    0x000020cc      0x1f8 libusb/lib/libusb_sam3s_rel.a(release-CDCDSerial.o)
 .debug_line    0x000022c4       0xc3 libusb/lib/libusb_sam3s_rel.a(release-USBDDriverCallbacks.o)
 .debug_line    0x00002387      0x120 libusb/lib/libusb_sam3s_rel.a(release-CDCDSerialDriver.o)
 .debug_line    0x000024a7      0x1ce libusb/lib/libusb_sam3s_rel.a(release-USBRequests.o)
 .debug_line    0x00002675      0x25b libusb/lib/libusb_sam3s_rel.a(release-CDCDSerialPort.o)
 .debug_line    0x000028d0       0xca libusb/lib/libusb_sam3s_rel.a(release-CDCLineCoding.o)
 .debug_line    0x0000299a      0x285 libchip/lib/libchip_sam3s4_rel.a(release-pio_it.o)
 .debug_line    0x00002c1f      0x2e8 libchip/lib/libchip_sam3s4_rel.a(release-exceptions.o)
 .debug_line    0x00002f07      0x1bf libchip/lib/libchip_sam3s4_rel.a(release-pio.o)
 .debug_line    0x000030c6      0x154 libchip/lib/libchip_sam3s4_rel.a(release-pmc.o)
 .debug_line    0x0000321a      0x14e libchip/lib/libchip_sam3s4_rel.a(release-tc.o)
 .debug_line    0x00003368      0x194 libchip/lib/libchip_sam3s4_rel.a(release-pio_capture.o)

.debug_str      0x00000000     0x3203
 .debug_str     0x00000000      0x1df build/obj/syscalls.o
                                0x24c (size before relaxing)
 .debug_str     0x000001df      0x1b2 build/obj/system.o
                                0x283 (size before relaxing)
 .debug_str     0x00000391      0x3ee build/obj/uart_console.o
                                0x60f (size before relaxing)
 .debug_str     0x0000077f      0xaa0 build/obj/usb_console.o
                               0x103e (size before relaxing)
 .debug_str     0x0000121f      0x143 build/obj/led.o
                                0x836 (size before relaxing)
 .debug_str     0x00001362      0x118 build/obj/timetick.o
                                0x421 (size before relaxing)
 .debug_str     0x0000147a       0x7e build/obj/startup.o
                                0x1ae (size before relaxing)
 .debug_str     0x000014f8      0x2cb build/obj/usb_device_descriptor.o
                                0x6e7 (size before relaxing)
 .debug_str     0x000017c3       0x8c build/obj/main.o
                                0x949 (size before relaxing)
 .debug_str     0x0000184f      0x52a libusb/lib/libusb_sam3s_rel.a(release-USBD_HAL.o)
                                0xcb2 (size before relaxing)
 .debug_str     0x00001d79      0x262 libusb/lib/libusb_sam3s_rel.a(release-USBDescriptors.o)
                                0x51e (size before relaxing)
 .debug_str     0x00001fdb      0x154 libusb/lib/libusb_sam3s_rel.a(release-USBD.o)
                                0x7ed (size before relaxing)
 .debug_str     0x0000212f       0x59 libusb/lib/libusb_sam3s_rel.a(release-USBDCallbacks.o)
                                0x1b4 (size before relaxing)
 .debug_str     0x00002188      0x218 libusb/lib/libusb_sam3s_rel.a(release-USBDDriver.o)
                                0xb4f (size before relaxing)
 .debug_str     0x000023a0      0x26f libusb/lib/libusb_sam3s_rel.a(release-CDCDSerial.o)
                                0x7b7 (size before relaxing)
 .debug_str     0x0000260f       0x53 libusb/lib/libusb_sam3s_rel.a(release-USBDDriverCallbacks.o)
                                0x15e (size before relaxing)
 .debug_str     0x00002662       0x89 libusb/lib/libusb_sam3s_rel.a(release-CDCDSerialDriver.o)
                                0x49a (size before relaxing)
 .debug_str     0x000026eb      0x231 libusb/lib/libusb_sam3s_rel.a(release-USBRequests.o)
                                0x354 (size before relaxing)
 .debug_str     0x0000291c      0x1b3 libusb/lib/libusb_sam3s_rel.a(release-CDCDSerialPort.o)
                                0x91b (size before relaxing)
 .debug_str     0x00002acf       0x51 libusb/lib/libusb_sam3s_rel.a(release-CDCLineCoding.o)
                                0x181 (size before relaxing)
 .debug_str     0x00002b20      0x148 libchip/lib/libchip_sam3s4_rel.a(release-pio_it.o)
                                0x7a6 (size before relaxing)
 .debug_str     0x00002c68      0x23d libchip/lib/libchip_sam3s4_rel.a(release-exceptions.o)
                                0x384 (size before relaxing)
 .debug_str     0x00002ea5      0x104 libchip/lib/libchip_sam3s4_rel.a(release-pio.o)
                                0x4dc (size before relaxing)
 .debug_str     0x00002fa9       0x84 libchip/lib/libchip_sam3s4_rel.a(release-pmc.o)
                                0x2b0 (size before relaxing)
 .debug_str     0x0000302d       0x8e libchip/lib/libchip_sam3s4_rel.a(release-tc.o)
                                0x22c (size before relaxing)
 .debug_str     0x000030bb      0x148 libchip/lib/libchip_sam3s4_rel.a(release-pio_capture.o)
                                0x529 (size before relaxing)

.debug_frame    0x00000000     0x2930
 .debug_frame   0x00000000      0x150 build/obj/syscalls.o
 .debug_frame   0x00000150       0x48 build/obj/system.o
 .debug_frame   0x00000198       0xd0 build/obj/uart_console.o
 .debug_frame   0x00000268      0x22c build/obj/usb_console.o
 .debug_frame   0x00000494      0x188 build/obj/led.o