Archive member included because of file (symbol)

libusb/lib/libusb_sam3s_rel.a(release-USBD_HAL.o)
                              build/obj/startup.o (USBD_IrqHandler)
libusb/lib/libusb_sam3s_rel.a(release-USBDescriptors.o)
                              libusb/lib/libusb_sam3s_rel.a(release-USBD_HAL.o) (USBEndpointDescriptor_GetNumber)
libusb/lib/libusb_sam3s_rel.a(release-USBD.o)
                              libusb/lib/libusb_sam3s_rel.a(release-USBD_HAL.o) (USBD_SuspendHandler)
libusb/lib/libusb_sam3s_rel.a(release-USBDCallbacks.o)
                              libusb/lib/libusb_sam3s_rel.a(release-USBD.o) (USBDCallbacks_Reset)
libusb/lib/libusb_sam3s_rel.a(release-USBDDriver.o)
                              libusb/lib/libusb_sam3s_rel.a(release-USBDCallbacks.o) (USBD_GetDriver)
libusb/lib/libusb_sam3s_rel.a(release-CDCDSerial.o)
                              build/obj/usb_console.o (CDCDSerial_Read)
libusb/lib/libusb_sam3s_rel.a(release-USBDDriverCallbacks.o)
                              libusb/lib/libusb_sam3s_rel.a(release-USBDDriver.o) (USBDDriverCallbacks_InterfaceSettingChanged)
libusb/lib/libusb_sam3s_rel.a(release-CDCDSerialDriver.o)
                              build/obj/usb_console.o (CDCDSerialDriver_Initialize)
libusb/lib/libusb_sam3s_rel.a(release-USBRequests.o)
                              libusb/lib/libusb_sam3s_rel.a(release-USBDDriver.o) (USBGenericRequest_GetRequest)
libusb/lib/libusb_sam3s_rel.a(release-CDCDSerialPort.o)
                              libusb/lib/libusb_sam3s_rel.a(release-CDCDSerial.o) (CDCDSerialPort_Initialize)
libusb/lib/libusb_sam3s_rel.a(release-CDCLineCoding.o)
                              libusb/lib/libusb_sam3s_rel.a(release-CDCDSerialPort.o) (CDCLineCoding_Initialize)
libchip/lib/libchip_sam3s4_rel.a(release-pio_it.o)
                              build/obj/startup.o (PIOA_IrqHandler)
libchip/lib/libchip_sam3s4_rel.a(release-exceptions.o)
                              build/obj/startup.o (IrqHandlerNotUsed)
libchip/lib/libchip_sam3s4_rel.a(release-adc.o)
                              build/obj/main.o (ADC_Initialize)
libchip/lib/libchip_sam3s4_rel.a(release-pio.o)
                              build/obj/uart_console.o (PIO_Configure)
libchip/lib/libchip_sam3s4_rel.a(release-pmc.o)
                              libusb/lib/libusb_sam3s_rel.a(release-USBD_HAL.o) (PMC_EnablePeripheral)
libchip/lib/libchip_sam3s4_rel.a(release-tc.o)
                              build/obj/led.o (TC_Configure)
libchip/lib/libchip_sam3s4_rel.a(release-pio_capture.o)
                              libchip/lib/libchip_sam3s4_rel.a(release-pio_it.o) (PIO_CaptureHandler)
/usr/local/Sourcery/bin/../lib/gcc/arm-none-eabi/4.6.1/../../../../arm-none-eabi/lib/thumb2/libc.a(lib_a-assert.o)
                              build/obj/led.o (__assert_func)
/usr/local/Sourcery/bin/../lib/gcc/arm-none-eabi/4.6.1/../../../../arm-none-eabi/lib/thumb2/libc.a(lib_a-fiprintf.o)
                              build/obj/usb_console.o (fiprintf)
/usr/local/Sourcery/bin/../lib/gcc/arm-none-eabi/4.6.1/../../../../arm-none-eabi/lib/thumb2/libc.a(lib_a-gets.o)
                              build/obj/main.o (gets)
/usr/local/Sourcery/bin/../lib/gcc/arm-none-eabi/4.6.1/../../../../arm-none-eabi/lib/thumb2/libc.a(lib_a-impure.o)
                              build/obj/usb_console.o (_impure_ptr)
/usr/local/Sourcery/bin/../lib/gcc/arm-none-eabi/4.6.1/../../../../arm-none-eabi/lib/thumb2/libc.a(lib_a-iprintf.o)
                              build/obj/syscalls.o (iprintf)
/usr/local/Sourcery/bin/../lib/gcc/arm-none-eabi/4.6.1/../../../../arm-none-eabi/lib/thumb2/libc.a(lib_a-memcpy.o)
                              build/obj/usb_console.o (memcpy)
/usr/local/Sourcery/bin/../lib/gcc/arm-none-eabi/4.6.1/../../../../arm-none-eabi/lib/thumb2/libc.a(lib_a-memmove.o)
                              build/obj/usb_console.o (memmove)
/usr/local/Sourcery/bin/../lib/gcc/arm-none-eabi/4.6.1/../../../../arm-none-eabi/lib/thumb2/libc.a(lib_a-reent.o)
                              build/obj/syscalls.o (errno)
/usr/local/Sourcery/bin/../lib/gcc/arm-none-eabi/4.6.1/../../../../arm-none-eabi/lib/thumb2/libc.a(lib_a-rget.o)
                              /usr/local/Sourcery/bin/../lib/gcc/arm-none-eabi/4.6.1/../../../../arm-none-eabi/lib/thumb2/libc.a(lib_a-gets.o) (__srget_r)
/usr/local/Sourcery/bin/../lib/gcc/arm-none-eabi/4.6.1/../../../../arm-none-eabi/lib/thumb2/libc.a(lib_a-setbuf.o)
                              build/obj/main.o (setbuf)
/usr/local/Sourcery/bin/../lib/gcc/arm-none-eabi/4.6.1/../../../../arm-none-eabi/lib/thumb2/libc.a(lib_a-setvbuf.o)
                              /usr/local/Sourcery/bin/../lib/gcc/arm-none-eabi/4.6.1/../../../../arm-none-eabi/lib/thumb2/libc.a(lib_a-setbuf.o) (setvbuf)
/usr/local/Sourcery/bin/../lib/gcc/arm-none-eabi/4.6.1/../../../../arm-none-eabi/lib/thumb2/libc.a(lib_a-vfiprintf.o)
[...]
Memory Configuration

Name             Origin             Length             Attributes
rom              0x00400000         0x00040000         xr
ram              0x20000000         0x0000c000         xrw
*default*        0x00000000         0xffffffff

Linker script and memory map

LOAD /usr/local/Sourcery/bin/../lib/gcc/arm-none-eabi/4.6.1/thumb2/crti.o
LOAD /usr/local/Sourcery/bin/../lib/gcc/arm-none-eabi/4.6.1/thumb2/crtbegin.o
START GROUP
LOAD /usr/local/Sourcery/bin/../lib/gcc/arm-none-eabi/4.6.1/thumb2/libgcc.a
LOAD /usr/local/Sourcery/bin/../lib/gcc/arm-none-eabi/4.6.1/../../../../arm-none-eabi/lib/thumb2/libc.a
END GROUP
LOAD build/obj/syscalls.o
LOAD build/obj/system.o
LOAD build/obj/uart_console.o
LOAD build/obj/usb_console.o
LOAD build/obj/led.o
LOAD build/obj/timetick.o
LOAD build/obj/startup.o
LOAD build/obj/usb_device_descriptor.o
LOAD build/obj/main.o
LOAD build/obj/controller.o
LOAD libusb/lib/libusb_sam3s_rel.a
LOAD libchip/lib/libchip_sam3s4_rel.a
START GROUP
LOAD /usr/local/Sourcery/bin/../lib/gcc/arm-none-eabi/4.6.1/thumb2/libgcc.a
LOAD /usr/local/Sourcery/bin/../lib/gcc/arm-none-eabi/4.6.1/../../../../arm-none-eabi/lib/thumb2/libc.a
END GROUP
LOAD /usr/local/Sourcery/bin/../lib/gcc/arm-none-eabi/4.6.1/thumb2/crtend.o
LOAD /usr/local/Sourcery/bin/../lib/gcc/arm-none-eabi/4.6.1/thumb2/crtn.o

.text           0x00400000     0x7c10
                0x00400000                . = ALIGN (0x4)
                0x00400000                _sfixed = .
 *(.vectors .vectors.*)
 .vectors       0x00400000       0xd0 build/obj/startup.o
                0x00400000                exception_table
 *(.text .text.* .gnu.linkonce.t.*)
 .text          0x004000d0       0x68 /usr/local/Sourcery/bin/../lib/gcc/arm-none-eabi/4.6.1/thumb2/crtbegin.o
 .text._read    0x00400138       0x54 build/obj/syscalls.o
                0x00400138                _read
 .text._write   0x0040018c       0x54 build/obj/syscalls.o
                0x0040018c                _write
 .text._sbrk    0x004001e0       0x5c build/obj/syscalls.o
                0x004001e0                _sbrk
 .text._isatty  0x0040023c       0x28 build/obj/syscalls.o
                0x0040023c                _isatty
 .text._exit    0x00400264       0x18 build/obj/syscalls.o
                0x00400264                _exit
 .text._lseek   0x0040027c       0x1c build/obj/syscalls.o
                0x0040027c                _lseek
 .text._kill    0x00400298       0x28 build/obj/syscalls.o
                0x00400298                _kill
 .text._getpid  0x004002c0       0x10 build/obj/syscalls.o
                0x004002c0                _getpid
 .text._close   0x004002d0       0x18 build/obj/syscalls.o
                0x004002d0                _close
 .text._fstat   0x004002e8       0x24 build/obj/syscalls.o
                0x004002e8                _fstat
 .text.SystemCoreClockUpdate
                0x0040030c       0x1c build/obj/system.o
                0x0040030c                SystemCoreClockUpdate
 .text.SystemInit
                0x00400328      0x1dc build/obj/system.o
                0x00400328                SystemInit
 .text.UART_Configure
                0x00400504       0x8c build/obj/uart_console.o
                0x00400504                UART_Configure
 .text.UART_Put
                0x00400590       0x78 build/obj/uart_console.o
                0x00400590                UART_Put
 .text.UART_Get
                0x00400608       0x70 build/obj/uart_console.o
                0x00400608                UART_Get
 .text.UART_Puts
                0x00400678       0x50 build/obj/uart_console.o
                0x00400678                UART_Puts
 .text.UART_Gets
                0x004006c8       0x54 build/obj/uart_console.o
                0x004006c8                UART_Gets
 .text.CDCDSerialDriver_Write
                0x0040071c       0x28 build/obj/usb_console.o
 .text.CDCDSerialDriver_Read
                0x00400744       0x28 build/obj/usb_console.o
 .text.NVIC_EnableIRQ
                0x0040076c       0x38 build/obj/usb_console.o
 .text.ISR_Vbus
                0x004007a4       0x60 build/obj/usb_console.o
 .text.VBus_Configure
                0x00400804       0x54 build/obj/usb_console.o
 .text.ConfigureUsbClock
                0x00400858       0x40 build/obj/usb_console.o
 .text.USBDCallbacks_Initialized
                0x00400898       0x10 build/obj/usb_console.o
                0x00400898                USBDCallbacks_Initialized
 .text.USBDDriverCallbacks_ConfigurationChanged
                0x004008a8       0x1c build/obj/usb_console.o
                0x004008a8                USBDDriverCallbacks_ConfigurationChanged
 .text.USBDCallbacks_RequestReceived
                0x004008c4       0x18 build/obj/usb_console.o
                0x004008c4                USBDCallbacks_RequestReceived
 .text.UsbWriteDone
                0x004008dc       0x48 build/obj/usb_console.o
 .text.UsbReadDone
                0x00400924       0x48 build/obj/usb_console.o
 .text.USBC_isConfigured
                0x0040096c       0x68 build/obj/usb_console.o
                0x0040096c                USBC_isConfigured
 .text.USBC_hasData
                0x004009d4       0x20 build/obj/usb_console.o
                0x004009d4                USBC_hasData
 .text.USBC_Configure
                0x004009f4       0x3c build/obj/usb_console.o
                0x004009f4                USBC_Configure
 .text.USBC_StartListening
                0x00400a30       0x50 build/obj/usb_console.o
                0x00400a30                USBC_StartListening
 .text.USBC_Gets
                0x00400a80      0x100 build/obj/usb_console.o
                0x00400a80                USBC_Gets
 .text.USBC_Puts
                0x00400b80       0xb8 build/obj/usb_console.o
                0x00400b80                USBC_Puts
 .text.NVIC_EnableIRQ
                0x00400c38       0x38 build/obj/led.o
 .text.TC0_IrqHandler
                0x00400c70       0x90 build/obj/led.o
                0x00400c70                TC0_IrqHandler
 .text.configure
                0x00400d00       0xa0 build/obj/led.o
 .text.LEDs_configure
                0x00400da0       0x18 build/obj/led.o
                0x00400da0                LEDs_configure
 .text.LED_tgl  0x00400db8       0x90 build/obj/led.o
                0x00400db8                LED_tgl
 .text.LED_clr  0x00400e48       0x7c build/obj/led.o
                0x00400e48                LED_clr
 .text.LED_blink
                0x00400ec4       0x6c build/obj/led.o
                0x00400ec4                LED_blink
 .text.NVIC_SetPriority
                0x00400f30       0x5c build/obj/timetick.o
 .text.SysTick_Config
                0x00400f8c       0x64 build/obj/timetick.o
 .text.SysTick_Handler
                0x00400ff0       0x24 build/obj/timetick.o
                0x00400ff0                SysTick_Handler
 .text.TimeTick_Configure
                0x00401014       0x3c build/obj/timetick.o
                0x00401014                TimeTick_Configure
 .text.GetTickCount
                0x00401050       0x18 build/obj/timetick.o
                0x00401050                GetTickCount
 .text.ResetException
                0x00401068       0xd0 build/obj/startup.o
                0x00401068                ResetException
 .text.NVIC_EnableIRQ
                0x00401138       0x38 build/obj/main.o
 .text.init     0x00401170       0xdc build/obj/main.o
 .text.main     0x0040124c       0x9c build/obj/main.o
                0x0040124c                main
 .text.TC1_IrqHandler
                0x004012e8       0x18 build/obj/main.o
                0x004012e8                TC1_IrqHandler
 .text.ADC_IrqHandler
                0x00401300       0xb0 build/obj/main.o
                0x00401300                ADC_IrqHandler
 .text.pid      0x004013b0       0xc4 build/obj/controller.o
 .text.update   0x00401474       0x90 build/obj/controller.o
 .text.mode     0x00401504       0xd0 build/obj/controller.o
                0x00401504                mode
 .text.control  0x004015d4       0x9c build/obj/controller.o
                0x004015d4                control
 .text.tristate
                0x00401670       0x7c build/obj/controller.o
                0x00401670                tristate
 .text.tris     0x004016ec       0x98 build/obj/controller.o
                0x004016ec                tris
 .text.UDP_EndOfTransfer
                0x00401784       0x70 libusb/lib/libusb_sam3s_rel.a(release-USBD_HAL.o)
 .text.UDP_ClearRxFlag
                0x004017f4       0x80 libusb/lib/libusb_sam3s_rel.a(release-USBD_HAL.o)
 .text.UDP_WritePayload
                0x00401874       0x44 libusb/lib/libusb_sam3s_rel.a(release-USBD_HAL.o)
 .text.UDP_EnablePeripheralClock
                0x004018b8       0x20 libusb/lib/libusb_sam3s_rel.a(release-USBD_HAL.o)
 .text.UDP_MblWriteFifo
                0x004018d8      0x128 libusb/lib/libusb_sam3s_rel.a(release-USBD_HAL.o)
 .text.USBD_IrqHandler
                0x00401a00      0x5f8 libusb/lib/libusb_sam3s_rel.a(release-USBD_HAL.o)
                0x00401a00                USBD_IrqHandler
 .text.USBD_HAL_ResetEPs
                0x00401ff8       0xc0 libusb/lib/libusb_sam3s_rel.a(release-USBD_HAL.o)
                0x00401ff8                USBD_HAL_ResetEPs
 .text.USBD_HAL_CancelIo
                0x004020b8       0x54 libusb/lib/libusb_sam3s_rel.a(release-USBD_HAL.o)
                0x004020b8                USBD_HAL_CancelIo
 .text.USBD_HAL_ConfigureEP
                0x0040210c       0xf0 libusb/lib/libusb_sam3s_rel.a(release-USBD_HAL.o)
                0x0040210c                USBD_HAL_ConfigureEP
 .text.USBD_HAL_SetTransferCallback
                0x004021fc       0x20 libusb/lib/libusb_sam3s_rel.a(release-USBD_HAL.o)
                0x004021fc                USBD_HAL_SetTransferCallback
 .text.USBD_HAL_Write
                0x0040221c      0x188 libusb/lib/libusb_sam3s_rel.a(release-USBD_HAL.o)
                0x0040221c                USBD_HAL_Write
 .text.USBD_HAL_Read
                0x004023a4       0x40 libusb/lib/libusb_sam3s_rel.a(release-USBD_HAL.o)
                0x004023a4                USBD_HAL_Read
 .text.USBD_HAL_Connect
                0x004023e4       0x28 libusb/lib/libusb_sam3s_rel.a(release-USBD_HAL.o)
                0x004023e4                USBD_HAL_Connect
 .text.USBD_HAL_Disconnect
                0x0040240c       0x28 libusb/lib/libusb_sam3s_rel.a(release-USBD_HAL.o)
                0x0040240c                USBD_HAL_Disconnect
 .text.USBD_HAL_SetAddress
                0x00402434       0x1c libusb/lib/libusb_sam3s_rel.a(release-USBD_HAL.o)
                0x00402434                USBD_HAL_SetAddress
 .text.USBD_HAL_SetConfiguration
                0x00402450       0x18 libusb/lib/libusb_sam3s_rel.a(release-USBD_HAL.o)
                0x00402450                USBD_HAL_SetConfiguration
 .text.USBD_HAL_Init
                0x00402468       0x40 libusb/lib/libusb_sam3s_rel.a(release-USBD_HAL.o)
                0x00402468                USBD_HAL_Init
 .text.USBD_HAL_Stall
                0x004024a8       0x60 libusb/lib/libusb_sam3s_rel.a(release-USBD_HAL.o)
                0x004024a8                USBD_HAL_Stall
 .text.USBD_HAL_Halt
                0x00402508       0xc4 libusb/lib/libusb_sam3s_rel.a(release-USBD_HAL.o)
                0x00402508                USBD_HAL_Halt
 .text.USBD_HAL_IsHighSpeed
                0x004025cc        0x4 libusb/lib/libusb_sam3s_rel.a(release-USBD_HAL.o)
                0x004025cc                USBD_HAL_IsHighSpeed
 .text.USBD_HAL_Suspend
                0x004025d0       0x28 libusb/lib/libusb_sam3s_rel.a(release-USBD_HAL.o)
                0x004025d0                USBD_HAL_Suspend
 .text.USBD_HAL_Activate
                0x004025f8       0x24 libusb/lib/libusb_sam3s_rel.a(release-USBD_HAL.o)
                0x004025f8                USBD_HAL_Activate
 .text.USBGenericDescriptor_GetLength
                0x0040261c        0x4 libusb/lib/libusb_sam3s_rel.a(release-USBDescriptors.o)
                0x0040261c                USBGenericDescriptor_GetLength
 .text.USBGenericDescriptor_GetType
                0x00402620        0x4 libusb/lib/libusb_sam3s_rel.a(release-USBDescriptors.o)
                0x00402620                USBGenericDescriptor_GetType
 .text.USBGenericDescriptor_GetNextDescriptor
                0x00402624       0x10 libusb/lib/libusb_sam3s_rel.a(release-USBDescriptors.o)
                0x00402624                USBGenericDescriptor_GetNextDescriptor
 .text.USBGenericDescriptor_Parse
                0x00402634       0x4c libusb/lib/libusb_sam3s_rel.a(release-USBDescriptors.o)
                0x00402634                USBGenericDescriptor_Parse
 .text.USBEndpointDescriptor_GetNumber
                0x00402680        0x8 libusb/lib/libusb_sam3s_rel.a(release-USBDescriptors.o)
                0x00402680                USBEndpointDescriptor_GetNumber
 .text.USBEndpointDescriptor_GetDirection
                0x00402688        0x6 libusb/lib/libusb_sam3s_rel.a(release-USBDescriptors.o)
                0x00402688                USBEndpointDescriptor_GetDirection
 .text.USBEndpointDescriptor_GetType
                0x0040268e        0x8 libusb/lib/libusb_sam3s_rel.a(release-USBDescriptors.o)
                0x0040268e                USBEndpointDescriptor_GetType
 .text.USBEndpointDescriptor_GetMaxPacketSize
                0x00402696        0x4 libusb/lib/libusb_sam3s_rel.a(release-USBDescriptors.o)
                0x00402696                USBEndpointDescriptor_GetMaxPacketSize
 .text.USBConfigurationDescriptor_GetTotalLength
                0x0040269a        0x4 libusb/lib/libusb_sam3s_rel.a(release-USBDescriptors.o)
                0x0040269a                USBConfigurationDescriptor_GetTotalLength
 .text.USBConfigurationDescriptor_IsSelfPowered
                0x0040269e        0x8 libusb/lib/libusb_sam3s_rel.a(release-USBDescriptors.o)
                0x0040269e                USBConfigurationDescriptor_IsSelfPowered
 *fill*         0x004026a6        0x2 00
 .text.USBConfigurationDescriptor_Parse
                0x004026a8       0x78 libusb/lib/libusb_sam3s_rel.a(release-USBDescriptors.o)
                0x004026a8                USBConfigurationDescriptor_Parse
 .text.USBD_SuspendHandler
                0x00402720       0x24 libusb/lib/libusb_sam3s_rel.a(release-USBD.o)
                0x00402720                USBD_SuspendHandler
 .text.USBD_ResumeHandler
                0x00402744       0x28 libusb/lib/libusb_sam3s_rel.a(release-USBD.o)
                0x00402744                USBD_ResumeHandler
 .text.USBD_RequestHandler
                0x0040276c       0x2c libusb/lib/libusb_sam3s_rel.a(release-USBD.o)
                0x0040276c                USBD_RequestHandler
 .text.USBD_ConfigureEndpoint
                0x00402798        0xc libusb/lib/libusb_sam3s_rel.a(release-USBD.o)
                0x00402798                USBD_ConfigureEndpoint
 .text.USBD_ResetHandler
                0x004027a4       0x38 libusb/lib/libusb_sam3s_rel.a(release-USBD.o)
                0x004027a4                USBD_ResetHandler
 .text.USBD_Write
                0x004027dc       0x24 libusb/lib/libusb_sam3s_rel.a(release-USBD.o)
                0x004027dc                USBD_Write
 .text.USBD_Read
                0x00402800       0x24 libusb/lib/libusb_sam3s_rel.a(release-USBD.o)
                0x00402800                USBD_Read
 .text.USBD_Halt
                0x00402824       0x10 libusb/lib/libusb_sam3s_rel.a(release-USBD.o)
                0x00402824                USBD_Halt
 .text.USBD_Unhalt
                0x00402834       0x10 libusb/lib/libusb_sam3s_rel.a(release-USBD.o)
                0x00402834                USBD_Unhalt
 .text.USBD_IsHighSpeed
                0x00402844        0xc libusb/lib/libusb_sam3s_rel.a(release-USBD.o)
                0x00402844                USBD_IsHighSpeed
 .text.USBD_Stall
                0x00402850        0xc libusb/lib/libusb_sam3s_rel.a(release-USBD.o)
                0x00402850                USBD_Stall
 .text.USBD_SetAddress
                0x0040285c       0x20 libusb/lib/libusb_sam3s_rel.a(release-USBD.o)
                0x0040285c                USBD_SetAddress
 .text.USBD_SetConfiguration
                0x0040287c       0x30 libusb/lib/libusb_sam3s_rel.a(release-USBD.o)
                0x0040287c                USBD_SetConfiguration
 .text.USBD_Connect
                0x004028ac        0xc libusb/lib/libusb_sam3s_rel.a(release-USBD.o)
                0x004028ac                USBD_Connect
 .text.USBD_Disconnect
                0x004028b8       0x28 libusb/lib/libusb_sam3s_rel.a(release-USBD.o)
                0x004028b8                USBD_Disconnect
 .text.USBD_Init
                0x004028e0       0x24 libusb/lib/libusb_sam3s_rel.a(release-USBD.o)
                0x004028e0                USBD_Init
 .text.USBD_GetState
                0x00402904        0xc libusb/lib/libusb_sam3s_rel.a(release-USBD.o)
                0x00402904                USBD_GetState
 .text.USBDCallbacks_Reset
                0x00402910        0x2 libusb/lib/libusb_sam3s_rel.a(release-USBDCallbacks.o)
                0x00402910                USBDCallbacks_Reset
 .text.USBDCallbacks_Suspended
                0x00402912        0x2 libusb/lib/libusb_sam3s_rel.a(release-USBDCallbacks.o)
                0x00402912                USBDCallbacks_Suspended
 .text.USBDCallbacks_Resumed
                0x00402914        0x2 libusb/lib/libusb_sam3s_rel.a(release-USBDCallbacks.o)
                0x00402914                USBDCallbacks_Resumed
 *fill*         0x00402916        0x2 00
 .text.TerminateCtrlInWithNull
                0x00402918       0x18 libusb/lib/libusb_sam3s_rel.a(release-USBDDriver.o)
 .text.USBD_GetDriver
                0x00402930        0x8 libusb/lib/libusb_sam3s_rel.a(release-USBDDriver.o)
                0x00402930                USBD_GetDriver
 .text.USBDDriver_Initialize
                0x00402938        0xc libusb/lib/libusb_sam3s_rel.a(release-USBDDriver.o)
                0x00402938                USBDDriver_Initialize
 .text.USBDDriver_GetCfgDescriptors
                0x00402944       0x18 libusb/lib/libusb_sam3s_rel.a(release-USBDDriver.o)
                0x00402944                USBDDriver_GetCfgDescriptors
 .text.USBDDriver_RequestHandler
                0x0040295c      0x3f0 libusb/lib/libusb_sam3s_rel.a(release-USBDDriver.o)
                0x0040295c                USBDDriver_RequestHandler
 .text.CDCDSerial_Initialize
                0x00402d4c       0x24 libusb/lib/libusb_sam3s_rel.a(release-CDCDSerial.o)
                0x00402d4c                CDCDSerial_Initialize
 .text.CDCDSerial_ConfigureFunction
                0x00402d70       0x18 libusb/lib/libusb_sam3s_rel.a(release-CDCDSerial.o)
                0x00402d70                CDCDSerial_ConfigureFunction
 .text.CDCDSerial_RequestHandler
                0x00402d88       0x14 libusb/lib/libusb_sam3s_rel.a(release-CDCDSerial.o)
                0x00402d88                CDCDSerial_RequestHandler
 .text.CDCDSerial_Read
                0x00402d9c       0x20 libusb/lib/libusb_sam3s_rel.a(release-CDCDSerial.o)
                0x00402d9c                CDCDSerial_Read
 .text.CDCDSerial_Write
                0x00402dbc       0x20 libusb/lib/libusb_sam3s_rel.a(release-CDCDSerial.o)
                0x00402dbc                CDCDSerial_Write
 .text.CDCDSerial_LineCodingIsToChange
                0x00402ddc        0x4 libusb/lib/libusb_sam3s_rel.a(release-CDCDSerial.o)
                0x00402ddc                CDCDSerial_LineCodingIsToChange
 .text.CDCDSerial_ControlLineStateChanged
                0x00402de0        0x2 libusb/lib/libusb_sam3s_rel.a(release-CDCDSerial.o)
                0x00402de0                CDCDSerial_ControlLineStateChanged
 *fill*         0x00402de2        0x2 00
 .text.CDCDSerial_EventHandler
                0x00402de4       0x34 libusb/lib/libusb_sam3s_rel.a(release-CDCDSerial.o)
 .text.USBDDriverCallbacks_InterfaceSettingChanged
                0x00402e18        0x2 libusb/lib/libusb_sam3s_rel.a(release-USBDDriverCallbacks.o)
                0x00402e18                USBDDriverCallbacks_InterfaceSettingChanged
 *fill*         0x00402e1a        0x2 00
 .text.CDCDSerialDriver_Initialize
                0x00402e1c       0x30 libusb/lib/libusb_sam3s_rel.a(release-CDCDSerialDriver.o)
                0x00402e1c                CDCDSerialDriver_Initialize
 .text.CDCDSerialDriver_ConfigurationChangedHandler
                0x00402e4c       0x24 libusb/lib/libusb_sam3s_rel.a(release-CDCDSerialDriver.o)
                0x00402e4c                CDCDSerialDriver_ConfigurationChangedHandler
 .text.CDCDSerialDriver_RequestHandler
                0x00402e70       0x28 libusb/lib/libusb_sam3s_rel.a(release-CDCDSerialDriver.o)
                0x00402e70                CDCDSerialDriver_RequestHandler
 .text.USBGenericRequest_GetType
                0x00402e98        0xa libusb/lib/libusb_sam3s_rel.a(release-USBRequests.o)
                0x00402e98                USBGenericRequest_GetType
 .text.USBGenericRequest_GetRequest
                0x00402ea2        0x4 libusb/lib/libusb_sam3s_rel.a(release-USBRequests.o)
                0x00402ea2                USBGenericRequest_GetRequest
 .text.USBGenericRequest_GetValue
                0x00402ea6        0x4 libusb/lib/libusb_sam3s_rel.a(release-USBRequests.o)
                0x00402ea6                USBGenericRequest_GetValue
 .text.USBGenericRequest_GetIndex
                0x00402eaa        0x4 libusb/lib/libusb_sam3s_rel.a(release-USBRequests.o)
                0x00402eaa                USBGenericRequest_GetIndex
 .text.USBGenericRequest_GetLength
                0x00402eae        0x4 libusb/lib/libusb_sam3s_rel.a(release-USBRequests.o)
                0x00402eae                USBGenericRequest_GetLength
 *fill*         0x00402eb2        0x2 00
 .text.USBGenericRequest_GetEndpointNumber
                0x00402eb4       0x10 libusb/lib/libusb_sam3s_rel.a(release-USBRequests.o)
                0x00402eb4                USBGenericRequest_GetEndpointNumber
 .text.USBGenericRequest_GetRecipient
                0x00402ec4        0x8 libusb/lib/libusb_sam3s_rel.a(release-USBRequests.o)
                0x00402ec4                USBGenericRequest_GetRecipient
 .text.USBGenericRequest_GetDirection
                0x00402ecc        0x6 libusb/lib/libusb_sam3s_rel.a(release-USBRequests.o)
                0x00402ecc                USBGenericRequest_GetDirection
 *fill*         0x00402ed2        0x2 00
 .text.USBGetDescriptorRequest_GetDescriptorType
                0x00402ed4       0x10 libusb/lib/libusb_sam3s_rel.a(release-USBRequests.o)
                0x00402ed4                USBGetDescriptorRequest_GetDescriptorType
 .text.USBGetDescriptorRequest_GetDescriptorIndex
                0x00402ee4       0x10 libusb/lib/libusb_sam3s_rel.a(release-USBRequests.o)
                0x00402ee4                USBGetDescriptorRequest_GetDescriptorIndex
 .text.USBSetAddressRequest_GetAddress
                0x00402ef4       0x10 libusb/lib/libusb_sam3s_rel.a(release-USBRequests.o)
                0x00402ef4                USBSetAddressRequest_GetAddress
 .text.USBSetConfigurationRequest_GetConfiguration
                0x00402f04       0x10 libusb/lib/libusb_sam3s_rel.a(release-USBRequests.o)
                0x00402f04                USBSetConfigurationRequest_GetConfiguration
 .text.USBInterfaceRequest_GetInterface
                0x00402f14       0x10 libusb/lib/libusb_sam3s_rel.a(release-USBRequests.o)
                0x00402f14                USBInterfaceRequest_GetInterface
 .text.USBInterfaceRequest_GetAlternateSetting
                0x00402f24       0x10 libusb/lib/libusb_sam3s_rel.a(release-USBRequests.o)
                0x00402f24                USBInterfaceRequest_GetAlternateSetting
 .text.USBFeatureRequest_GetFeatureSelector
                0x00402f34       0x10 libusb/lib/libusb_sam3s_rel.a(release-USBRequests.o)
                0x00402f34                USBFeatureRequest_GetFeatureSelector
 .text._Interfaces_Parse
                0x00402f44       0xa6 libusb/lib/libusb_sam3s_rel.a(release-CDCDSerialPort.o)
 *fill*         0x00402fea        0x2 00
 .text._SetLineCodingCallback
                0x00402fec       0x48 libusb/lib/libusb_sam3s_rel.a(release-CDCDSerialPort.o)
 .text.CDCDSerialPort_Initialize
                0x00403034       0x34 libusb/lib/libusb_sam3s_rel.a(release-CDCDSerialPort.o)
                0x00403034                CDCDSerialPort_Initialize
 .text.CDCDSerialPort_ParseInterfaces
                0x00403068       0x20 libusb/lib/libusb_sam3s_rel.a(release-CDCDSerialPort.o)
                0x00403068                CDCDSerialPort_ParseInterfaces
 .text.CDCDSerialPort_RequestHandler
                0x00403088       0x9c libusb/lib/libusb_sam3s_rel.a(release-CDCDSerialPort.o)
                0x00403088                CDCDSerialPort_RequestHandler
 .text.CDCDSerialPort_Read
                0x00403124       0x18 libusb/lib/libusb_sam3s_rel.a(release-CDCDSerialPort.o)
                0x00403124                CDCDSerialPort_Read
 .text.CDCDSerialPort_Write
                0x0040313c       0x18 libusb/lib/libusb_sam3s_rel.a(release-CDCDSerialPort.o)
                0x0040313c                CDCDSerialPort_Write
 .text.CDCLineCoding_Initialize
                0x00403154        0xe libusb/lib/libusb_sam3s_rel.a(release-CDCLineCoding.o)
                0x00403154                CDCLineCoding_Initialize
 *fill*         0x00403162        0x2 00
 .text.NVIC_SetPriority
                0x00403164       0x28 libchip/lib/libchip_sam3s4_rel.a(release-pio_it.o)
 .text.PioInterruptHandler
                0x0040318c       0x6c libchip/lib/libchip_sam3s4_rel.a(release-pio_it.o)
                0x0040318c                PioInterruptHandler
 .text.PIOA_IrqHandler
                0x004031f8       0x24 libchip/lib/libchip_sam3s4_rel.a(release-pio_it.o)
                0x004031f8                PIOA_IrqHandler
 .text.PIOB_IrqHandler
                0x0040321c       0x14 libchip/lib/libchip_sam3s4_rel.a(release-pio_it.o)
                0x0040321c                PIOB_IrqHandler
 .text.PIOC_IrqHandler
                0x00403230       0x14 libchip/lib/libchip_sam3s4_rel.a(release-pio_it.o)
                0x00403230                PIOC_IrqHandler
 .text.PIO_InitializeInterrupts
                0x00403244       0x98 libchip/lib/libchip_sam3s4_rel.a(release-pio_it.o)
                0x00403244                PIO_InitializeInterrupts
 .text.PIO_ConfigureIt
                0x004032dc       0x84 libchip/lib/libchip_sam3s4_rel.a(release-pio_it.o)
                0x004032dc                PIO_ConfigureIt
 .text.PIO_EnableIt
                0x00403360       0x70 libchip/lib/libchip_sam3s4_rel.a(release-pio_it.o)
                0x00403360                PIO_EnableIt
 .text.IrqHandlerNotUsed
                0x004033d0        0x2 libchip/lib/libchip_sam3s4_rel.a(release-exceptions.o)
                0x004033d0                IrqHandlerNotUsed
 .text.NMI_Handler
                0x004033d2        0x2 libchip/lib/libchip_sam3s4_rel.a(release-exceptions.o)
                0x004033d2                NMI_Handler
 .text.HardFault_Handler
                0x004033d4        0x2 libchip/lib/libchip_sam3s4_rel.a(release-exceptions.o)
                0x004033d4                HardFault_Handler
 .text.MemManage_Handler
                0x004033d6        0x2 libchip/lib/libchip_sam3s4_rel.a(release-exceptions.o)
                0x004033d6                MemManage_Handler
 .text.BusFault_Handler
                0x004033d8        0x2 libchip/lib/libchip_sam3s4_rel.a(release-exceptions.o)
                0x004033d8                BusFault_Handler
 .text.UsageFault_Handler
                0x004033da        0x2 libchip/lib/libchip_sam3s4_rel.a(release-exceptions.o)
                0x004033da                UsageFault_Handler
 .text.SVC_Handler
                0x004033dc        0x2 libchip/lib/libchip_sam3s4_rel.a(release-exceptions.o)
                0x004033dc                SVC_Handler
 .text.DebugMon_Handler
                0x004033de        0x2 libchip/lib/libchip_sam3s4_rel.a(release-exceptions.o)
                0x004033de                DebugMon_Handler
 .text.PendSV_Handler
                0x004033e0        0x2 libchip/lib/libchip_sam3s4_rel.a(release-exceptions.o)
                0x004033e0                PendSV_Handler
 .text.SUPC_IrqHandler
                0x004033e2        0x2 libchip/lib/libchip_sam3s4_rel.a(release-exceptions.o)
                0x004033e2                SUPC_IrqHandler
 .text.RSTC_IrqHandler
                0x004033e4        0x2 libchip/lib/libchip_sam3s4_rel.a(release-exceptions.o)
                0x004033e4                RSTC_IrqHandler
 .text.RTC_IrqHandler
                0x004033e6        0x2 libchip/lib/libchip_sam3s4_rel.a(release-exceptions.o)
                0x004033e6                RTC_IrqHandler
 .text.RTT_IrqHandler
                0x004033e8        0x2 libchip/lib/libchip_sam3s4_rel.a(release-exceptions.o)
                0x004033e8                RTT_IrqHandler
 .text.WDT_IrqHandler
                0x004033ea        0x2 libchip/lib/libchip_sam3s4_rel.a(release-exceptions.o)
                0x004033ea                WDT_IrqHandler
 .text.PMC_IrqHandler
                0x004033ec        0x2 libchip/lib/libchip_sam3s4_rel.a(release-exceptions.o)
                0x004033ec                PMC_IrqHandler
 .text.EEFC_IrqHandler
                0x004033ee        0x2 libchip/lib/libchip_sam3s4_rel.a(release-exceptions.o)
                0x004033ee                EEFC_IrqHandler
 .text.UART0_IrqHandler
                0x004033f0        0x2 libchip/lib/libchip_sam3s4_rel.a(release-exceptions.o)
                0x004033f0                UART0_IrqHandler
 .text.UART1_IrqHandler
                0x004033f2        0x2 libchip/lib/libchip_sam3s4_rel.a(release-exceptions.o)
                0x004033f2                UART1_IrqHandler
 .text.SMC_IrqHandler
                0x004033f4        0x2 libchip/lib/libchip_sam3s4_rel.a(release-exceptions.o)
                0x004033f4                SMC_IrqHandler
 .text.USART0_IrqHandler
                0x004033f6        0x2 libchip/lib/libchip_sam3s4_rel.a(release-exceptions.o)
                0x004033f6                USART0_IrqHandler
 .text.USART1_IrqHandler
                0x004033f8        0x2 libchip/lib/libchip_sam3s4_rel.a(release-exceptions.o)
                0x004033f8                USART1_IrqHandler
 .text.MCI_IrqHandler
                0x004033fa        0x2 libchip/lib/libchip_sam3s4_rel.a(release-exceptions.o)
                0x004033fa                MCI_IrqHandler
 .text.TWI0_IrqHandler
                0x004033fc        0x2 libchip/lib/libchip_sam3s4_rel.a(release-exceptions.o)
                0x004033fc                TWI0_IrqHandler
 .text.TWI1_IrqHandler
                0x004033fe        0x2 libchip/lib/libchip_sam3s4_rel.a(release-exceptions.o)
                0x004033fe                TWI1_IrqHandler
 .text.SPI_IrqHandler
                0x00403400        0x2 libchip/lib/libchip_sam3s4_rel.a(release-exceptions.o)
                0x00403400                SPI_IrqHandler
 .text.SSC_IrqHandler
                0x00403402        0x2 libchip/lib/libchip_sam3s4_rel.a(release-exceptions.o)
                0x00403402                SSC_IrqHandler
 .text.TC2_IrqHandler
                0x00403404        0x2 libchip/lib/libchip_sam3s4_rel.a(release-exceptions.o)
                0x00403404                TC2_IrqHandler
 .text.TC3_IrqHandler
                0x00403406        0x2 libchip/lib/libchip_sam3s4_rel.a(release-exceptions.o)
                0x00403406                TC3_IrqHandler
 .text.TC4_IrqHandler
                0x00403408        0x2 libchip/lib/libchip_sam3s4_rel.a(release-exceptions.o)
                0x00403408                TC4_IrqHandler
 .text.TC5_IrqHandler
                0x0040340a        0x2 libchip/lib/libchip_sam3s4_rel.a(release-exceptions.o)
                0x0040340a                TC5_IrqHandler
 .text.DAC_IrqHandler
                0x0040340c        0x2 libchip/lib/libchip_sam3s4_rel.a(release-exceptions.o)
                0x0040340c                DAC_IrqHandler
 .text.PWM_IrqHandler
                0x0040340e        0x2 libchip/lib/libchip_sam3s4_rel.a(release-exceptions.o)
                0x0040340e                PWM_IrqHandler
 .text.CRCCU_IrqHandler
                0x00403410        0x2 libchip/lib/libchip_sam3s4_rel.a(release-exceptions.o)
                0x00403410                CRCCU_IrqHandler
 .text.ACC_IrqHandler
                0x00403412        0x2 libchip/lib/libchip_sam3s4_rel.a(release-exceptions.o)
                0x00403412                ACC_IrqHandler
 .text.ADC_Initialize
                0x00403414       0x1c libchip/lib/libchip_sam3s4_rel.a(release-adc.o)
                0x00403414                ADC_Initialize
 .text.ADC_cfgFrequency
                0x00403430       0x16 libchip/lib/libchip_sam3s4_rel.a(release-adc.o)
                0x00403430                ADC_cfgFrequency
 *fill*         0x00403446        0x2 00
 .text.PIO_Configure
                0x00403448      0x14c libchip/lib/libchip_sam3s4_rel.a(release-pio.o)
                0x00403448                PIO_Configure
 .text.PIO_Get  0x00403594       0x1c libchip/lib/libchip_sam3s4_rel.a(release-pio.o)
                0x00403594                PIO_Get
 .text.PMC_EnablePeripheral
                0x004035b0       0x5c libchip/lib/libchip_sam3s4_rel.a(release-pmc.o)
                0x004035b0                PMC_EnablePeripheral
 .text.PMC_DisablePeripheral
                0x0040360c       0x58 libchip/lib/libchip_sam3s4_rel.a(release-pmc.o)
                0x0040360c                PMC_DisablePeripheral
 .text.PMC_IsPeriphEnabled
                0x00403664       0x4c libchip/lib/libchip_sam3s4_rel.a(release-pmc.o)
                0x00403664                PMC_IsPeriphEnabled
 .text.TC_Configure
                0x004036b0       0x38 libchip/lib/libchip_sam3s4_rel.a(release-tc.o)
                0x004036b0                TC_Configure
 .text.TC_Start
                0x004036e8       0x2c libchip/lib/libchip_sam3s4_rel.a(release-tc.o)
                0x004036e8                TC_Start
 .text.TC_Stop  0x00403714       0x2c libchip/lib/libchip_sam3s4_rel.a(release-tc.o)
                0x00403714                TC_Stop
 .text.TC_FindMckDivisor
                0x00403740       0x70 libchip/lib/libchip_sam3s4_rel.a(release-tc.o)
                0x00403740                TC_FindMckDivisor
 .text.PIO_CaptureHandler
                0x004037b0       0x60 libchip/lib/libchip_sam3s4_rel.a(release-pio_capture.o)
                0x004037b0                PIO_CaptureHandler
 .text          0x00403810       0x54 /usr/local/Sourcery/bin/../lib/gcc/arm-none-eabi/4.6.1/../../../../arm-none-eabi/lib/thumb2/libc.a(lib_a-assert.o)
                0x00403810                __assert_func
                0x00403858                __assert
 .text          0x00403864       0x4c /usr/local/Sourcery/bin/../lib/gcc/arm-none-eabi/4.6.1/../../../../arm-none-eabi/lib/thumb2/libc.a(lib_a-fiprintf.o)
                0x00403864                _fiprintf_r
                0x00403884                fiprintf
 .text          0x004038b0       0x6c /usr/local/Sourcery/bin/../lib/gcc/arm-none-eabi/4.6.1/../../../../arm-none-eabi/lib/thumb2/libc.a(lib_a-gets.o)
                0x004038b0                _gets_r
                0x0040390c                gets
 .text          0x0040391c       0x64 /usr/local/Sourcery/bin/../lib/gcc/arm-none-eabi/4.6.1/../../../../arm-none-eabi/lib/thumb2/libc.a(lib_a-iprintf.o)
                0x0040391c                iprintf
                0x00403954                _iprintf_r
 .text          0x00403980       0xf0 /usr/local/Sourcery/bin/../lib/gcc/arm-none-eabi/4.6.1/../../../../arm-none-eabi/lib/thumb2/libc.a(lib_a-memcpy.o)
                0x00403980                memcpy
 .text          0x00403a70       0xbc /usr/local/Sourcery/bin/../lib/gcc/arm-none-eabi/4.6.1/../../../../arm-none-eabi/lib/thumb2/libc.a(lib_a-memmove.o)
                0x00403a70                memmove
 .text          0x00403b2c       0x70 /usr/local/Sourcery/bin/../lib/gcc/arm-none-eabi/4.6.1/../../../../arm-none-eabi/lib/thumb2/libc.a(lib_a-rget.o)
                0x00403b2c                __srget_r
                0x00403b8c                __srget
 .text          0x00403b9c       0x10 /usr/local/Sourcery/bin/../lib/gcc/arm-none-eabi/4.6.1/../../../../arm-none-eabi/lib/thumb2/libc.a(lib_a-setbuf.o)
                0x00403b9c                setbuf
 .text          0x00403bac      0x15c /usr/local/Sourcery/bin/../lib/gcc/arm-none-eabi/4.6.1/../../../../arm-none-eabi/lib/thumb2/libc.a(lib_a-setvbuf.o)
                0x00403bac                setvbuf
 .text          0x00403d08      0xd18 /usr/local/Sourcery/bin/../lib/gcc/arm-none-eabi/4.6.1/../../../../arm-none-eabi/lib/thumb2/libc.a(lib_a-vfiprintf.o)
                0x00403d08                __sprint_r
                0x00403d88                _vfiprintf_r
                0x00404a04                vfiprintf
 .text          0x00404a20       0xf8 /usr/local/Sourcery/bin/../lib/gcc/arm-none-eabi/4.6.1/../../../../arm-none-eabi/lib/thumb2/libc.a(lib_a-wsetup.o)
                0x00404a20                __swsetup_r
 .text          0x00404b18       0x10 /usr/local/Sourcery/bin/../lib/gcc/arm-none-eabi/4.6.1/../../../../arm-none-eabi/lib/thumb2/libc.a(lib_a-abort.o)
                0x00404b18                abort
 .text          0x00404b28      0x1e0 /usr/local/Sourcery/bin/../lib/gcc/arm-none-eabi/4.6.1/../../../../arm-none-eabi/lib/thumb2/libc.a(lib_a-fflush.o)
                0x00404b28                _fflush_r
                0x00404ce0                fflush
 .text          0x00404d08      0x1dc /usr/local/Sourcery/bin/../lib/gcc/arm-none-eabi/4.6.1/../../../../arm-none-eabi/lib/thumb2/libc.a(lib_a-findfp.o)
                0x00404d10                _cleanup_r
                0x00404d6c                __sfmoreglue
                0x00404d9c                _cleanup
                0x00404dac                __sinit
                0x00404e08                __sfp
                0x00404ea4                __sfp_lock_acquire
                0x00404ea8                __sfp_lock_release
                0x00404eac                __sinit_lock_acquire
                0x00404eb0                __sinit_lock_release
                0x00404eb4                __fp_lock_all
                0x00404ecc                __fp_unlock_all
 .text          0x00404ee4      0x13c /usr/local/Sourcery/bin/../lib/gcc/arm-none-eabi/4.6.1/../../../../arm-none-eabi/lib/thumb2/libc.a(lib_a-fputwc.o)
                0x00404ee4                _fputwc_r
                0x00404fc8                fputwc
 .text          0x00405020      0x234 /usr/local/Sourcery/bin/../lib/gcc/arm-none-eabi/4.6.1/../../../../arm-none-eabi/lib/thumb2/libc.a(lib_a-freer.o)
                0x00405020                _malloc_trim_r
                0x004050c4                _free_r
 .text          0x00405254      0x32c /usr/local/Sourcery/bin/../lib/gcc/arm-none-eabi/4.6.1/../../../../arm-none-eabi/lib/thumb2/libc.a(lib_a-fvwrite.o)
                0x00405254                __sfvwrite_r
 .text          0x00405580       0xa0 /usr/local/Sourcery/bin/../lib/gcc/arm-none-eabi/4.6.1/../../../../arm-none-eabi/lib/thumb2/libc.a(lib_a-fwalk.o)
                0x00405580                _fwalk
                0x004055cc                _fwalk_reent
 .text          0x00405620       0xa4 /usr/local/Sourcery/bin/../lib/gcc/arm-none-eabi/4.6.1/../../../../arm-none-eabi/lib/thumb2/libc.a(lib_a-locale.o)
                0x00405620                _setlocale_r
                0x0040567c                __locale_charset
                0x00405688                __locale_mb_cur_max
                0x00405694                __locale_msgcharset
                0x0040569c                __locale_cjk_lang
                0x004056a0                _localeconv_r
                0x004056a8                setlocale
                0x004056bc                localeconv
 .text          0x004056c4       0xe8 /usr/local/Sourcery/bin/../lib/gcc/arm-none-eabi/4.6.1/../../../../arm-none-eabi/lib/thumb2/libc.a(lib_a-makebuf.o)
                0x004056c4                __smakebuf_r
 .text          0x004057ac       0x20 /usr/local/Sourcery/bin/../lib/gcc/arm-none-eabi/4.6.1/../../../../arm-none-eabi/lib/thumb2/libc.a(lib_a-malloc.o)
                0x004057ac                malloc
                0x004057bc                free
 .text          0x004057cc      0x57c /usr/local/Sourcery/bin/../lib/gcc/arm-none-eabi/4.6.1/../../../../arm-none-eabi/lib/thumb2/libc.a(lib_a-mallocr.o)
                0x004057cc                _malloc_r
 .text          0x00405d48       0x88 /usr/local/Sourcery/bin/../lib/gcc/arm-none-eabi/4.6.1/../../../../arm-none-eabi/lib/thumb2/libc.a(lib_a-memchr.o)
                0x00405d48                memchr
 .text          0x00405dd0       0x8c /usr/local/Sourcery/bin/../lib/gcc/arm-none-eabi/4.6.1/../../../../arm-none-eabi/lib/thumb2/libc.a(lib_a-memset.o)
                0x00405dd0                memset
 .text          0x00405e5c        0x8 /usr/local/Sourcery/bin/../lib/gcc/arm-none-eabi/4.6.1/../../../../arm-none-eabi/lib/thumb2/libc.a(lib_a-mlock.o)
                0x00405e5c                __malloc_lock
                0x00405e60                __malloc_unlock
 .text          0x00405e64      0x3d8 /usr/local/Sourcery/bin/../lib/gcc/arm-none-eabi/4.6.1/../../../../arm-none-eabi/lib/thumb2/libc.a(lib_a-reallocr.o)
                0x00405e64                _realloc_r
 .text          0x0040623c      0x144 /usr/local/Sourcery/bin/../lib/gcc/arm-none-eabi/4.6.1/../../../../arm-none-eabi/lib/thumb2/libc.a(lib_a-refill.o)
                0x00406250                __srefill_r
 .text          0x00406380       0x28 /usr/local/Sourcery/bin/../lib/gcc/arm-none-eabi/4.6.1/../../../../arm-none-eabi/lib/thumb2/libc.a(lib_a-sbrkr.o)
                0x00406380                _sbrk_r
 .text          0x004063a8      0x150 /usr/local/Sourcery/bin/../lib/gcc/arm-none-eabi/4.6.1/../../../../arm-none-eabi/lib/thumb2/libc.a(lib_a-signal.o)
                0x004063a8                _init_signal_r
                0x004063d8                _signal_r
                0x00406414                _raise_r
                0x00406468                __sigtramp_r
                0x004064b4                raise
                0x004064c4                signal
                0x004064d8                _init_signal
                0x004064e8                __sigtramp
 .text          0x004064f8       0x2c /usr/local/Sourcery/bin/../lib/gcc/arm-none-eabi/4.6.1/../../../../arm-none-eabi/lib/thumb2/libc.a(lib_a-signalr.o)
                0x004064f8                _kill_r
                0x00406520                _getpid_r
 .text          0x00406524       0x8c /usr/local/Sourcery/bin/../lib/gcc/arm-none-eabi/4.6.1/../../../../arm-none-eabi/lib/thumb2/libc.a(lib_a-stdio.o)
                0x00406524                __sread
                0x00406548                __seofread
                0x0040654c                __swrite
                0x00406584                __sseek
                0x004065a8                __sclose
 .text          0x004065b0      0x1dc /usr/local/Sourcery/bin/../lib/gcc/arm-none-eabi/4.6.1/../../../../arm-none-eabi/lib/thumb2/libc.a(lib_a-strcmp.o)
                0x004065b0                strcmp
 .text          0x0040678c       0x60 /usr/local/Sourcery/bin/../lib/gcc/arm-none-eabi/4.6.1/../../../../arm-none-eabi/lib/thumb2/libc.a(lib_a-strlen.o)
                0x0040678c                strlen
 .text          0x004067ec       0xfc /usr/local/Sourcery/bin/../lib/gcc/arm-none-eabi/4.6.1/../../../../arm-none-eabi/lib/thumb2/libc.a(lib_a-wbuf.o)
                0x004067ec                __swbuf_r
                0x004068d4                __swbuf
 .text          0x004068e8       0xb0 /usr/local/Sourcery/bin/../lib/gcc/arm-none-eabi/4.6.1/../../../../arm-none-eabi/lib/thumb2/libc.a(lib_a-wcrtomb.o)
                0x004068e8                _wcrtomb_r
                0x00406938                wcrtomb
 .text          0x00406998       0x4c /usr/local/Sourcery/bin/../lib/gcc/arm-none-eabi/4.6.1/../../../../arm-none-eabi/lib/thumb2/libc.a(lib_a-wctomb_r.o)
                0x00406998                __ascii_wctomb
                0x004069b4                _wctomb_r
 .text          0x004069e4       0x2c /usr/local/Sourcery/bin/../lib/gcc/arm-none-eabi/4.6.1/../../../../arm-none-eabi/lib/thumb2/libc.a(lib_a-writer.o)
                0x004069e4                _write_r
 .text          0x00406a10       0x28 /usr/local/Sourcery/bin/../lib/gcc/arm-none-eabi/4.6.1/../../../../arm-none-eabi/lib/thumb2/libc.a(lib_a-closer.o)
                0x00406a10                _close_r
 .text          0x00406a38       0xc4 /usr/local/Sourcery/bin/../lib/gcc/arm-none-eabi/4.6.1/../../../../arm-none-eabi/lib/thumb2/libc.a(lib_a-fclose.o)
                0x00406a38                _fclose_r
                0x00406aec                fclose
 .text          0x00406afc       0x28 /usr/local/Sourcery/bin/../lib/gcc/arm-none-eabi/4.6.1/../../../../arm-none-eabi/lib/thumb2/libc.a(lib_a-fstatr.o)
                0x00406afc                _fstat_r
 .text          0x00406b24       0x28 /usr/local/Sourcery/bin/../lib/gcc/arm-none-eabi/4.6.1/../../../../arm-none-eabi/lib/thumb2/libc.a(lib_a-isattyr.o)
                0x00406b24                _isatty_r
 .text          0x00406b4c       0x2c /usr/local/Sourcery/bin/../lib/gcc/arm-none-eabi/4.6.1/../../../../arm-none-eabi/lib/thumb2/libc.a(lib_a-lseekr.o)
                0x00406b4c                _lseek_r
 .text          0x00406b78       0x2c /usr/local/Sourcery/bin/../lib/gcc/arm-none-eabi/4.6.1/../../../../arm-none-eabi/lib/thumb2/libc.a(lib_a-readr.o)
                0x00406b78                _read_r
 .text          0x00406ba4       0x2c /usr/local/Sourcery/bin/../lib/gcc/arm-none-eabi/4.6.1/thumb2/libgcc.a(_aeabi_uldivmod.o)
                0x00406ba4                __aeabi_uldivmod
 .text          0x00406bd0       0x5c /usr/local/Sourcery/bin/../lib/gcc/arm-none-eabi/4.6.1/thumb2/libgcc.a(bpabi.o)
                0x00406bd0                __gnu_ldivmod_helper
                0x00406c00                __gnu_uldivmod_helper
 .text          0x00406c2c        0x4 /usr/local/Sourcery/bin/../lib/gcc/arm-none-eabi/4.6.1/thumb2/libgcc.a(_dvmd_tls.o)
                0x00406c2c                __aeabi_ldiv0
                0x00406c2c                __aeabi_idiv0
 .text          0x00406c30      0x364 /usr/local/Sourcery/bin/../lib/gcc/arm-none-eabi/4.6.1/thumb2/libgcc.a(_divdi3.o)
                0x00406c30                __divdi3
 .text          0x00406f94      0x334 /usr/local/Sourcery/bin/../lib/gcc/arm-none-eabi/4.6.1/thumb2/libgcc.a(_udivdi3.o)
                0x00406f94                __udivdi3
 .text          0x004072c8      0x278 /usr/local/Sourcery/bin/../lib/gcc/arm-none-eabi/4.6.1/thumb2/libgcc.a(_udivsi3.o)
                0x004072c8                __udivsi3
                0x004072c8                __aeabi_uidiv
                0x00407524                __aeabi_uidivmod
 *(.glue_7t)
 .glue_7t       0x00000000        0x0 linker stubs
 *(.glue_7)
 .glue_7        0x00000000        0x0 linker stubs
 *(.rodata .rodata* .gnu.linkonce.r.*)
 .rodata        0x00407540       0x1c build/obj/syscalls.o
 .rodata        0x0040755c        0xc build/obj/uart_console.o
 .rodata        0x00407568      0x124 build/obj/usb_console.o
 .rodata        0x0040768c       0x54 build/obj/led.o
 .rodata        0x004076e0       0xa0 build/obj/usb_device_descriptor.o
                0x004076e0                deviceDescriptor
                0x004076f4                configurationDescriptorsFS
                0x00407738                languageIdStringDescriptor
                0x0040773c                productStringDescriptor
                0x00407758                cdcdSerialDriverDescriptors
 .rodata        0x00407780       0x44 build/obj/main.o
 .rodata        0x004077c4       0x34 build/obj/controller.o
 .rodata.str1.1
                0x004077f8       0x69 libusb/lib/libusb_sam3s_rel.a(release-USBD_HAL.o)
                                 0x6b (size before relaxing)
 .rodata.str1.1
                0x00407861       0x30 libusb/lib/libusb_sam3s_rel.a(release-USBD.o)
 .rodata.str1.1
                0x00407891       0xef libusb/lib/libusb_sam3s_rel.a(release-USBDDriver.o)
 .rodata        0x00407980       0x3f libchip/lib/libchip_sam3s4_rel.a(release-pio_it.o)
 .rodata.str1.1
                0x004079bf       0x67 libchip/lib/libchip_sam3s4_rel.a(release-pio_it.o)
 .rodata        0x00407a26       0x3f libchip/lib/libchip_sam3s4_rel.a(release-pmc.o)
 .rodata.str1.1
                0x00407a65       0x17 libchip/lib/libchip_sam3s4_rel.a(release-pmc.o)
 .rodata        0x00407a7c       0x1e libchip/lib/libchip_sam3s4_rel.a(release-tc.o)
 .rodata.str1.1
                0x00407a9a       0x51 libchip/lib/libchip_sam3s4_rel.a(release-tc.o)
 *fill*         0x00407aeb        0x1 00
 .rodata.str1.4
                0x00407aec       0x3f /usr/local/Sourcery/bin/../lib/gcc/arm-none-eabi/4.6.1/../../../../arm-none-eabi/lib/thumb2/libc.a(lib_a-assert.o)
                                 0x44 (size before relaxing)
 *fill*         0x00407b2b        0x1 00
 .rodata        0x00407b2c        0x4 /usr/local/Sourcery/bin/../lib/gcc/arm-none-eabi/4.6.1/../../../../arm-none-eabi/lib/thumb2/libc.a(lib_a-impure.o)
                0x00407b2c                _global_impure_ptr
 .rodata.str1.4
                0x00407b30        0x2 /usr/local/Sourcery/bin/../lib/gcc/arm-none-eabi/4.6.1/../../../../arm-none-eabi/lib/thumb2/libc.a(lib_a-impure.o)
                                  0x4 (size before relaxing)
 *fill*         0x00407b32        0x2 00
 .rodata        0x00407b34       0x20 /usr/local/Sourcery/bin/../lib/gcc/arm-none-eabi/4.6.1/../../../../arm-none-eabi/lib/thumb2/libc.a(lib_a-vfiprintf.o)
 .rodata.str1.4
                0x00407b54       0x2f /usr/local/Sourcery/bin/../lib/gcc/arm-none-eabi/4.6.1/../../../../arm-none-eabi/lib/thumb2/libc.a(lib_a-vfiprintf.o)
                                 0x30 (size before relaxing)
 *fill*         0x00407b83        0x1 00
 .rodata        0x00407b84       0x60 /usr/local/Sourcery/bin/../lib/gcc/arm-none-eabi/4.6.1/../../../../arm-none-eabi/lib/thumb2/libc.a(lib_a-findfp.o)
                0x00407b84                __sf_fake_stderr
                0x00407ba4                __sf_fake_stdout
                0x00407bc4                __sf_fake_stdin
 .rodata.str1.4
                0x00407be4        0xc /usr/local/Sourcery/bin/../lib/gcc/arm-none-eabi/4.6.1/../../../../arm-none-eabi/lib/thumb2/libc.a(lib_a-locale.o)
                                 0x14 (size before relaxing)
 *(.ARM.extab* .gnu.linkonce.armextab.*)
                0x00407bf0                . = ALIGN (0x4)
 *(.init)
 .init          0x00407bf0        0x4 /usr/local/Sourcery/bin/../lib/gcc/arm-none-eabi/4.6.1/thumb2/crti.o
                0x00407bf0                _init
 .init          0x00407bf4        0x8 /usr/local/Sourcery/bin/../lib/gcc/arm-none-eabi/4.6.1/thumb2/crtn.o
                0x00407bfc                . = ALIGN (0x4)
                0x00407bfc                __preinit_array_start = .
 *(.preinit_array)
                0x00407bfc                __preinit_array_end = .
                0x00407bfc                . = ALIGN (0x4)
                0x00407bfc                __init_array_start = .
 *(SORT(.init_array.*))
 *(.init_array)
 .init_array    0x00407bfc        0x4 /usr/local/Sourcery/bin/../lib/gcc/arm-none-eabi/4.6.1/thumb2/crtbegin.o
                0x00407c00                __init_array_end = .
                0x00407c00                . = ALIGN (0x4)
 *crtbegin.o(.ctors)
 *(EXCLUDE_FILE(*crtend.o) .ctors)
 *(SORT(.ctors.*))
 *crtend.o(.ctors)
                0x00407c00                . = ALIGN (0x4)
 *(.fini)
 .fini          0x00407c00        0x4 /usr/local/Sourcery/bin/../lib/gcc/arm-none-eabi/4.6.1/thumb2/crti.o
                0x00407c00                _fini
 .fini          0x00407c04        0x8 /usr/local/Sourcery/bin/../lib/gcc/arm-none-eabi/4.6.1/thumb2/crtn.o
                0x00407c0c                . = ALIGN (0x4)
                0x00407c0c                __fini_array_start = .
 *(.fini_array)
 .fini_array    0x00407c0c        0x4 /usr/local/Sourcery/bin/../lib/gcc/arm-none-eabi/4.6.1/thumb2/crtbegin.o
 *(SORT(.fini_array.*))
                0x00407c10                __fini_array_end = .
 *crtbegin.o(.dtors)
 *(EXCLUDE_FILE(*crtend.o) .dtors)
 *(SORT(.dtors.*))
 *crtend.o(.dtors)
                0x00407c10                . = ALIGN (0x4)
                0x00407c10                _efixed = .
                0x00407c10                PROVIDE (__exidx_start, .)

.vfp11_veneer   0x00407c10        0x0
 .vfp11_veneer  0x00000000        0x0 linker stubs

.v4_bx          0x00407c10        0x0
 .v4_bx         0x00000000        0x0 linker stubs

.iplt           0x00407c10        0x0
 .iplt          0x00000000        0x0 /usr/local/Sourcery/bin/../lib/gcc/arm-none-eabi/4.6.1/thumb2/crtbegin.o

.ARM.exidx      0x00407c10        0x8
 *(.ARM.exidx* .gnu.linkonce.armexidx.*)
 .ARM.exidx     0x00407c10        0x8 /usr/local/Sourcery/bin/../lib/gcc/arm-none-eabi/4.6.1/thumb2/libgcc.a(_divdi3.o)
 .ARM.exidx     0x00407c18        0x0 /usr/local/Sourcery/bin/../lib/gcc/arm-none-eabi/4.6.1/thumb2/libgcc.a(_udivdi3.o)
                                  0x8 (size before relaxing)
                0x00407c18                PROVIDE (__exidx_end, .)

.eh_frame       0x00407c18        0x0
 .eh_frame      0x00407c18        0x0 /usr/local/Sourcery/bin/../lib/gcc/arm-none-eabi/4.6.1/thumb2/crtbegin.o

.rel.dyn        0x00407c18        0x0
 .rel.iplt      0x00000000        0x0 /usr/local/Sourcery/bin/../lib/gcc/arm-none-eabi/4.6.1/thumb2/crtbegin.o

.jcr            0x00407c18        0x0
 .jcr           0x00407c18        0x0 /usr/local/Sourcery/bin/../lib/gcc/arm-none-eabi/4.6.1/thumb2/crtbegin.o

.igot.plt       0x00407c18        0x0
 .igot.plt      0x00000000        0x0 /usr/local/Sourcery/bin/../lib/gcc/arm-none-eabi/4.6.1/thumb2/crtbegin.o
                0x00407c18                . = ALIGN (0x4)
                0x00407c18                _etext = .

.relocate       0x20000000      0x598 load address 0x00407c18
                0x20000000                . = ALIGN (0x4)
                0x20000000                _srelocate = .
 *(.ramfunc .ramfunc.*)
 *(.data .data.*)
 .data          0x20000000        0x4 build/obj/system.o
                0x20000000                SystemCoreClock
 .data          0x20000004        0x4 build/obj/uart_console.o
 .data          0x20000008        0x4 build/obj/usb_console.o
 .data          0x2000000c        0x8 build/obj/usb_device_descriptor.o
                0x2000000c                stringDescriptors
 .data          0x20000014       0xf4 /usr/local/Sourcery/bin/../lib/gcc/arm-none-eabi/4.6.1/../../../../arm-none-eabi/lib/thumb2/libc.a(lib_a-impure.o)
                0x20000014                _impure_ptr
 .data          0x20000108       0x7c /usr/local/Sourcery/bin/../lib/gcc/arm-none-eabi/4.6.1/../../../../arm-none-eabi/lib/thumb2/libc.a(lib_a-locale.o)
                0x20000128                __mb_cur_max
 .data          0x20000184      0x410 /usr/local/Sourcery/bin/../lib/gcc/arm-none-eabi/4.6.1/../../../../arm-none-eabi/lib/thumb2/libc.a(lib_a-mallocr.o)
                0x20000184                __malloc_av_
                0x2000058c                __malloc_sbrk_base
                0x20000590                __malloc_trim_threshold
 .data          0x20000594        0x4 /usr/local/Sourcery/bin/../lib/gcc/arm-none-eabi/4.6.1/../../../../arm-none-eabi/lib/thumb2/libc.a(lib_a-wctomb_r.o)
                0x20000594                __wctomb
                0x20000598                . = ALIGN (0x4)
                0x20000598                _erelocate = .

.bss            0x20000598      0x300 load address 0x004081b0
                0x20000598                . = ALIGN (0x4)
                0x20000598                _sbss = .
                0x20000598                _szero = .
 *(.bss .bss.*)
 .bss           0x20000598       0x1c /usr/local/Sourcery/bin/../lib/gcc/arm-none-eabi/4.6.1/thumb2/crtbegin.o
 .bss           0x200005b4        0x4 build/obj/syscalls.o
 .bss           0x200005b8        0x1 build/obj/uart_console.o
 *fill*         0x200005b9        0x3 00
 .bss           0x200005bc      0x10c build/obj/usb_console.o
 .bss           0x200006c8        0xc build/obj/led.o
 .bss           0x200006d4        0x4 build/obj/timetick.o
 .bss           0x200006d8       0x30 build/obj/main.o
 .bss           0x20000708       0xe0 libusb/lib/libusb_sam3s_rel.a(release-USBD_HAL.o)
 .bss           0x200007e8        0x2 libusb/lib/libusb_sam3s_rel.a(release-USBD.o)
 *fill*         0x200007ea        0x2 00
 .bss           0x200007ec       0x10 libusb/lib/libusb_sam3s_rel.a(release-USBDDriver.o)
 .bss           0x200007fc       0x1c libusb/lib/libusb_sam3s_rel.a(release-CDCDSerial.o)
 .bss           0x20000818        0x7 libusb/lib/libusb_sam3s_rel.a(release-CDCDSerialPort.o)
 *fill*         0x2000081f        0x1 00
 .bss           0x20000820       0x3c libchip/lib/libchip_sam3s4_rel.a(release-pio_it.o)
 .bss           0x2000085c        0x4 libchip/lib/libchip_sam3s4_rel.a(release-pio_capture.o)
 .bss           0x20000860       0x34 /usr/local/Sourcery/bin/../lib/gcc/arm-none-eabi/4.6.1/../../../../arm-none-eabi/lib/thumb2/libc.a(lib_a-mallocr.o)
                0x20000860                __malloc_top_pad
                0x20000864                __malloc_current_mallinfo
                0x2000088c                __malloc_max_sbrked_mem
                0x20000890                __malloc_max_total_mem
 *(COMMON)
 COMMON         0x20000894        0x4 /usr/local/Sourcery/bin/../lib/gcc/arm-none-eabi/4.6.1/../../../../arm-none-eabi/lib/thumb2/libc.a(lib_a-reent.o)
                0x20000894                errno
                0x20000898                . = ALIGN (0x4)
                0x20000898                _ebss = .
                0x20000898                _ezero = .

.stack          0x20000898     0x1000 load address 0x004084b0
                0x20000898                . = ALIGN (0x8)
 *(.stack .stack.*)
 .stack         0x20000898     0x1000 build/obj/startup.o
                0x20000898                pdwStack
                0x20001898                . = ALIGN (0x4)
                0x20001898                _end = .
OUTPUT(build/bin/project.elf elf32-littlearm)

.ARM.attributes
                0x00000000       0x29
 .ARM.attributes
                0x00000000       0x1b /usr/local/Sourcery/bin/../lib/gcc/arm-none-eabi/4.6.1/thumb2/crti.o
 .ARM.attributes
                0x0000001b       0x2b /usr/local/Sourcery/bin/../lib/gcc/arm-none-eabi/4.6.1/thumb2/crtbegin.o
 .ARM.attributes
                0x00000046       0x33 build/obj/syscalls.o
 .ARM.attributes
                0x00000079       0x33 build/obj/system.o
 .ARM.attributes
                0x000000ac       0x33 build/obj/uart_console.o
 .ARM.attributes
                0x000000df       0x33 build/obj/usb_console.o
 .ARM.attributes
                0x00000112       0x33 build/obj/led.o
 .ARM.attributes
                0x00000145       0x33 build/obj/timetick.o
 .ARM.attributes
                0x00000178       0x33 build/obj/startup.o
 .ARM.attributes
                0x000001ab       0x33 build/obj/usb_device_descriptor.o
 .ARM.attributes
                0x000001de       0x33 build/obj/main.o
 .ARM.attributes
                0x00000211       0x33 build/obj/controller.o
 .ARM.attributes
                0x00000244       0x33 libusb/lib/libusb_sam3s_rel.a(release-USBD_HAL.o)
 .ARM.attributes
                0x00000277       0x33 libusb/lib/libusb_sam3s_rel.a(release-USBDescriptors.o)
 .ARM.attributes
                0x000002aa       0x33 libusb/lib/libusb_sam3s_rel.a(release-USBD.o)
 .ARM.attributes
                0x000002dd       0x33 libusb/lib/libusb_sam3s_rel.a(release-USBDCallbacks.o)
 .ARM.attributes
                0x00000310       0x33 libusb/lib/libusb_sam3s_rel.a(release-USBDDriver.o)
 .ARM.attributes
                0x00000343       0x33 libusb/lib/libusb_sam3s_rel.a(release-CDCDSerial.o)
 .ARM.attributes
                0x00000376       0x33 libusb/lib/libusb_sam3s_rel.a(release-USBDDriverCallbacks.o)
 .ARM.attributes
                0x000003a9       0x33 libusb/lib/libusb_sam3s_rel.a(release-CDCDSerialDriver.o)
 .ARM.attributes
                0x000003dc       0x33 libusb/lib/libusb_sam3s_rel.a(release-USBRequests.o)
 .ARM.attributes
                0x0000040f       0x33 libusb/lib/libusb_sam3s_rel.a(release-CDCDSerialPort.o)
 .ARM.attributes
                0x00000442       0x33 libusb/lib/libusb_sam3s_rel.a(release-CDCLineCoding.o)
 .ARM.attributes
                0x00000475       0x33 libchip/lib/libchip_sam3s4_rel.a(release-pio_it.o)
 .ARM.attributes
                0x000004a8       0x33 libchip/lib/libchip_sam3s4_rel.a(release-exceptions.o)
 .ARM.attributes
                0x000004db       0x33 libchip/lib/libchip_sam3s4_rel.a(release-adc.o)
 .ARM.attributes
                0x0000050e       0x33 libchip/lib/libchip_sam3s4_rel.a(release-pio.o)
 .ARM.attributes
                0x00000541       0x33 libchip/lib/libchip_sam3s4_rel.a(release-pmc.o)
 .ARM.attributes
                0x00000574       0x33 libchip/lib/libchip_sam3s4_rel.a(release-tc.o)
 .ARM.attributes
                0x000005a7       0x33 libchip/lib/libchip_sam3s4_rel.a(release-pio_capture.o)
 .ARM.attributes
                0x000005da       0x2b /usr/local/Sourcery/bin/../lib/gcc/arm-none-eabi/4.6.1/../../../../arm-none-eabi/lib/thumb2/libc.a(lib_a-assert.o)
 .ARM.attributes
                0x00000605       0x2b /usr/local/Sourcery/bin/../lib/gcc/arm-none-eabi/4.6.1/../../../../arm-none-eabi/lib/thumb2/libc.a(lib_a-fiprintf.o)
 .ARM.attributes
                0x00000630       0x2b /usr/local/Sourcery/bin/../lib/gcc/arm-none-eabi/4.6.1/../../../../arm-none-eabi/lib/thumb2/libc.a(lib_a-gets.o)
 .ARM.attributes
                0x0000065b       0x2b /usr/local/Sourcery/bin/../lib/gcc/arm-none-eabi/4.6.1/../../../../arm-none-eabi/lib/thumb2/libc.a(lib_a-impure.o)
 .ARM.attributes
                0x00000686       0x2b /usr/local/Sourcery/bin/../lib/gcc/arm-none-eabi/4.6.1/../../../../arm-none-eabi/lib/thumb2/libc.a(lib_a-iprintf.o)
 .ARM.attributes
                0x000006b1       0x2b /usr/local/Sourcery/bin/../lib/gcc/arm-none-eabi/4.6.1/../../../../arm-none-eabi/lib/thumb2/libc.a(lib_a-memcpy.o)
 .ARM.attributes
                0x000006dc       0x2b /usr/local/Sourcery/bin/../lib/gcc/arm-none-eabi/4.6.1/../../../../arm-none-eabi/lib/thumb2/libc.a(lib_a-memmove.o)
 .ARM.attributes
                0x00000707       0x2b /usr/local/Sourcery/bin/../lib/gcc/arm-none-eabi/4.6.1/../../../../arm-none-eabi/lib/thumb2/libc.a(lib_a-reent.o)
 .ARM.attributes
                0x00000732       0x2b /usr/local/Sourcery/bin/../lib/gcc/arm-none-eabi/4.6.1/../../../../arm-none-eabi/lib/thumb2/libc.a(lib_a-rget.o)
 .ARM.attributes
                0x0000075d       0x2b /usr/local/Sourcery/bin/../lib/gcc/arm-none-eabi/4.6.1/../../../../arm-none-eabi/lib/thumb2/libc.a(lib_a-setbuf.o)
 .ARM.attributes
                0x00000788       0x2b /usr/local/Sourcery/bin/../lib/gcc/arm-none-eabi/4.6.1/../../../../arm-none-eabi/lib/thumb2/libc.a(lib_a-setvbuf.o)
 .ARM.attributes
                0x000007b3       0x2b /usr/local/Sourcery/bin/../lib/gcc/arm-none-eabi/4.6.1/../../../../arm-none-eabi/lib/thumb2/libc.a(lib_a-vfiprintf.o)
 .ARM.attributes
                0x000007de       0x2b /usr/local/Sourcery/bin/../lib/gcc/arm-none-eabi/4.6.1/../../../../arm-none-eabi/lib/thumb2/libc.a(lib_a-wsetup.o)
 .ARM.attributes
                0x00000809       0x2b /usr/local/Sourcery/bin/../lib/gcc/arm-none-eabi/4.6.1/../../../../arm-none-eabi/lib/thumb2/libc.a(lib_a-abort.o)
 .ARM.attributes
                0x00000834       0x2b /usr/local/Sourcery/bin/../lib/gcc/arm-none-eabi/4.6.1/../../../../arm-none-eabi/lib/thumb2/libc.a(lib_a-fflush.o)
 .ARM.attributes
                0x0000085f       0x2b /usr/local/Sourcery/bin/../lib/gcc/arm-none-eabi/4.6.1/../../../../arm-none-eabi/lib/thumb2/libc.a(lib_a-findfp.o)
 .ARM.attributes
                0x0000088a       0x2b /usr/local/Sourcery/bin/../lib/gcc/arm-none-eabi/4.6.1/../../../../arm-none-eabi/lib/thumb2/libc.a(lib_a-fputwc.o)
 .ARM.attributes
                0x000008b5       0x2b /usr/local/Sourcery/bin/../lib/gcc/arm-none-eabi/4.6.1/../../../../arm-none-eabi/lib/thumb2/libc.a(lib_a-freer.o)
 .ARM.attributes
                0x000008e0       0x2b /usr/local/Sourcery/bin/../lib/gcc/arm-none-eabi/4.6.1/../../../../arm-none-eabi/lib/thumb2/libc.a(lib_a-fvwrite.o)
 .ARM.attributes
                0x0000090b       0x2b /usr/local/Sourcery/bin/../lib/gcc/arm-none-eabi/4.6.1/../../../../arm-none-eabi/lib/thumb2/libc.a(lib_a-fwalk.o)
 .ARM.attributes
                0x00000936       0x2b /usr/local/Sourcery/bin/../lib/gcc/arm-none-eabi/4.6.1/../../../../arm-none-eabi/lib/thumb2/libc.a(lib_a-locale.o)
 .ARM.attributes
                0x00000961       0x2b /usr/local/Sourcery/bin/../lib/gcc/arm-none-eabi/4.6.1/../../../../arm-none-eabi/lib/thumb2/libc.a(lib_a-makebuf.o)
 .ARM.attributes
                0x0000098c       0x2b /usr/local/Sourcery/bin/../lib/gcc/arm-none-eabi/4.6.1/../../../../arm-none-eabi/lib/thumb2/libc.a(lib_a-malloc.o)
 .ARM.attributes
                0x000009b7       0x2b /usr/local/Sourcery/bin/../lib/gcc/arm-none-eabi/4.6.1/../../../../arm-none-eabi/lib/thumb2/libc.a(lib_a-mallocr.o)
 .ARM.attributes
                0x000009e2       0x2b /usr/local/Sourcery/bin/../lib/gcc/arm-none-eabi/4.6.1/../../../../arm-none-eabi/lib/thumb2/libc.a(lib_a-memchr.o)
 .ARM.attributes
                0x00000a0d       0x2b /usr/local/Sourcery/bin/../lib/gcc/arm-none-eabi/4.6.1/../../../../arm-none-eabi/lib/thumb2/libc.a(lib_a-memset.o)
 .ARM.attributes
                0x00000a38       0x2b /usr/local/Sourcery/bin/../lib/gcc/arm-none-eabi/4.6.1/../../../../arm-none-eabi/lib/thumb2/libc.a(lib_a-mlock.o)
 .ARM.attributes
                0x00000a63       0x2b /usr/local/Sourcery/bin/../lib/gcc/arm-none-eabi/4.6.1/../../../../arm-none-eabi/lib/thumb2/libc.a(lib_a-reallocr.o)
 .ARM.attributes
                0x00000a8e       0x2b /usr/local/Sourcery/bin/../lib/gcc/arm-none-eabi/4.6.1/../../../../arm-none-eabi/lib/thumb2/libc.a(lib_a-refill.o)
 .ARM.attributes
                0x00000ab9       0x2b /usr/local/Sourcery/bin/../lib/gcc/arm-none-eabi/4.6.1/../../../../arm-none-eabi/lib/thumb2/libc.a(lib_a-sbrkr.o)
 .ARM.attributes
                0x00000ae4       0x2b /usr/local/Sourcery/bin/../lib/gcc/arm-none-eabi/4.6.1/../../../../arm-none-eabi/lib/thumb2/libc.a(lib_a-signal.o)
 .ARM.attributes
                0x00000b0f       0x2b /usr/local/Sourcery/bin/../lib/gcc/arm-none-eabi/4.6.1/../../../../arm-none-eabi/lib/thumb2/libc.a(lib_a-signalr.o)
 .ARM.attributes
                0x00000b3a       0x2b /usr/local/Sourcery/bin/../lib/gcc/arm-none-eabi/4.6.1/../../../../arm-none-eabi/lib/thumb2/libc.a(lib_a-stdio.o)
 .ARM.attributes
                0x00000b65       0x2b /usr/local/Sourcery/bin/../lib/gcc/arm-none-eabi/4.6.1/../../../../arm-none-eabi/lib/thumb2/libc.a(lib_a-strcmp.o)
 .ARM.attributes
                0x00000b90       0x2b /usr/local/Sourcery/bin/../lib/gcc/arm-none-eabi/4.6.1/../../../../arm-none-eabi/lib/thumb2/libc.a(lib_a-strlen.o)
 .ARM.attributes
                0x00000bbb       0x2b /usr/local/Sourcery/bin/../lib/gcc/arm-none-eabi/4.6.1/../../../../arm-none-eabi/lib/thumb2/libc.a(lib_a-wbuf.o)
 .ARM.attributes
                0x00000be6       0x2b /usr/local/Sourcery/bin/../lib/gcc/arm-none-eabi/4.6.1/../../../../arm-none-eabi/lib/thumb2/libc.a(lib_a-wcrtomb.o)
 .ARM.attributes
                0x00000c11       0x2b /usr/local/Sourcery/bin/../lib/gcc/arm-none-eabi/4.6.1/../../../../arm-none-eabi/lib/thumb2/libc.a(lib_a-wctomb_r.o)
 .ARM.attributes
                0x00000c3c       0x2b /usr/local/Sourcery/bin/../lib/gcc/arm-none-eabi/4.6.1/../../../../arm-none-eabi/lib/thumb2/libc.a(lib_a-writer.o)
 .ARM.attributes
                0x00000c67       0x2b /usr/local/Sourcery/bin/../lib/gcc/arm-none-eabi/4.6.1/../../../../arm-none-eabi/lib/thumb2/libc.a(lib_a-closer.o)
 .ARM.attributes
                0x00000c92       0x2b /usr/local/Sourcery/bin/../lib/gcc/arm-none-eabi/4.6.1/../../../../arm-none-eabi/lib/thumb2/libc.a(lib_a-fclose.o)
 .ARM.attributes
                0x00000cbd       0x2b /usr/local/Sourcery/bin/../lib/gcc/arm-none-eabi/4.6.1/../../../../arm-none-eabi/lib/thumb2/libc.a(lib_a-fstatr.o)
 .ARM.attributes
                0x00000ce8       0x2b /usr/local/Sourcery/bin/../lib/gcc/arm-none-eabi/4.6.1/../../../../arm-none-eabi/lib/thumb2/libc.a(lib_a-isattyr.o)
 .ARM.attributes
                0x00000d13       0x2b /usr/local/Sourcery/bin/../lib/gcc/arm-none-eabi/4.6.1/../../../../arm-none-eabi/lib/thumb2/libc.a(lib_a-lseekr.o)
 .ARM.attributes
                0x00000d3e       0x2b /usr/local/Sourcery/bin/../lib/gcc/arm-none-eabi/4.6.1/../../../../arm-none-eabi/lib/thumb2/libc.a(lib_a-readr.o)
 .ARM.attributes
                0x00000d69       0x1b /usr/local/Sourcery/bin/../lib/gcc/arm-none-eabi/4.6.1/thumb2/libgcc.a(_aeabi_uldivmod.o)
 .ARM.attributes
                0x00000d84       0x2b /usr/local/Sourcery/bin/../lib/gcc/arm-none-eabi/4.6.1/thumb2/libgcc.a(bpabi.o)
 .ARM.attributes
                0x00000daf       0x1b /usr/local/Sourcery/bin/../lib/gcc/arm-none-eabi/4.6.1/thumb2/libgcc.a(_dvmd_tls.o)
 .ARM.attributes
                0x00000dca       0x2b /usr/local/Sourcery/bin/../lib/gcc/arm-none-eabi/4.6.1/thumb2/libgcc.a(_divdi3.o)
 .ARM.attributes
                0x00000df5       0x2b /usr/local/Sourcery/bin/../lib/gcc/arm-none-eabi/4.6.1/thumb2/libgcc.a(_udivdi3.o)
 .ARM.attributes
                0x00000e20       0x1b /usr/local/Sourcery/bin/../lib/gcc/arm-none-eabi/4.6.1/thumb2/libgcc.a(_udivsi3.o)
 .ARM.attributes
                0x00000e3b       0x1b /usr/local/Sourcery/bin/../lib/gcc/arm-none-eabi/4.6.1/thumb2/crtn.o

.comment        0x00000000       0x30
 .comment       0x00000000       0x30 build/obj/syscalls.o
                                 0x31 (size before relaxing)
 .comment       0x00000000       0x31 build/obj/system.o
 .comment       0x00000000       0x31 build/obj/uart_console.o
 .comment       0x00000000       0x31 build/obj/usb_console.o
 .comment       0x00000000       0x31 build/obj/led.o
 .comment       0x00000000       0x31 build/obj/timetick.o
 .comment       0x00000000       0x31 build/obj/startup.o
 .comment       0x00000000       0x31 build/obj/usb_device_descriptor.o
 .comment       0x00000000       0x31 build/obj/main.o
 .comment       0x00000000       0x31 build/obj/controller.o
 .comment       0x00000000       0x31 libusb/lib/libusb_sam3s_rel.a(release-USBD_HAL.o)
 .comment       0x00000000       0x31 libusb/lib/libusb_sam3s_rel.a(release-USBDescriptors.o)
 .comment       0x00000000       0x31 libusb/lib/libusb_sam3s_rel.a(release-USBD.o)
 .comment       0x00000000       0x31 libusb/lib/libusb_sam3s_rel.a(release-USBDCallbacks.o)
 .comment       0x00000000       0x31 libusb/lib/libusb_sam3s_rel.a(release-USBDDriver.o)
 .comment       0x00000000       0x31 libusb/lib/libusb_sam3s_rel.a(release-CDCDSerial.o)
 .comment       0x00000000       0x31 libusb/lib/libusb_sam3s_rel.a(release-USBDDriverCallbacks.o)
 .comment       0x00000000       0x31 libusb/lib/libusb_sam3s_rel.a(release-CDCDSerialDriver.o)
 .comment       0x00000000       0x31 libusb/lib/libusb_sam3s_rel.a(release-USBRequests.o)
 .comment       0x00000000       0x31 libusb/lib/libusb_sam3s_rel.a(release-CDCDSerialPort.o)
 .comment       0x00000000       0x31 libusb/lib/libusb_sam3s_rel.a(release-CDCLineCoding.o)
 .comment       0x00000000       0x31 libchip/lib/libchip_sam3s4_rel.a(release-pio_it.o)
 .comment       0x00000000       0x31 libchip/lib/libchip_sam3s4_rel.a(release-exceptions.o)
 .comment       0x00000000       0x31 libchip/lib/libchip_sam3s4_rel.a(release-adc.o)
 .comment       0x00000000       0x31 libchip/lib/libchip_sam3s4_rel.a(release-pio.o)
 .comment       0x00000000       0x31 libchip/lib/libchip_sam3s4_rel.a(release-pmc.o)
 .comment       0x00000000       0x31 libchip/lib/libchip_sam3s4_rel.a(release-tc.o)
 .comment       0x00000000       0x31 libchip/lib/libchip_sam3s4_rel.a(release-pio_capture.o)

.debug_info     0x00000000    0x10d96
 .debug_info    0x00000000      0x4e1 build/obj/syscalls.o
 .debug_info    0x000004e1      0x3e9 build/obj/system.o
 .debug_info    0x000008ca      0xbfa build/obj/uart_console.o
 .debug_info    0x000014c4     0x1b58 build/obj/usb_console.o
 .debug_info    0x0000301c     0x1009 build/obj/led.o
 .debug_info    0x00004025      0x649 build/obj/timetick.o
 .debug_info    0x0000466e      0x37b build/obj/startup.o
 .debug_info    0x000049e9      0x7bd build/obj/usb_device_descriptor.o
 .debug_info    0x000051a6     0x14f4 build/obj/main.o
 .debug_info    0x0000669a      0x398 build/obj/controller.o
 .debug_info    0x00006a32     0x2144 libusb/lib/libusb_sam3s_rel.a(release-USBD_HAL.o)
 .debug_info    0x00008b76      0x5c9 libusb/lib/libusb_sam3s_rel.a(release-USBDescriptors.o)
 .debug_info    0x0000913f      0xd8c libusb/lib/libusb_sam3s_rel.a(release-USBD.o)
 .debug_info    0x00009ecb      0x181 libusb/lib/libusb_sam3s_rel.a(release-USBDCallbacks.o)
 .debug_info    0x0000a04c     0x13d8 libusb/lib/libusb_sam3s_rel.a(release-USBDDriver.o)
 .debug_info    0x0000b424      0x9c5 libusb/lib/libusb_sam3s_rel.a(release-CDCDSerial.o)
 .debug_info    0x0000bde9       0xd7 libusb/lib/libusb_sam3s_rel.a(release-USBDDriverCallbacks.o)
 .debug_info    0x0000bec0      0x563 libusb/lib/libusb_sam3s_rel.a(release-CDCDSerialDriver.o)
 .debug_info    0x0000c423      0x3cd libusb/lib/libusb_sam3s_rel.a(release-USBRequests.o)
 .debug_info    0x0000c7f0      0xc73 libusb/lib/libusb_sam3s_rel.a(release-CDCDSerialPort.o)
 .debug_info    0x0000d463      0x140 libusb/lib/libusb_sam3s_rel.a(release-CDCLineCoding.o)
 .debug_info    0x0000d5a3      0xe46 libchip/lib/libchip_sam3s4_rel.a(release-pio_it.o)
 .debug_info    0x0000e3e9      0x3f0 libchip/lib/libchip_sam3s4_rel.a(release-exceptions.o)
 .debug_info    0x0000e7d9      0xaa1 libchip/lib/libchip_sam3s4_rel.a(release-adc.o)
 .debug_info    0x0000f27a      0xa6c libchip/lib/libchip_sam3s4_rel.a(release-pio.o)
 .debug_info    0x0000fce6      0x44d libchip/lib/libchip_sam3s4_rel.a(release-pmc.o)
 .debug_info    0x00010133      0x488 libchip/lib/libchip_sam3s4_rel.a(release-tc.o)
 .debug_info    0x000105bb      0x7db libchip/lib/libchip_sam3s4_rel.a(release-pio_capture.o)

.debug_abbrev   0x00000000     0x2b11
 .debug_abbrev  0x00000000      0x10f build/obj/syscalls.o
 .debug_abbrev  0x0000010f       0xfb build/obj/system.o
 .debug_abbrev  0x0000020a      0x14f build/obj/uart_console.o
 .debug_abbrev  0x00000359      0x2f9 build/obj/usb_console.o
 .debug_abbrev  0x00000652      0x1d2 build/obj/led.o
 .debug_abbrev  0x00000824      0x1c3 build/obj/timetick.o
 .debug_abbrev  0x000009e7       0xf6 build/obj/startup.o
 .debug_abbrev  0x00000add       0xdc build/obj/usb_device_descriptor.o
 .debug_abbrev  0x00000bb9      0x256 build/obj/main.o
 .debug_abbrev  0x00000e0f      0x161 build/obj/controller.o
 .debug_abbrev  0x00000f70      0x3c3 libusb/lib/libusb_sam3s_rel.a(release-USBD_HAL.o)
 .debug_abbrev  0x00001333      0x10a libusb/lib/libusb_sam3s_rel.a(release-USBDescriptors.o)
 .debug_abbrev  0x0000143d      0x265 libusb/lib/libusb_sam3s_rel.a(release-USBD.o)
 .debug_abbrev  0x000016a2       0xb3 libusb/lib/libusb_sam3s_rel.a(release-USBDCallbacks.o)
 .debug_abbrev  0x00001755      0x309 libusb/lib/libusb_sam3s_rel.a(release-USBDDriver.o)
 .debug_abbrev  0x00001a5e      0x192 libusb/lib/libusb_sam3s_rel.a(release-CDCDSerial.o)
 .debug_abbrev  0x00001bf0       0x74 libusb/lib/libusb_sam3s_rel.a(release-USBDDriverCallbacks.o)
 .debug_abbrev  0x00001c64       0xf6 libusb/lib/libusb_sam3s_rel.a(release-CDCDSerialDriver.o)
 .debug_abbrev  0x00001d5a       0xd0 libusb/lib/libusb_sam3s_rel.a(release-USBRequests.o)
 .debug_abbrev  0x00001e2a      0x264 libusb/lib/libusb_sam3s_rel.a(release-CDCDSerialPort.o)
 .debug_abbrev  0x0000208e       0x95 libusb/lib/libusb_sam3s_rel.a(release-CDCLineCoding.o)
 .debug_abbrev  0x00002123      0x256 libchip/lib/libchip_sam3s4_rel.a(release-pio_it.o)
 .debug_abbrev  0x00002379       0x6e libchip/lib/libchip_sam3s4_rel.a(release-exceptions.o)
 .debug_abbrev  0x000023e7      0x1d3 libchip/lib/libchip_sam3s4_rel.a(release-adc.o)
 .debug_abbrev  0x000025ba      0x1d5 libchip/lib/libchip_sam3s4_rel.a(release-pio.o)
 .debug_abbrev  0x0000278f       0xf4 libchip/lib/libchip_sam3s4_rel.a(release-pmc.o)
 .debug_abbrev  0x00002883      0x131 libchip/lib/libchip_sam3s4_rel.a(release-tc.o)
 .debug_abbrev  0x000029b4      0x15d libchip/lib/libchip_sam3s4_rel.a(release-pio_capture.o)

.debug_loc      0x00000000     0x4c3c
 .debug_loc     0x00000000      0x25c build/obj/syscalls.o
 .debug_loc     0x0000025c       0x64 build/obj/system.o
 .debug_loc     0x000002c0      0x150 build/obj/uart_console.o
 .debug_loc     0x00000410      0x39c build/obj/usb_console.o
 .debug_loc     0x000007ac      0x294 build/obj/led.o
 .debug_loc     0x00000a40      0x19c build/obj/timetick.o
 .debug_loc     0x00000bdc       0x38 build/obj/startup.o
 .debug_loc     0x00000c14      0x10c build/obj/main.o
 .debug_loc     0x00000d20      0x150 build/obj/controller.o
 .debug_loc     0x00000e70     0x1666 libusb/lib/libusb_sam3s_rel.a(release-USBD_HAL.o)
 .debug_loc     0x000024d6      0x2fe libusb/lib/libusb_sam3s_rel.a(release-USBDescriptors.o)
 .debug_loc     0x000027d4      0x3db libusb/lib/libusb_sam3s_rel.a(release-USBD.o)
 .debug_loc     0x00002baf       0x3e libusb/lib/libusb_sam3s_rel.a(release-USBDCallbacks.o)
 .debug_loc     0x00002bed      0x776 libusb/lib/libusb_sam3s_rel.a(release-USBDDriver.o)
 .debug_loc     0x00003363      0x369 libusb/lib/libusb_sam3s_rel.a(release-CDCDSerial.o)
 .debug_loc     0x000036cc       0xfe libusb/lib/libusb_sam3s_rel.a(release-CDCDSerialDriver.o)
 .debug_loc     0x000037ca      0x250 libusb/lib/libusb_sam3s_rel.a(release-USBRequests.o)
 .debug_loc     0x00003a1a      0x548 libusb/lib/libusb_sam3s_rel.a(release-CDCDSerialPort.o)
 .debug_loc     0x00003f62       0x1f libusb/lib/libusb_sam3s_rel.a(release-CDCLineCoding.o)
 .debug_loc     0x00003f81      0x2e3 libchip/lib/libchip_sam3s4_rel.a(release-pio_it.o)
 .debug_loc     0x00004264      0x43d libchip/lib/libchip_sam3s4_rel.a(release-adc.o)
 .debug_loc     0x000046a1      0x24d libchip/lib/libchip_sam3s4_rel.a(release-pio.o)
 .debug_loc     0x000048ee      0x102 libchip/lib/libchip_sam3s4_rel.a(release-pmc.o)
 .debug_loc     0x000049f0      0x1b9 libchip/lib/libchip_sam3s4_rel.a(release-tc.o)
 .debug_loc     0x00004ba9       0x93 libchip/lib/libchip_sam3s4_rel.a(release-pio_capture.o)

.debug_aranges  0x00000000      0xb08
 .debug_aranges
                0x00000000       0x70 build/obj/syscalls.o
 .debug_aranges
                0x00000070       0x28 build/obj/system.o
 .debug_aranges
                0x00000098       0x48 build/obj/uart_console.o
 .debug_aranges
                0x000000e0       0xa8 build/obj/usb_console.o
 .debug_aranges
                0x00000188       0x78 build/obj/led.o
 .debug_aranges
                0x00000200       0x58 build/obj/timetick.o
 .debug_aranges
                0x00000258       0x20 build/obj/startup.o
 .debug_aranges
                0x00000278       0x40 build/obj/main.o
 .debug_aranges
                0x000002b8       0x48 build/obj/controller.o
 .debug_aranges
                0x00000300       0xd8 libusb/lib/libusb_sam3s_rel.a(release-USBD_HAL.o)
 .debug_aranges
                0x000003d8       0x80 libusb/lib/libusb_sam3s_rel.a(release-USBDescriptors.o)
 .debug_aranges
                0x00000458       0xb0 libusb/lib/libusb_sam3s_rel.a(release-USBD.o)
 .debug_aranges
                0x00000508       0x40 libusb/lib/libusb_sam3s_rel.a(release-USBDCallbacks.o)
 .debug_aranges
                0x00000548       0x58 libusb/lib/libusb_sam3s_rel.a(release-USBDDriver.o)
 .debug_aranges
                0x000005a0       0x78 libusb/lib/libusb_sam3s_rel.a(release-CDCDSerial.o)
 .debug_aranges
                0x00000618       0x28 libusb/lib/libusb_sam3s_rel.a(release-USBDDriverCallbacks.o)
 .debug_aranges
                0x00000640       0x30 libusb/lib/libusb_sam3s_rel.a(release-CDCDSerialDriver.o)
 .debug_aranges
                0x00000670       0x98 libusb/lib/libusb_sam3s_rel.a(release-USBRequests.o)
 .debug_aranges
                0x00000708       0x70 libusb/lib/libusb_sam3s_rel.a(release-CDCDSerialPort.o)
 .debug_aranges
                0x00000778       0x20 libusb/lib/libusb_sam3s_rel.a(release-CDCLineCoding.o)
 .debug_aranges
                0x00000798       0x60 libchip/lib/libchip_sam3s4_rel.a(release-pio_it.o)
 .debug_aranges
                0x000007f8      0x168 libchip/lib/libchip_sam3s4_rel.a(release-exceptions.o)
 .debug_aranges
                0x00000960       0xa0 libchip/lib/libchip_sam3s4_rel.a(release-adc.o)
 .debug_aranges
                0x00000a00       0x48 libchip/lib/libchip_sam3s4_rel.a(release-pio.o)
 .debug_aranges
                0x00000a48       0x40 libchip/lib/libchip_sam3s4_rel.a(release-pmc.o)
 .debug_aranges
                0x00000a88       0x38 libchip/lib/libchip_sam3s4_rel.a(release-tc.o)
 .debug_aranges
                0x00000ac0       0x48 libchip/lib/libchip_sam3s4_rel.a(release-pio_capture.o)

.debug_ranges   0x00000000      0xc48
 .debug_ranges  0x00000000       0x60 build/obj/syscalls.o
 .debug_ranges  0x00000060       0x18 build/obj/system.o
 .debug_ranges  0x00000078       0x38 build/obj/uart_console.o
 .debug_ranges  0x000000b0       0x98 build/obj/usb_console.o
 .debug_ranges  0x00000148       0x68 build/obj/led.o
 .debug_ranges  0x000001b0       0x48 build/obj/timetick.o
 .debug_ranges  0x000001f8       0x10 build/obj/startup.o
 .debug_ranges  0x00000208       0x30 build/obj/main.o
 .debug_ranges  0x00000238       0x38 build/obj/controller.o
 .debug_ranges  0x00000270      0x308 libusb/lib/libusb_sam3s_rel.a(release-USBD_HAL.o)
 .debug_ranges  0x00000578       0x88 libusb/lib/libusb_sam3s_rel.a(release-USBDescriptors.o)
 .debug_ranges  0x00000600       0xa0 libusb/lib/libusb_sam3s_rel.a(release-USBD.o)
 .debug_ranges  0x000006a0       0x30 libusb/lib/libusb_sam3s_rel.a(release-USBDCallbacks.o)
 .debug_ranges  0x000006d0       0x78 libusb/lib/libusb_sam3s_rel.a(release-USBDDriver.o)
 .debug_ranges  0x00000748       0x68 libusb/lib/libusb_sam3s_rel.a(release-CDCDSerial.o)
 .debug_ranges  0x000007b0       0x18 libusb/lib/libusb_sam3s_rel.a(release-USBDDriverCallbacks.o)
 .debug_ranges  0x000007c8       0x20 libusb/lib/libusb_sam3s_rel.a(release-CDCDSerialDriver.o)
 .debug_ranges  0x000007e8       0x88 libusb/lib/libusb_sam3s_rel.a(release-USBRequests.o)
 .debug_ranges  0x00000870       0x78 libusb/lib/libusb_sam3s_rel.a(release-CDCDSerialPort.o)
 .debug_ranges  0x000008e8       0x10 libusb/lib/libusb_sam3s_rel.a(release-CDCLineCoding.o)
 .debug_ranges  0x000008f8       0x88 libchip/lib/libchip_sam3s4_rel.a(release-pio_it.o)
 .debug_ranges  0x00000980      0x158 libchip/lib/libchip_sam3s4_rel.a(release-exceptions.o)
 .debug_ranges  0x00000ad8       0x90 libchip/lib/libchip_sam3s4_rel.a(release-adc.o)
 .debug_ranges  0x00000b68       0x50 libchip/lib/libchip_sam3s4_rel.a(release-pio.o)
 .debug_ranges  0x00000bb8       0x30 libchip/lib/libchip_sam3s4_rel.a(release-pmc.o)
 .debug_ranges  0x00000be8       0x28 libchip/lib/libchip_sam3s4_rel.a(release-tc.o)
 .debug_ranges  0x00000c10       0x38 libchip/lib/libchip_sam3s4_rel.a(release-pio_capture.o)

.debug_line     0x00000000     0x38c6
 .debug_line    0x00000000      0x1b7 build/obj/syscalls.o
 .debug_line    0x000001b7      0x155 build/obj/system.o
 .debug_line    0x0000030c      0x180 build/obj/uart_console.o
 .debug_line    0x0000048c      0x3de build/obj/usb_console.o
 .debug_line    0x0000086a      0x213 build/obj/led.o
 .debug_line    0x00000a7d      0x184 build/obj/timetick.o
 .debug_line    0x00000c01      0x105 build/obj/startup.o
 .debug_line    0x00000d06      0x11c build/obj/usb_device_descriptor.o
 .debug_line    0x00000e22      0x228 build/obj/main.o
 .debug_line    0x0000104a      0x1ab build/obj/controller.o
 .debug_line    0x000011f5      0x72d libusb/lib/libusb_sam3s_rel.a(release-USBD_HAL.o)
 .debug_line    0x00001922      0x1d4 libusb/lib/libusb_sam3s_rel.a(release-USBDescriptors.o)
 .debug_line    0x00001af6      0x31f libusb/lib/libusb_sam3s_rel.a(release-USBD.o)
 .debug_line    0x00001e15      0x10a libusb/lib/libusb_sam3s_rel.a(release-USBDCallbacks.o)
 .debug_line    0x00001f1f      0x313 libusb/lib/libusb_sam3s_rel.a(release-USBDDriver.o)
 .debug_line    0x00002232      0x1f8 libusb/lib/libusb_sam3s_rel.a(release-CDCDSerial.o)
 .debug_line    0x0000242a       0xc3 libusb/lib/libusb_sam3s_rel.a(release-USBDDriverCallbacks.o)
 .debug_line    0x000024ed      0x120 libusb/lib/libusb_sam3s_rel.a(release-CDCDSerialDriver.o)
 .debug_line    0x0000260d      0x1ce libusb/lib/libusb_sam3s_rel.a(release-USBRequests.o)
 .debug_line    0x000027db      0x25b libusb/lib/libusb_sam3s_rel.a(release-CDCDSerialPort.o)
 .debug_line    0x00002a36       0xca libusb/lib/libusb_sam3s_rel.a(release-CDCLineCoding.o)
 .debug_line    0x00002b00      0x285 libchip/lib/libchip_sam3s4_rel.a(release-pio_it.o)
 .debug_line    0x00002d85      0x2e8 libchip/lib/libchip_sam3s4_rel.a(release-exceptions.o)
 .debug_line    0x0000306d      0x264 libchip/lib/libchip_sam3s4_rel.a(release-adc.o)
 .debug_line    0x000032d1      0x1bf libchip/lib/libchip_sam3s4_rel.a(release-pio.o)
 .debug_line    0x00003490      0x154 libchip/lib/libchip_sam3s4_rel.a(release-pmc.o)
 .debug_line    0x000035e4      0x14e libchip/lib/libchip_sam3s4_rel.a(release-tc.o)
 .debug_line    0x00003732      0x194 libchip/lib/libchip_sam3s4_rel.a(release-pio_capture.o)

.debug_str      0x00000000     0x3539
 .debug_str     0x00000000      0x1df build/obj/syscalls.o
                                0x24c (size before relaxing)
 .debug_str     0x000001df      0x1b2 build/obj/system.o
                                0x283 (size before relaxing)
 .debug_str     0x00000391      0x3ee build/obj/uart_console.o
                                0x60f (size before relaxing)
 .debug_str     0x0000077f      0xaa0 build/obj/usb_console.o
                               0x103e (size before relaxing)
 .debug_str     0x0000121f      0x143 build/obj/led.o
                                0x836 (size before relaxing)
 .debug_str     0x00001362      0x118 build/obj/timetick.o
                                0x421 (size before relaxing)
 .debug_str     0x0000147a       0x7e build/obj/startup.o
                                0x1ae (size before relaxing)
 .debug_str     0x000014f8      0x2cb build/obj/usb_device_descriptor.o
                                0x6e7 (size before relaxing)
 .debug_str     0x000017c3      0x1ab build/obj/main.o
                                0xa6f (size before relaxing)
 .debug_str     0x0000196e       0x33 build/obj/controller.o
                                0x170 (size before relaxing)
 .debug_str     0x000019a1      0x52a libusb/lib/libusb_sam3s_rel.a(release-USBD_HAL.o)
                                0xcb2 (size before relaxing)
 .debug_str     0x00001ecb      0x262 libusb/lib/libusb_sam3s_rel.a(release-USBDescriptors.o)
                                0x51e (size before relaxing)
 .debug_str     0x0000212d      0x154 libusb/lib/libusb_sam3s_rel.a(release-USBD.o)
                                0x7ed (size before relaxing)
 .debug_str     0x00002281       0x59 libusb/lib/libusb_sam3s_rel.a(release-USBDCallbacks.o)
                                0x1b4 (size before relaxing)
 .debug_str     0x000022da      0x218 libusb/lib/libusb_sam3s_rel.a(release-USBDDriver.o)
                                0xb4f (size before relaxing)
 .debug_str     0x000024f2      0x26f libusb/lib/libusb_sam3s_rel.a(release-CDCDSerial.o)
                                0x7b7 (size before relaxing)
 .debug_str     0x00002761       0x53 libusb/lib/libusb_sam3s_rel.a(release-USBDDriverCallbacks.o)
                                0x15e (size before relaxing)
 .debug_str     0x000027b4       0x89 libusb/lib/libusb_sam3s_rel.a(release-CDCDSerialDriver.o)
                                0x49a (size before relaxing)
 .debug_str     0x0000283d      0x231 libusb/lib/libusb_sam3s_rel.a(release-USBRequests.o)
                                0x354 (size before relaxing)
 .debug_str     0x00002a6e      0x1b3 libusb/lib/libusb_sam3s_rel.a(release-CDCDSerialPort.o)
                                0x91b (size before relaxing)
 .debug_str     0x00002c21       0x51 libusb/lib/libusb_sam3s_rel.a(release-CDCLineCoding.o)
                                0x181 (size before relaxing)
 .debug_str     0x00002c72      0x148 libchip/lib/libchip_sam3s4_rel.a(release-pio_it.o)
                                0x7a6 (size before relaxing)
 .debug_str     0x00002dba      0x22e libchip/lib/libchip_sam3s4_rel.a(release-exceptions.o)
                                0x384 (size before relaxing)
 .debug_str     0x00002fe8      0x204 libchip/lib/libchip_sam3s4_rel.a(release-adc.o)
                                0x557 (size before relaxing)
 .debug_str     0x000031ec      0x104 libchip/lib/libchip_sam3s4_rel.a(release-pio.o)
                                0x4dc (size before relaxing)
 .debug_str     0x000032f0       0x84 libchip/lib/libchip_sam3s4_rel.a(release-pmc.o)
                                0x2b0 (size before relaxing)
 .debug_str     0x00003374       0x7d libchip/lib/libchip_sam3s4_rel.a(release-tc.o)
                                0x22c (size before relaxing)
 .debug_str     0x000033f1      0x148 libchip/lib/libchip_sam3s4_rel.a(release-pio_capture.o)
                                0x529 (size before relaxing)

.debug_frame    0x00000000     0x27c0
 .debug_frame   0x00000000      0x150 build/obj/syscalls.o
 .debug_frame   0x00000150       0x48 build/obj/system.o
 .debug_frame   0x00000198       0xd0 build/obj/uart_console.o
 .debug_frame   0x00000268      0x22c build/obj/usb_console.o
 .debug_frame   0x00000494      0x188 build/obj/led.o
 .debug_frame   0x0000061c       0xfc build/obj/timetick.o
 .debug_frame   0x00000718       0x30 build/obj/startup.o
 .debug_frame   0x00000748       0xac build/obj/main.o
 .debug_frame   0x000007f4       0xc4 build/obj/controller.o
 .debug_frame   0x000008b8      0x2b8 libusb/lib/libusb_sam3s_rel.a(release-USBD_HAL.o)
 .debug_frame   0x00000b70      0x108 libusb/lib/libusb_sam3s_rel.a(release-USBDescriptors.o)
 .debug_frame   0x00000c78      0x1d8 libusb/lib/libusb_sam3s_rel.a(release-USBD.o)
 .debug_frame   0x00000e50       0x68 libusb/lib/libusb_sam3s_rel.a(release-USBDCallbacks.o)
 .debug_frame   0x00000eb8       0xc0 libusb/lib/libusb_sam3s_rel.a(release-USBDDriver.o)
 .debug_frame   0x00000f78      0x134 libusb/lib/libusb_sam3s_rel.a(release-CDCDSerial.o)
 .debug_frame   0x000010ac       0x30 libusb/lib/libusb_sam3s_rel.a(release-USBDDriverCallbacks.o)
 .debug_frame   0x000010dc       0x60 libusb/lib/libusb_sam3s_rel.a(release-CDCDSerialDriver.o)
 .debug_frame   0x0000113c      0x158 libusb/lib/libusb_sam3s_rel.a(release-USBRequests.o)
 .debug_frame   0x00001294      0x12c libusb/lib/libusb_sam3s_rel.a(release-CDCDSerialPort.o)
 .debug_frame   0x000013c0       0x20 libusb/lib/libusb_sam3s_rel.a(release-CDCLineCoding.o)
 .debug_frame   0x000013e0       0xf8 libchip/lib/libchip_sam3s4_rel.a(release-pio_it.o)
 .debug_frame   0x000014d8      0x2b0 libchip/lib/libchip_sam3s4_rel.a(release-exceptions.o)
 .debug_frame   0x00001788      0x148 libchip/lib/libchip_sam3s4_rel.a(release-adc.o)
 .debug_frame   0x000018d0       0x7c libchip/lib/libchip_sam3s4_rel.a(release-pio.o)
 .debug_frame   0x0000194c       0x78 libchip/lib/libchip_sam3s4_rel.a(release-pmc.o)
 .debug_frame   0x000019c4       0x78 libchip/lib/libchip_sam3s4_rel.a(release-tc.o)
 .debug_frame   0x00001a3c       0x84 libchip/lib/libchip_sam3s4_rel.a(release-pio_capture.o)
 .debug_frame   0x00001ac0       0x44 /usr/local/Sourcery/bin/../lib/gcc/arm-none-eabi/4.6.1/../../../../arm-none-eabi/lib/thumb2/libc.a(lib_a-assert.o)
 .debug_frame   0x00001b04       0x58 /usr/local/Sourcery/bin/../lib/gcc/arm-none-eabi/4.6.1/../../../../arm-none-eabi/lib/thumb2/libc.a(lib_a-fiprintf.o)
 .debug_frame   0x00001b5c       0x40 /usr/local/Sourcery/bin/../lib/gcc/arm-none-eabi/4.6.1/../../../../arm-none-eabi/lib/thumb2/libc.a(lib_a-gets.o)
 .debug_frame   0x00001b9c       0x5c /usr/local/Sourcery/bin/../lib/gcc/arm-none-eabi/4.6.1/../../../../arm-none-eabi/lib/thumb2/libc.a(lib_a-iprintf.o)
 .debug_frame   0x00001bf8       0x30 /usr/local/Sourcery/bin/../lib/gcc/arm-none-eabi/4.6.1/../../../../arm-none-eabi/lib/thumb2/libc.a(lib_a-memcpy.o)
 .debug_frame   0x00001c28       0x2c /usr/local/Sourcery/bin/../lib/gcc/arm-none-eabi/4.6.1/../../../../arm-none-eabi/lib/thumb2/libc.a(lib_a-memmove.o)
 .debug_frame   0x00001c54       0x64 /usr/local/Sourcery/bin/../lib/gcc/arm-none-eabi/4.6.1/../../../../arm-none-eabi/lib/thumb2/libc.a(lib_a-reent.o)
 .debug_frame   0x00001cb8       0x3c /usr/local/Sourcery/bin/../lib/gcc/arm-none-eabi/4.6.1/../../../../arm-none-eabi/lib/thumb2/libc.a(lib_a-rget.o)
 .debug_frame   0x00001cf4       0x20 /usr/local/Sourcery/bin/../lib/gcc/arm-none-eabi/4.6.1/../../../../arm-none-eabi/lib/thumb2/libc.a(lib_a-setbuf.o)
 .debug_frame   0x00001d14       0x34 /usr/local/Sourcery/bin/../lib/gcc/arm-none-eabi/4.6.1/../../../../arm-none-eabi/lib/thumb2/libc.a(lib_a-setvbuf.o)
 .debug_frame   0x00001d48       0x7c /usr/local/Sourcery/bin/../lib/gcc/arm-none-eabi/4.6.1/../../../../arm-none-eabi/lib/thumb2/libc.a(lib_a-vfiprintf.o)
 .debug_frame   0x00001dc4       0x2c /usr/local/Sourcery/bin/../lib/gcc/arm-none-eabi/4.6.1/../../../../arm-none-eabi/lib/thumb2/libc.a(lib_a-wsetup.o)
 .debug_frame   0x00001df0       0x28 /usr/local/Sourcery/bin/../lib/gcc/arm-none-eabi/4.6.1/../../../../arm-none-eabi/lib/thumb2/libc.a(lib_a-abort.o)
 .debug_frame   0x00001e18       0x40 /usr/local/Sourcery/bin/../lib/gcc/arm-none-eabi/4.6.1/../../../../arm-none-eabi/lib/thumb2/libc.a(lib_a-fflush.o)
 .debug_frame   0x00001e58      0x11c /usr/local/Sourcery/bin/../lib/gcc/arm-none-eabi/4.6.1/../../../../arm-none-eabi/lib/thumb2/libc.a(lib_a-findfp.o)