Archive member included because of file (symbol)

libusb/lib/libusb_sam3s_rel.a(release-USBD_HAL.o)
                              build/obj/startup.o (USBD_IrqHandler)
libusb/lib/libusb_sam3s_rel.a(release-USBDescriptors.o)
                              libusb/lib/libusb_sam3s_rel.a(release-USBD_HAL.o) (USBEndpointDescriptor_GetNumber)
libusb/lib/libusb_sam3s_rel.a(release-USBD.o)
                              libusb/lib/libusb_sam3s_rel.a(release-USBD_HAL.o) (USBD_SuspendHandler)
libusb/lib/libusb_sam3s_rel.a(release-USBDCallbacks.o)
                              libusb/lib/libusb_sam3s_rel.a(release-USBD.o) (USBDCallbacks_Reset)
libusb/lib/libusb_sam3s_rel.a(release-USBDDriver.o)
                              libusb/lib/libusb_sam3s_rel.a(release-USBDCallbacks.o) (USBD_GetDriver)
libusb/lib/libusb_sam3s_rel.a(release-CDCDSerial.o)
                              build/obj/usb_console.o (CDCDSerial_Read)
libusb/lib/libusb_sam3s_rel.a(release-USBDDriverCallbacks.o)
                              libusb/lib/libusb_sam3s_rel.a(release-USBDDriver.o) (USBDDriverCallbacks_InterfaceSettingChanged)
libusb/lib/libusb_sam3s_rel.a(release-CDCDSerialDriver.o)
                              build/obj/usb_console.o (CDCDSerialDriver_Initialize)
libusb/lib/libusb_sam3s_rel.a(release-USBRequests.o)
                              libusb/lib/libusb_sam3s_rel.a(release-USBDDriver.o) (USBGenericRequest_GetRequest)
libusb/lib/libusb_sam3s_rel.a(release-CDCDSerialPort.o)
                              libusb/lib/libusb_sam3s_rel.a(release-CDCDSerial.o) (CDCDSerialPort_Initialize)
libusb/lib/libusb_sam3s_rel.a(release-CDCLineCoding.o)
                              libusb/lib/libusb_sam3s_rel.a(release-CDCDSerialPort.o) (CDCLineCoding_Initialize)
libchip/lib/libchip_sam3s4_rel.a(release-pio_it.o)
                              build/obj/startup.o (PIOA_IrqHandler)
libchip/lib/libchip_sam3s4_rel.a(release-exceptions.o)
                              build/obj/startup.o (IrqHandlerNotUsed)
libchip/lib/libchip_sam3s4_rel.a(release-adc.o)
                              build/obj/main.o (ADC_Initialize)
libchip/lib/libchip_sam3s4_rel.a(release-pio.o)
                              build/obj/uart_console.o (PIO_Configure)
libchip/lib/libchip_sam3s4_rel.a(release-pmc.o)
                              libusb/lib/libusb_sam3s_rel.a(release-USBD_HAL.o) (PMC_EnablePeripheral)
libchip/lib/libchip_sam3s4_rel.a(release-tc.o)
                              build/obj/led.o (TC_Configure)
libchip/lib/libchip_sam3s4_rel.a(release-pio_capture.o)
                              libchip/lib/libchip_sam3s4_rel.a(release-pio_it.o) (PIO_CaptureHandler)
/usr/local/Sourcery/bin/../lib/gcc/arm-none-eabi/4.6.1/../../../../arm-none-eabi/lib/thumb2/libc.a(lib_a-assert.o)
                              build/obj/led.o (__assert_func)
/usr/local/Sourcery/bin/../lib/gcc/arm-none-eabi/4.6.1/../../../../arm-none-eabi/lib/thumb2/libc.a(lib_a-fiprintf.o)
                              build/obj/usb_console.o (fiprintf)
/usr/local/Sourcery/bin/../lib/gcc/arm-none-eabi/4.6.1/../../../../arm-none-eabi/lib/thumb2/libc.a(lib_a-gets.o)
                              build/obj/main.o (gets)
/usr/local/Sourcery/bin/../lib/gcc/arm-none-eabi/4.6.1/../../../../arm-none-eabi/lib/thumb2/libc.a(lib_a-impure.o)
                              build/obj/usb_console.o (_impure_ptr)
/usr/local/Sourcery/bin/../lib/gcc/arm-none-eabi/4.6.1/../../../../arm-none-eabi/lib/thumb2/libc.a(lib_a-iprintf.o)
                              build/obj/syscalls.o (iprintf)
/usr/local/Sourcery/bin/../lib/gcc/arm-none-eabi/4.6.1/../../../../arm-none-eabi/lib/thumb2/libc.a(lib_a-memcpy.o)
                              build/obj/usb_console.o (memcpy)
/usr/local/Sourcery/bin/../lib/gcc/arm-none-eabi/4.6.1/../../../../arm-none-eabi/lib/thumb2/libc.a(lib_a-memmove.o)
                              build/obj/usb_console.o (memmove)
/usr/local/Sourcery/bin/../lib/gcc/arm-none-eabi/4.6.1/../../../../arm-none-eabi/lib/thumb2/libc.a(lib_a-puts.o)
                              build/obj/main.o (puts)
/usr/local/Sourcery/bin/../lib/gcc/arm-none-eabi/4.6.1/../../../../arm-none-eabi/lib/thumb2/libc.a(lib_a-reent.o)
                              build/obj/syscalls.o (errno)
/usr/local/Sourcery/bin/../lib/gcc/arm-none-eabi/4.6.1/../../../../arm-none-eabi/lib/thumb2/libc.a(lib_a-rget.o)
                              /usr/local/Sourcery/bin/../lib/gcc/arm-none-eabi/4.6.1/../../../../arm-none-eabi/lib/thumb2/libc.a(lib_a-gets.o) (__srget_r)
/usr/local/Sourcery/bin/../lib/gcc/arm-none-eabi/4.6.1/../../../../arm-none-eabi/lib/thumb2/libc.a(lib_a-setbuf.o)
                              build/obj/main.o (setbuf)
/usr/local/Sourcery/bin/../lib/gcc/arm-none-eabi/4.6.1/../../../../arm-none-eabi/lib/thumb2/libc.a(lib_a-setvbuf.o)
                              /usr/local/Sourcery/bin/../lib/gcc/arm-none-eabi/4.6.1/../../../../arm-none-eabi/lib/thumb2/libc.a(lib_a-setbuf.o) (setvbuf)
[...]
Memory Configuration

Name             Origin             Length             Attributes
rom              0x00400000         0x00040000         xr
ram              0x20000000         0x0000c000         xrw
*default*        0x00000000         0xffffffff

Linker script and memory map

LOAD /usr/local/Sourcery/bin/../lib/gcc/arm-none-eabi/4.6.1/thumb2/crti.o
LOAD /usr/local/Sourcery/bin/../lib/gcc/arm-none-eabi/4.6.1/thumb2/crtbegin.o
START GROUP
LOAD /usr/local/Sourcery/bin/../lib/gcc/arm-none-eabi/4.6.1/thumb2/libgcc.a
LOAD /usr/local/Sourcery/bin/../lib/gcc/arm-none-eabi/4.6.1/../../../../arm-none-eabi/lib/thumb2/libc.a
END GROUP
LOAD build/obj/syscalls.o
LOAD build/obj/system.o
LOAD build/obj/uart_console.o
LOAD build/obj/usb_console.o
LOAD build/obj/led.o
LOAD build/obj/timetick.o
LOAD build/obj/startup.o
LOAD build/obj/usb_device_descriptor.o
LOAD build/obj/main.o
LOAD build/obj/controller.o
LOAD libusb/lib/libusb_sam3s_rel.a
LOAD libchip/lib/libchip_sam3s4_rel.a
START GROUP
LOAD /usr/local/Sourcery/bin/../lib/gcc/arm-none-eabi/4.6.1/thumb2/libgcc.a
LOAD /usr/local/Sourcery/bin/../lib/gcc/arm-none-eabi/4.6.1/../../../../arm-none-eabi/lib/thumb2/libc.a
END GROUP
LOAD /usr/local/Sourcery/bin/../lib/gcc/arm-none-eabi/4.6.1/thumb2/crtend.o
LOAD /usr/local/Sourcery/bin/../lib/gcc/arm-none-eabi/4.6.1/thumb2/crtn.o

.text           0x00400000     0x994c
                0x00400000                . = ALIGN (0x4)
                0x00400000                _sfixed = .
 *(.vectors .vectors.*)
 .vectors       0x00400000       0xd0 build/obj/startup.o
                0x00400000                exception_table
 *(.text .text.* .gnu.linkonce.t.*)
 .text          0x004000d0       0x68 /usr/local/Sourcery/bin/../lib/gcc/arm-none-eabi/4.6.1/thumb2/crtbegin.o
 .text._read    0x00400138       0x54 build/obj/syscalls.o
                0x00400138                _read
 .text._write   0x0040018c       0x54 build/obj/syscalls.o
                0x0040018c                _write
 .text._sbrk    0x004001e0       0x5c build/obj/syscalls.o
                0x004001e0                _sbrk
 .text._isatty  0x0040023c       0x28 build/obj/syscalls.o
                0x0040023c                _isatty
 .text._exit    0x00400264       0x18 build/obj/syscalls.o
                0x00400264                _exit
 .text._lseek   0x0040027c       0x1c build/obj/syscalls.o
                0x0040027c                _lseek
 .text._kill    0x00400298       0x28 build/obj/syscalls.o
                0x00400298                _kill
 .text._getpid  0x004002c0       0x10 build/obj/syscalls.o
                0x004002c0                _getpid
 .text._close   0x004002d0       0x18 build/obj/syscalls.o
                0x004002d0                _close
 .text._fstat   0x004002e8       0x24 build/obj/syscalls.o
                0x004002e8                _fstat
 .text.SystemCoreClockUpdate
                0x0040030c       0x1c build/obj/system.o
                0x0040030c                SystemCoreClockUpdate
 .text.SystemInit
                0x00400328      0x1dc build/obj/system.o
                0x00400328                SystemInit
 .text.UART_Configure
                0x00400504       0x8c build/obj/uart_console.o
                0x00400504                UART_Configure
 .text.UART_Put
                0x00400590       0x78 build/obj/uart_console.o
                0x00400590                UART_Put
 .text.UART_Get
                0x00400608       0x70 build/obj/uart_console.o
                0x00400608                UART_Get
 .text.UART_Puts
                0x00400678       0x50 build/obj/uart_console.o
                0x00400678                UART_Puts
 .text.UART_Gets
                0x004006c8       0x54 build/obj/uart_console.o
                0x004006c8                UART_Gets
 .text.CDCDSerialDriver_Write
                0x0040071c       0x28 build/obj/usb_console.o
 .text.CDCDSerialDriver_Read
                0x00400744       0x28 build/obj/usb_console.o
 .text.NVIC_EnableIRQ
                0x0040076c       0x38 build/obj/usb_console.o
 .text.ISR_Vbus
                0x004007a4       0x60 build/obj/usb_console.o
 .text.VBus_Configure
                0x00400804       0x54 build/obj/usb_console.o
 .text.ConfigureUsbClock
                0x00400858       0x40 build/obj/usb_console.o
 .text.USBDCallbacks_Initialized
                0x00400898       0x10 build/obj/usb_console.o
                0x00400898                USBDCallbacks_Initialized
 .text.USBDDriverCallbacks_ConfigurationChanged
                0x004008a8       0x1c build/obj/usb_console.o
                0x004008a8                USBDDriverCallbacks_ConfigurationChanged
 .text.USBDCallbacks_RequestReceived
                0x004008c4       0x18 build/obj/usb_console.o
                0x004008c4                USBDCallbacks_RequestReceived
 .text.UsbWriteDone
                0x004008dc       0x48 build/obj/usb_console.o
 .text.UsbReadDone
                0x00400924       0x48 build/obj/usb_console.o
 .text.USBC_isConfigured
                0x0040096c       0x68 build/obj/usb_console.o
                0x0040096c                USBC_isConfigured
 .text.USBC_hasData
                0x004009d4       0x20 build/obj/usb_console.o
                0x004009d4                USBC_hasData
 .text.USBC_Configure
                0x004009f4       0x3c build/obj/usb_console.o
                0x004009f4                USBC_Configure
 .text.USBC_StartListening
                0x00400a30       0x50 build/obj/usb_console.o
                0x00400a30                USBC_StartListening
 .text.USBC_Gets
                0x00400a80      0x100 build/obj/usb_console.o
                0x00400a80                USBC_Gets
 .text.USBC_Puts
                0x00400b80       0xb8 build/obj/usb_console.o
                0x00400b80                USBC_Puts
 .text.NVIC_EnableIRQ
                0x00400c38       0x38 build/obj/led.o
 .text.TC0_IrqHandler
                0x00400c70       0x90 build/obj/led.o
                0x00400c70                TC0_IrqHandler
 .text.configure
                0x00400d00       0xa0 build/obj/led.o
 .text.LEDs_configure
                0x00400da0       0x18 build/obj/led.o
                0x00400da0                LEDs_configure
 .text.LED_tgl  0x00400db8       0x90 build/obj/led.o
                0x00400db8                LED_tgl
 .text.LED_clr  0x00400e48       0x7c build/obj/led.o
                0x00400e48                LED_clr
 .text.LED_blink
                0x00400ec4       0x6c build/obj/led.o
                0x00400ec4                LED_blink
 .text.NVIC_SetPriority
                0x00400f30       0x5c build/obj/timetick.o
 .text.SysTick_Config
                0x00400f8c       0x64 build/obj/timetick.o
 .text.SysTick_Handler
                0x00400ff0       0x24 build/obj/timetick.o
                0x00400ff0                SysTick_Handler
 .text.TimeTick_Configure
                0x00401014       0x3c build/obj/timetick.o
                0x00401014                TimeTick_Configure
 .text.GetTickCount
                0x00401050       0x18 build/obj/timetick.o
                0x00401050                GetTickCount
 .text.ResetException
                0x00401068       0xd0 build/obj/startup.o
                0x00401068                ResetException
 .text.NVIC_EnableIRQ
                0x00401138       0x38 build/obj/main.o
 .text.main     0x00401170      0x4f4 build/obj/main.o
                0x00401170                main
 .text.TC1_IrqHandler
                0x00401664       0x7c build/obj/main.o
                0x00401664                TC1_IrqHandler
 .text.ADC_IrqHandler
                0x004016e0       0xd8 build/obj/main.o
                0x004016e0                ADC_IrqHandler
 .text.init     0x004017b8       0xdc build/obj/main.o
 .text.pid      0x00401894       0xc4 build/obj/controller.o
 .text.update   0x00401958       0x90 build/obj/controller.o
 .text.mode     0x004019e8       0xd0 build/obj/controller.o
                0x004019e8                mode
 .text.control  0x00401ab8       0x9c build/obj/controller.o
                0x00401ab8                control
 .text.tristate
                0x00401b54       0x7c build/obj/controller.o
                0x00401b54                tristate
 .text.tris     0x00401bd0       0x98 build/obj/controller.o
                0x00401bd0                tris
 .text.UDP_EndOfTransfer
                0x00401c68       0x70 libusb/lib/libusb_sam3s_rel.a(release-USBD_HAL.o)
 .text.UDP_ClearRxFlag
                0x00401cd8       0x80 libusb/lib/libusb_sam3s_rel.a(release-USBD_HAL.o)
 .text.UDP_WritePayload
                0x00401d58       0x44 libusb/lib/libusb_sam3s_rel.a(release-USBD_HAL.o)
 .text.UDP_EnablePeripheralClock
                0x00401d9c       0x20 libusb/lib/libusb_sam3s_rel.a(release-USBD_HAL.o)
 .text.UDP_MblWriteFifo
                0x00401dbc      0x128 libusb/lib/libusb_sam3s_rel.a(release-USBD_HAL.o)
 .text.USBD_IrqHandler
                0x00401ee4      0x5f8 libusb/lib/libusb_sam3s_rel.a(release-USBD_HAL.o)
                0x00401ee4                USBD_IrqHandler
 .text.USBD_HAL_ResetEPs
                0x004024dc       0xc0 libusb/lib/libusb_sam3s_rel.a(release-USBD_HAL.o)
                0x004024dc                USBD_HAL_ResetEPs
 .text.USBD_HAL_CancelIo
                0x0040259c       0x54 libusb/lib/libusb_sam3s_rel.a(release-USBD_HAL.o)
                0x0040259c                USBD_HAL_CancelIo
 .text.USBD_HAL_ConfigureEP
                0x004025f0       0xf0 libusb/lib/libusb_sam3s_rel.a(release-USBD_HAL.o)
                0x004025f0                USBD_HAL_ConfigureEP
 .text.USBD_HAL_SetTransferCallback
                0x004026e0       0x20 libusb/lib/libusb_sam3s_rel.a(release-USBD_HAL.o)
                0x004026e0                USBD_HAL_SetTransferCallback
 .text.USBD_HAL_Write
                0x00402700      0x188 libusb/lib/libusb_sam3s_rel.a(release-USBD_HAL.o)
                0x00402700                USBD_HAL_Write
 .text.USBD_HAL_Read
                0x00402888       0x40 libusb/lib/libusb_sam3s_rel.a(release-USBD_HAL.o)
                0x00402888                USBD_HAL_Read
 .text.USBD_HAL_Connect
                0x004028c8       0x28 libusb/lib/libusb_sam3s_rel.a(release-USBD_HAL.o)
                0x004028c8                USBD_HAL_Connect
 .text.USBD_HAL_Disconnect
                0x004028f0       0x28 libusb/lib/libusb_sam3s_rel.a(release-USBD_HAL.o)
                0x004028f0                USBD_HAL_Disconnect
 .text.USBD_HAL_SetAddress
                0x00402918       0x1c libusb/lib/libusb_sam3s_rel.a(release-USBD_HAL.o)
                0x00402918                USBD_HAL_SetAddress
 .text.USBD_HAL_SetConfiguration
                0x00402934       0x18 libusb/lib/libusb_sam3s_rel.a(release-USBD_HAL.o)
                0x00402934                USBD_HAL_SetConfiguration
 .text.USBD_HAL_Init
                0x0040294c       0x40 libusb/lib/libusb_sam3s_rel.a(release-USBD_HAL.o)
                0x0040294c                USBD_HAL_Init
 .text.USBD_HAL_Stall
                0x0040298c       0x60 libusb/lib/libusb_sam3s_rel.a(release-USBD_HAL.o)
                0x0040298c                USBD_HAL_Stall
 .text.USBD_HAL_Halt
                0x004029ec       0xc4 libusb/lib/libusb_sam3s_rel.a(release-USBD_HAL.o)
                0x004029ec                USBD_HAL_Halt
 .text.USBD_HAL_IsHighSpeed
                0x00402ab0        0x4 libusb/lib/libusb_sam3s_rel.a(release-USBD_HAL.o)
                0x00402ab0                USBD_HAL_IsHighSpeed
 .text.USBD_HAL_Suspend
                0x00402ab4       0x28 libusb/lib/libusb_sam3s_rel.a(release-USBD_HAL.o)
                0x00402ab4                USBD_HAL_Suspend
 .text.USBD_HAL_Activate
                0x00402adc       0x24 libusb/lib/libusb_sam3s_rel.a(release-USBD_HAL.o)
                0x00402adc                USBD_HAL_Activate
 .text.USBGenericDescriptor_GetLength
                0x00402b00        0x4 libusb/lib/libusb_sam3s_rel.a(release-USBDescriptors.o)
                0x00402b00                USBGenericDescriptor_GetLength
 .text.USBGenericDescriptor_GetType
                0x00402b04        0x4 libusb/lib/libusb_sam3s_rel.a(release-USBDescriptors.o)
                0x00402b04                USBGenericDescriptor_GetType
 .text.USBGenericDescriptor_GetNextDescriptor
                0x00402b08       0x10 libusb/lib/libusb_sam3s_rel.a(release-USBDescriptors.o)
                0x00402b08                USBGenericDescriptor_GetNextDescriptor
 .text.USBGenericDescriptor_Parse
                0x00402b18       0x4c libusb/lib/libusb_sam3s_rel.a(release-USBDescriptors.o)
                0x00402b18                USBGenericDescriptor_Parse
 .text.USBEndpointDescriptor_GetNumber
                0x00402b64        0x8 libusb/lib/libusb_sam3s_rel.a(release-USBDescriptors.o)
                0x00402b64                USBEndpointDescriptor_GetNumber
 .text.USBEndpointDescriptor_GetDirection
                0x00402b6c        0x6 libusb/lib/libusb_sam3s_rel.a(release-USBDescriptors.o)
                0x00402b6c                USBEndpointDescriptor_GetDirection
 .text.USBEndpointDescriptor_GetType
                0x00402b72        0x8 libusb/lib/libusb_sam3s_rel.a(release-USBDescriptors.o)
                0x00402b72                USBEndpointDescriptor_GetType
 .text.USBEndpointDescriptor_GetMaxPacketSize
                0x00402b7a        0x4 libusb/lib/libusb_sam3s_rel.a(release-USBDescriptors.o)
                0x00402b7a                USBEndpointDescriptor_GetMaxPacketSize
 .text.USBConfigurationDescriptor_GetTotalLength
                0x00402b7e        0x4 libusb/lib/libusb_sam3s_rel.a(release-USBDescriptors.o)
                0x00402b7e                USBConfigurationDescriptor_GetTotalLength
 .text.USBConfigurationDescriptor_IsSelfPowered
                0x00402b82        0x8 libusb/lib/libusb_sam3s_rel.a(release-USBDescriptors.o)
                0x00402b82                USBConfigurationDescriptor_IsSelfPowered
 *fill*         0x00402b8a        0x2 00
 .text.USBConfigurationDescriptor_Parse
                0x00402b8c       0x78 libusb/lib/libusb_sam3s_rel.a(release-USBDescriptors.o)
                0x00402b8c                USBConfigurationDescriptor_Parse
 .text.USBD_SuspendHandler
                0x00402c04       0x24 libusb/lib/libusb_sam3s_rel.a(release-USBD.o)
                0x00402c04                USBD_SuspendHandler
 .text.USBD_ResumeHandler
                0x00402c28       0x28 libusb/lib/libusb_sam3s_rel.a(release-USBD.o)
                0x00402c28                USBD_ResumeHandler
 .text.USBD_RequestHandler
                0x00402c50       0x2c libusb/lib/libusb_sam3s_rel.a(release-USBD.o)
                0x00402c50                USBD_RequestHandler
 .text.USBD_ConfigureEndpoint
                0x00402c7c        0xc libusb/lib/libusb_sam3s_rel.a(release-USBD.o)
                0x00402c7c                USBD_ConfigureEndpoint
 .text.USBD_ResetHandler
                0x00402c88       0x38 libusb/lib/libusb_sam3s_rel.a(release-USBD.o)
                0x00402c88                USBD_ResetHandler
 .text.USBD_Write
                0x00402cc0       0x24 libusb/lib/libusb_sam3s_rel.a(release-USBD.o)
                0x00402cc0                USBD_Write
 .text.USBD_Read
                0x00402ce4       0x24 libusb/lib/libusb_sam3s_rel.a(release-USBD.o)
                0x00402ce4                USBD_Read
 .text.USBD_Halt
                0x00402d08       0x10 libusb/lib/libusb_sam3s_rel.a(release-USBD.o)
                0x00402d08                USBD_Halt
 .text.USBD_Unhalt
                0x00402d18       0x10 libusb/lib/libusb_sam3s_rel.a(release-USBD.o)
                0x00402d18                USBD_Unhalt
 .text.USBD_IsHighSpeed
                0x00402d28        0xc libusb/lib/libusb_sam3s_rel.a(release-USBD.o)
                0x00402d28                USBD_IsHighSpeed
 .text.USBD_Stall
                0x00402d34        0xc libusb/lib/libusb_sam3s_rel.a(release-USBD.o)
                0x00402d34                USBD_Stall
 .text.USBD_SetAddress
                0x00402d40       0x20 libusb/lib/libusb_sam3s_rel.a(release-USBD.o)
                0x00402d40                USBD_SetAddress
 .text.USBD_SetConfiguration
                0x00402d60       0x30 libusb/lib/libusb_sam3s_rel.a(release-USBD.o)
                0x00402d60                USBD_SetConfiguration
 .text.USBD_Connect
                0x00402d90        0xc libusb/lib/libusb_sam3s_rel.a(release-USBD.o)
                0x00402d90                USBD_Connect
 .text.USBD_Disconnect
                0x00402d9c       0x28 libusb/lib/libusb_sam3s_rel.a(release-USBD.o)
                0x00402d9c                USBD_Disconnect
 .text.USBD_Init
                0x00402dc4       0x24 libusb/lib/libusb_sam3s_rel.a(release-USBD.o)
                0x00402dc4                USBD_Init
 .text.USBD_GetState
                0x00402de8        0xc libusb/lib/libusb_sam3s_rel.a(release-USBD.o)
                0x00402de8                USBD_GetState
 .text.USBDCallbacks_Reset
                0x00402df4        0x2 libusb/lib/libusb_sam3s_rel.a(release-USBDCallbacks.o)
                0x00402df4                USBDCallbacks_Reset
 .text.USBDCallbacks_Suspended
                0x00402df6        0x2 libusb/lib/libusb_sam3s_rel.a(release-USBDCallbacks.o)
                0x00402df6                USBDCallbacks_Suspended
 .text.USBDCallbacks_Resumed
                0x00402df8        0x2 libusb/lib/libusb_sam3s_rel.a(release-USBDCallbacks.o)
                0x00402df8                USBDCallbacks_Resumed
 *fill*         0x00402dfa        0x2 00
 .text.TerminateCtrlInWithNull
                0x00402dfc       0x18 libusb/lib/libusb_sam3s_rel.a(release-USBDDriver.o)
 .text.USBD_GetDriver
                0x00402e14        0x8 libusb/lib/libusb_sam3s_rel.a(release-USBDDriver.o)
                0x00402e14                USBD_GetDriver
 .text.USBDDriver_Initialize
                0x00402e1c        0xc libusb/lib/libusb_sam3s_rel.a(release-USBDDriver.o)
                0x00402e1c                USBDDriver_Initialize
 .text.USBDDriver_GetCfgDescriptors
                0x00402e28       0x18 libusb/lib/libusb_sam3s_rel.a(release-USBDDriver.o)
                0x00402e28                USBDDriver_GetCfgDescriptors
 .text.USBDDriver_RequestHandler
                0x00402e40      0x3f0 libusb/lib/libusb_sam3s_rel.a(release-USBDDriver.o)
                0x00402e40                USBDDriver_RequestHandler
 .text.CDCDSerial_Initialize
                0x00403230       0x24 libusb/lib/libusb_sam3s_rel.a(release-CDCDSerial.o)
                0x00403230                CDCDSerial_Initialize
 .text.CDCDSerial_ConfigureFunction
                0x00403254       0x18 libusb/lib/libusb_sam3s_rel.a(release-CDCDSerial.o)
                0x00403254                CDCDSerial_ConfigureFunction
 .text.CDCDSerial_RequestHandler
                0x0040326c       0x14 libusb/lib/libusb_sam3s_rel.a(release-CDCDSerial.o)
                0x0040326c                CDCDSerial_RequestHandler
 .text.CDCDSerial_Read
                0x00403280       0x20 libusb/lib/libusb_sam3s_rel.a(release-CDCDSerial.o)
                0x00403280                CDCDSerial_Read
 .text.CDCDSerial_Write
                0x004032a0       0x20 libusb/lib/libusb_sam3s_rel.a(release-CDCDSerial.o)
                0x004032a0                CDCDSerial_Write
 .text.CDCDSerial_LineCodingIsToChange
                0x004032c0        0x4 libusb/lib/libusb_sam3s_rel.a(release-CDCDSerial.o)
                0x004032c0                CDCDSerial_LineCodingIsToChange
 .text.CDCDSerial_ControlLineStateChanged
                0x004032c4        0x2 libusb/lib/libusb_sam3s_rel.a(release-CDCDSerial.o)
                0x004032c4                CDCDSerial_ControlLineStateChanged
 *fill*         0x004032c6        0x2 00
 .text.CDCDSerial_EventHandler
                0x004032c8       0x34 libusb/lib/libusb_sam3s_rel.a(release-CDCDSerial.o)
 .text.USBDDriverCallbacks_InterfaceSettingChanged
                0x004032fc        0x2 libusb/lib/libusb_sam3s_rel.a(release-USBDDriverCallbacks.o)
                0x004032fc                USBDDriverCallbacks_InterfaceSettingChanged
 *fill*         0x004032fe        0x2 00
 .text.CDCDSerialDriver_Initialize
                0x00403300       0x30 libusb/lib/libusb_sam3s_rel.a(release-CDCDSerialDriver.o)
                0x00403300                CDCDSerialDriver_Initialize
 .text.CDCDSerialDriver_ConfigurationChangedHandler
                0x00403330       0x24 libusb/lib/libusb_sam3s_rel.a(release-CDCDSerialDriver.o)
                0x00403330                CDCDSerialDriver_ConfigurationChangedHandler
 .text.CDCDSerialDriver_RequestHandler
                0x00403354       0x28 libusb/lib/libusb_sam3s_rel.a(release-CDCDSerialDriver.o)
                0x00403354                CDCDSerialDriver_RequestHandler
 .text.USBGenericRequest_GetType
                0x0040337c        0xa libusb/lib/libusb_sam3s_rel.a(release-USBRequests.o)
                0x0040337c                USBGenericRequest_GetType
 .text.USBGenericRequest_GetRequest
                0x00403386        0x4 libusb/lib/libusb_sam3s_rel.a(release-USBRequests.o)
                0x00403386                USBGenericRequest_GetRequest
 .text.USBGenericRequest_GetValue
                0x0040338a        0x4 libusb/lib/libusb_sam3s_rel.a(release-USBRequests.o)
                0x0040338a                USBGenericRequest_GetValue
 .text.USBGenericRequest_GetIndex
                0x0040338e        0x4 libusb/lib/libusb_sam3s_rel.a(release-USBRequests.o)
                0x0040338e                USBGenericRequest_GetIndex
 .text.USBGenericRequest_GetLength
                0x00403392        0x4 libusb/lib/libusb_sam3s_rel.a(release-USBRequests.o)
                0x00403392                USBGenericRequest_GetLength
 *fill*         0x00403396        0x2 00
 .text.USBGenericRequest_GetEndpointNumber
                0x00403398       0x10 libusb/lib/libusb_sam3s_rel.a(release-USBRequests.o)
                0x00403398                USBGenericRequest_GetEndpointNumber
 .text.USBGenericRequest_GetRecipient
                0x004033a8        0x8 libusb/lib/libusb_sam3s_rel.a(release-USBRequests.o)
                0x004033a8                USBGenericRequest_GetRecipient
 .text.USBGenericRequest_GetDirection
                0x004033b0        0x6 libusb/lib/libusb_sam3s_rel.a(release-USBRequests.o)
                0x004033b0                USBGenericRequest_GetDirection
 *fill*         0x004033b6        0x2 00
 .text.USBGetDescriptorRequest_GetDescriptorType
                0x004033b8       0x10 libusb/lib/libusb_sam3s_rel.a(release-USBRequests.o)
                0x004033b8                USBGetDescriptorRequest_GetDescriptorType
 .text.USBGetDescriptorRequest_GetDescriptorIndex
                0x004033c8       0x10 libusb/lib/libusb_sam3s_rel.a(release-USBRequests.o)
                0x004033c8                USBGetDescriptorRequest_GetDescriptorIndex
 .text.USBSetAddressRequest_GetAddress
                0x004033d8       0x10 libusb/lib/libusb_sam3s_rel.a(release-USBRequests.o)
                0x004033d8                USBSetAddressRequest_GetAddress
 .text.USBSetConfigurationRequest_GetConfiguration
                0x004033e8       0x10 libusb/lib/libusb_sam3s_rel.a(release-USBRequests.o)
                0x004033e8                USBSetConfigurationRequest_GetConfiguration
 .text.USBInterfaceRequest_GetInterface
                0x004033f8       0x10 libusb/lib/libusb_sam3s_rel.a(release-USBRequests.o)
                0x004033f8                USBInterfaceRequest_GetInterface
 .text.USBInterfaceRequest_GetAlternateSetting
                0x00403408       0x10 libusb/lib/libusb_sam3s_rel.a(release-USBRequests.o)
                0x00403408                USBInterfaceRequest_GetAlternateSetting
 .text.USBFeatureRequest_GetFeatureSelector
                0x00403418       0x10 libusb/lib/libusb_sam3s_rel.a(release-USBRequests.o)
                0x00403418                USBFeatureRequest_GetFeatureSelector
 .text._Interfaces_Parse
                0x00403428       0xa6 libusb/lib/libusb_sam3s_rel.a(release-CDCDSerialPort.o)
 *fill*         0x004034ce        0x2 00
 .text._SetLineCodingCallback
                0x004034d0       0x48 libusb/lib/libusb_sam3s_rel.a(release-CDCDSerialPort.o)
 .text.CDCDSerialPort_Initialize
                0x00403518       0x34 libusb/lib/libusb_sam3s_rel.a(release-CDCDSerialPort.o)
                0x00403518                CDCDSerialPort_Initialize
 .text.CDCDSerialPort_ParseInterfaces
                0x0040354c       0x20 libusb/lib/libusb_sam3s_rel.a(release-CDCDSerialPort.o)
                0x0040354c                CDCDSerialPort_ParseInterfaces
 .text.CDCDSerialPort_RequestHandler
                0x0040356c       0x9c libusb/lib/libusb_sam3s_rel.a(release-CDCDSerialPort.o)
                0x0040356c                CDCDSerialPort_RequestHandler
 .text.CDCDSerialPort_Read
                0x00403608       0x18 libusb/lib/libusb_sam3s_rel.a(release-CDCDSerialPort.o)
                0x00403608                CDCDSerialPort_Read
 .text.CDCDSerialPort_Write
                0x00403620       0x18 libusb/lib/libusb_sam3s_rel.a(release-CDCDSerialPort.o)
                0x00403620                CDCDSerialPort_Write
 .text.CDCLineCoding_Initialize
                0x00403638        0xe libusb/lib/libusb_sam3s_rel.a(release-CDCLineCoding.o)
                0x00403638                CDCLineCoding_Initialize
 *fill*         0x00403646        0x2 00
 .text.NVIC_SetPriority
                0x00403648       0x28 libchip/lib/libchip_sam3s4_rel.a(release-pio_it.o)
 .text.PioInterruptHandler
                0x00403670       0x6c libchip/lib/libchip_sam3s4_rel.a(release-pio_it.o)
                0x00403670                PioInterruptHandler
 .text.PIOA_IrqHandler
                0x004036dc       0x24 libchip/lib/libchip_sam3s4_rel.a(release-pio_it.o)
                0x004036dc                PIOA_IrqHandler
 .text.PIOB_IrqHandler
                0x00403700       0x14 libchip/lib/libchip_sam3s4_rel.a(release-pio_it.o)
                0x00403700                PIOB_IrqHandler
 .text.PIOC_IrqHandler
                0x00403714       0x14 libchip/lib/libchip_sam3s4_rel.a(release-pio_it.o)
                0x00403714                PIOC_IrqHandler
 .text.PIO_InitializeInterrupts
                0x00403728       0x98 libchip/lib/libchip_sam3s4_rel.a(release-pio_it.o)
                0x00403728                PIO_InitializeInterrupts
 .text.PIO_ConfigureIt
                0x004037c0       0x84 libchip/lib/libchip_sam3s4_rel.a(release-pio_it.o)
                0x004037c0                PIO_ConfigureIt
 .text.PIO_EnableIt
                0x00403844       0x70 libchip/lib/libchip_sam3s4_rel.a(release-pio_it.o)
                0x00403844                PIO_EnableIt
 .text.IrqHandlerNotUsed
                0x004038b4        0x2 libchip/lib/libchip_sam3s4_rel.a(release-exceptions.o)
                0x004038b4                IrqHandlerNotUsed
 .text.NMI_Handler
                0x004038b6        0x2 libchip/lib/libchip_sam3s4_rel.a(release-exceptions.o)
                0x004038b6                NMI_Handler
 .text.HardFault_Handler
                0x004038b8        0x2 libchip/lib/libchip_sam3s4_rel.a(release-exceptions.o)
                0x004038b8                HardFault_Handler
 .text.MemManage_Handler
                0x004038ba        0x2 libchip/lib/libchip_sam3s4_rel.a(release-exceptions.o)
                0x004038ba                MemManage_Handler
 .text.BusFault_Handler
                0x004038bc        0x2 libchip/lib/libchip_sam3s4_rel.a(release-exceptions.o)
                0x004038bc                BusFault_Handler
 .text.UsageFault_Handler
                0x004038be        0x2 libchip/lib/libchip_sam3s4_rel.a(release-exceptions.o)
                0x004038be                UsageFault_Handler
 .text.SVC_Handler
                0x004038c0        0x2 libchip/lib/libchip_sam3s4_rel.a(release-exceptions.o)
                0x004038c0                SVC_Handler
 .text.DebugMon_Handler
                0x004038c2        0x2 libchip/lib/libchip_sam3s4_rel.a(release-exceptions.o)
                0x004038c2                DebugMon_Handler
 .text.PendSV_Handler
                0x004038c4        0x2 libchip/lib/libchip_sam3s4_rel.a(release-exceptions.o)
                0x004038c4                PendSV_Handler
 .text.SUPC_IrqHandler
                0x004038c6        0x2 libchip/lib/libchip_sam3s4_rel.a(release-exceptions.o)
                0x004038c6                SUPC_IrqHandler
 .text.RSTC_IrqHandler
                0x004038c8        0x2 libchip/lib/libchip_sam3s4_rel.a(release-exceptions.o)
                0x004038c8                RSTC_IrqHandler
 .text.RTC_IrqHandler
                0x004038ca        0x2 libchip/lib/libchip_sam3s4_rel.a(release-exceptions.o)
                0x004038ca                RTC_IrqHandler
 .text.RTT_IrqHandler
                0x004038cc        0x2 libchip/lib/libchip_sam3s4_rel.a(release-exceptions.o)
                0x004038cc                RTT_IrqHandler
 .text.WDT_IrqHandler
                0x004038ce        0x2 libchip/lib/libchip_sam3s4_rel.a(release-exceptions.o)
                0x004038ce                WDT_IrqHandler
 .text.PMC_IrqHandler
                0x004038d0        0x2 libchip/lib/libchip_sam3s4_rel.a(release-exceptions.o)
                0x004038d0                PMC_IrqHandler
 .text.EEFC_IrqHandler
                0x004038d2        0x2 libchip/lib/libchip_sam3s4_rel.a(release-exceptions.o)
                0x004038d2                EEFC_IrqHandler
 .text.UART0_IrqHandler
                0x004038d4        0x2 libchip/lib/libchip_sam3s4_rel.a(release-exceptions.o)
                0x004038d4                UART0_IrqHandler
 .text.UART1_IrqHandler
                0x004038d6        0x2 libchip/lib/libchip_sam3s4_rel.a(release-exceptions.o)
                0x004038d6                UART1_IrqHandler
 .text.SMC_IrqHandler
                0x004038d8        0x2 libchip/lib/libchip_sam3s4_rel.a(release-exceptions.o)
                0x004038d8                SMC_IrqHandler
 .text.USART0_IrqHandler
                0x004038da        0x2 libchip/lib/libchip_sam3s4_rel.a(release-exceptions.o)
                0x004038da                USART0_IrqHandler
 .text.USART1_IrqHandler
                0x004038dc        0x2 libchip/lib/libchip_sam3s4_rel.a(release-exceptions.o)
                0x004038dc                USART1_IrqHandler
 .text.MCI_IrqHandler
                0x004038de        0x2 libchip/lib/libchip_sam3s4_rel.a(release-exceptions.o)
                0x004038de                MCI_IrqHandler
 .text.TWI0_IrqHandler
                0x004038e0        0x2 libchip/lib/libchip_sam3s4_rel.a(release-exceptions.o)
                0x004038e0                TWI0_IrqHandler
 .text.TWI1_IrqHandler
                0x004038e2        0x2 libchip/lib/libchip_sam3s4_rel.a(release-exceptions.o)
                0x004038e2                TWI1_IrqHandler
 .text.SPI_IrqHandler
                0x004038e4        0x2 libchip/lib/libchip_sam3s4_rel.a(release-exceptions.o)
                0x004038e4                SPI_IrqHandler
 .text.SSC_IrqHandler
                0x004038e6        0x2 libchip/lib/libchip_sam3s4_rel.a(release-exceptions.o)
                0x004038e6                SSC_IrqHandler
 .text.TC2_IrqHandler
                0x004038e8        0x2 libchip/lib/libchip_sam3s4_rel.a(release-exceptions.o)
                0x004038e8                TC2_IrqHandler
 .text.TC3_IrqHandler
                0x004038ea        0x2 libchip/lib/libchip_sam3s4_rel.a(release-exceptions.o)
                0x004038ea                TC3_IrqHandler
 .text.TC4_IrqHandler
                0x004038ec        0x2 libchip/lib/libchip_sam3s4_rel.a(release-exceptions.o)
                0x004038ec                TC4_IrqHandler
 .text.TC5_IrqHandler
                0x004038ee        0x2 libchip/lib/libchip_sam3s4_rel.a(release-exceptions.o)
                0x004038ee                TC5_IrqHandler
 .text.DAC_IrqHandler
                0x004038f0        0x2 libchip/lib/libchip_sam3s4_rel.a(release-exceptions.o)
                0x004038f0                DAC_IrqHandler
 .text.PWM_IrqHandler
                0x004038f2        0x2 libchip/lib/libchip_sam3s4_rel.a(release-exceptions.o)
                0x004038f2                PWM_IrqHandler
 .text.CRCCU_IrqHandler
                0x004038f4        0x2 libchip/lib/libchip_sam3s4_rel.a(release-exceptions.o)
                0x004038f4                CRCCU_IrqHandler
 .text.ACC_IrqHandler
                0x004038f6        0x2 libchip/lib/libchip_sam3s4_rel.a(release-exceptions.o)
                0x004038f6                ACC_IrqHandler
 .text.ADC_Initialize
                0x004038f8       0x1c libchip/lib/libchip_sam3s4_rel.a(release-adc.o)
                0x004038f8                ADC_Initialize
 .text.ADC_cfgFrequency
                0x00403914       0x16 libchip/lib/libchip_sam3s4_rel.a(release-adc.o)
                0x00403914                ADC_cfgFrequency
 *fill*         0x0040392a        0x2 00
 .text.PIO_Configure
                0x0040392c      0x14c libchip/lib/libchip_sam3s4_rel.a(release-pio.o)
                0x0040392c                PIO_Configure
 .text.PIO_Get  0x00403a78       0x1c libchip/lib/libchip_sam3s4_rel.a(release-pio.o)
                0x00403a78                PIO_Get
 .text.PMC_EnablePeripheral
                0x00403a94       0x5c libchip/lib/libchip_sam3s4_rel.a(release-pmc.o)
                0x00403a94                PMC_EnablePeripheral
 .text.PMC_DisablePeripheral
                0x00403af0       0x58 libchip/lib/libchip_sam3s4_rel.a(release-pmc.o)
                0x00403af0                PMC_DisablePeripheral
 .text.PMC_IsPeriphEnabled
                0x00403b48       0x4c libchip/lib/libchip_sam3s4_rel.a(release-pmc.o)
                0x00403b48                PMC_IsPeriphEnabled
 .text.TC_Configure
                0x00403b94       0x38 libchip/lib/libchip_sam3s4_rel.a(release-tc.o)
                0x00403b94                TC_Configure
 .text.TC_Start
                0x00403bcc       0x2c libchip/lib/libchip_sam3s4_rel.a(release-tc.o)
                0x00403bcc                TC_Start
 .text.TC_Stop  0x00403bf8       0x2c libchip/lib/libchip_sam3s4_rel.a(release-tc.o)
                0x00403bf8                TC_Stop
 .text.TC_FindMckDivisor
                0x00403c24       0x70 libchip/lib/libchip_sam3s4_rel.a(release-tc.o)
                0x00403c24                TC_FindMckDivisor
 .text.PIO_CaptureHandler
                0x00403c94       0x60 libchip/lib/libchip_sam3s4_rel.a(release-pio_capture.o)
                0x00403c94                PIO_CaptureHandler
 .text          0x00403cf4       0x54 /usr/local/Sourcery/bin/../lib/gcc/arm-none-eabi/4.6.1/../../../../arm-none-eabi/lib/thumb2/libc.a(lib_a-assert.o)
                0x00403cf4                __assert_func
                0x00403d3c                __assert
 .text          0x00403d48       0x4c /usr/local/Sourcery/bin/../lib/gcc/arm-none-eabi/4.6.1/../../../../arm-none-eabi/lib/thumb2/libc.a(lib_a-fiprintf.o)
                0x00403d48                _fiprintf_r
                0x00403d68                fiprintf
 .text          0x00403d94       0x6c /usr/local/Sourcery/bin/../lib/gcc/arm-none-eabi/4.6.1/../../../../arm-none-eabi/lib/thumb2/libc.a(lib_a-gets.o)
                0x00403d94                _gets_r
                0x00403df0                gets
 .text          0x00403e00       0x64 /usr/local/Sourcery/bin/../lib/gcc/arm-none-eabi/4.6.1/../../../../arm-none-eabi/lib/thumb2/libc.a(lib_a-iprintf.o)
                0x00403e00                iprintf
                0x00403e38                _iprintf_r
 .text          0x00403e64       0xf0 /usr/local/Sourcery/bin/../lib/gcc/arm-none-eabi/4.6.1/../../../../arm-none-eabi/lib/thumb2/libc.a(lib_a-memcpy.o)
                0x00403e64                memcpy
 .text          0x00403f54       0xbc /usr/local/Sourcery/bin/../lib/gcc/arm-none-eabi/4.6.1/../../../../arm-none-eabi/lib/thumb2/libc.a(lib_a-memmove.o)
                0x00403f54                memmove
 .text          0x00404010       0x84 /usr/local/Sourcery/bin/../lib/gcc/arm-none-eabi/4.6.1/../../../../arm-none-eabi/lib/thumb2/libc.a(lib_a-puts.o)
                0x00404010                _puts_r
                0x00404084                puts
 .text          0x00404094       0x70 /usr/local/Sourcery/bin/../lib/gcc/arm-none-eabi/4.6.1/../../../../arm-none-eabi/lib/thumb2/libc.a(lib_a-rget.o)
                0x00404094                __srget_r
                0x004040f4                __srget
 .text          0x00404104       0x10 /usr/local/Sourcery/bin/../lib/gcc/arm-none-eabi/4.6.1/../../../../arm-none-eabi/lib/thumb2/libc.a(lib_a-setbuf.o)
                0x00404104                setbuf
 .text          0x00404114      0x15c /usr/local/Sourcery/bin/../lib/gcc/arm-none-eabi/4.6.1/../../../../arm-none-eabi/lib/thumb2/libc.a(lib_a-setvbuf.o)
                0x00404114                setvbuf
 .text          0x00404270       0xb4 /usr/local/Sourcery/bin/../lib/gcc/arm-none-eabi/4.6.1/../../../../arm-none-eabi/lib/thumb2/libc.a(lib_a-siscanf.o)
                0x00404270                siscanf
                0x004042cc                _siscanf_r
 .text          0x00404324       0x8c /usr/local/Sourcery/bin/../lib/gcc/arm-none-eabi/4.6.1/../../../../arm-none-eabi/lib/thumb2/libc.a(lib_a-stdio.o)
                0x00404324                __sread
                0x00404348                __seofread
                0x0040434c                __swrite
                0x00404384                __sseek
                0x004043a8                __sclose
 .text          0x004043b0      0x1dc /usr/local/Sourcery/bin/../lib/gcc/arm-none-eabi/4.6.1/../../../../arm-none-eabi/lib/thumb2/libc.a(lib_a-strcmp.o)
                0x004043b0                strcmp
 .text          0x0040458c       0x60 /usr/local/Sourcery/bin/../lib/gcc/arm-none-eabi/4.6.1/../../../../arm-none-eabi/lib/thumb2/libc.a(lib_a-strlen.o)
                0x0040458c                strlen
 .text          0x004045ec      0xb5c /usr/local/Sourcery/bin/../lib/gcc/arm-none-eabi/4.6.1/../../../../arm-none-eabi/lib/thumb2/libc.a(lib_a-svfiscanf.o)
                0x004045ec                _sungetc_r
                0x00404670                __ssrefill_r
                0x004046ac                _sfread_r
                0x00404724                __ssvfiscanf_r
 .text          0x00405148      0x19c /usr/local/Sourcery/bin/../lib/gcc/arm-none-eabi/4.6.1/../../../../arm-none-eabi/lib/thumb2/libc.a(lib_a-ungetc.o)
                0x00405148                __submore
                0x004051cc                _ungetc_r
                0x004052d0                ungetc
 .text          0x004052e4      0xd18 /usr/local/Sourcery/bin/../lib/gcc/arm-none-eabi/4.6.1/../../../../arm-none-eabi/lib/thumb2/libc.a(lib_a-vfiprintf.o)
                0x004052e4                __sprint_r
                0x00405364                _vfiprintf_r
                0x00405fe0                vfiprintf
 .text          0x00405ffc       0x2c /usr/local/Sourcery/bin/../lib/gcc/arm-none-eabi/4.6.1/../../../../arm-none-eabi/lib/thumb2/libc.a(lib_a-writer.o)
                0x00405ffc                _write_r
 .text          0x00406028       0xf8 /usr/local/Sourcery/bin/../lib/gcc/arm-none-eabi/4.6.1/../../../../arm-none-eabi/lib/thumb2/libc.a(lib_a-wsetup.o)
                0x00406028                __swsetup_r
 .text          0x00406120       0x10 /usr/local/Sourcery/bin/../lib/gcc/arm-none-eabi/4.6.1/../../../../arm-none-eabi/lib/thumb2/libc.a(lib_a-abort.o)
                0x00406120                abort
 .text          0x00406130       0x28 /usr/local/Sourcery/bin/../lib/gcc/arm-none-eabi/4.6.1/../../../../arm-none-eabi/lib/thumb2/libc.a(lib_a-closer.o)
                0x00406130                _close_r
 .text          0x00406158      0x1e0 /usr/local/Sourcery/bin/../lib/gcc/arm-none-eabi/4.6.1/../../../../arm-none-eabi/lib/thumb2/libc.a(lib_a-fflush.o)
                0x00406158                _fflush_r
                0x00406310                fflush
 .text          0x00406338      0x1dc /usr/local/Sourcery/bin/../lib/gcc/arm-none-eabi/4.6.1/../../../../arm-none-eabi/lib/thumb2/libc.a(lib_a-findfp.o)
                0x00406340                _cleanup_r
                0x0040639c                __sfmoreglue
                0x004063cc                _cleanup
                0x004063dc                __sinit
                0x00406438                __sfp
                0x004064d4                __sfp_lock_acquire
                0x004064d8                __sfp_lock_release
                0x004064dc                __sinit_lock_acquire
                0x004064e0                __sinit_lock_release
                0x004064e4                __fp_lock_all
                0x004064fc                __fp_unlock_all
 .text          0x00406514      0x13c /usr/local/Sourcery/bin/../lib/gcc/arm-none-eabi/4.6.1/../../../../arm-none-eabi/lib/thumb2/libc.a(lib_a-fputwc.o)
                0x00406514                _fputwc_r
                0x004065f8                fputwc
 .text          0x00406650      0x234 /usr/local/Sourcery/bin/../lib/gcc/arm-none-eabi/4.6.1/../../../../arm-none-eabi/lib/thumb2/libc.a(lib_a-freer.o)
                0x00406650                _malloc_trim_r
                0x004066f4                _free_r
 .text          0x00406884      0x32c /usr/local/Sourcery/bin/../lib/gcc/arm-none-eabi/4.6.1/../../../../arm-none-eabi/lib/thumb2/libc.a(lib_a-fvwrite.o)
                0x00406884                __sfvwrite_r
 .text          0x00406bb0       0xa0 /usr/local/Sourcery/bin/../lib/gcc/arm-none-eabi/4.6.1/../../../../arm-none-eabi/lib/thumb2/libc.a(lib_a-fwalk.o)
                0x00406bb0                _fwalk
                0x00406bfc                _fwalk_reent
 .text          0x00406c50       0x1c /usr/local/Sourcery/bin/../lib/gcc/arm-none-eabi/4.6.1/../../../../arm-none-eabi/lib/thumb2/libc.a(lib_a-iswspace.o)
                0x00406c50                iswspace
 .text          0x00406c6c       0xa4 /usr/local/Sourcery/bin/../lib/gcc/arm-none-eabi/4.6.1/../../../../arm-none-eabi/lib/thumb2/libc.a(lib_a-locale.o)
                0x00406c6c                _setlocale_r
                0x00406cc8                __locale_charset
                0x00406cd4                __locale_mb_cur_max
                0x00406ce0                __locale_msgcharset
                0x00406ce8                __locale_cjk_lang
                0x00406cec                _localeconv_r
                0x00406cf4                setlocale
                0x00406d08                localeconv
 .text          0x00406d10       0x2c /usr/local/Sourcery/bin/../lib/gcc/arm-none-eabi/4.6.1/../../../../arm-none-eabi/lib/thumb2/libc.a(lib_a-lseekr.o)
                0x00406d10                _lseek_r
 .text          0x00406d3c       0xe8 /usr/local/Sourcery/bin/../lib/gcc/arm-none-eabi/4.6.1/../../../../arm-none-eabi/lib/thumb2/libc.a(lib_a-makebuf.o)
                0x00406d3c                __smakebuf_r
 .text          0x00406e24       0x20 /usr/local/Sourcery/bin/../lib/gcc/arm-none-eabi/4.6.1/../../../../arm-none-eabi/lib/thumb2/libc.a(lib_a-malloc.o)
                0x00406e24                malloc
                0x00406e34                free
 .text          0x00406e44      0x57c /usr/local/Sourcery/bin/../lib/gcc/arm-none-eabi/4.6.1/../../../../arm-none-eabi/lib/thumb2/libc.a(lib_a-mallocr.o)
                0x00406e44                _malloc_r
 .text          0x004073c0       0xc8 /usr/local/Sourcery/bin/../lib/gcc/arm-none-eabi/4.6.1/../../../../arm-none-eabi/lib/thumb2/libc.a(lib_a-mbrtowc.o)
                0x004073c0                _mbrtowc_r
                0x0040741c                mbrtowc
 .text          0x00407488       0x58 /usr/local/Sourcery/bin/../lib/gcc/arm-none-eabi/4.6.1/../../../../arm-none-eabi/lib/thumb2/libc.a(lib_a-mbtowc_r.o)
                0x00407488                __ascii_mbtowc
                0x004074ac                _mbtowc_r
 .text          0x004074e0       0x88 /usr/local/Sourcery/bin/../lib/gcc/arm-none-eabi/4.6.1/../../../../arm-none-eabi/lib/thumb2/libc.a(lib_a-memchr.o)
                0x004074e0                memchr
 .text          0x00407568       0x8c /usr/local/Sourcery/bin/../lib/gcc/arm-none-eabi/4.6.1/../../../../arm-none-eabi/lib/thumb2/libc.a(lib_a-memset.o)
                0x00407568                memset
 .text          0x004075f4        0x8 /usr/local/Sourcery/bin/../lib/gcc/arm-none-eabi/4.6.1/../../../../arm-none-eabi/lib/thumb2/libc.a(lib_a-mlock.o)
                0x004075f4                __malloc_lock
                0x004075f8                __malloc_unlock
 .text          0x004075fc       0x2c /usr/local/Sourcery/bin/../lib/gcc/arm-none-eabi/4.6.1/../../../../arm-none-eabi/lib/thumb2/libc.a(lib_a-readr.o)
                0x004075fc                _read_r
 .text          0x00407628      0x3d8 /usr/local/Sourcery/bin/../lib/gcc/arm-none-eabi/4.6.1/../../../../arm-none-eabi/lib/thumb2/libc.a(lib_a-reallocr.o)
                0x00407628                _realloc_r
 .text          0x00407a00      0x144 /usr/local/Sourcery/bin/../lib/gcc/arm-none-eabi/4.6.1/../../../../arm-none-eabi/lib/thumb2/libc.a(lib_a-refill.o)
                0x00407a14                __srefill_r
 .text          0x00407b44       0x28 /usr/local/Sourcery/bin/../lib/gcc/arm-none-eabi/4.6.1/../../../../arm-none-eabi/lib/thumb2/libc.a(lib_a-sbrkr.o)
                0x00407b44                _sbrk_r
 .text          0x00407b6c       0x78 /usr/local/Sourcery/bin/../lib/gcc/arm-none-eabi/4.6.1/../../../../arm-none-eabi/lib/thumb2/libc.a(lib_a-sccl.o)
                0x00407b6c                __sccl
 .text          0x00407be4      0x150 /usr/local/Sourcery/bin/../lib/gcc/arm-none-eabi/4.6.1/../../../../arm-none-eabi/lib/thumb2/libc.a(lib_a-signal.o)
                0x00407be4                _init_signal_r
                0x00407c14                _signal_r
                0x00407c50                _raise_r
                0x00407ca4                __sigtramp_r
                0x00407cf0                raise
                0x00407d00                signal
                0x00407d14                _init_signal
                0x00407d24                __sigtramp
 .text          0x00407d34       0x2c /usr/local/Sourcery/bin/../lib/gcc/arm-none-eabi/4.6.1/../../../../arm-none-eabi/lib/thumb2/libc.a(lib_a-signalr.o)
                0x00407d34                _kill_r
                0x00407d5c                _getpid_r
 .text          0x00407d60      0x17c /usr/local/Sourcery/bin/../lib/gcc/arm-none-eabi/4.6.1/../../../../arm-none-eabi/lib/thumb2/libc.a(lib_a-strtol.o)
                0x00407d60                _strtol_r
                0x00407ec0                strtol
 .text          0x00407edc      0x1f4 /usr/local/Sourcery/bin/../lib/gcc/arm-none-eabi/4.6.1/../../../../arm-none-eabi/lib/thumb2/libc.a(lib_a-strtoll_r.o)
                0x00407edc                _strtoll_r
 .text          0x004080d0      0x180 /usr/local/Sourcery/bin/../lib/gcc/arm-none-eabi/4.6.1/../../../../arm-none-eabi/lib/thumb2/libc.a(lib_a-strtoul.o)
                0x004080d0                _strtoul_r
                0x00408234                strtoul
 .text          0x00408250      0x1e0 /usr/local/Sourcery/bin/../lib/gcc/arm-none-eabi/4.6.1/../../../../arm-none-eabi/lib/thumb2/libc.a(lib_a-strtoull_r.o)
                0x00408250                _strtoull_r
 .text          0x00408430       0xfc /usr/local/Sourcery/bin/../lib/gcc/arm-none-eabi/4.6.1/../../../../arm-none-eabi/lib/thumb2/libc.a(lib_a-wbuf.o)
                0x00408430                __swbuf_r
                0x00408518                __swbuf
 .text          0x0040852c       0xb0 /usr/local/Sourcery/bin/../lib/gcc/arm-none-eabi/4.6.1/../../../../arm-none-eabi/lib/thumb2/libc.a(lib_a-wcrtomb.o)
                0x0040852c                _wcrtomb_r
                0x0040857c                wcrtomb
 .text          0x004085dc       0x4c /usr/local/Sourcery/bin/../lib/gcc/arm-none-eabi/4.6.1/../../../../arm-none-eabi/lib/thumb2/libc.a(lib_a-wctomb_r.o)
                0x004085dc                __ascii_wctomb
                0x004085f8                _wctomb_r
 .text          0x00408628       0xc4 /usr/local/Sourcery/bin/../lib/gcc/arm-none-eabi/4.6.1/../../../../arm-none-eabi/lib/thumb2/libc.a(lib_a-fclose.o)
                0x00408628                _fclose_r
                0x004086dc                fclose
 .text          0x004086ec       0x28 /usr/local/Sourcery/bin/../lib/gcc/arm-none-eabi/4.6.1/../../../../arm-none-eabi/lib/thumb2/libc.a(lib_a-fstatr.o)
                0x004086ec                _fstat_r
 .text          0x00408714       0x28 /usr/local/Sourcery/bin/../lib/gcc/arm-none-eabi/4.6.1/../../../../arm-none-eabi/lib/thumb2/libc.a(lib_a-isattyr.o)
                0x00408714                _isatty_r
 *fill*         0x0040873c        0x4 00
 .text          0x00408740      0x278 /usr/local/Sourcery/bin/../lib/gcc/arm-none-eabi/4.6.1/thumb2/libgcc.a(_udivsi3.o)
                0x00408740                __udivsi3
                0x00408740                __aeabi_uidiv
                0x0040899c                __aeabi_uidivmod
 .text          0x004089b8        0x4 /usr/local/Sourcery/bin/../lib/gcc/arm-none-eabi/4.6.1/thumb2/libgcc.a(_dvmd_tls.o)
                0x004089b8                __aeabi_ldiv0
                0x004089b8                __aeabi_idiv0
 .text          0x004089bc       0x2c /usr/local/Sourcery/bin/../lib/gcc/arm-none-eabi/4.6.1/thumb2/libgcc.a(_aeabi_uldivmod.o)
                0x004089bc                __aeabi_uldivmod
 .text          0x004089e8       0x5c /usr/local/Sourcery/bin/../lib/gcc/arm-none-eabi/4.6.1/thumb2/libgcc.a(bpabi.o)
                0x004089e8                __gnu_ldivmod_helper
                0x00408a18                __gnu_uldivmod_helper
 .text          0x00408a44      0x364 /usr/local/Sourcery/bin/../lib/gcc/arm-none-eabi/4.6.1/thumb2/libgcc.a(_divdi3.o)
                0x00408a44                __divdi3
 .text          0x00408da8      0x334 /usr/local/Sourcery/bin/../lib/gcc/arm-none-eabi/4.6.1/thumb2/libgcc.a(_udivdi3.o)
                0x00408da8                __udivdi3
 *(.glue_7t)
 .glue_7t       0x00000000        0x0 linker stubs
 *(.glue_7)
 .glue_7        0x00000000        0x0 linker stubs
 *(.rodata .rodata* .gnu.linkonce.r.*)
 .rodata        0x004090dc       0x1c build/obj/syscalls.o
 .rodata        0x004090f8        0xc build/obj/uart_console.o
 .rodata        0x00409104      0x124 build/obj/usb_console.o
 .rodata        0x00409228       0x54 build/obj/led.o
 .rodata        0x0040927c       0xa0 build/obj/usb_device_descriptor.o
                0x0040927c                deviceDescriptor
                0x00409290                configurationDescriptorsFS
                0x004092d4                languageIdStringDescriptor
                0x004092d8                productStringDescriptor
                0x004092f4                cdcdSerialDriverDescriptors
 .rodata        0x0040931c       0xb8 build/obj/main.o
 .rodata        0x004093d4       0x34 build/obj/controller.o
 .rodata.str1.1
                0x00409408       0x69 libusb/lib/libusb_sam3s_rel.a(release-USBD_HAL.o)
                                 0x6b (size before relaxing)
 .rodata.str1.1
                0x00409471       0x30 libusb/lib/libusb_sam3s_rel.a(release-USBD.o)
 .rodata.str1.1
                0x004094a1       0xef libusb/lib/libusb_sam3s_rel.a(release-USBDDriver.o)
 .rodata        0x00409590       0x3f libchip/lib/libchip_sam3s4_rel.a(release-pio_it.o)
 .rodata.str1.1
                0x004095cf       0x67 libchip/lib/libchip_sam3s4_rel.a(release-pio_it.o)
 .rodata        0x00409636       0x3f libchip/lib/libchip_sam3s4_rel.a(release-pmc.o)
 .rodata.str1.1
                0x00409675       0x17 libchip/lib/libchip_sam3s4_rel.a(release-pmc.o)
 .rodata        0x0040968c       0x1e libchip/lib/libchip_sam3s4_rel.a(release-tc.o)
 .rodata.str1.1
                0x004096aa       0x51 libchip/lib/libchip_sam3s4_rel.a(release-tc.o)
 *fill*         0x004096fb        0x1 00
 .rodata.str1.4
                0x004096fc       0x3f /usr/local/Sourcery/bin/../lib/gcc/arm-none-eabi/4.6.1/../../../../arm-none-eabi/lib/thumb2/libc.a(lib_a-assert.o)
                                 0x44 (size before relaxing)
 *fill*         0x0040973b        0x1 00
 .rodata        0x0040973c        0x4 /usr/local/Sourcery/bin/../lib/gcc/arm-none-eabi/4.6.1/../../../../arm-none-eabi/lib/thumb2/libc.a(lib_a-impure.o)
                0x0040973c                _global_impure_ptr
 .rodata.str1.4
                0x00409740        0x2 /usr/local/Sourcery/bin/../lib/gcc/arm-none-eabi/4.6.1/../../../../arm-none-eabi/lib/thumb2/libc.a(lib_a-impure.o)
                                  0x4 (size before relaxing)
 *fill*         0x00409742        0x2 00
 .rodata.str1.4
                0x00409744        0x2 /usr/local/Sourcery/bin/../lib/gcc/arm-none-eabi/4.6.1/../../../../arm-none-eabi/lib/thumb2/libc.a(lib_a-puts.o)
                                  0x4 (size before relaxing)
 *fill*         0x00409746        0x2 00
 .rodata        0x00409748       0x24 /usr/local/Sourcery/bin/../lib/gcc/arm-none-eabi/4.6.1/../../../../arm-none-eabi/lib/thumb2/libc.a(lib_a-svfiscanf.o)
 .rodata        0x0040976c       0x20 /usr/local/Sourcery/bin/../lib/gcc/arm-none-eabi/4.6.1/../../../../arm-none-eabi/lib/thumb2/libc.a(lib_a-vfiprintf.o)
 .rodata.str1.4
                0x0040978c       0x2f /usr/local/Sourcery/bin/../lib/gcc/arm-none-eabi/4.6.1/../../../../arm-none-eabi/lib/thumb2/libc.a(lib_a-vfiprintf.o)
                                 0x30 (size before relaxing)
 *fill*         0x004097bb        0x1 00
 .rodata        0x004097bc      0x104 /usr/local/Sourcery/bin/../lib/gcc/arm-none-eabi/4.6.1/../../../../arm-none-eabi/lib/thumb2/libc.a(lib_a-ctype_.o)
                0x004097bc                _ctype_
 .rodata        0x004098c0       0x60 /usr/local/Sourcery/bin/../lib/gcc/arm-none-eabi/4.6.1/../../../../arm-none-eabi/lib/thumb2/libc.a(lib_a-findfp.o)
                0x004098c0                __sf_fake_stderr
                0x004098e0                __sf_fake_stdout
                0x00409900                __sf_fake_stdin
 .rodata.str1.4
                0x00409920        0xc /usr/local/Sourcery/bin/../lib/gcc/arm-none-eabi/4.6.1/../../../../arm-none-eabi/lib/thumb2/libc.a(lib_a-locale.o)
                                 0x14 (size before relaxing)
 .rodata.str1.4
                0x00000000        0x4 /usr/local/Sourcery/bin/../lib/gcc/arm-none-eabi/4.6.1/../../../../arm-none-eabi/lib/thumb2/libc.a(lib_a-mbrtowc.o)
 *(.ARM.extab* .gnu.linkonce.armextab.*)
                0x0040992c                . = ALIGN (0x4)
 *(.init)
 .init          0x0040992c        0x4 /usr/local/Sourcery/bin/../lib/gcc/arm-none-eabi/4.6.1/thumb2/crti.o
                0x0040992c                _init
 .init          0x00409930        0x8 /usr/local/Sourcery/bin/../lib/gcc/arm-none-eabi/4.6.1/thumb2/crtn.o
                0x00409938                . = ALIGN (0x4)
                0x00409938                __preinit_array_start = .
 *(.preinit_array)
                0x00409938                __preinit_array_end = .
                0x00409938                . = ALIGN (0x4)
                0x00409938                __init_array_start = .
 *(SORT(.init_array.*))
 *(.init_array)
 .init_array    0x00409938        0x4 /usr/local/Sourcery/bin/../lib/gcc/arm-none-eabi/4.6.1/thumb2/crtbegin.o
                0x0040993c                __init_array_end = .
                0x0040993c                . = ALIGN (0x4)
 *crtbegin.o(.ctors)
 *(EXCLUDE_FILE(*crtend.o) .ctors)
 *(SORT(.ctors.*))
 *crtend.o(.ctors)
                0x0040993c                . = ALIGN (0x4)
 *(.fini)
 .fini          0x0040993c        0x4 /usr/local/Sourcery/bin/../lib/gcc/arm-none-eabi/4.6.1/thumb2/crti.o
                0x0040993c                _fini
 .fini          0x00409940        0x8 /usr/local/Sourcery/bin/../lib/gcc/arm-none-eabi/4.6.1/thumb2/crtn.o
                0x00409948                . = ALIGN (0x4)
                0x00409948                __fini_array_start = .
 *(.fini_array)
 .fini_array    0x00409948        0x4 /usr/local/Sourcery/bin/../lib/gcc/arm-none-eabi/4.6.1/thumb2/crtbegin.o
 *(SORT(.fini_array.*))
                0x0040994c                __fini_array_end = .
 *crtbegin.o(.dtors)
 *(EXCLUDE_FILE(*crtend.o) .dtors)
 *(SORT(.dtors.*))
 *crtend.o(.dtors)
                0x0040994c                . = ALIGN (0x4)
                0x0040994c                _efixed = .
                0x0040994c                PROVIDE (__exidx_start, .)

.vfp11_veneer   0x0040994c        0x0
 .vfp11_veneer  0x00000000        0x0 linker stubs

.v4_bx          0x0040994c        0x0
 .v4_bx         0x00000000        0x0 linker stubs

.iplt           0x0040994c        0x0
 .iplt          0x00000000        0x0 /usr/local/Sourcery/bin/../lib/gcc/arm-none-eabi/4.6.1/thumb2/crtbegin.o

.ARM.exidx      0x0040994c        0x8
 *(.ARM.exidx* .gnu.linkonce.armexidx.*)
 .ARM.exidx     0x0040994c        0x8 /usr/local/Sourcery/bin/../lib/gcc/arm-none-eabi/4.6.1/thumb2/libgcc.a(_divdi3.o)
 .ARM.exidx     0x00409954        0x0 /usr/local/Sourcery/bin/../lib/gcc/arm-none-eabi/4.6.1/thumb2/libgcc.a(_udivdi3.o)
                                  0x8 (size before relaxing)
                0x00409954                PROVIDE (__exidx_end, .)

.eh_frame       0x00409954        0x0
 .eh_frame      0x00409954        0x0 /usr/local/Sourcery/bin/../lib/gcc/arm-none-eabi/4.6.1/thumb2/crtbegin.o

.rel.dyn        0x00409954        0x0
 .rel.iplt      0x00000000        0x0 /usr/local/Sourcery/bin/../lib/gcc/arm-none-eabi/4.6.1/thumb2/crtbegin.o

.jcr            0x00409954        0x0
 .jcr           0x00409954        0x0 /usr/local/Sourcery/bin/../lib/gcc/arm-none-eabi/4.6.1/thumb2/crtbegin.o

.igot.plt       0x00409954        0x0
 .igot.plt      0x00000000        0x0 /usr/local/Sourcery/bin/../lib/gcc/arm-none-eabi/4.6.1/thumb2/crtbegin.o
                0x00409954                . = ALIGN (0x4)
                0x00409954                _etext = .

.relocate       0x20000000      0x5b0 load address 0x00409954
                0x20000000                . = ALIGN (0x4)
                0x20000000                _srelocate = .
 *(.ramfunc .ramfunc.*)
 *(.data .data.*)
 .data          0x20000000        0x4 build/obj/system.o
                0x20000000                SystemCoreClock
 .data          0x20000004        0x4 build/obj/uart_console.o
 .data          0x20000008        0x4 build/obj/usb_console.o
 .data          0x2000000c        0x8 build/obj/usb_device_descriptor.o
                0x2000000c                stringDescriptors
 .data          0x20000014       0x10 build/obj/main.o
 .data          0x20000024       0xf4 /usr/local/Sourcery/bin/../lib/gcc/arm-none-eabi/4.6.1/../../../../arm-none-eabi/lib/thumb2/libc.a(lib_a-impure.o)
                0x20000024                _impure_ptr
 .data          0x20000118        0x4 /usr/local/Sourcery/bin/../lib/gcc/arm-none-eabi/4.6.1/../../../../arm-none-eabi/lib/thumb2/libc.a(lib_a-ctype_.o)
                0x20000118                __ctype_ptr__
 .data          0x2000011c       0x7c /usr/local/Sourcery/bin/../lib/gcc/arm-none-eabi/4.6.1/../../../../arm-none-eabi/lib/thumb2/libc.a(lib_a-locale.o)
                0x2000013c                __mb_cur_max
 .data          0x20000198      0x410 /usr/local/Sourcery/bin/../lib/gcc/arm-none-eabi/4.6.1/../../../../arm-none-eabi/lib/thumb2/libc.a(lib_a-mallocr.o)
                0x20000198                __malloc_av_
                0x200005a0                __malloc_sbrk_base
                0x200005a4                __malloc_trim_threshold
 .data          0x200005a8        0x4 /usr/local/Sourcery/bin/../lib/gcc/arm-none-eabi/4.6.1/../../../../arm-none-eabi/lib/thumb2/libc.a(lib_a-mbtowc_r.o)
                0x200005a8                __mbtowc
 .data          0x200005ac        0x4 /usr/local/Sourcery/bin/../lib/gcc/arm-none-eabi/4.6.1/../../../../arm-none-eabi/lib/thumb2/libc.a(lib_a-wctomb_r.o)
                0x200005ac                __wctomb
                0x200005b0                . = ALIGN (0x4)
                0x200005b0                _erelocate = .

.bss            0x200005b0      0x328 load address 0x00409f04
                0x200005b0                . = ALIGN (0x4)
                0x200005b0                _sbss = .
                0x200005b0                _szero = .
 *(.bss .bss.*)
 .bss           0x200005b0       0x1c /usr/local/Sourcery/bin/../lib/gcc/arm-none-eabi/4.6.1/thumb2/crtbegin.o
 .bss           0x200005cc        0x4 build/obj/syscalls.o
 .bss           0x200005d0        0x1 build/obj/uart_console.o
 *fill*         0x200005d1        0x3 00
 .bss           0x200005d4      0x10c build/obj/usb_console.o
 .bss           0x200006e0        0xc build/obj/led.o
 .bss           0x200006ec        0x4 build/obj/timetick.o
 .bss           0x200006f0       0x58 build/obj/main.o
 .bss           0x20000748       0xe0 libusb/lib/libusb_sam3s_rel.a(release-USBD_HAL.o)
 .bss           0x20000828        0x2 libusb/lib/libusb_sam3s_rel.a(release-USBD.o)
 *fill*         0x2000082a        0x2 00
 .bss           0x2000082c       0x10 libusb/lib/libusb_sam3s_rel.a(release-USBDDriver.o)
 .bss           0x2000083c       0x1c libusb/lib/libusb_sam3s_rel.a(release-CDCDSerial.o)
 .bss           0x20000858        0x7 libusb/lib/libusb_sam3s_rel.a(release-CDCDSerialPort.o)
 *fill*         0x2000085f        0x1 00
 .bss           0x20000860       0x3c libchip/lib/libchip_sam3s4_rel.a(release-pio_it.o)
 .bss           0x2000089c        0x4 libchip/lib/libchip_sam3s4_rel.a(release-pio_capture.o)
 .bss           0x200008a0       0x34 /usr/local/Sourcery/bin/../lib/gcc/arm-none-eabi/4.6.1/../../../../arm-none-eabi/lib/thumb2/libc.a(lib_a-mallocr.o)
                0x200008a0                __malloc_top_pad
                0x200008a4                __malloc_current_mallinfo
                0x200008cc                __malloc_max_sbrked_mem
                0x200008d0                __malloc_max_total_mem
 *(COMMON)
 COMMON         0x200008d4        0x4 /usr/local/Sourcery/bin/../lib/gcc/arm-none-eabi/4.6.1/../../../../arm-none-eabi/lib/thumb2/libc.a(lib_a-reent.o)
                0x200008d4                errno
                0x200008d8                . = ALIGN (0x4)
                0x200008d8                _ebss = .
                0x200008d8                _ezero = .

.stack          0x200008d8     0x1000 load address 0x0040a230
                0x200008d8                . = ALIGN (0x8)
 *(.stack .stack.*)
 .stack         0x200008d8     0x1000 build/obj/startup.o
                0x200008d8                pdwStack
                0x200018d8                . = ALIGN (0x4)
                0x200018d8                _end = .
OUTPUT(build/bin/project.elf elf32-littlearm)

.ARM.attributes
                0x00000000       0x29
 .ARM.attributes
                0x00000000       0x1b /usr/local/Sourcery/bin/../lib/gcc/arm-none-eabi/4.6.1/thumb2/crti.o
 .ARM.attributes
                0x0000001b       0x2b /usr/local/Sourcery/bin/../lib/gcc/arm-none-eabi/4.6.1/thumb2/crtbegin.o
 .ARM.attributes
                0x00000046       0x33 build/obj/syscalls.o
 .ARM.attributes
                0x00000079       0x33 build/obj/system.o
 .ARM.attributes
                0x000000ac       0x33 build/obj/uart_console.o
 .ARM.attributes
                0x000000df       0x33 build/obj/usb_console.o
 .ARM.attributes
                0x00000112       0x33 build/obj/led.o
 .ARM.attributes
                0x00000145       0x33 build/obj/timetick.o
 .ARM.attributes
                0x00000178       0x33 build/obj/startup.o
 .ARM.attributes
                0x000001ab       0x33 build/obj/usb_device_descriptor.o
 .ARM.attributes
                0x000001de       0x33 build/obj/main.o
 .ARM.attributes
                0x00000211       0x33 build/obj/controller.o
 .ARM.attributes
                0x00000244       0x33 libusb/lib/libusb_sam3s_rel.a(release-USBD_HAL.o)
 .ARM.attributes
                0x00000277       0x33 libusb/lib/libusb_sam3s_rel.a(release-USBDescriptors.o)
 .ARM.attributes
                0x000002aa       0x33 libusb/lib/libusb_sam3s_rel.a(release-USBD.o)
 .ARM.attributes
                0x000002dd       0x33 libusb/lib/libusb_sam3s_rel.a(release-USBDCallbacks.o)
 .ARM.attributes
                0x00000310       0x33 libusb/lib/libusb_sam3s_rel.a(release-USBDDriver.o)
 .ARM.attributes
                0x00000343       0x33 libusb/lib/libusb_sam3s_rel.a(release-CDCDSerial.o)
 .ARM.attributes
                0x00000376       0x33 libusb/lib/libusb_sam3s_rel.a(release-USBDDriverCallbacks.o)
 .ARM.attributes
                0x000003a9       0x33 libusb/lib/libusb_sam3s_rel.a(release-CDCDSerialDriver.o)
 .ARM.attributes
                0x000003dc       0x33 libusb/lib/libusb_sam3s_rel.a(release-USBRequests.o)
 .ARM.attributes
                0x0000040f       0x33 libusb/lib/libusb_sam3s_rel.a(release-CDCDSerialPort.o)
 .ARM.attributes
                0x00000442       0x33 libusb/lib/libusb_sam3s_rel.a(release-CDCLineCoding.o)
 .ARM.attributes
                0x00000475       0x33 libchip/lib/libchip_sam3s4_rel.a(release-pio_it.o)
 .ARM.attributes
                0x000004a8       0x33 libchip/lib/libchip_sam3s4_rel.a(release-exceptions.o)
 .ARM.attributes
                0x000004db       0x33 libchip/lib/libchip_sam3s4_rel.a(release-adc.o)
 .ARM.attributes
                0x0000050e       0x33 libchip/lib/libchip_sam3s4_rel.a(release-pio.o)
 .ARM.attributes
                0x00000541       0x33 libchip/lib/libchip_sam3s4_rel.a(release-pmc.o)
 .ARM.attributes
                0x00000574       0x33 libchip/lib/libchip_sam3s4_rel.a(release-tc.o)
 .ARM.attributes
                0x000005a7       0x33 libchip/lib/libchip_sam3s4_rel.a(release-pio_capture.o)
 .ARM.attributes
                0x000005da       0x2b /usr/local/Sourcery/bin/../lib/gcc/arm-none-eabi/4.6.1/../../../../arm-none-eabi/lib/thumb2/libc.a(lib_a-assert.o)
 .ARM.attributes
                0x00000605       0x2b /usr/local/Sourcery/bin/../lib/gcc/arm-none-eabi/4.6.1/../../../../arm-none-eabi/lib/thumb2/libc.a(lib_a-fiprintf.o)
 .ARM.attributes
                0x00000630       0x2b /usr/local/Sourcery/bin/../lib/gcc/arm-none-eabi/4.6.1/../../../../arm-none-eabi/lib/thumb2/libc.a(lib_a-gets.o)
 .ARM.attributes
                0x0000065b       0x2b /usr/local/Sourcery/bin/../lib/gcc/arm-none-eabi/4.6.1/../../../../arm-none-eabi/lib/thumb2/libc.a(lib_a-impure.o)
 .ARM.attributes
                0x00000686       0x2b /usr/local/Sourcery/bin/../lib/gcc/arm-none-eabi/4.6.1/../../../../arm-none-eabi/lib/thumb2/libc.a(lib_a-iprintf.o)
 .ARM.attributes
                0x000006b1       0x2b /usr/local/Sourcery/bin/../lib/gcc/arm-none-eabi/4.6.1/../../../../arm-none-eabi/lib/thumb2/libc.a(lib_a-memcpy.o)
 .ARM.attributes
                0x000006dc       0x2b /usr/local/Sourcery/bin/../lib/gcc/arm-none-eabi/4.6.1/../../../../arm-none-eabi/lib/thumb2/libc.a(lib_a-memmove.o)
 .ARM.attributes
                0x00000707       0x2b /usr/local/Sourcery/bin/../lib/gcc/arm-none-eabi/4.6.1/../../../../arm-none-eabi/lib/thumb2/libc.a(lib_a-puts.o)
 .ARM.attributes
                0x00000732       0x2b /usr/local/Sourcery/bin/../lib/gcc/arm-none-eabi/4.6.1/../../../../arm-none-eabi/lib/thumb2/libc.a(lib_a-reent.o)
 .ARM.attributes
                0x0000075d       0x2b /usr/local/Sourcery/bin/../lib/gcc/arm-none-eabi/4.6.1/../../../../arm-none-eabi/lib/thumb2/libc.a(lib_a-rget.o)
 .ARM.attributes
                0x00000788       0x2b /usr/local/Sourcery/bin/../lib/gcc/arm-none-eabi/4.6.1/../../../../arm-none-eabi/lib/thumb2/libc.a(lib_a-setbuf.o)
 .ARM.attributes
                0x000007b3       0x2b /usr/local/Sourcery/bin/../lib/gcc/arm-none-eabi/4.6.1/../../../../arm-none-eabi/lib/thumb2/libc.a(lib_a-setvbuf.o)
 .ARM.attributes
                0x000007de       0x2b /usr/local/Sourcery/bin/../lib/gcc/arm-none-eabi/4.6.1/../../../../arm-none-eabi/lib/thumb2/libc.a(lib_a-siscanf.o)
 .ARM.attributes
                0x00000809       0x2b /usr/local/Sourcery/bin/../lib/gcc/arm-none-eabi/4.6.1/../../../../arm-none-eabi/lib/thumb2/libc.a(lib_a-stdio.o)
 .ARM.attributes
                0x00000834       0x2b /usr/local/Sourcery/bin/../lib/gcc/arm-none-eabi/4.6.1/../../../../arm-none-eabi/lib/thumb2/libc.a(lib_a-strcmp.o)
 .ARM.attributes
                0x0000085f       0x2b /usr/local/Sourcery/bin/../lib/gcc/arm-none-eabi/4.6.1/../../../../arm-none-eabi/lib/thumb2/libc.a(lib_a-strlen.o)
 .ARM.attributes
                0x0000088a       0x2b /usr/local/Sourcery/bin/../lib/gcc/arm-none-eabi/4.6.1/../../../../arm-none-eabi/lib/thumb2/libc.a(lib_a-svfiscanf.o)
 .ARM.attributes
                0x000008b5       0x2b /usr/local/Sourcery/bin/../lib/gcc/arm-none-eabi/4.6.1/../../../../arm-none-eabi/lib/thumb2/libc.a(lib_a-ungetc.o)
 .ARM.attributes
                0x000008e0       0x2b /usr/local/Sourcery/bin/../lib/gcc/arm-none-eabi/4.6.1/../../../../arm-none-eabi/lib/thumb2/libc.a(lib_a-vfiprintf.o)
 .ARM.attributes
                0x0000090b       0x2b /usr/local/Sourcery/bin/../lib/gcc/arm-none-eabi/4.6.1/../../../../arm-none-eabi/lib/thumb2/libc.a(lib_a-writer.o)
 .ARM.attributes
                0x00000936       0x2b /usr/local/Sourcery/bin/../lib/gcc/arm-none-eabi/4.6.1/../../../../arm-none-eabi/lib/thumb2/libc.a(lib_a-wsetup.o)
 .ARM.attributes
                0x00000961       0x2b /usr/local/Sourcery/bin/../lib/gcc/arm-none-eabi/4.6.1/../../../../arm-none-eabi/lib/thumb2/libc.a(lib_a-abort.o)
 .ARM.attributes
                0x0000098c       0x2b /usr/local/Sourcery/bin/../lib/gcc/arm-none-eabi/4.6.1/../../../../arm-none-eabi/lib/thumb2/libc.a(lib_a-closer.o)
 .ARM.attributes
                0x000009b7       0x2b /usr/local/Sourcery/bin/../lib/gcc/arm-none-eabi/4.6.1/../../../../arm-none-eabi/lib/thumb2/libc.a(lib_a-ctype_.o)
 .ARM.attributes
                0x000009e2       0x2b /usr/local/Sourcery/bin/../lib/gcc/arm-none-eabi/4.6.1/../../../../arm-none-eabi/lib/thumb2/libc.a(lib_a-fflush.o)
 .ARM.attributes
                0x00000a0d       0x2b /usr/local/Sourcery/bin/../lib/gcc/arm-none-eabi/4.6.1/../../../../arm-none-eabi/lib/thumb2/libc.a(lib_a-findfp.o)
 .ARM.attributes
                0x00000a38       0x2b /usr/local/Sourcery/bin/../lib/gcc/arm-none-eabi/4.6.1/../../../../arm-none-eabi/lib/thumb2/libc.a(lib_a-fputwc.o)
 .ARM.attributes
                0x00000a63       0x2b /usr/local/Sourcery/bin/../lib/gcc/arm-none-eabi/4.6.1/../../../../arm-none-eabi/lib/thumb2/libc.a(lib_a-freer.o)
 .ARM.attributes
                0x00000a8e       0x2b /usr/local/Sourcery/bin/../lib/gcc/arm-none-eabi/4.6.1/../../../../arm-none-eabi/lib/thumb2/libc.a(lib_a-fvwrite.o)
 .ARM.attributes
                0x00000ab9       0x2b /usr/local/Sourcery/bin/../lib/gcc/arm-none-eabi/4.6.1/../../../../arm-none-eabi/lib/thumb2/libc.a(lib_a-fwalk.o)
 .ARM.attributes
                0x00000ae4       0x2b /usr/local/Sourcery/bin/../lib/gcc/arm-none-eabi/4.6.1/../../../../arm-none-eabi/lib/thumb2/libc.a(lib_a-iswspace.o)
 .ARM.attributes
                0x00000b0f       0x2b /usr/local/Sourcery/bin/../lib/gcc/arm-none-eabi/4.6.1/../../../../arm-none-eabi/lib/thumb2/libc.a(lib_a-locale.o)
 .ARM.attributes
                0x00000b3a       0x2b /usr/local/Sourcery/bin/../lib/gcc/arm-none-eabi/4.6.1/../../../../arm-none-eabi/lib/thumb2/libc.a(lib_a-lseekr.o)
 .ARM.attributes
                0x00000b65       0x2b /usr/local/Sourcery/bin/../lib/gcc/arm-none-eabi/4.6.1/../../../../arm-none-eabi/lib/thumb2/libc.a(lib_a-makebuf.o)
 .ARM.attributes
                0x00000b90       0x2b /usr/local/Sourcery/bin/../lib/gcc/arm-none-eabi/4.6.1/../../../../arm-none-eabi/lib/thumb2/libc.a(lib_a-malloc.o)
 .ARM.attributes
                0x00000bbb       0x2b /usr/local/Sourcery/bin/../lib/gcc/arm-none-eabi/4.6.1/../../../../arm-none-eabi/lib/thumb2/libc.a(lib_a-mallocr.o)
 .ARM.attributes
                0x00000be6       0x2b /usr/local/Sourcery/bin/../lib/gcc/arm-none-eabi/4.6.1/../../../../arm-none-eabi/lib/thumb2/libc.a(lib_a-mbrtowc.o)
 .ARM.attributes
                0x00000c11       0x2b /usr/local/Sourcery/bin/../lib/gcc/arm-none-eabi/4.6.1/../../../../arm-none-eabi/lib/thumb2/libc.a(lib_a-mbtowc_r.o)
 .ARM.attributes
                0x00000c3c       0x2b /usr/local/Sourcery/bin/../lib/gcc/arm-none-eabi/4.6.1/../../../../arm-none-eabi/lib/thumb2/libc.a(lib_a-memchr.o)
 .ARM.attributes
                0x00000c67       0x2b /usr/local/Sourcery/bin/../lib/gcc/arm-none-eabi/4.6.1/../../../../arm-none-eabi/lib/thumb2/libc.a(lib_a-memset.o)
 .ARM.attributes
                0x00000c92       0x2b /usr/local/Sourcery/bin/../lib/gcc/arm-none-eabi/4.6.1/../../../../arm-none-eabi/lib/thumb2/libc.a(lib_a-mlock.o)
 .ARM.attributes
                0x00000cbd       0x2b /usr/local/Sourcery/bin/../lib/gcc/arm-none-eabi/4.6.1/../../../../arm-none-eabi/lib/thumb2/libc.a(lib_a-readr.o)
 .ARM.attributes
                0x00000ce8       0x2b /usr/local/Sourcery/bin/../lib/gcc/arm-none-eabi/4.6.1/../../../../arm-none-eabi/lib/thumb2/libc.a(lib_a-reallocr.o)
 .ARM.attributes
                0x00000d13       0x2b /usr/local/Sourcery/bin/../lib/gcc/arm-none-eabi/4.6.1/../../../../arm-none-eabi/lib/thumb2/libc.a(lib_a-refill.o)
 .ARM.attributes
                0x00000d3e       0x2b /usr/local/Sourcery/bin/../lib/gcc/arm-none-eabi/4.6.1/../../../../arm-none-eabi/lib/thumb2/libc.a(lib_a-sbrkr.o)
 .ARM.attributes
                0x00000d69       0x2b /usr/local/Sourcery/bin/../lib/gcc/arm-none-eabi/4.6.1/../../../../arm-none-eabi/lib/thumb2/libc.a(lib_a-sccl.o)
 .ARM.attributes
                0x00000d94       0x2b /usr/local/Sourcery/bin/../lib/gcc/arm-none-eabi/4.6.1/../../../../arm-none-eabi/lib/thumb2/libc.a(lib_a-signal.o)
 .ARM.attributes
                0x00000dbf       0x2b /usr/local/Sourcery/bin/../lib/gcc/arm-none-eabi/4.6.1/../../../../arm-none-eabi/lib/thumb2/libc.a(lib_a-signalr.o)
 .ARM.attributes
                0x00000dea       0x2b /usr/local/Sourcery/bin/../lib/gcc/arm-none-eabi/4.6.1/../../../../arm-none-eabi/lib/thumb2/libc.a(lib_a-strtol.o)
 .ARM.attributes
                0x00000e15       0x2b /usr/local/Sourcery/bin/../lib/gcc/arm-none-eabi/4.6.1/../../../../arm-none-eabi/lib/thumb2/libc.a(lib_a-strtoll_r.o)
 .ARM.attributes
                0x00000e40       0x2b /usr/local/Sourcery/bin/../lib/gcc/arm-none-eabi/4.6.1/../../../../arm-none-eabi/lib/thumb2/libc.a(lib_a-strtoul.o)
 .ARM.attributes
                0x00000e6b       0x2b /usr/local/Sourcery/bin/../lib/gcc/arm-none-eabi/4.6.1/../../../../arm-none-eabi/lib/thumb2/libc.a(lib_a-strtoull_r.o)
 .ARM.attributes
                0x00000e96       0x2b /usr/local/Sourcery/bin/../lib/gcc/arm-none-eabi/4.6.1/../../../../arm-none-eabi/lib/thumb2/libc.a(lib_a-wbuf.o)
 .ARM.attributes
                0x00000ec1       0x2b /usr/local/Sourcery/bin/../lib/gcc/arm-none-eabi/4.6.1/../../../../arm-none-eabi/lib/thumb2/libc.a(lib_a-wcrtomb.o)
 .ARM.attributes
                0x00000eec       0x2b /usr/local/Sourcery/bin/../lib/gcc/arm-none-eabi/4.6.1/../../../../arm-none-eabi/lib/thumb2/libc.a(lib_a-wctomb_r.o)
 .ARM.attributes
                0x00000f17       0x2b /usr/local/Sourcery/bin/../lib/gcc/arm-none-eabi/4.6.1/../../../../arm-none-eabi/lib/thumb2/libc.a(lib_a-fclose.o)
 .ARM.attributes
                0x00000f42       0x2b /usr/local/Sourcery/bin/../lib/gcc/arm-none-eabi/4.6.1/../../../../arm-none-eabi/lib/thumb2/libc.a(lib_a-fstatr.o)
 .ARM.attributes
                0x00000f6d       0x2b /usr/local/Sourcery/bin/../lib/gcc/arm-none-eabi/4.6.1/../../../../arm-none-eabi/lib/thumb2/libc.a(lib_a-isattyr.o)
 .ARM.attributes
                0x00000f98       0x1b /usr/local/Sourcery/bin/../lib/gcc/arm-none-eabi/4.6.1/thumb2/libgcc.a(_udivsi3.o)
 .ARM.attributes
                0x00000fb3       0x1b /usr/local/Sourcery/bin/../lib/gcc/arm-none-eabi/4.6.1/thumb2/libgcc.a(_dvmd_tls.o)
 .ARM.attributes
                0x00000fce       0x1b /usr/local/Sourcery/bin/../lib/gcc/arm-none-eabi/4.6.1/thumb2/libgcc.a(_aeabi_uldivmod.o)
 .ARM.attributes
                0x00000fe9       0x2b /usr/local/Sourcery/bin/../lib/gcc/arm-none-eabi/4.6.1/thumb2/libgcc.a(bpabi.o)
 .ARM.attributes
                0x00001014       0x2b /usr/local/Sourcery/bin/../lib/gcc/arm-none-eabi/4.6.1/thumb2/libgcc.a(_divdi3.o)
 .ARM.attributes
                0x0000103f       0x2b /usr/local/Sourcery/bin/../lib/gcc/arm-none-eabi/4.6.1/thumb2/libgcc.a(_udivdi3.o)
 .ARM.attributes
                0x0000106a       0x1b /usr/local/Sourcery/bin/../lib/gcc/arm-none-eabi/4.6.1/thumb2/crtn.o

.comment        0x00000000       0x30
 .comment       0x00000000       0x30 build/obj/syscalls.o
                                 0x31 (size before relaxing)
 .comment       0x00000000       0x31 build/obj/system.o
 .comment       0x00000000       0x31 build/obj/uart_console.o
 .comment       0x00000000       0x31 build/obj/usb_console.o
 .comment       0x00000000       0x31 build/obj/led.o
 .comment       0x00000000       0x31 build/obj/timetick.o
 .comment       0x00000000       0x31 build/obj/startup.o
 .comment       0x00000000       0x31 build/obj/usb_device_descriptor.o
 .comment       0x00000000       0x31 build/obj/main.o
 .comment       0x00000000       0x31 build/obj/controller.o
 .comment       0x00000000       0x31 libusb/lib/libusb_sam3s_rel.a(release-USBD_HAL.o)
 .comment       0x00000000       0x31 libusb/lib/libusb_sam3s_rel.a(release-USBDescriptors.o)
 .comment       0x00000000       0x31 libusb/lib/libusb_sam3s_rel.a(release-USBD.o)
 .comment       0x00000000       0x31 libusb/lib/libusb_sam3s_rel.a(release-USBDCallbacks.o)
 .comment       0x00000000       0x31 libusb/lib/libusb_sam3s_rel.a(release-USBDDriver.o)
 .comment       0x00000000       0x31 libusb/lib/libusb_sam3s_rel.a(release-CDCDSerial.o)
 .comment       0x00000000       0x31 libusb/lib/libusb_sam3s_rel.a(release-USBDDriverCallbacks.o)
 .comment       0x00000000       0x31 libusb/lib/libusb_sam3s_rel.a(release-CDCDSerialDriver.o)
 .comment       0x00000000       0x31 libusb/lib/libusb_sam3s_rel.a(release-USBRequests.o)
 .comment       0x00000000       0x31 libusb/lib/libusb_sam3s_rel.a(release-CDCDSerialPort.o)
 .comment       0x00000000       0x31 libusb/lib/libusb_sam3s_rel.a(release-CDCLineCoding.o)
 .comment       0x00000000       0x31 libchip/lib/libchip_sam3s4_rel.a(release-pio_it.o)
 .comment       0x00000000       0x31 libchip/lib/libchip_sam3s4_rel.a(release-exceptions.o)
 .comment       0x00000000       0x31 libchip/lib/libchip_sam3s4_rel.a(release-adc.o)
 .comment       0x00000000       0x31 libchip/lib/libchip_sam3s4_rel.a(release-pio.o)
 .comment       0x00000000       0x31 libchip/lib/libchip_sam3s4_rel.a(release-pmc.o)
 .comment       0x00000000       0x31 libchip/lib/libchip_sam3s4_rel.a(release-tc.o)
 .comment       0x00000000       0x31 libchip/lib/libchip_sam3s4_rel.a(release-pio_capture.o)

.debug_info     0x00000000    0x10e4a
 .debug_info    0x00000000      0x4e1 build/obj/syscalls.o
 .debug_info    0x000004e1      0x3e9 build/obj/system.o
 .debug_info    0x000008ca      0xbfa build/obj/uart_console.o
 .debug_info    0x000014c4     0x1b58 build/obj/usb_console.o
 .debug_info    0x0000301c     0x1009 build/obj/led.o
 .debug_info    0x00004025      0x649 build/obj/timetick.o
 .debug_info    0x0000466e      0x37b build/obj/startup.o
 .debug_info    0x000049e9      0x7bd build/obj/usb_device_descriptor.o
 .debug_info    0x000051a6     0x15a8 build/obj/main.o
 .debug_info    0x0000674e      0x398 build/obj/controller.o
 .debug_info    0x00006ae6     0x2144 libusb/lib/libusb_sam3s_rel.a(release-USBD_HAL.o)
 .debug_info    0x00008c2a      0x5c9 libusb/lib/libusb_sam3s_rel.a(release-USBDescriptors.o)
 .debug_info    0x000091f3      0xd8c libusb/lib/libusb_sam3s_rel.a(release-USBD.o)
 .debug_info    0x00009f7f      0x181 libusb/lib/libusb_sam3s_rel.a(release-USBDCallbacks.o)
 .debug_info    0x0000a100     0x13d8 libusb/lib/libusb_sam3s_rel.a(release-USBDDriver.o)
 .debug_info    0x0000b4d8      0x9c5 libusb/lib/libusb_sam3s_rel.a(release-CDCDSerial.o)
 .debug_info    0x0000be9d       0xd7 libusb/lib/libusb_sam3s_rel.a(release-USBDDriverCallbacks.o)
 .debug_info    0x0000bf74      0x563 libusb/lib/libusb_sam3s_rel.a(release-CDCDSerialDriver.o)
 .debug_info    0x0000c4d7      0x3cd libusb/lib/libusb_sam3s_rel.a(release-USBRequests.o)
 .debug_info    0x0000c8a4      0xc73 libusb/lib/libusb_sam3s_rel.a(release-CDCDSerialPort.o)
 .debug_info    0x0000d517      0x140 libusb/lib/libusb_sam3s_rel.a(release-CDCLineCoding.o)
 .debug_info    0x0000d657      0xe46 libchip/lib/libchip_sam3s4_rel.a(release-pio_it.o)
 .debug_info    0x0000e49d      0x3f0 libchip/lib/libchip_sam3s4_rel.a(release-exceptions.o)
 .debug_info    0x0000e88d      0xaa1 libchip/lib/libchip_sam3s4_rel.a(release-adc.o)
 .debug_info    0x0000f32e      0xa6c libchip/lib/libchip_sam3s4_rel.a(release-pio.o)
 .debug_info    0x0000fd9a      0x44d libchip/lib/libchip_sam3s4_rel.a(release-pmc.o)
 .debug_info    0x000101e7      0x488 libchip/lib/libchip_sam3s4_rel.a(release-tc.o)
 .debug_info    0x0001066f      0x7db libchip/lib/libchip_sam3s4_rel.a(release-pio_capture.o)

.debug_abbrev   0x00000000     0x2ae2
 .debug_abbrev  0x00000000      0x10f build/obj/syscalls.o
 .debug_abbrev  0x0000010f       0xfb build/obj/system.o
 .debug_abbrev  0x0000020a      0x14f build/obj/uart_console.o
 .debug_abbrev  0x00000359      0x2f9 build/obj/usb_console.o
 .debug_abbrev  0x00000652      0x1d2 build/obj/led.o
 .debug_abbrev  0x00000824      0x1c3 build/obj/timetick.o
 .debug_abbrev  0x000009e7       0xf6 build/obj/startup.o
 .debug_abbrev  0x00000add       0xdc build/obj/usb_device_descriptor.o
 .debug_abbrev  0x00000bb9      0x227 build/obj/main.o
 .debug_abbrev  0x00000de0      0x161 build/obj/controller.o
 .debug_abbrev  0x00000f41      0x3c3 libusb/lib/libusb_sam3s_rel.a(release-USBD_HAL.o)
 .debug_abbrev  0x00001304      0x10a libusb/lib/libusb_sam3s_rel.a(release-USBDescriptors.o)
 .debug_abbrev  0x0000140e      0x265 libusb/lib/libusb_sam3s_rel.a(release-USBD.o)
 .debug_abbrev  0x00001673       0xb3 libusb/lib/libusb_sam3s_rel.a(release-USBDCallbacks.o)
 .debug_abbrev  0x00001726      0x309 libusb/lib/libusb_sam3s_rel.a(release-USBDDriver.o)
 .debug_abbrev  0x00001a2f      0x192 libusb/lib/libusb_sam3s_rel.a(release-CDCDSerial.o)
 .debug_abbrev  0x00001bc1       0x74 libusb/lib/libusb_sam3s_rel.a(release-USBDDriverCallbacks.o)
 .debug_abbrev  0x00001c35       0xf6 libusb/lib/libusb_sam3s_rel.a(release-CDCDSerialDriver.o)
 .debug_abbrev  0x00001d2b       0xd0 libusb/lib/libusb_sam3s_rel.a(release-USBRequests.o)
 .debug_abbrev  0x00001dfb      0x264 libusb/lib/libusb_sam3s_rel.a(release-CDCDSerialPort.o)
 .debug_abbrev  0x0000205f       0x95 libusb/lib/libusb_sam3s_rel.a(release-CDCLineCoding.o)
 .debug_abbrev  0x000020f4      0x256 libchip/lib/libchip_sam3s4_rel.a(release-pio_it.o)
 .debug_abbrev  0x0000234a       0x6e libchip/lib/libchip_sam3s4_rel.a(release-exceptions.o)
 .debug_abbrev  0x000023b8      0x1d3 libchip/lib/libchip_sam3s4_rel.a(release-adc.o)
 .debug_abbrev  0x0000258b      0x1d5 libchip/lib/libchip_sam3s4_rel.a(release-pio.o)
 .debug_abbrev  0x00002760       0xf4 libchip/lib/libchip_sam3s4_rel.a(release-pmc.o)
 .debug_abbrev  0x00002854      0x131 libchip/lib/libchip_sam3s4_rel.a(release-tc.o)
 .debug_abbrev  0x00002985      0x15d libchip/lib/libchip_sam3s4_rel.a(release-pio_capture.o)

.debug_loc      0x00000000     0x4c49
 .debug_loc     0x00000000      0x25c build/obj/syscalls.o
 .debug_loc     0x0000025c       0x64 build/obj/system.o
 .debug_loc     0x000002c0      0x150 build/obj/uart_console.o
 .debug_loc     0x00000410      0x39c build/obj/usb_console.o
 .debug_loc     0x000007ac      0x294 build/obj/led.o
 .debug_loc     0x00000a40      0x19c build/obj/timetick.o
 .debug_loc     0x00000bdc       0x38 build/obj/startup.o
 .debug_loc     0x00000c14      0x119 build/obj/main.o
 .debug_loc     0x00000d2d      0x150 build/obj/controller.o
 .debug_loc     0x00000e7d     0x1666 libusb/lib/libusb_sam3s_rel.a(release-USBD_HAL.o)
 .debug_loc     0x000024e3      0x2fe libusb/lib/libusb_sam3s_rel.a(release-USBDescriptors.o)
 .debug_loc     0x000027e1      0x3db libusb/lib/libusb_sam3s_rel.a(release-USBD.o)
 .debug_loc     0x00002bbc       0x3e libusb/lib/libusb_sam3s_rel.a(release-USBDCallbacks.o)
 .debug_loc     0x00002bfa      0x776 libusb/lib/libusb_sam3s_rel.a(release-USBDDriver.o)
 .debug_loc     0x00003370      0x369 libusb/lib/libusb_sam3s_rel.a(release-CDCDSerial.o)
 .debug_loc     0x000036d9       0xfe libusb/lib/libusb_sam3s_rel.a(release-CDCDSerialDriver.o)
 .debug_loc     0x000037d7      0x250 libusb/lib/libusb_sam3s_rel.a(release-USBRequests.o)
 .debug_loc     0x00003a27      0x548 libusb/lib/libusb_sam3s_rel.a(release-CDCDSerialPort.o)
 .debug_loc     0x00003f6f       0x1f libusb/lib/libusb_sam3s_rel.a(release-CDCLineCoding.o)
 .debug_loc     0x00003f8e      0x2e3 libchip/lib/libchip_sam3s4_rel.a(release-pio_it.o)
 .debug_loc     0x00004271      0x43d libchip/lib/libchip_sam3s4_rel.a(release-adc.o)
 .debug_loc     0x000046ae      0x24d libchip/lib/libchip_sam3s4_rel.a(release-pio.o)
 .debug_loc     0x000048fb      0x102 libchip/lib/libchip_sam3s4_rel.a(release-pmc.o)
 .debug_loc     0x000049fd      0x1b9 libchip/lib/libchip_sam3s4_rel.a(release-tc.o)
 .debug_loc     0x00004bb6       0x93 libchip/lib/libchip_sam3s4_rel.a(release-pio_capture.o)

.debug_aranges  0x00000000      0xb08
 .debug_aranges
                0x00000000       0x70 build/obj/syscalls.o
 .debug_aranges
                0x00000070       0x28 build/obj/system.o
 .debug_aranges
                0x00000098       0x48 build/obj/uart_console.o
 .debug_aranges
                0x000000e0       0xa8 build/obj/usb_console.o
 .debug_aranges
                0x00000188       0x78 build/obj/led.o
 .debug_aranges
                0x00000200       0x58 build/obj/timetick.o
 .debug_aranges
                0x00000258       0x20 build/obj/startup.o
 .debug_aranges
                0x00000278       0x40 build/obj/main.o
 .debug_aranges
                0x000002b8       0x48 build/obj/controller.o
 .debug_aranges
                0x00000300       0xd8 libusb/lib/libusb_sam3s_rel.a(release-USBD_HAL.o)
 .debug_aranges
                0x000003d8       0x80 libusb/lib/libusb_sam3s_rel.a(release-USBDescriptors.o)
 .debug_aranges
                0x00000458       0xb0 libusb/lib/libusb_sam3s_rel.a(release-USBD.o)
 .debug_aranges
                0x00000508       0x40 libusb/lib/libusb_sam3s_rel.a(release-USBDCallbacks.o)
 .debug_aranges
                0x00000548       0x58 libusb/lib/libusb_sam3s_rel.a(release-USBDDriver.o)
 .debug_aranges
                0x000005a0       0x78 libusb/lib/libusb_sam3s_rel.a(release-CDCDSerial.o)
 .debug_aranges
                0x00000618       0x28 libusb/lib/libusb_sam3s_rel.a(release-USBDDriverCallbacks.o)
 .debug_aranges
                0x00000640       0x30 libusb/lib/libusb_sam3s_rel.a(release-CDCDSerialDriver.o)
 .debug_aranges
                0x00000670       0x98 libusb/lib/libusb_sam3s_rel.a(release-USBRequests.o)
 .debug_aranges
                0x00000708       0x70 libusb/lib/libusb_sam3s_rel.a(release-CDCDSerialPort.o)
 .debug_aranges
                0x00000778       0x20 libusb/lib/libusb_sam3s_rel.a(release-CDCLineCoding.o)
 .debug_aranges
                0x00000798       0x60 libchip/lib/libchip_sam3s4_rel.a(release-pio_it.o)
 .debug_aranges
                0x000007f8      0x168 libchip/lib/libchip_sam3s4_rel.a(release-exceptions.o)
 .debug_aranges
                0x00000960       0xa0 libchip/lib/libchip_sam3s4_rel.a(release-adc.o)
 .debug_aranges
                0x00000a00       0x48 libchip/lib/libchip_sam3s4_rel.a(release-pio.o)
 .debug_aranges
                0x00000a48       0x40 libchip/lib/libchip_sam3s4_rel.a(release-pmc.o)
 .debug_aranges
                0x00000a88       0x38 libchip/lib/libchip_sam3s4_rel.a(release-tc.o)
 .debug_aranges
                0x00000ac0       0x48 libchip/lib/libchip_sam3s4_rel.a(release-pio_capture.o)

.debug_ranges   0x00000000      0xc48
 .debug_ranges  0x00000000       0x60 build/obj/syscalls.o
 .debug_ranges  0x00000060       0x18 build/obj/system.o
 .debug_ranges  0x00000078       0x38 build/obj/uart_console.o
 .debug_ranges  0x000000b0       0x98 build/obj/usb_console.o
 .debug_ranges  0x00000148       0x68 build/obj/led.o
 .debug_ranges  0x000001b0       0x48 build/obj/timetick.o
 .debug_ranges  0x000001f8       0x10 build/obj/startup.o
 .debug_ranges  0x00000208       0x30 build/obj/main.o
 .debug_ranges  0x00000238       0x38 build/obj/controller.o
 .debug_ranges  0x00000270      0x308 libusb/lib/libusb_sam3s_rel.a(release-USBD_HAL.o)
 .debug_ranges  0x00000578       0x88 libusb/lib/libusb_sam3s_rel.a(release-USBDescriptors.o)
 .debug_ranges  0x00000600       0xa0 libusb/lib/libusb_sam3s_rel.a(release-USBD.o)
 .debug_ranges  0x000006a0       0x30 libusb/lib/libusb_sam3s_rel.a(release-USBDCallbacks.o)
 .debug_ranges  0x000006d0       0x78 libusb/lib/libusb_sam3s_rel.a(release-USBDDriver.o)
 .debug_ranges  0x00000748       0x68 libusb/lib/libusb_sam3s_rel.a(release-CDCDSerial.o)
 .debug_ranges  0x000007b0       0x18 libusb/lib/libusb_sam3s_rel.a(release-USBDDriverCallbacks.o)
 .debug_ranges  0x000007c8       0x20 libusb/lib/libusb_sam3s_rel.a(release-CDCDSerialDriver.o)
 .debug_ranges  0x000007e8       0x88 libusb/lib/libusb_sam3s_rel.a(release-USBRequests.o)
 .debug_ranges  0x00000870       0x78 libusb/lib/libusb_sam3s_rel.a(release-CDCDSerialPort.o)
 .debug_ranges  0x000008e8       0x10 libusb/lib/libusb_sam3s_rel.a(release-CDCLineCoding.o)
 .debug_ranges  0x000008f8       0x88 libchip/lib/libchip_sam3s4_rel.a(release-pio_it.o)
 .debug_ranges  0x00000980      0x158 libchip/lib/libchip_sam3s4_rel.a(release-exceptions.o)
 .debug_ranges  0x00000ad8       0x90 libchip/lib/libchip_sam3s4_rel.a(release-adc.o)
 .debug_ranges  0x00000b68       0x50 libchip/lib/libchip_sam3s4_rel.a(release-pio.o)
 .debug_ranges  0x00000bb8       0x30 libchip/lib/libchip_sam3s4_rel.a(release-pmc.o)
 .debug_ranges  0x00000be8       0x28 libchip/lib/libchip_sam3s4_rel.a(release-tc.o)
 .debug_ranges  0x00000c10       0x38 libchip/lib/libchip_sam3s4_rel.a(release-pio_capture.o)

.debug_line     0x00000000     0x395b
 .debug_line    0x00000000      0x1b7 build/obj/syscalls.o
 .debug_line    0x000001b7      0x155 build/obj/system.o
 .debug_line    0x0000030c      0x180 build/obj/uart_console.o
 .debug_line    0x0000048c      0x3de build/obj/usb_console.o
 .debug_line    0x0000086a      0x213 build/obj/led.o
 .debug_line    0x00000a7d      0x184 build/obj/timetick.o
 .debug_line    0x00000c01      0x105 build/obj/startup.o
 .debug_line    0x00000d06      0x11c build/obj/usb_device_descriptor.o
 .debug_line    0x00000e22      0x2bd build/obj/main.o
 .debug_line    0x000010df      0x1ab build/obj/controller.o
 .debug_line    0x0000128a      0x72d libusb/lib/libusb_sam3s_rel.a(release-USBD_HAL.o)
 .debug_line    0x000019b7      0x1d4 libusb/lib/libusb_sam3s_rel.a(release-USBDescriptors.o)
 .debug_line    0x00001b8b      0x31f libusb/lib/libusb_sam3s_rel.a(release-USBD.o)
 .debug_line    0x00001eaa      0x10a libusb/lib/libusb_sam3s_rel.a(release-USBDCallbacks.o)
 .debug_line    0x00001fb4      0x313 libusb/lib/libusb_sam3s_rel.a(release-USBDDriver.o)
 .debug_line    0x000022c7      0x1f8 libusb/lib/libusb_sam3s_rel.a(release-CDCDSerial.o)
 .debug_line    0x000024bf       0xc3 libusb/lib/libusb_sam3s_rel.a(release-USBDDriverCallbacks.o)
 .debug_line    0x00002582      0x120 libusb/lib/libusb_sam3s_rel.a(release-CDCDSerialDriver.o)
 .debug_line    0x000026a2      0x1ce libusb/lib/libusb_sam3s_rel.a(release-USBRequests.o)
 .debug_line    0x00002870      0x25b libusb/lib/libusb_sam3s_rel.a(release-CDCDSerialPort.o)
 .debug_line    0x00002acb       0xca libusb/lib/libusb_sam3s_rel.a(release-CDCLineCoding.o)
 .debug_line    0x00002b95      0x285 libchip/lib/libchip_sam3s4_rel.a(release-pio_it.o)
 .debug_line    0x00002e1a      0x2e8 libchip/lib/libchip_sam3s4_rel.a(release-exceptions.o)
 .debug_line    0x00003102      0x264 libchip/lib/libchip_sam3s4_rel.a(release-adc.o)
 .debug_line    0x00003366      0x1bf libchip/lib/libchip_sam3s4_rel.a(release-pio.o)
 .debug_line    0x00003525      0x154 libchip/lib/libchip_sam3s4_rel.a(release-pmc.o)
 .debug_line    0x00003679      0x14e libchip/lib/libchip_sam3s4_rel.a(release-tc.o)
 .debug_line    0x000037c7      0x194 libchip/lib/libchip_sam3s4_rel.a(release-pio_capture.o)

.debug_str      0x00000000     0x3550
 .debug_str     0x00000000      0x1df build/obj/syscalls.o
                                0x24c (size before relaxing)
 .debug_str     0x000001df      0x1b2 build/obj/system.o
                                0x283 (size before relaxing)
 .debug_str     0x00000391      0x3ee build/obj/uart_console.o
                                0x60f (size before relaxing)
 .debug_str     0x0000077f      0xaa0 build/obj/usb_console.o
                               0x103e (size before relaxing)
 .debug_str     0x0000121f      0x143 build/obj/led.o
                                0x836 (size before relaxing)
 .debug_str     0x00001362      0x118 build/obj/timetick.o
                                0x421 (size before relaxing)
 .debug_str     0x0000147a       0x7e build/obj/startup.o
                                0x1ae (size before relaxing)
 .debug_str     0x000014f8      0x2cb build/obj/usb_device_descriptor.o
                                0x6e7 (size before relaxing)
 .debug_str     0x000017c3      0x1c2 build/obj/main.o
                                0xa86 (size before relaxing)
 .debug_str     0x00001985       0x33 build/obj/controller.o
                                0x170 (size before relaxing)
 .debug_str     0x000019b8      0x52a libusb/lib/libusb_sam3s_rel.a(release-USBD_HAL.o)
                                0xcb2 (size before relaxing)
 .debug_str     0x00001ee2      0x262 libusb/lib/libusb_sam3s_rel.a(release-USBDescriptors.o)
                                0x51e (size before relaxing)
 .debug_str     0x00002144      0x154 libusb/lib/libusb_sam3s_rel.a(release-USBD.o)
                                0x7ed (size before relaxing)
 .debug_str     0x00002298       0x59 libusb/lib/libusb_sam3s_rel.a(release-USBDCallbacks.o)
                                0x1b4 (size before relaxing)
 .debug_str     0x000022f1      0x218 libusb/lib/libusb_sam3s_rel.a(release-USBDDriver.o)