Archive member included because of file (symbol)

libusb/lib/libusb_sam3s_rel.a(release-USBD_HAL.o)
                              build/obj/flash_startup.o (USBD_IrqHandler)
libusb/lib/libusb_sam3s_rel.a(release-USBDescriptors.o)
                              libusb/lib/libusb_sam3s_rel.a(release-USBD_HAL.o) (USBEndpointDescriptor_GetNumber)
libusb/lib/libusb_sam3s_rel.a(release-USBD.o)
                              libusb/lib/libusb_sam3s_rel.a(release-USBD_HAL.o) (USBD_SuspendHandler)
libusb/lib/libusb_sam3s_rel.a(release-USBDCallbacks.o)
                              libusb/lib/libusb_sam3s_rel.a(release-USBD.o) (USBDCallbacks_Reset)
libusb/lib/libusb_sam3s_rel.a(release-USBDDriver.o)
                              libusb/lib/libusb_sam3s_rel.a(release-USBDCallbacks.o) (USBD_GetDriver)
libusb/lib/libusb_sam3s_rel.a(release-CDCDSerial.o)
                              build/obj/flash_usb_console.o (CDCDSerial_Read)
libusb/lib/libusb_sam3s_rel.a(release-USBDDriverCallbacks.o)
                              libusb/lib/libusb_sam3s_rel.a(release-USBDDriver.o) (USBDDriverCallbacks_InterfaceSettingChanged)
libusb/lib/libusb_sam3s_rel.a(release-CDCDSerialDriver.o)
                              build/obj/flash_usb_console.o (CDCDSerialDriver_Initialize)
libusb/lib/libusb_sam3s_rel.a(release-USBRequests.o)
                              libusb/lib/libusb_sam3s_rel.a(release-USBDDriver.o) (USBGenericRequest_GetRequest)
libusb/lib/libusb_sam3s_rel.a(release-CDCDSerialPort.o)
                              libusb/lib/libusb_sam3s_rel.a(release-CDCDSerial.o) (CDCDSerialPort_Initialize)
libusb/lib/libusb_sam3s_rel.a(release-CDCLineCoding.o)
                              libusb/lib/libusb_sam3s_rel.a(release-CDCDSerialPort.o) (CDCLineCoding_Initialize)
libchip/lib/libchip_sam3s4_rel.a(release-pio_it.o)
                              build/obj/flash_startup.o (PIOA_IrqHandler)
libchip/lib/libchip_sam3s4_rel.a(release-exceptions.o)
                              build/obj/flash_startup.o (IrqHandlerNotUsed)
libchip/lib/libchip_sam3s4_rel.a(release-pio.o)
                              build/obj/flash_uart_console.o (PIO_Configure)
libchip/lib/libchip_sam3s4_rel.a(release-pmc.o)
                              libusb/lib/libusb_sam3s_rel.a(release-USBD_HAL.o) (PMC_EnablePeripheral)
libchip/lib/libchip_sam3s4_rel.a(release-tc.o)
                              build/obj/flash_led.o (TC_Configure)
libchip/lib/libchip_sam3s4_rel.a(release-pio_capture.o)
                              libchip/lib/libchip_sam3s4_rel.a(release-pio_it.o) (PIO_CaptureHandler)
/usr/local/Sourcery/bin/../lib/gcc/arm-none-eabi/4.6.1/../../../../arm-none-eabi/lib/thumb2/libc.a(lib_a-assert.o)
                              build/obj/flash_led.o (__assert_func)
/usr/local/Sourcery/bin/../lib/gcc/arm-none-eabi/4.6.1/../../../../arm-none-eabi/lib/thumb2/libc.a(lib_a-fiprintf.o)
                              /usr/local/Sourcery/bin/../lib/gcc/arm-none-eabi/4.6.1/../../../../arm-none-eabi/lib/thumb2/libc.a(lib_a-assert.o) (fiprintf)
/usr/local/Sourcery/bin/../lib/gcc/arm-none-eabi/4.6.1/../../../../arm-none-eabi/lib/thumb2/libc.a(lib_a-fprintf.o)
                              build/obj/flash_main.o (fprintf)
/usr/local/Sourcery/bin/../lib/gcc/arm-none-eabi/4.6.1/../../../../arm-none-eabi/lib/thumb2/libc.a(lib_a-fputc.o)
                              libusb/lib/libusb_sam3s_rel.a(release-USBD_HAL.o) (fputc)
/usr/local/Sourcery/bin/../lib/gcc/arm-none-eabi/4.6.1/../../../../arm-none-eabi/lib/thumb2/libc.a(lib_a-fputs.o)
                              libusb/lib/libusb_sam3s_rel.a(release-USBD_HAL.o) (fputs)
/usr/local/Sourcery/bin/../lib/gcc/arm-none-eabi/4.6.1/../../../../arm-none-eabi/lib/thumb2/libc.a(lib_a-fvwrite.o)
                              /usr/local/Sourcery/bin/../lib/gcc/arm-none-eabi/4.6.1/../../../../arm-none-eabi/lib/thumb2/libc.a(lib_a-fputs.o) (__sfvwrite_r)
/usr/local/Sourcery/bin/../lib/gcc/arm-none-eabi/4.6.1/../../../../arm-none-eabi/lib/thumb2/libc.a(lib_a-fwrite.o)
                              build/obj/flash_usb_console.o (fwrite)
/usr/local/Sourcery/bin/../lib/gcc/arm-none-eabi/4.6.1/../../../../arm-none-eabi/lib/thumb2/libc.a(lib_a-impure.o)
                              build/obj/flash_usb_console.o (_impure_ptr)
/usr/local/Sourcery/bin/../lib/gcc/arm-none-eabi/4.6.1/../../../../arm-none-eabi/lib/thumb2/libc.a(lib_a-iprintf.o)
                              build/obj/flash_syscalls.o (iprintf)
/usr/local/Sourcery/bin/../lib/gcc/arm-none-eabi/4.6.1/../../../../arm-none-eabi/lib/thumb2/libc.a(lib_a-mallocr.o)
                              /usr/local/Sourcery/bin/../lib/gcc/arm-none-eabi/4.6.1/../../../../arm-none-eabi/lib/thumb2/libc.a(lib_a-fvwrite.o) (_malloc_r)
/usr/local/Sourcery/bin/../lib/gcc/arm-none-eabi/4.6.1/../../../../arm-none-eabi/lib/thumb2/libc.a(lib_a-memchr.o)
                              /usr/local/Sourcery/bin/../lib/gcc/arm-none-eabi/4.6.1/../../../../arm-none-eabi/lib/thumb2/libc.a(lib_a-fvwrite.o) (memchr)
[...]
Memory Configuration

Name             Origin             Length             Attributes
rom              0x00400000         0x00040000         xr
ram              0x20000000         0x0000c000         xrw
*default*        0x00000000         0xffffffff

Linker script and memory map

LOAD /usr/local/Sourcery/bin/../lib/gcc/arm-none-eabi/4.6.1/thumb2/crti.o
LOAD /usr/local/Sourcery/bin/../lib/gcc/arm-none-eabi/4.6.1/thumb2/crtbegin.o
START GROUP
LOAD /usr/local/Sourcery/bin/../lib/gcc/arm-none-eabi/4.6.1/thumb2/libgcc.a
LOAD /usr/local/Sourcery/bin/../lib/gcc/arm-none-eabi/4.6.1/../../../../arm-none-eabi/lib/thumb2/libc.a
END GROUP
LOAD build/obj/flash_syscalls.o
LOAD build/obj/flash_system.o
LOAD build/obj/flash_uart_console.o
LOAD build/obj/flash_usb_console.o
LOAD build/obj/flash_led.o
LOAD build/obj/flash_timetick.o
LOAD build/obj/flash_startup.o
LOAD build/obj/flash_usb_device_descriptor.o
LOAD build/obj/flash_main.o
LOAD build/obj/flash_controller.o
LOAD libusb/lib/libusb_sam3s_rel.a
LOAD libchip/lib/libchip_sam3s4_rel.a
START GROUP
LOAD /usr/local/Sourcery/bin/../lib/gcc/arm-none-eabi/4.6.1/thumb2/libgcc.a
LOAD /usr/local/Sourcery/bin/../lib/gcc/arm-none-eabi/4.6.1/../../../../arm-none-eabi/lib/thumb2/libc.a
END GROUP
LOAD /usr/local/Sourcery/bin/../lib/gcc/arm-none-eabi/4.6.1/thumb2/crtend.o
LOAD /usr/local/Sourcery/bin/../lib/gcc/arm-none-eabi/4.6.1/thumb2/crtn.o

.text           0x00400000     0xb5f8
                0x00400000                . = ALIGN (0x4)
                0x00400000                _sfixed = .
 *(.vectors .vectors.*)
 .vectors       0x00400000       0xd0 build/obj/flash_startup.o
                0x00400000                exception_table
 *(.text .text.* .gnu.linkonce.t.*)
 .text          0x004000d0       0x68 /usr/local/Sourcery/bin/../lib/gcc/arm-none-eabi/4.6.1/thumb2/crtbegin.o
 .text._read    0x00400138       0x54 build/obj/flash_syscalls.o
                0x00400138                _read
 .text._write   0x0040018c       0x54 build/obj/flash_syscalls.o
                0x0040018c                _write
 .text._sbrk    0x004001e0       0x5c build/obj/flash_syscalls.o
                0x004001e0                _sbrk
 .text._isatty  0x0040023c       0x28 build/obj/flash_syscalls.o
                0x0040023c                _isatty
 .text._exit    0x00400264       0x18 build/obj/flash_syscalls.o
                0x00400264                _exit
 .text._lseek   0x0040027c       0x1c build/obj/flash_syscalls.o
                0x0040027c                _lseek
 .text._kill    0x00400298       0x28 build/obj/flash_syscalls.o
                0x00400298                _kill
 .text._getpid  0x004002c0       0x10 build/obj/flash_syscalls.o
                0x004002c0                _getpid
 .text._close   0x004002d0       0x18 build/obj/flash_syscalls.o
                0x004002d0                _close
 .text._fstat   0x004002e8       0x24 build/obj/flash_syscalls.o
                0x004002e8                _fstat
 .text.SystemCoreClockUpdate
                0x0040030c      0x184 build/obj/flash_system.o
                0x0040030c                SystemCoreClockUpdate
 .text.SystemInit
                0x00400490      0x1dc build/obj/flash_system.o
                0x00400490                SystemInit
 .text.UART_Configure
                0x0040066c       0x8c build/obj/flash_uart_console.o
                0x0040066c                UART_Configure
 .text.UART_Put
                0x004006f8       0x78 build/obj/flash_uart_console.o
                0x004006f8                UART_Put
 .text.UART_Get
                0x00400770       0x70 build/obj/flash_uart_console.o
                0x00400770                UART_Get
 .text.UART_Puts
                0x004007e0       0x50 build/obj/flash_uart_console.o
                0x004007e0                UART_Puts
 .text.UART_Gets
                0x00400830       0x54 build/obj/flash_uart_console.o
                0x00400830                UART_Gets
 .text.CDCDSerialDriver_Write
                0x00400884       0x28 build/obj/flash_usb_console.o
 .text.CDCDSerialDriver_Read
                0x004008ac       0x28 build/obj/flash_usb_console.o
 .text.NVIC_EnableIRQ
                0x004008d4       0x38 build/obj/flash_usb_console.o
 .text.ISR_Vbus
                0x0040090c       0x6c build/obj/flash_usb_console.o
 .text.VBus_Configure
                0x00400978       0x54 build/obj/flash_usb_console.o
 .text.ConfigureUsbClock
                0x004009cc       0x40 build/obj/flash_usb_console.o
 .text.USBDCallbacks_Initialized
                0x00400a0c       0x10 build/obj/flash_usb_console.o
                0x00400a0c                USBDCallbacks_Initialized
 .text.USBDDriverCallbacks_ConfigurationChanged
                0x00400a1c       0x1c build/obj/flash_usb_console.o
                0x00400a1c                USBDDriverCallbacks_ConfigurationChanged
 .text.USBDCallbacks_RequestReceived
                0x00400a38       0x18 build/obj/flash_usb_console.o
                0x00400a38                USBDCallbacks_RequestReceived
 .text.UsbWriteDone
                0x00400a50       0x4c build/obj/flash_usb_console.o
 .text.UsbReadDone
                0x00400a9c       0x4c build/obj/flash_usb_console.o
 .text.USBC_isConfigured
                0x00400ae8       0x6c build/obj/flash_usb_console.o
                0x00400ae8                USBC_isConfigured
 .text.USBC_Configure
                0x00400b54       0x44 build/obj/flash_usb_console.o
                0x00400b54                USBC_Configure
 .text.USBC_StartListening
                0x00400b98       0x58 build/obj/flash_usb_console.o
                0x00400b98                USBC_StartListening
 .text.USBC_Gets
                0x00400bf0      0x104 build/obj/flash_usb_console.o
                0x00400bf0                USBC_Gets
 .text.USBC_Puts
                0x00400cf4       0xc0 build/obj/flash_usb_console.o
                0x00400cf4                USBC_Puts
 .text.NVIC_EnableIRQ
                0x00400db4       0x38 build/obj/flash_led.o
 .text.TC0_IrqHandler
                0x00400dec       0x90 build/obj/flash_led.o
                0x00400dec                TC0_IrqHandler
 .text.configure
                0x00400e7c       0xa0 build/obj/flash_led.o
 .text.LEDs_configure
                0x00400f1c       0x18 build/obj/flash_led.o
                0x00400f1c                LEDs_configure
 .text.LED_tgl  0x00400f34       0x90 build/obj/flash_led.o
                0x00400f34                LED_tgl
 .text.LED_clr  0x00400fc4       0x7c build/obj/flash_led.o
                0x00400fc4                LED_clr
 .text.LED_blink
                0x00401040       0x6c build/obj/flash_led.o
                0x00401040                LED_blink
 .text.LED_blinking
                0x004010ac       0x28 build/obj/flash_led.o
                0x004010ac                LED_blinking
 .text.NVIC_SetPriority
                0x004010d4       0x5c build/obj/flash_timetick.o
 .text.SysTick_Config
                0x00401130       0x64 build/obj/flash_timetick.o
 .text.SysTick_Handler
                0x00401194       0x24 build/obj/flash_timetick.o
                0x00401194                SysTick_Handler
 .text.TimeTick_Configure
                0x004011b8       0x3c build/obj/flash_timetick.o
                0x004011b8                TimeTick_Configure
 .text.GetTickCount
                0x004011f4       0x18 build/obj/flash_timetick.o
                0x004011f4                GetTickCount
 .text.ResetException
                0x0040120c       0xd0 build/obj/flash_startup.o
                0x0040120c                ResetException
 .text.main     0x004012dc       0xb8 build/obj/flash_main.o
                0x004012dc                main
 .text.UDP_EndOfTransfer
                0x00401394       0x70 libusb/lib/libusb_sam3s_rel.a(release-USBD_HAL.o)
 .text.UDP_ClearRxFlag
                0x00401404       0x80 libusb/lib/libusb_sam3s_rel.a(release-USBD_HAL.o)
 .text.UDP_WritePayload
                0x00401484       0x44 libusb/lib/libusb_sam3s_rel.a(release-USBD_HAL.o)
 .text.UDP_EnablePeripheralClock
                0x004014c8       0x20 libusb/lib/libusb_sam3s_rel.a(release-USBD_HAL.o)
 .text.UDP_MblWriteFifo
                0x004014e8      0x128 libusb/lib/libusb_sam3s_rel.a(release-USBD_HAL.o)
 .text.USBD_IrqHandler
                0x00401610      0x600 libusb/lib/libusb_sam3s_rel.a(release-USBD_HAL.o)
                0x00401610                USBD_IrqHandler
 .text.USBD_HAL_ResetEPs
                0x00401c10       0xc0 libusb/lib/libusb_sam3s_rel.a(release-USBD_HAL.o)
                0x00401c10                USBD_HAL_ResetEPs
 .text.USBD_HAL_CancelIo
                0x00401cd0       0x54 libusb/lib/libusb_sam3s_rel.a(release-USBD_HAL.o)
                0x00401cd0                USBD_HAL_CancelIo
 .text.USBD_HAL_ConfigureEP
                0x00401d24       0xf0 libusb/lib/libusb_sam3s_rel.a(release-USBD_HAL.o)
                0x00401d24                USBD_HAL_ConfigureEP
 .text.USBD_HAL_SetTransferCallback
                0x00401e14       0x20 libusb/lib/libusb_sam3s_rel.a(release-USBD_HAL.o)
                0x00401e14                USBD_HAL_SetTransferCallback
 .text.USBD_HAL_Write
                0x00401e34      0x188 libusb/lib/libusb_sam3s_rel.a(release-USBD_HAL.o)
                0x00401e34                USBD_HAL_Write
 .text.USBD_HAL_Read
                0x00401fbc       0x40 libusb/lib/libusb_sam3s_rel.a(release-USBD_HAL.o)
                0x00401fbc                USBD_HAL_Read
 .text.USBD_HAL_Connect
                0x00401ffc       0x28 libusb/lib/libusb_sam3s_rel.a(release-USBD_HAL.o)
                0x00401ffc                USBD_HAL_Connect
 .text.USBD_HAL_Disconnect
                0x00402024       0x28 libusb/lib/libusb_sam3s_rel.a(release-USBD_HAL.o)
                0x00402024                USBD_HAL_Disconnect
 .text.USBD_HAL_SetAddress
                0x0040204c       0x1c libusb/lib/libusb_sam3s_rel.a(release-USBD_HAL.o)
                0x0040204c                USBD_HAL_SetAddress
 .text.USBD_HAL_SetConfiguration
                0x00402068       0x18 libusb/lib/libusb_sam3s_rel.a(release-USBD_HAL.o)
                0x00402068                USBD_HAL_SetConfiguration
 .text.USBD_HAL_Init
                0x00402080       0x40 libusb/lib/libusb_sam3s_rel.a(release-USBD_HAL.o)
                0x00402080                USBD_HAL_Init
 .text.USBD_HAL_Stall
                0x004020c0       0x60 libusb/lib/libusb_sam3s_rel.a(release-USBD_HAL.o)
                0x004020c0                USBD_HAL_Stall
 .text.USBD_HAL_Halt
                0x00402120       0xc4 libusb/lib/libusb_sam3s_rel.a(release-USBD_HAL.o)
                0x00402120                USBD_HAL_Halt
 .text.USBD_HAL_IsHighSpeed
                0x004021e4        0x4 libusb/lib/libusb_sam3s_rel.a(release-USBD_HAL.o)
                0x004021e4                USBD_HAL_IsHighSpeed
 .text.USBD_HAL_Suspend
                0x004021e8       0x28 libusb/lib/libusb_sam3s_rel.a(release-USBD_HAL.o)
                0x004021e8                USBD_HAL_Suspend
 .text.USBD_HAL_Activate
                0x00402210       0x24 libusb/lib/libusb_sam3s_rel.a(release-USBD_HAL.o)
                0x00402210                USBD_HAL_Activate
 .text.USBGenericDescriptor_GetLength
                0x00402234        0x4 libusb/lib/libusb_sam3s_rel.a(release-USBDescriptors.o)
                0x00402234                USBGenericDescriptor_GetLength
 .text.USBGenericDescriptor_GetType
                0x00402238        0x4 libusb/lib/libusb_sam3s_rel.a(release-USBDescriptors.o)
                0x00402238                USBGenericDescriptor_GetType
 .text.USBGenericDescriptor_GetNextDescriptor
                0x0040223c       0x10 libusb/lib/libusb_sam3s_rel.a(release-USBDescriptors.o)
                0x0040223c                USBGenericDescriptor_GetNextDescriptor
 .text.USBGenericDescriptor_Parse
                0x0040224c       0x4c libusb/lib/libusb_sam3s_rel.a(release-USBDescriptors.o)
                0x0040224c                USBGenericDescriptor_Parse
 .text.USBEndpointDescriptor_GetNumber
                0x00402298        0x8 libusb/lib/libusb_sam3s_rel.a(release-USBDescriptors.o)
                0x00402298                USBEndpointDescriptor_GetNumber
 .text.USBEndpointDescriptor_GetDirection
                0x004022a0        0x6 libusb/lib/libusb_sam3s_rel.a(release-USBDescriptors.o)
                0x004022a0                USBEndpointDescriptor_GetDirection
 .text.USBEndpointDescriptor_GetType
                0x004022a6        0x8 libusb/lib/libusb_sam3s_rel.a(release-USBDescriptors.o)
                0x004022a6                USBEndpointDescriptor_GetType
 .text.USBEndpointDescriptor_GetMaxPacketSize
                0x004022ae        0x4 libusb/lib/libusb_sam3s_rel.a(release-USBDescriptors.o)
                0x004022ae                USBEndpointDescriptor_GetMaxPacketSize
 .text.USBConfigurationDescriptor_GetTotalLength
                0x004022b2        0x4 libusb/lib/libusb_sam3s_rel.a(release-USBDescriptors.o)
                0x004022b2                USBConfigurationDescriptor_GetTotalLength
 .text.USBConfigurationDescriptor_IsSelfPowered
                0x004022b6        0x8 libusb/lib/libusb_sam3s_rel.a(release-USBDescriptors.o)
                0x004022b6                USBConfigurationDescriptor_IsSelfPowered
 *fill*         0x004022be        0x2 00
 .text.USBConfigurationDescriptor_Parse
                0x004022c0       0x78 libusb/lib/libusb_sam3s_rel.a(release-USBDescriptors.o)
                0x004022c0                USBConfigurationDescriptor_Parse
 .text.USBD_SuspendHandler
                0x00402338       0x24 libusb/lib/libusb_sam3s_rel.a(release-USBD.o)
                0x00402338                USBD_SuspendHandler
 .text.USBD_ResumeHandler
                0x0040235c       0x28 libusb/lib/libusb_sam3s_rel.a(release-USBD.o)
                0x0040235c                USBD_ResumeHandler
 .text.USBD_RequestHandler
                0x00402384       0x2c libusb/lib/libusb_sam3s_rel.a(release-USBD.o)
                0x00402384                USBD_RequestHandler
 .text.USBD_ConfigureEndpoint
                0x004023b0        0xc libusb/lib/libusb_sam3s_rel.a(release-USBD.o)
                0x004023b0                USBD_ConfigureEndpoint
 .text.USBD_ResetHandler
                0x004023bc       0x38 libusb/lib/libusb_sam3s_rel.a(release-USBD.o)
                0x004023bc                USBD_ResetHandler
 .text.USBD_Write
                0x004023f4       0x24 libusb/lib/libusb_sam3s_rel.a(release-USBD.o)
                0x004023f4                USBD_Write
 .text.USBD_Read
                0x00402418       0x24 libusb/lib/libusb_sam3s_rel.a(release-USBD.o)
                0x00402418                USBD_Read
 .text.USBD_Halt
                0x0040243c       0x10 libusb/lib/libusb_sam3s_rel.a(release-USBD.o)
                0x0040243c                USBD_Halt
 .text.USBD_Unhalt
                0x0040244c       0x10 libusb/lib/libusb_sam3s_rel.a(release-USBD.o)
                0x0040244c                USBD_Unhalt
 .text.USBD_IsHighSpeed
                0x0040245c        0xc libusb/lib/libusb_sam3s_rel.a(release-USBD.o)
                0x0040245c                USBD_IsHighSpeed
 .text.USBD_Stall
                0x00402468        0xc libusb/lib/libusb_sam3s_rel.a(release-USBD.o)
                0x00402468                USBD_Stall
 .text.USBD_SetAddress
                0x00402474       0x20 libusb/lib/libusb_sam3s_rel.a(release-USBD.o)
                0x00402474                USBD_SetAddress
 .text.USBD_SetConfiguration
                0x00402494       0x30 libusb/lib/libusb_sam3s_rel.a(release-USBD.o)
                0x00402494                USBD_SetConfiguration
 .text.USBD_Connect
                0x004024c4        0xc libusb/lib/libusb_sam3s_rel.a(release-USBD.o)
                0x004024c4                USBD_Connect
 .text.USBD_Disconnect
                0x004024d0       0x28 libusb/lib/libusb_sam3s_rel.a(release-USBD.o)
                0x004024d0                USBD_Disconnect
 .text.USBD_Init
                0x004024f8       0x24 libusb/lib/libusb_sam3s_rel.a(release-USBD.o)
                0x004024f8                USBD_Init
 .text.USBD_GetState
                0x0040251c        0xc libusb/lib/libusb_sam3s_rel.a(release-USBD.o)
                0x0040251c                USBD_GetState
 .text.USBDCallbacks_Reset
                0x00402528        0x2 libusb/lib/libusb_sam3s_rel.a(release-USBDCallbacks.o)
                0x00402528                USBDCallbacks_Reset
 .text.USBDCallbacks_Suspended
                0x0040252a        0x2 libusb/lib/libusb_sam3s_rel.a(release-USBDCallbacks.o)
                0x0040252a                USBDCallbacks_Suspended
 .text.USBDCallbacks_Resumed
                0x0040252c        0x2 libusb/lib/libusb_sam3s_rel.a(release-USBDCallbacks.o)
                0x0040252c                USBDCallbacks_Resumed
 *fill*         0x0040252e        0x2 00
 .text.TerminateCtrlInWithNull
                0x00402530       0x18 libusb/lib/libusb_sam3s_rel.a(release-USBDDriver.o)
 .text.USBD_GetDriver
                0x00402548        0x8 libusb/lib/libusb_sam3s_rel.a(release-USBDDriver.o)
                0x00402548                USBD_GetDriver
 .text.USBDDriver_Initialize
                0x00402550        0xc libusb/lib/libusb_sam3s_rel.a(release-USBDDriver.o)
                0x00402550                USBDDriver_Initialize
 .text.USBDDriver_GetCfgDescriptors
                0x0040255c       0x18 libusb/lib/libusb_sam3s_rel.a(release-USBDDriver.o)
                0x0040255c                USBDDriver_GetCfgDescriptors
 .text.USBDDriver_RequestHandler
                0x00402574      0x3f0 libusb/lib/libusb_sam3s_rel.a(release-USBDDriver.o)
                0x00402574                USBDDriver_RequestHandler
 .text.CDCDSerial_Initialize
                0x00402964       0x24 libusb/lib/libusb_sam3s_rel.a(release-CDCDSerial.o)
                0x00402964                CDCDSerial_Initialize
 .text.CDCDSerial_ConfigureFunction
                0x00402988       0x18 libusb/lib/libusb_sam3s_rel.a(release-CDCDSerial.o)
                0x00402988                CDCDSerial_ConfigureFunction
 .text.CDCDSerial_RequestHandler
                0x004029a0       0x14 libusb/lib/libusb_sam3s_rel.a(release-CDCDSerial.o)
                0x004029a0                CDCDSerial_RequestHandler
 .text.CDCDSerial_Read
                0x004029b4       0x20 libusb/lib/libusb_sam3s_rel.a(release-CDCDSerial.o)
                0x004029b4                CDCDSerial_Read
 .text.CDCDSerial_Write
                0x004029d4       0x20 libusb/lib/libusb_sam3s_rel.a(release-CDCDSerial.o)
                0x004029d4                CDCDSerial_Write
 .text.CDCDSerial_LineCodingIsToChange
                0x004029f4        0x4 libusb/lib/libusb_sam3s_rel.a(release-CDCDSerial.o)
                0x004029f4                CDCDSerial_LineCodingIsToChange
 .text.CDCDSerial_ControlLineStateChanged
                0x004029f8        0x2 libusb/lib/libusb_sam3s_rel.a(release-CDCDSerial.o)
                0x004029f8                CDCDSerial_ControlLineStateChanged
 *fill*         0x004029fa        0x2 00
 .text.CDCDSerial_EventHandler
                0x004029fc       0x34 libusb/lib/libusb_sam3s_rel.a(release-CDCDSerial.o)
 .text.USBDDriverCallbacks_InterfaceSettingChanged
                0x00402a30        0x2 libusb/lib/libusb_sam3s_rel.a(release-USBDDriverCallbacks.o)
                0x00402a30                USBDDriverCallbacks_InterfaceSettingChanged
 *fill*         0x00402a32        0x2 00
 .text.CDCDSerialDriver_Initialize
                0x00402a34       0x30 libusb/lib/libusb_sam3s_rel.a(release-CDCDSerialDriver.o)
                0x00402a34                CDCDSerialDriver_Initialize
 .text.CDCDSerialDriver_ConfigurationChangedHandler
                0x00402a64       0x24 libusb/lib/libusb_sam3s_rel.a(release-CDCDSerialDriver.o)
                0x00402a64                CDCDSerialDriver_ConfigurationChangedHandler
 .text.CDCDSerialDriver_RequestHandler
                0x00402a88       0x28 libusb/lib/libusb_sam3s_rel.a(release-CDCDSerialDriver.o)
                0x00402a88                CDCDSerialDriver_RequestHandler
 .text.USBGenericRequest_GetType
                0x00402ab0        0xa libusb/lib/libusb_sam3s_rel.a(release-USBRequests.o)
                0x00402ab0                USBGenericRequest_GetType
 .text.USBGenericRequest_GetRequest
                0x00402aba        0x4 libusb/lib/libusb_sam3s_rel.a(release-USBRequests.o)
                0x00402aba                USBGenericRequest_GetRequest
 .text.USBGenericRequest_GetValue
                0x00402abe        0x4 libusb/lib/libusb_sam3s_rel.a(release-USBRequests.o)
                0x00402abe                USBGenericRequest_GetValue
 .text.USBGenericRequest_GetIndex
                0x00402ac2        0x4 libusb/lib/libusb_sam3s_rel.a(release-USBRequests.o)
                0x00402ac2                USBGenericRequest_GetIndex
 .text.USBGenericRequest_GetLength
                0x00402ac6        0x4 libusb/lib/libusb_sam3s_rel.a(release-USBRequests.o)
                0x00402ac6                USBGenericRequest_GetLength
 *fill*         0x00402aca        0x2 00
 .text.USBGenericRequest_GetEndpointNumber
                0x00402acc       0x10 libusb/lib/libusb_sam3s_rel.a(release-USBRequests.o)
                0x00402acc                USBGenericRequest_GetEndpointNumber
 .text.USBGenericRequest_GetRecipient
                0x00402adc        0x8 libusb/lib/libusb_sam3s_rel.a(release-USBRequests.o)
                0x00402adc                USBGenericRequest_GetRecipient
 .text.USBGenericRequest_GetDirection
                0x00402ae4        0x6 libusb/lib/libusb_sam3s_rel.a(release-USBRequests.o)
                0x00402ae4                USBGenericRequest_GetDirection
 *fill*         0x00402aea        0x2 00
 .text.USBGetDescriptorRequest_GetDescriptorType
                0x00402aec       0x10 libusb/lib/libusb_sam3s_rel.a(release-USBRequests.o)
                0x00402aec                USBGetDescriptorRequest_GetDescriptorType
 .text.USBGetDescriptorRequest_GetDescriptorIndex
                0x00402afc       0x10 libusb/lib/libusb_sam3s_rel.a(release-USBRequests.o)
                0x00402afc                USBGetDescriptorRequest_GetDescriptorIndex
 .text.USBSetAddressRequest_GetAddress
                0x00402b0c       0x10 libusb/lib/libusb_sam3s_rel.a(release-USBRequests.o)
                0x00402b0c                USBSetAddressRequest_GetAddress
 .text.USBSetConfigurationRequest_GetConfiguration
                0x00402b1c       0x10 libusb/lib/libusb_sam3s_rel.a(release-USBRequests.o)
                0x00402b1c                USBSetConfigurationRequest_GetConfiguration
 .text.USBInterfaceRequest_GetInterface
                0x00402b2c       0x10 libusb/lib/libusb_sam3s_rel.a(release-USBRequests.o)
                0x00402b2c                USBInterfaceRequest_GetInterface
 .text.USBInterfaceRequest_GetAlternateSetting
                0x00402b3c       0x10 libusb/lib/libusb_sam3s_rel.a(release-USBRequests.o)
                0x00402b3c                USBInterfaceRequest_GetAlternateSetting
 .text.USBFeatureRequest_GetFeatureSelector
                0x00402b4c       0x10 libusb/lib/libusb_sam3s_rel.a(release-USBRequests.o)
                0x00402b4c                USBFeatureRequest_GetFeatureSelector
 .text._Interfaces_Parse
                0x00402b5c       0xa6 libusb/lib/libusb_sam3s_rel.a(release-CDCDSerialPort.o)
 *fill*         0x00402c02        0x2 00
 .text._SetLineCodingCallback
                0x00402c04       0x48 libusb/lib/libusb_sam3s_rel.a(release-CDCDSerialPort.o)
 .text.CDCDSerialPort_Initialize
                0x00402c4c       0x34 libusb/lib/libusb_sam3s_rel.a(release-CDCDSerialPort.o)
                0x00402c4c                CDCDSerialPort_Initialize
 .text.CDCDSerialPort_ParseInterfaces
                0x00402c80       0x20 libusb/lib/libusb_sam3s_rel.a(release-CDCDSerialPort.o)
                0x00402c80                CDCDSerialPort_ParseInterfaces
 .text.CDCDSerialPort_RequestHandler
                0x00402ca0       0x9c libusb/lib/libusb_sam3s_rel.a(release-CDCDSerialPort.o)
                0x00402ca0                CDCDSerialPort_RequestHandler
 .text.CDCDSerialPort_Read
                0x00402d3c       0x18 libusb/lib/libusb_sam3s_rel.a(release-CDCDSerialPort.o)
                0x00402d3c                CDCDSerialPort_Read
 .text.CDCDSerialPort_Write
                0x00402d54       0x18 libusb/lib/libusb_sam3s_rel.a(release-CDCDSerialPort.o)
                0x00402d54                CDCDSerialPort_Write
 .text.CDCLineCoding_Initialize
                0x00402d6c        0xe libusb/lib/libusb_sam3s_rel.a(release-CDCLineCoding.o)
                0x00402d6c                CDCLineCoding_Initialize
 *fill*         0x00402d7a        0x2 00
 .text.NVIC_SetPriority
                0x00402d7c       0x28 libchip/lib/libchip_sam3s4_rel.a(release-pio_it.o)
 .text.PioInterruptHandler
                0x00402da4       0x6c libchip/lib/libchip_sam3s4_rel.a(release-pio_it.o)
                0x00402da4                PioInterruptHandler
 .text.PIOA_IrqHandler
                0x00402e10       0x24 libchip/lib/libchip_sam3s4_rel.a(release-pio_it.o)
                0x00402e10                PIOA_IrqHandler
 .text.PIOB_IrqHandler
                0x00402e34       0x14 libchip/lib/libchip_sam3s4_rel.a(release-pio_it.o)
                0x00402e34                PIOB_IrqHandler
 .text.PIOC_IrqHandler
                0x00402e48       0x14 libchip/lib/libchip_sam3s4_rel.a(release-pio_it.o)
                0x00402e48                PIOC_IrqHandler
 .text.PIO_InitializeInterrupts
                0x00402e5c       0x98 libchip/lib/libchip_sam3s4_rel.a(release-pio_it.o)
                0x00402e5c                PIO_InitializeInterrupts
 .text.PIO_ConfigureIt
                0x00402ef4       0x84 libchip/lib/libchip_sam3s4_rel.a(release-pio_it.o)
                0x00402ef4                PIO_ConfigureIt
 .text.PIO_EnableIt
                0x00402f78       0x70 libchip/lib/libchip_sam3s4_rel.a(release-pio_it.o)
                0x00402f78                PIO_EnableIt
 .text.IrqHandlerNotUsed
                0x00402fe8        0x2 libchip/lib/libchip_sam3s4_rel.a(release-exceptions.o)
                0x00402fe8                IrqHandlerNotUsed
 .text.NMI_Handler
                0x00402fea        0x2 libchip/lib/libchip_sam3s4_rel.a(release-exceptions.o)
                0x00402fea                NMI_Handler
 .text.HardFault_Handler
                0x00402fec        0x2 libchip/lib/libchip_sam3s4_rel.a(release-exceptions.o)
                0x00402fec                HardFault_Handler
 .text.MemManage_Handler
                0x00402fee        0x2 libchip/lib/libchip_sam3s4_rel.a(release-exceptions.o)
                0x00402fee                MemManage_Handler
 .text.BusFault_Handler
                0x00402ff0        0x2 libchip/lib/libchip_sam3s4_rel.a(release-exceptions.o)
                0x00402ff0                BusFault_Handler
 .text.UsageFault_Handler
                0x00402ff2        0x2 libchip/lib/libchip_sam3s4_rel.a(release-exceptions.o)
                0x00402ff2                UsageFault_Handler
 .text.SVC_Handler
                0x00402ff4        0x2 libchip/lib/libchip_sam3s4_rel.a(release-exceptions.o)
                0x00402ff4                SVC_Handler
 .text.DebugMon_Handler
                0x00402ff6        0x2 libchip/lib/libchip_sam3s4_rel.a(release-exceptions.o)
                0x00402ff6                DebugMon_Handler
 .text.PendSV_Handler
                0x00402ff8        0x2 libchip/lib/libchip_sam3s4_rel.a(release-exceptions.o)
                0x00402ff8                PendSV_Handler
 .text.SUPC_IrqHandler
                0x00402ffa        0x2 libchip/lib/libchip_sam3s4_rel.a(release-exceptions.o)
                0x00402ffa                SUPC_IrqHandler
 .text.RSTC_IrqHandler
                0x00402ffc        0x2 libchip/lib/libchip_sam3s4_rel.a(release-exceptions.o)
                0x00402ffc                RSTC_IrqHandler
 .text.RTC_IrqHandler
                0x00402ffe        0x2 libchip/lib/libchip_sam3s4_rel.a(release-exceptions.o)
                0x00402ffe                RTC_IrqHandler
 .text.RTT_IrqHandler
                0x00403000        0x2 libchip/lib/libchip_sam3s4_rel.a(release-exceptions.o)
                0x00403000                RTT_IrqHandler
 .text.WDT_IrqHandler
                0x00403002        0x2 libchip/lib/libchip_sam3s4_rel.a(release-exceptions.o)
                0x00403002                WDT_IrqHandler
 .text.PMC_IrqHandler
                0x00403004        0x2 libchip/lib/libchip_sam3s4_rel.a(release-exceptions.o)
                0x00403004                PMC_IrqHandler
 .text.EEFC_IrqHandler
                0x00403006        0x2 libchip/lib/libchip_sam3s4_rel.a(release-exceptions.o)
                0x00403006                EEFC_IrqHandler
 .text.UART0_IrqHandler
                0x00403008        0x2 libchip/lib/libchip_sam3s4_rel.a(release-exceptions.o)
                0x00403008                UART0_IrqHandler
 .text.UART1_IrqHandler
                0x0040300a        0x2 libchip/lib/libchip_sam3s4_rel.a(release-exceptions.o)
                0x0040300a                UART1_IrqHandler
 .text.SMC_IrqHandler
                0x0040300c        0x2 libchip/lib/libchip_sam3s4_rel.a(release-exceptions.o)
                0x0040300c                SMC_IrqHandler
 .text.USART0_IrqHandler
                0x0040300e        0x2 libchip/lib/libchip_sam3s4_rel.a(release-exceptions.o)
                0x0040300e                USART0_IrqHandler
 .text.USART1_IrqHandler
                0x00403010        0x2 libchip/lib/libchip_sam3s4_rel.a(release-exceptions.o)
                0x00403010                USART1_IrqHandler
 .text.MCI_IrqHandler
                0x00403012        0x2 libchip/lib/libchip_sam3s4_rel.a(release-exceptions.o)
                0x00403012                MCI_IrqHandler
 .text.TWI0_IrqHandler
                0x00403014        0x2 libchip/lib/libchip_sam3s4_rel.a(release-exceptions.o)
                0x00403014                TWI0_IrqHandler
 .text.TWI1_IrqHandler
                0x00403016        0x2 libchip/lib/libchip_sam3s4_rel.a(release-exceptions.o)
                0x00403016                TWI1_IrqHandler
 .text.SPI_IrqHandler
                0x00403018        0x2 libchip/lib/libchip_sam3s4_rel.a(release-exceptions.o)
                0x00403018                SPI_IrqHandler
 .text.SSC_IrqHandler
                0x0040301a        0x2 libchip/lib/libchip_sam3s4_rel.a(release-exceptions.o)
                0x0040301a                SSC_IrqHandler
 .text.TC1_IrqHandler
                0x0040301c        0x2 libchip/lib/libchip_sam3s4_rel.a(release-exceptions.o)
                0x0040301c                TC1_IrqHandler
 .text.TC2_IrqHandler
                0x0040301e        0x2 libchip/lib/libchip_sam3s4_rel.a(release-exceptions.o)
                0x0040301e                TC2_IrqHandler
 .text.TC3_IrqHandler
                0x00403020        0x2 libchip/lib/libchip_sam3s4_rel.a(release-exceptions.o)
                0x00403020                TC3_IrqHandler
 .text.TC4_IrqHandler
                0x00403022        0x2 libchip/lib/libchip_sam3s4_rel.a(release-exceptions.o)
                0x00403022                TC4_IrqHandler
 .text.TC5_IrqHandler
                0x00403024        0x2 libchip/lib/libchip_sam3s4_rel.a(release-exceptions.o)
                0x00403024                TC5_IrqHandler
 .text.ADC_IrqHandler
                0x00403026        0x2 libchip/lib/libchip_sam3s4_rel.a(release-exceptions.o)
                0x00403026                ADC_IrqHandler
 .text.DAC_IrqHandler
                0x00403028        0x2 libchip/lib/libchip_sam3s4_rel.a(release-exceptions.o)
                0x00403028                DAC_IrqHandler
 .text.PWM_IrqHandler
                0x0040302a        0x2 libchip/lib/libchip_sam3s4_rel.a(release-exceptions.o)
                0x0040302a                PWM_IrqHandler
 .text.CRCCU_IrqHandler
                0x0040302c        0x2 libchip/lib/libchip_sam3s4_rel.a(release-exceptions.o)
                0x0040302c                CRCCU_IrqHandler
 .text.ACC_IrqHandler
                0x0040302e        0x2 libchip/lib/libchip_sam3s4_rel.a(release-exceptions.o)
                0x0040302e                ACC_IrqHandler
 .text.PIO_Configure
                0x00403030      0x14c libchip/lib/libchip_sam3s4_rel.a(release-pio.o)
                0x00403030                PIO_Configure
 .text.PIO_Get  0x0040317c       0x1c libchip/lib/libchip_sam3s4_rel.a(release-pio.o)
                0x0040317c                PIO_Get
 .text.PMC_EnablePeripheral
                0x00403198       0x5c libchip/lib/libchip_sam3s4_rel.a(release-pmc.o)
                0x00403198                PMC_EnablePeripheral
 .text.PMC_DisablePeripheral
                0x004031f4       0x58 libchip/lib/libchip_sam3s4_rel.a(release-pmc.o)
                0x004031f4                PMC_DisablePeripheral
 .text.PMC_IsPeriphEnabled
                0x0040324c       0x4c libchip/lib/libchip_sam3s4_rel.a(release-pmc.o)
                0x0040324c                PMC_IsPeriphEnabled
 .text.TC_Configure
                0x00403298       0x38 libchip/lib/libchip_sam3s4_rel.a(release-tc.o)
                0x00403298                TC_Configure
 .text.TC_Start
                0x004032d0       0x2c libchip/lib/libchip_sam3s4_rel.a(release-tc.o)
                0x004032d0                TC_Start
 .text.TC_Stop  0x004032fc       0x2c libchip/lib/libchip_sam3s4_rel.a(release-tc.o)
                0x004032fc                TC_Stop
 .text.TC_FindMckDivisor
                0x00403328       0x70 libchip/lib/libchip_sam3s4_rel.a(release-tc.o)
                0x00403328                TC_FindMckDivisor
 .text.PIO_CaptureHandler
                0x00403398       0x60 libchip/lib/libchip_sam3s4_rel.a(release-pio_capture.o)
                0x00403398                PIO_CaptureHandler
 .text          0x004033f8       0x54 /usr/local/Sourcery/bin/../lib/gcc/arm-none-eabi/4.6.1/../../../../arm-none-eabi/lib/thumb2/libc.a(lib_a-assert.o)
                0x004033f8                __assert_func
                0x00403440                __assert
 .text          0x0040344c       0x4c /usr/local/Sourcery/bin/../lib/gcc/arm-none-eabi/4.6.1/../../../../arm-none-eabi/lib/thumb2/libc.a(lib_a-fiprintf.o)
                0x0040344c                _fiprintf_r
                0x0040346c                fiprintf
 .text          0x00403498       0x4c /usr/local/Sourcery/bin/../lib/gcc/arm-none-eabi/4.6.1/../../../../arm-none-eabi/lib/thumb2/libc.a(lib_a-fprintf.o)
                0x00403498                _fprintf_r
                0x004034b8                fprintf
 .text          0x004034e4       0xac /usr/local/Sourcery/bin/../lib/gcc/arm-none-eabi/4.6.1/../../../../arm-none-eabi/lib/thumb2/libc.a(lib_a-fputc.o)
                0x004034e4                _fputc_r
                0x00403538                fputc
 .text          0x00403590       0x94 /usr/local/Sourcery/bin/../lib/gcc/arm-none-eabi/4.6.1/../../../../arm-none-eabi/lib/thumb2/libc.a(lib_a-fputs.o)
                0x00403590                _fputs_r
                0x00403610                fputs
 .text          0x00403624      0x32c /usr/local/Sourcery/bin/../lib/gcc/arm-none-eabi/4.6.1/../../../../arm-none-eabi/lib/thumb2/libc.a(lib_a-fvwrite.o)
                0x00403624                __sfvwrite_r
 .text          0x00403950       0xbc /usr/local/Sourcery/bin/../lib/gcc/arm-none-eabi/4.6.1/../../../../arm-none-eabi/lib/thumb2/libc.a(lib_a-fwrite.o)
                0x00403950                _fwrite_r
                0x004039e8                fwrite
 .text          0x00403a0c       0x64 /usr/local/Sourcery/bin/../lib/gcc/arm-none-eabi/4.6.1/../../../../arm-none-eabi/lib/thumb2/libc.a(lib_a-iprintf.o)
                0x00403a0c                iprintf
                0x00403a44                _iprintf_r
 .text          0x00403a70      0x57c /usr/local/Sourcery/bin/../lib/gcc/arm-none-eabi/4.6.1/../../../../arm-none-eabi/lib/thumb2/libc.a(lib_a-mallocr.o)
                0x00403a70                _malloc_r
 .text          0x00403fec       0x88 /usr/local/Sourcery/bin/../lib/gcc/arm-none-eabi/4.6.1/../../../../arm-none-eabi/lib/thumb2/libc.a(lib_a-memchr.o)
                0x00403fec                memchr
 .text          0x00404074       0xf0 /usr/local/Sourcery/bin/../lib/gcc/arm-none-eabi/4.6.1/../../../../arm-none-eabi/lib/thumb2/libc.a(lib_a-memcpy.o)
                0x00404074                memcpy
 .text          0x00404164       0xbc /usr/local/Sourcery/bin/../lib/gcc/arm-none-eabi/4.6.1/../../../../arm-none-eabi/lib/thumb2/libc.a(lib_a-memmove.o)
                0x00404164                memmove
 .text          0x00404220        0x8 /usr/local/Sourcery/bin/../lib/gcc/arm-none-eabi/4.6.1/../../../../arm-none-eabi/lib/thumb2/libc.a(lib_a-mlock.o)
                0x00404220                __malloc_lock
                0x00404224                __malloc_unlock
 .text          0x00404228      0x138 /usr/local/Sourcery/bin/../lib/gcc/arm-none-eabi/4.6.1/../../../../arm-none-eabi/lib/thumb2/libc.a(lib_a-putc.o)
                0x00404228                _putc_r
                0x004042b8                putc
 .text          0x00404360      0x3d8 /usr/local/Sourcery/bin/../lib/gcc/arm-none-eabi/4.6.1/../../../../arm-none-eabi/lib/thumb2/libc.a(lib_a-reallocr.o)
                0x00404360                _realloc_r
 .text          0x00404738       0x28 /usr/local/Sourcery/bin/../lib/gcc/arm-none-eabi/4.6.1/../../../../arm-none-eabi/lib/thumb2/libc.a(lib_a-sbrkr.o)
                0x00404738                _sbrk_r
 .text          0x00404760       0x10 /usr/local/Sourcery/bin/../lib/gcc/arm-none-eabi/4.6.1/../../../../arm-none-eabi/lib/thumb2/libc.a(lib_a-setbuf.o)
                0x00404760                setbuf
 .text          0x00404770      0x15c /usr/local/Sourcery/bin/../lib/gcc/arm-none-eabi/4.6.1/../../../../arm-none-eabi/lib/thumb2/libc.a(lib_a-setvbuf.o)
                0x00404770                setvbuf
 .text          0x004048cc       0x60 /usr/local/Sourcery/bin/../lib/gcc/arm-none-eabi/4.6.1/../../../../arm-none-eabi/lib/thumb2/libc.a(lib_a-strlen.o)
                0x004048cc                strlen
 .text          0x0040492c      0xd18 /usr/local/Sourcery/bin/../lib/gcc/arm-none-eabi/4.6.1/../../../../arm-none-eabi/lib/thumb2/libc.a(lib_a-vfiprintf.o)
                0x0040492c                __sprint_r
                0x004049ac                _vfiprintf_r
                0x00405628                vfiprintf
 .text          0x00405644     0x184c /usr/local/Sourcery/bin/../lib/gcc/arm-none-eabi/4.6.1/../../../../arm-none-eabi/lib/thumb2/libc.a(lib_a-vfprintf.o)
                0x00405644                _vfprintf_r
                0x00406e74                vfprintf
 .text          0x00406e90       0xfc /usr/local/Sourcery/bin/../lib/gcc/arm-none-eabi/4.6.1/../../../../arm-none-eabi/lib/thumb2/libc.a(lib_a-wbuf.o)
                0x00406e90                __swbuf_r
                0x00406f78                __swbuf
 .text          0x00406f8c       0xf8 /usr/local/Sourcery/bin/../lib/gcc/arm-none-eabi/4.6.1/../../../../arm-none-eabi/lib/thumb2/libc.a(lib_a-wsetup.o)
                0x00406f8c                __swsetup_r
 .text          0x00407084       0x10 /usr/local/Sourcery/bin/../lib/gcc/arm-none-eabi/4.6.1/../../../../arm-none-eabi/lib/thumb2/libc.a(lib_a-abort.o)
                0x00407084                abort
 *fill*         0x00407094        0x4 00
 .text          0x00407098     0x1030 /usr/local/Sourcery/bin/../lib/gcc/arm-none-eabi/4.6.1/../../../../arm-none-eabi/lib/thumb2/libc.a(lib_a-dtoa.o)
                0x004071e0                _dtoa_r
 .text          0x004080c8      0x1e0 /usr/local/Sourcery/bin/../lib/gcc/arm-none-eabi/4.6.1/../../../../arm-none-eabi/lib/thumb2/libc.a(lib_a-fflush.o)
                0x004080c8                _fflush_r
                0x00408280                fflush
 .text          0x004082a8      0x1dc /usr/local/Sourcery/bin/../lib/gcc/arm-none-eabi/4.6.1/../../../../arm-none-eabi/lib/thumb2/libc.a(lib_a-findfp.o)
                0x004082b0                _cleanup_r
                0x0040830c                __sfmoreglue
                0x0040833c                _cleanup
                0x0040834c                __sinit
                0x004083a8                __sfp
                0x00408444                __sfp_lock_acquire
                0x00408448                __sfp_lock_release
                0x0040844c                __sinit_lock_acquire
                0x00408450                __sinit_lock_release
                0x00408454                __fp_lock_all
                0x0040846c                __fp_unlock_all
 .text          0x00408484      0x13c /usr/local/Sourcery/bin/../lib/gcc/arm-none-eabi/4.6.1/../../../../arm-none-eabi/lib/thumb2/libc.a(lib_a-fputwc.o)
                0x00408484                _fputwc_r
                0x00408568                fputwc
 .text          0x004085c0      0x234 /usr/local/Sourcery/bin/../lib/gcc/arm-none-eabi/4.6.1/../../../../arm-none-eabi/lib/thumb2/libc.a(lib_a-freer.o)
                0x004085c0                _malloc_trim_r
                0x00408664                _free_r
 .text          0x004087f4       0xa0 /usr/local/Sourcery/bin/../lib/gcc/arm-none-eabi/4.6.1/../../../../arm-none-eabi/lib/thumb2/libc.a(lib_a-fwalk.o)
                0x004087f4                _fwalk
                0x00408840                _fwalk_reent
 .text          0x00408894       0xa4 /usr/local/Sourcery/bin/../lib/gcc/arm-none-eabi/4.6.1/../../../../arm-none-eabi/lib/thumb2/libc.a(lib_a-locale.o)
                0x00408894                _setlocale_r
                0x004088f0                __locale_charset
                0x004088fc                __locale_mb_cur_max
                0x00408908                __locale_msgcharset
                0x00408910                __locale_cjk_lang
                0x00408914                _localeconv_r
                0x0040891c                setlocale
                0x00408930                localeconv
 .text          0x00408938       0xe8 /usr/local/Sourcery/bin/../lib/gcc/arm-none-eabi/4.6.1/../../../../arm-none-eabi/lib/thumb2/libc.a(lib_a-makebuf.o)
                0x00408938                __smakebuf_r
 .text          0x00408a20       0x20 /usr/local/Sourcery/bin/../lib/gcc/arm-none-eabi/4.6.1/../../../../arm-none-eabi/lib/thumb2/libc.a(lib_a-malloc.o)
                0x00408a20                malloc
                0x00408a30                free
 .text          0x00408a40       0x8c /usr/local/Sourcery/bin/../lib/gcc/arm-none-eabi/4.6.1/../../../../arm-none-eabi/lib/thumb2/libc.a(lib_a-memset.o)
                0x00408a40                memset
 .text          0x00408acc      0x904 /usr/local/Sourcery/bin/../lib/gcc/arm-none-eabi/4.6.1/../../../../arm-none-eabi/lib/thumb2/libc.a(lib_a-mprec.o)
                0x00408acc                _Balloc
                0x00408b34                _Bfree
                0x00408b6c                __multadd
                0x00408bf0                __s2b
                0x00408c84                __hi0bits
                0x00408cc0                __lo0bits
                0x00408d1c                __i2b
                0x00408d30                __multiply
                0x00408e6c                __pow5mult
                0x00408f0c                __lshift
                0x00408fc8                __mcmp
                0x00409008                __mdiff
                0x004090e8                __ulp
                0x0040912c                __b2d
                0x004091d8                __d2b
                0x004092a0                __ratio
                0x004092f4                _mprec_log10
                0x00409328                __copybits
                0x00409370                __any_on
 .text          0x004093d0       0x90 /usr/local/Sourcery/bin/../lib/gcc/arm-none-eabi/4.6.1/../../../../arm-none-eabi/lib/thumb2/libc.a(lib_a-s_fpclassify.o)
                0x004093d0                __fpclassifyd
 .text          0x00409460      0x150 /usr/local/Sourcery/bin/../lib/gcc/arm-none-eabi/4.6.1/../../../../arm-none-eabi/lib/thumb2/libc.a(lib_a-signal.o)
                0x00409460                _init_signal_r
                0x00409490                _signal_r
                0x004094cc                _raise_r
                0x00409520                __sigtramp_r
                0x0040956c                raise
                0x0040957c                signal
                0x00409590                _init_signal
                0x004095a0                __sigtramp
 .text          0x004095b0       0x2c /usr/local/Sourcery/bin/../lib/gcc/arm-none-eabi/4.6.1/../../../../arm-none-eabi/lib/thumb2/libc.a(lib_a-signalr.o)
                0x004095b0                _kill_r
                0x004095d8                _getpid_r
 .text          0x004095dc       0x8c /usr/local/Sourcery/bin/../lib/gcc/arm-none-eabi/4.6.1/../../../../arm-none-eabi/lib/thumb2/libc.a(lib_a-stdio.o)
                0x004095dc                __sread
                0x00409600                __seofread
                0x00409604                __swrite
                0x0040963c                __sseek
                0x00409660                __sclose
 .text          0x00409668      0x1dc /usr/local/Sourcery/bin/../lib/gcc/arm-none-eabi/4.6.1/../../../../arm-none-eabi/lib/thumb2/libc.a(lib_a-strcmp.o)
                0x00409668                strcmp
 .text          0x00409844       0xb0 /usr/local/Sourcery/bin/../lib/gcc/arm-none-eabi/4.6.1/../../../../arm-none-eabi/lib/thumb2/libc.a(lib_a-wcrtomb.o)
                0x00409844                _wcrtomb_r
                0x00409894                wcrtomb
 .text          0x004098f4       0x4c /usr/local/Sourcery/bin/../lib/gcc/arm-none-eabi/4.6.1/../../../../arm-none-eabi/lib/thumb2/libc.a(lib_a-wctomb_r.o)
                0x004098f4                __ascii_wctomb
                0x00409910                _wctomb_r
 .text          0x00409940       0x2c /usr/local/Sourcery/bin/../lib/gcc/arm-none-eabi/4.6.1/../../../../arm-none-eabi/lib/thumb2/libc.a(lib_a-writer.o)
                0x00409940                _write_r
 .text          0x0040996c       0x60 /usr/local/Sourcery/bin/../lib/gcc/arm-none-eabi/4.6.1/../../../../arm-none-eabi/lib/thumb2/libc.a(lib_a-callocr.o)
                0x0040996c                _calloc_r
 .text          0x004099cc       0x28 /usr/local/Sourcery/bin/../lib/gcc/arm-none-eabi/4.6.1/../../../../arm-none-eabi/lib/thumb2/libc.a(lib_a-closer.o)
                0x004099cc                _close_r
 .text          0x004099f4       0xc4 /usr/local/Sourcery/bin/../lib/gcc/arm-none-eabi/4.6.1/../../../../arm-none-eabi/lib/thumb2/libc.a(lib_a-fclose.o)
                0x004099f4                _fclose_r
                0x00409aa8                fclose
 .text          0x00409ab8       0x28 /usr/local/Sourcery/bin/../lib/gcc/arm-none-eabi/4.6.1/../../../../arm-none-eabi/lib/thumb2/libc.a(lib_a-fstatr.o)
                0x00409ab8                _fstat_r
 .text          0x00409ae0       0x28 /usr/local/Sourcery/bin/../lib/gcc/arm-none-eabi/4.6.1/../../../../arm-none-eabi/lib/thumb2/libc.a(lib_a-isattyr.o)
                0x00409ae0                _isatty_r
 .text          0x00409b08       0x2c /usr/local/Sourcery/bin/../lib/gcc/arm-none-eabi/4.6.1/../../../../arm-none-eabi/lib/thumb2/libc.a(lib_a-lseekr.o)
                0x00409b08                _lseek_r
 .text          0x00409b34       0x2c /usr/local/Sourcery/bin/../lib/gcc/arm-none-eabi/4.6.1/../../../../arm-none-eabi/lib/thumb2/libc.a(lib_a-readr.o)
                0x00409b34                _read_r
 .text          0x00409b60      0x278 /usr/local/Sourcery/bin/../lib/gcc/arm-none-eabi/4.6.1/thumb2/libgcc.a(_udivsi3.o)
                0x00409b60                __udivsi3
                0x00409b60                __aeabi_uidiv
                0x00409dbc                __aeabi_uidivmod
 .text          0x00409dd8        0x4 /usr/local/Sourcery/bin/../lib/gcc/arm-none-eabi/4.6.1/thumb2/libgcc.a(_dvmd_tls.o)
                0x00409dd8                __aeabi_ldiv0
                0x00409dd8                __aeabi_idiv0
 .text          0x00409ddc      0x370 /usr/local/Sourcery/bin/../lib/gcc/arm-none-eabi/4.6.1/thumb2/libgcc.a(_arm_addsubdf3.o)
                0x00409ddc                __aeabi_drsub
                0x00409de4                __aeabi_dsub
                0x00409de4                __subdf3
                0x00409de8                __adddf3
                0x00409de8                __aeabi_dadd
                0x0040a060                __aeabi_ui2d
                0x0040a060                __floatunsidf
                0x0040a080                __floatsidf
                0x0040a080                __aeabi_i2d
                0x0040a0a4                __extendsfdf2
                0x0040a0a4                __aeabi_f2d
                0x0040a0e0                __aeabi_ul2d
                0x0040a0e0                __floatundidf
                0x0040a0f0                __floatdidf
                0x0040a0f0                __aeabi_l2d
 .text          0x0040a14c      0x424 /usr/local/Sourcery/bin/../lib/gcc/arm-none-eabi/4.6.1/thumb2/libgcc.a(_arm_muldivdf3.o)
                0x0040a14c                __aeabi_dmul
                0x0040a14c                __muldf3
                0x0040a3a0                __aeabi_ddiv
                0x0040a3a0                __divdf3
 .text          0x0040a570      0x110 /usr/local/Sourcery/bin/../lib/gcc/arm-none-eabi/4.6.1/thumb2/libgcc.a(_arm_cmpdf2.o)
                0x0040a570                __gtdf2
                0x0040a570                __gedf2
                0x0040a578                __ltdf2
                0x0040a578                __ledf2
                0x0040a580                __cmpdf2
                0x0040a580                __eqdf2
                0x0040a580                __nedf2
                0x0040a5fc                __aeabi_cdrcmple
                0x0040a60c                __aeabi_cdcmple
                0x0040a60c                __aeabi_cdcmpeq
                0x0040a61c                __aeabi_dcmpeq
                0x0040a630                __aeabi_dcmplt
                0x0040a644                __aeabi_dcmple
                0x0040a658                __aeabi_dcmpge
                0x0040a66c                __aeabi_dcmpgt
 .text          0x0040a680       0x50 /usr/local/Sourcery/bin/../lib/gcc/arm-none-eabi/4.6.1/thumb2/libgcc.a(_arm_fixdfsi.o)
                0x0040a680                __fixdfsi
                0x0040a680                __aeabi_d2iz
 .text          0x0040a6d0       0x2c /usr/local/Sourcery/bin/../lib/gcc/arm-none-eabi/4.6.1/thumb2/libgcc.a(_aeabi_uldivmod.o)
                0x0040a6d0                __aeabi_uldivmod
 .text          0x0040a6fc       0x5c /usr/local/Sourcery/bin/../lib/gcc/arm-none-eabi/4.6.1/thumb2/libgcc.a(bpabi.o)
                0x0040a6fc                __gnu_ldivmod_helper
                0x0040a72c                __gnu_uldivmod_helper
 .text          0x0040a758      0x364 /usr/local/Sourcery/bin/../lib/gcc/arm-none-eabi/4.6.1/thumb2/libgcc.a(_divdi3.o)
                0x0040a758                __divdi3
 .text          0x0040aabc      0x334 /usr/local/Sourcery/bin/../lib/gcc/arm-none-eabi/4.6.1/thumb2/libgcc.a(_udivdi3.o)
                0x0040aabc                __udivdi3
 *(.glue_7t)
 .glue_7t       0x00000000        0x0 linker stubs
 *(.glue_7)
 .glue_7        0x00000000        0x0 linker stubs
 *(.rodata .rodata* .gnu.linkonce.r.*)
 .rodata        0x0040adf0       0x1c build/obj/flash_syscalls.o
 .rodata        0x0040ae0c        0xc build/obj/flash_uart_console.o
 .rodata        0x0040ae18      0x124 build/obj/flash_usb_console.o
 .rodata        0x0040af3c       0x54 build/obj/flash_led.o
 .rodata        0x0040af90       0xa0 build/obj/flash_usb_device_descriptor.o
                0x0040af90                deviceDescriptor
                0x0040afa4                configurationDescriptorsFS
                0x0040afe8                languageIdStringDescriptor
                0x0040afec                productStringDescriptor
                0x0040b008                cdcdSerialDriverDescriptors
 .rodata        0x0040b030       0x44 build/obj/flash_main.o
 .rodata.str1.1
                0x0040b074       0x69 libusb/lib/libusb_sam3s_rel.a(release-USBD_HAL.o)
 .rodata.str1.1
                0x0040b0dd       0x30 libusb/lib/libusb_sam3s_rel.a(release-USBD.o)
 .rodata.str1.1
                0x0040b10d       0xef libusb/lib/libusb_sam3s_rel.a(release-USBDDriver.o)
 .rodata        0x0040b1fc       0x3f libchip/lib/libchip_sam3s4_rel.a(release-pio_it.o)
 .rodata.str1.1
                0x0040b23b       0x67 libchip/lib/libchip_sam3s4_rel.a(release-pio_it.o)
 .rodata        0x0040b2a2       0x3f libchip/lib/libchip_sam3s4_rel.a(release-pmc.o)
 .rodata.str1.1
                0x0040b2e1       0x17 libchip/lib/libchip_sam3s4_rel.a(release-pmc.o)
 .rodata        0x0040b2f8       0x1e libchip/lib/libchip_sam3s4_rel.a(release-tc.o)
 .rodata.str1.1
                0x0040b316       0x51 libchip/lib/libchip_sam3s4_rel.a(release-tc.o)
 *fill*         0x0040b367        0x1 00
 .rodata.str1.4
                0x0040b368       0x3f /usr/local/Sourcery/bin/../lib/gcc/arm-none-eabi/4.6.1/../../../../arm-none-eabi/lib/thumb2/libc.a(lib_a-assert.o)
                                 0x44 (size before relaxing)
 *fill*         0x0040b3a7        0x1 00
 .rodata        0x0040b3a8        0x4 /usr/local/Sourcery/bin/../lib/gcc/arm-none-eabi/4.6.1/../../../../arm-none-eabi/lib/thumb2/libc.a(lib_a-impure.o)
                0x0040b3a8                _global_impure_ptr
 .rodata.str1.4
                0x0040b3ac        0x2 /usr/local/Sourcery/bin/../lib/gcc/arm-none-eabi/4.6.1/../../../../arm-none-eabi/lib/thumb2/libc.a(lib_a-impure.o)
                                  0x4 (size before relaxing)
 *fill*         0x0040b3ae        0x2 00
 .rodata        0x0040b3b0       0x20 /usr/local/Sourcery/bin/../lib/gcc/arm-none-eabi/4.6.1/../../../../arm-none-eabi/lib/thumb2/libc.a(lib_a-vfiprintf.o)
 .rodata.str1.4
                0x0040b3d0       0x2f /usr/local/Sourcery/bin/../lib/gcc/arm-none-eabi/4.6.1/../../../../arm-none-eabi/lib/thumb2/libc.a(lib_a-vfiprintf.o)
                                 0x30 (size before relaxing)
 *fill*         0x0040b3ff        0x1 00
 .rodata        0x0040b400       0x20 /usr/local/Sourcery/bin/../lib/gcc/arm-none-eabi/4.6.1/../../../../arm-none-eabi/lib/thumb2/libc.a(lib_a-vfprintf.o)
 .rodata.str1.4
                0x0040b420       0x12 /usr/local/Sourcery/bin/../lib/gcc/arm-none-eabi/4.6.1/../../../../arm-none-eabi/lib/thumb2/libc.a(lib_a-vfprintf.o)
                                 0x44 (size before relaxing)
 *fill*         0x0040b432        0x2 00
 .rodata.str1.4
                0x0040b434       0x10 /usr/local/Sourcery/bin/../lib/gcc/arm-none-eabi/4.6.1/../../../../arm-none-eabi/lib/thumb2/libc.a(lib_a-dtoa.o)
                                 0x14 (size before relaxing)
 .rodata        0x0040b444       0x60 /usr/local/Sourcery/bin/../lib/gcc/arm-none-eabi/4.6.1/../../../../arm-none-eabi/lib/thumb2/libc.a(lib_a-findfp.o)
                0x0040b444                __sf_fake_stderr
                0x0040b464                __sf_fake_stdout
                0x0040b484                __sf_fake_stdin
 .rodata.str1.4
                0x0040b4a4        0xc /usr/local/Sourcery/bin/../lib/gcc/arm-none-eabi/4.6.1/../../../../arm-none-eabi/lib/thumb2/libc.a(lib_a-locale.o)
                                 0x14 (size before relaxing)
 .rodata        0x0040b4b0      0x128 /usr/local/Sourcery/bin/../lib/gcc/arm-none-eabi/4.6.1/../../../../arm-none-eabi/lib/thumb2/libc.a(lib_a-mprec.o)
                0x0040b4c0                __mprec_tens
                0x0040b588                __mprec_tinytens
                0x0040b5b0                __mprec_bigtens
 *(.ARM.extab* .gnu.linkonce.armextab.*)
                0x0040b5d8                . = ALIGN (0x4)
 *(.init)
 .init          0x0040b5d8        0x4 /usr/local/Sourcery/bin/../lib/gcc/arm-none-eabi/4.6.1/thumb2/crti.o
                0x0040b5d8                _init
 .init          0x0040b5dc        0x8 /usr/local/Sourcery/bin/../lib/gcc/arm-none-eabi/4.6.1/thumb2/crtn.o
                0x0040b5e4                . = ALIGN (0x4)
                0x0040b5e4                __preinit_array_start = .
 *(.preinit_array)
                0x0040b5e4                __preinit_array_end = .
                0x0040b5e4                . = ALIGN (0x4)
                0x0040b5e4                __init_array_start = .
 *(SORT(.init_array.*))
 *(.init_array)
 .init_array    0x0040b5e4        0x4 /usr/local/Sourcery/bin/../lib/gcc/arm-none-eabi/4.6.1/thumb2/crtbegin.o
                0x0040b5e8                __init_array_end = .
                0x0040b5e8                . = ALIGN (0x4)
 *crtbegin.o(.ctors)
 *(EXCLUDE_FILE(*crtend.o) .ctors)
 *(SORT(.ctors.*))
 *crtend.o(.ctors)
                0x0040b5e8                . = ALIGN (0x4)
 *(.fini)
 .fini          0x0040b5e8        0x4 /usr/local/Sourcery/bin/../lib/gcc/arm-none-eabi/4.6.1/thumb2/crti.o
                0x0040b5e8                _fini
 .fini          0x0040b5ec        0x8 /usr/local/Sourcery/bin/../lib/gcc/arm-none-eabi/4.6.1/thumb2/crtn.o
                0x0040b5f4                . = ALIGN (0x4)
                0x0040b5f4                __fini_array_start = .
 *(.fini_array)
 .fini_array    0x0040b5f4        0x4 /usr/local/Sourcery/bin/../lib/gcc/arm-none-eabi/4.6.1/thumb2/crtbegin.o
 *(SORT(.fini_array.*))
                0x0040b5f8                __fini_array_end = .
 *crtbegin.o(.dtors)
 *(EXCLUDE_FILE(*crtend.o) .dtors)
 *(SORT(.dtors.*))
 *crtend.o(.dtors)
                0x0040b5f8                . = ALIGN (0x4)
                0x0040b5f8                _efixed = .
                0x0040b5f8                PROVIDE (__exidx_start, .)

.vfp11_veneer   0x0040b5f8        0x0
 .vfp11_veneer  0x00000000        0x0 linker stubs

.v4_bx          0x0040b5f8        0x0
 .v4_bx         0x00000000        0x0 linker stubs

.iplt           0x0040b5f8        0x0
 .iplt          0x00000000        0x0 /usr/local/Sourcery/bin/../lib/gcc/arm-none-eabi/4.6.1/thumb2/crtbegin.o

.ARM.exidx      0x0040b5f8        0x8
 *(.ARM.exidx* .gnu.linkonce.armexidx.*)
 .ARM.exidx     0x0040b5f8        0x8 /usr/local/Sourcery/bin/../lib/gcc/arm-none-eabi/4.6.1/thumb2/libgcc.a(_divdi3.o)
 .ARM.exidx     0x0040b600        0x0 /usr/local/Sourcery/bin/../lib/gcc/arm-none-eabi/4.6.1/thumb2/libgcc.a(_udivdi3.o)
                                  0x8 (size before relaxing)
                0x0040b600                PROVIDE (__exidx_end, .)

.eh_frame       0x0040b600        0x0
 .eh_frame      0x0040b600        0x0 /usr/local/Sourcery/bin/../lib/gcc/arm-none-eabi/4.6.1/thumb2/crtbegin.o

.rel.dyn        0x0040b600        0x0
 .rel.iplt      0x00000000        0x0 /usr/local/Sourcery/bin/../lib/gcc/arm-none-eabi/4.6.1/thumb2/crtbegin.o

.jcr            0x0040b600        0x0
 .jcr           0x0040b600        0x0 /usr/local/Sourcery/bin/../lib/gcc/arm-none-eabi/4.6.1/thumb2/crtbegin.o

.igot.plt       0x0040b600        0x0
 .igot.plt      0x00000000        0x0 /usr/local/Sourcery/bin/../lib/gcc/arm-none-eabi/4.6.1/thumb2/crtbegin.o
                0x0040b600                . = ALIGN (0x4)
                0x0040b600                _etext = .

.relocate       0x20000000      0x598 load address 0x0040b600
                0x20000000                . = ALIGN (0x4)
                0x20000000                _srelocate = .
 *(.ramfunc .ramfunc.*)
 *(.data .data.*)
 .data          0x20000000        0x4 build/obj/flash_system.o
                0x20000000                SystemCoreClock
 .data          0x20000004        0x4 build/obj/flash_uart_console.o
 .data          0x20000008        0x4 build/obj/flash_usb_console.o
 .data          0x2000000c        0x8 build/obj/flash_usb_device_descriptor.o
                0x2000000c                stringDescriptors
 .data          0x20000014       0xf4 /usr/local/Sourcery/bin/../lib/gcc/arm-none-eabi/4.6.1/../../../../arm-none-eabi/lib/thumb2/libc.a(lib_a-impure.o)
                0x20000014                _impure_ptr
 .data          0x20000108      0x410 /usr/local/Sourcery/bin/../lib/gcc/arm-none-eabi/4.6.1/../../../../arm-none-eabi/lib/thumb2/libc.a(lib_a-mallocr.o)
                0x20000108                __malloc_av_
                0x20000510                __malloc_sbrk_base
                0x20000514                __malloc_trim_threshold
 .data          0x20000518       0x7c /usr/local/Sourcery/bin/../lib/gcc/arm-none-eabi/4.6.1/../../../../arm-none-eabi/lib/thumb2/libc.a(lib_a-locale.o)
                0x20000538                __mb_cur_max
 .data          0x20000594        0x4 /usr/local/Sourcery/bin/../lib/gcc/arm-none-eabi/4.6.1/../../../../arm-none-eabi/lib/thumb2/libc.a(lib_a-wctomb_r.o)
                0x20000594                __wctomb
                0x20000598                . = ALIGN (0x4)
                0x20000598                _erelocate = .

.bss            0x20000598      0x2d0 load address 0x0040bb98
                0x20000598                . = ALIGN (0x4)
                0x20000598                _sbss = .
                0x20000598                _szero = .
 *(.bss .bss.*)
 .bss           0x20000598       0x1c /usr/local/Sourcery/bin/../lib/gcc/arm-none-eabi/4.6.1/thumb2/crtbegin.o
 .bss           0x200005b4        0x4 build/obj/flash_syscalls.o
 .bss           0x200005b8        0x1 build/obj/flash_uart_console.o
 *fill*         0x200005b9        0x3 00
 .bss           0x200005bc      0x10c build/obj/flash_usb_console.o
 .bss           0x200006c8        0xc build/obj/flash_led.o
 .bss           0x200006d4        0x4 build/obj/flash_timetick.o
 .bss           0x200006d8       0xe0 libusb/lib/libusb_sam3s_rel.a(release-USBD_HAL.o)
 .bss           0x200007b8        0x2 libusb/lib/libusb_sam3s_rel.a(release-USBD.o)
 *fill*         0x200007ba        0x2 00
 .bss           0x200007bc       0x10 libusb/lib/libusb_sam3s_rel.a(release-USBDDriver.o)
 .bss           0x200007cc       0x1c libusb/lib/libusb_sam3s_rel.a(release-CDCDSerial.o)
 .bss           0x200007e8        0x7 libusb/lib/libusb_sam3s_rel.a(release-CDCDSerialPort.o)
 *fill*         0x200007ef        0x1 00
 .bss           0x200007f0       0x3c libchip/lib/libchip_sam3s4_rel.a(release-pio_it.o)
 .bss           0x2000082c        0x4 libchip/lib/libchip_sam3s4_rel.a(release-pio_capture.o)
 .bss           0x20000830       0x34 /usr/local/Sourcery/bin/../lib/gcc/arm-none-eabi/4.6.1/../../../../arm-none-eabi/lib/thumb2/libc.a(lib_a-mallocr.o)
                0x20000830                __malloc_top_pad
                0x20000834                __malloc_current_mallinfo
                0x2000085c                __malloc_max_sbrked_mem
                0x20000860                __malloc_max_total_mem
 *(COMMON)
 COMMON         0x20000864        0x4 /usr/local/Sourcery/bin/../lib/gcc/arm-none-eabi/4.6.1/../../../../arm-none-eabi/lib/thumb2/libc.a(lib_a-reent.o)
                0x20000864                errno
                0x20000868                . = ALIGN (0x4)
                0x20000868                _ebss = .
                0x20000868                _ezero = .

.stack          0x20000868     0x1000 load address 0x0040be68
                0x20000868                . = ALIGN (0x8)
 *(.stack .stack.*)
 .stack         0x20000868     0x1000 build/obj/flash_startup.o
                0x20000868                pdwStack
                0x20001868                . = ALIGN (0x4)
                0x20001868                _end = .
OUTPUT(build/bin/project-flash.elf elf32-littlearm)

.ARM.attributes
                0x00000000       0x29
 .ARM.attributes
                0x00000000       0x1b /usr/local/Sourcery/bin/../lib/gcc/arm-none-eabi/4.6.1/thumb2/crti.o
 .ARM.attributes
                0x0000001b       0x2b /usr/local/Sourcery/bin/../lib/gcc/arm-none-eabi/4.6.1/thumb2/crtbegin.o
 .ARM.attributes
                0x00000046       0x33 build/obj/flash_syscalls.o
 .ARM.attributes
                0x00000079       0x33 build/obj/flash_system.o
 .ARM.attributes
                0x000000ac       0x33 build/obj/flash_uart_console.o
 .ARM.attributes
                0x000000df       0x33 build/obj/flash_usb_console.o
 .ARM.attributes
                0x00000112       0x33 build/obj/flash_led.o
 .ARM.attributes
                0x00000145       0x33 build/obj/flash_timetick.o
 .ARM.attributes
                0x00000178       0x33 build/obj/flash_startup.o
 .ARM.attributes
                0x000001ab       0x33 build/obj/flash_usb_device_descriptor.o
 .ARM.attributes
                0x000001de       0x33 build/obj/flash_main.o
 .ARM.attributes
                0x00000211       0x33 libusb/lib/libusb_sam3s_rel.a(release-USBD_HAL.o)
 .ARM.attributes
                0x00000244       0x33 libusb/lib/libusb_sam3s_rel.a(release-USBDescriptors.o)
 .ARM.attributes
                0x00000277       0x33 libusb/lib/libusb_sam3s_rel.a(release-USBD.o)
 .ARM.attributes
                0x000002aa       0x33 libusb/lib/libusb_sam3s_rel.a(release-USBDCallbacks.o)
 .ARM.attributes
                0x000002dd       0x33 libusb/lib/libusb_sam3s_rel.a(release-USBDDriver.o)
 .ARM.attributes
                0x00000310       0x33 libusb/lib/libusb_sam3s_rel.a(release-CDCDSerial.o)
 .ARM.attributes
                0x00000343       0x33 libusb/lib/libusb_sam3s_rel.a(release-USBDDriverCallbacks.o)
 .ARM.attributes
                0x00000376       0x33 libusb/lib/libusb_sam3s_rel.a(release-CDCDSerialDriver.o)
 .ARM.attributes
                0x000003a9       0x33 libusb/lib/libusb_sam3s_rel.a(release-USBRequests.o)
 .ARM.attributes
                0x000003dc       0x33 libusb/lib/libusb_sam3s_rel.a(release-CDCDSerialPort.o)
 .ARM.attributes
                0x0000040f       0x33 libusb/lib/libusb_sam3s_rel.a(release-CDCLineCoding.o)
 .ARM.attributes
                0x00000442       0x33 libchip/lib/libchip_sam3s4_rel.a(release-pio_it.o)
 .ARM.attributes
                0x00000475       0x33 libchip/lib/libchip_sam3s4_rel.a(release-exceptions.o)
 .ARM.attributes
                0x000004a8       0x33 libchip/lib/libchip_sam3s4_rel.a(release-pio.o)
 .ARM.attributes
                0x000004db       0x33 libchip/lib/libchip_sam3s4_rel.a(release-pmc.o)
 .ARM.attributes
                0x0000050e       0x33 libchip/lib/libchip_sam3s4_rel.a(release-tc.o)
 .ARM.attributes
                0x00000541       0x33 libchip/lib/libchip_sam3s4_rel.a(release-pio_capture.o)
 .ARM.attributes
                0x00000574       0x2b /usr/local/Sourcery/bin/../lib/gcc/arm-none-eabi/4.6.1/../../../../arm-none-eabi/lib/thumb2/libc.a(lib_a-assert.o)
 .ARM.attributes
                0x0000059f       0x2b /usr/local/Sourcery/bin/../lib/gcc/arm-none-eabi/4.6.1/../../../../arm-none-eabi/lib/thumb2/libc.a(lib_a-fiprintf.o)
 .ARM.attributes
                0x000005ca       0x2b /usr/local/Sourcery/bin/../lib/gcc/arm-none-eabi/4.6.1/../../../../arm-none-eabi/lib/thumb2/libc.a(lib_a-fprintf.o)
 .ARM.attributes
                0x000005f5       0x2b /usr/local/Sourcery/bin/../lib/gcc/arm-none-eabi/4.6.1/../../../../arm-none-eabi/lib/thumb2/libc.a(lib_a-fputc.o)
 .ARM.attributes
                0x00000620       0x2b /usr/local/Sourcery/bin/../lib/gcc/arm-none-eabi/4.6.1/../../../../arm-none-eabi/lib/thumb2/libc.a(lib_a-fputs.o)
 .ARM.attributes
                0x0000064b       0x2b /usr/local/Sourcery/bin/../lib/gcc/arm-none-eabi/4.6.1/../../../../arm-none-eabi/lib/thumb2/libc.a(lib_a-fvwrite.o)
 .ARM.attributes
                0x00000676       0x2b /usr/local/Sourcery/bin/../lib/gcc/arm-none-eabi/4.6.1/../../../../arm-none-eabi/lib/thumb2/libc.a(lib_a-fwrite.o)
 .ARM.attributes
                0x000006a1       0x2b /usr/local/Sourcery/bin/../lib/gcc/arm-none-eabi/4.6.1/../../../../arm-none-eabi/lib/thumb2/libc.a(lib_a-impure.o)
 .ARM.attributes
                0x000006cc       0x2b /usr/local/Sourcery/bin/../lib/gcc/arm-none-eabi/4.6.1/../../../../arm-none-eabi/lib/thumb2/libc.a(lib_a-iprintf.o)
 .ARM.attributes
                0x000006f7       0x2b /usr/local/Sourcery/bin/../lib/gcc/arm-none-eabi/4.6.1/../../../../arm-none-eabi/lib/thumb2/libc.a(lib_a-mallocr.o)
 .ARM.attributes
                0x00000722       0x2b /usr/local/Sourcery/bin/../lib/gcc/arm-none-eabi/4.6.1/../../../../arm-none-eabi/lib/thumb2/libc.a(lib_a-memchr.o)
 .ARM.attributes
                0x0000074d       0x2b /usr/local/Sourcery/bin/../lib/gcc/arm-none-eabi/4.6.1/../../../../arm-none-eabi/lib/thumb2/libc.a(lib_a-memcpy.o)
 .ARM.attributes
                0x00000778       0x2b /usr/local/Sourcery/bin/../lib/gcc/arm-none-eabi/4.6.1/../../../../arm-none-eabi/lib/thumb2/libc.a(lib_a-memmove.o)
 .ARM.attributes
                0x000007a3       0x2b /usr/local/Sourcery/bin/../lib/gcc/arm-none-eabi/4.6.1/../../../../arm-none-eabi/lib/thumb2/libc.a(lib_a-mlock.o)
 .ARM.attributes
                0x000007ce       0x2b /usr/local/Sourcery/bin/../lib/gcc/arm-none-eabi/4.6.1/../../../../arm-none-eabi/lib/thumb2/libc.a(lib_a-putc.o)
 .ARM.attributes
                0x000007f9       0x2b /usr/local/Sourcery/bin/../lib/gcc/arm-none-eabi/4.6.1/../../../../arm-none-eabi/lib/thumb2/libc.a(lib_a-reallocr.o)
 .ARM.attributes
                0x00000824       0x2b /usr/local/Sourcery/bin/../lib/gcc/arm-none-eabi/4.6.1/../../../../arm-none-eabi/lib/thumb2/libc.a(lib_a-reent.o)
 .ARM.attributes
                0x0000084f       0x2b /usr/local/Sourcery/bin/../lib/gcc/arm-none-eabi/4.6.1/../../../../arm-none-eabi/lib/thumb2/libc.a(lib_a-sbrkr.o)
 .ARM.attributes
                0x0000087a       0x2b /usr/local/Sourcery/bin/../lib/gcc/arm-none-eabi/4.6.1/../../../../arm-none-eabi/lib/thumb2/libc.a(lib_a-setbuf.o)
 .ARM.attributes
                0x000008a5       0x2b /usr/local/Sourcery/bin/../lib/gcc/arm-none-eabi/4.6.1/../../../../arm-none-eabi/lib/thumb2/libc.a(lib_a-setvbuf.o)
 .ARM.attributes
                0x000008d0       0x2b /usr/local/Sourcery/bin/../lib/gcc/arm-none-eabi/4.6.1/../../../../arm-none-eabi/lib/thumb2/libc.a(lib_a-strlen.o)
 .ARM.attributes
                0x000008fb       0x2b /usr/local/Sourcery/bin/../lib/gcc/arm-none-eabi/4.6.1/../../../../arm-none-eabi/lib/thumb2/libc.a(lib_a-vfiprintf.o)
 .ARM.attributes
                0x00000926       0x2b /usr/local/Sourcery/bin/../lib/gcc/arm-none-eabi/4.6.1/../../../../arm-none-eabi/lib/thumb2/libc.a(lib_a-vfprintf.o)
 .ARM.attributes
                0x00000951       0x2b /usr/local/Sourcery/bin/../lib/gcc/arm-none-eabi/4.6.1/../../../../arm-none-eabi/lib/thumb2/libc.a(lib_a-wbuf.o)
 .ARM.attributes
                0x0000097c       0x2b /usr/local/Sourcery/bin/../lib/gcc/arm-none-eabi/4.6.1/../../../../arm-none-eabi/lib/thumb2/libc.a(lib_a-wsetup.o)
 .ARM.attributes
                0x000009a7       0x2b /usr/local/Sourcery/bin/../lib/gcc/arm-none-eabi/4.6.1/../../../../arm-none-eabi/lib/thumb2/libc.a(lib_a-abort.o)
 .ARM.attributes
                0x000009d2       0x2b /usr/local/Sourcery/bin/../lib/gcc/arm-none-eabi/4.6.1/../../../../arm-none-eabi/lib/thumb2/libc.a(lib_a-dtoa.o)
 .ARM.attributes
                0x000009fd       0x2b /usr/local/Sourcery/bin/../lib/gcc/arm-none-eabi/4.6.1/../../../../arm-none-eabi/lib/thumb2/libc.a(lib_a-fflush.o)
 .ARM.attributes
                0x00000a28       0x2b /usr/local/Sourcery/bin/../lib/gcc/arm-none-eabi/4.6.1/../../../../arm-none-eabi/lib/thumb2/libc.a(lib_a-findfp.o)
 .ARM.attributes
                0x00000a53       0x2b /usr/local/Sourcery/bin/../lib/gcc/arm-none-eabi/4.6.1/../../../../arm-none-eabi/lib/thumb2/libc.a(lib_a-fputwc.o)
 .ARM.attributes
                0x00000a7e       0x2b /usr/local/Sourcery/bin/../lib/gcc/arm-none-eabi/4.6.1/../../../../arm-none-eabi/lib/thumb2/libc.a(lib_a-freer.o)
 .ARM.attributes
                0x00000aa9       0x2b /usr/local/Sourcery/bin/../lib/gcc/arm-none-eabi/4.6.1/../../../../arm-none-eabi/lib/thumb2/libc.a(lib_a-fwalk.o)
 .ARM.attributes
                0x00000ad4       0x2b /usr/local/Sourcery/bin/../lib/gcc/arm-none-eabi/4.6.1/../../../../arm-none-eabi/lib/thumb2/libc.a(lib_a-locale.o)
 .ARM.attributes
                0x00000aff       0x2b /usr/local/Sourcery/bin/../lib/gcc/arm-none-eabi/4.6.1/../../../../arm-none-eabi/lib/thumb2/libc.a(lib_a-makebuf.o)
 .ARM.attributes
                0x00000b2a       0x2b /usr/local/Sourcery/bin/../lib/gcc/arm-none-eabi/4.6.1/../../../../arm-none-eabi/lib/thumb2/libc.a(lib_a-malloc.o)
 .ARM.attributes
                0x00000b55       0x2b /usr/local/Sourcery/bin/../lib/gcc/arm-none-eabi/4.6.1/../../../../arm-none-eabi/lib/thumb2/libc.a(lib_a-memset.o)
 .ARM.attributes
                0x00000b80       0x2b /usr/local/Sourcery/bin/../lib/gcc/arm-none-eabi/4.6.1/../../../../arm-none-eabi/lib/thumb2/libc.a(lib_a-mprec.o)
 .ARM.attributes
                0x00000bab       0x2b /usr/local/Sourcery/bin/../lib/gcc/arm-none-eabi/4.6.1/../../../../arm-none-eabi/lib/thumb2/libc.a(lib_a-s_fpclassify.o)
 .ARM.attributes
                0x00000bd6       0x2b /usr/local/Sourcery/bin/../lib/gcc/arm-none-eabi/4.6.1/../../../../arm-none-eabi/lib/thumb2/libc.a(lib_a-signal.o)
 .ARM.attributes
                0x00000c01       0x2b /usr/local/Sourcery/bin/../lib/gcc/arm-none-eabi/4.6.1/../../../../arm-none-eabi/lib/thumb2/libc.a(lib_a-signalr.o)
 .ARM.attributes
                0x00000c2c       0x2b /usr/local/Sourcery/bin/../lib/gcc/arm-none-eabi/4.6.1/../../../../arm-none-eabi/lib/thumb2/libc.a(lib_a-stdio.o)
 .ARM.attributes
                0x00000c57       0x2b /usr/local/Sourcery/bin/../lib/gcc/arm-none-eabi/4.6.1/../../../../arm-none-eabi/lib/thumb2/libc.a(lib_a-strcmp.o)
 .ARM.attributes
                0x00000c82       0x2b /usr/local/Sourcery/bin/../lib/gcc/arm-none-eabi/4.6.1/../../../../arm-none-eabi/lib/thumb2/libc.a(lib_a-wcrtomb.o)
 .ARM.attributes
                0x00000cad       0x2b /usr/local/Sourcery/bin/../lib/gcc/arm-none-eabi/4.6.1/../../../../arm-none-eabi/lib/thumb2/libc.a(lib_a-wctomb_r.o)
 .ARM.attributes
                0x00000cd8       0x2b /usr/local/Sourcery/bin/../lib/gcc/arm-none-eabi/4.6.1/../../../../arm-none-eabi/lib/thumb2/libc.a(lib_a-writer.o)
 .ARM.attributes
                0x00000d03       0x2b /usr/local/Sourcery/bin/../lib/gcc/arm-none-eabi/4.6.1/../../../../arm-none-eabi/lib/thumb2/libc.a(lib_a-callocr.o)
 .ARM.attributes
                0x00000d2e       0x2b /usr/local/Sourcery/bin/../lib/gcc/arm-none-eabi/4.6.1/../../../../arm-none-eabi/lib/thumb2/libc.a(lib_a-closer.o)
 .ARM.attributes
                0x00000d59       0x2b /usr/local/Sourcery/bin/../lib/gcc/arm-none-eabi/4.6.1/../../../../arm-none-eabi/lib/thumb2/libc.a(lib_a-fclose.o)
 .ARM.attributes
                0x00000d84       0x2b /usr/local/Sourcery/bin/../lib/gcc/arm-none-eabi/4.6.1/../../../../arm-none-eabi/lib/thumb2/libc.a(lib_a-fstatr.o)
 .ARM.attributes
                0x00000daf       0x2b /usr/local/Sourcery/bin/../lib/gcc/arm-none-eabi/4.6.1/../../../../arm-none-eabi/lib/thumb2/libc.a(lib_a-isattyr.o)
 .ARM.attributes
                0x00000dda       0x2b /usr/local/Sourcery/bin/../lib/gcc/arm-none-eabi/4.6.1/../../../../arm-none-eabi/lib/thumb2/libc.a(lib_a-lseekr.o)
 .ARM.attributes
                0x00000e05       0x2b /usr/local/Sourcery/bin/../lib/gcc/arm-none-eabi/4.6.1/../../../../arm-none-eabi/lib/thumb2/libc.a(lib_a-readr.o)
 .ARM.attributes
                0x00000e30       0x1b /usr/local/Sourcery/bin/../lib/gcc/arm-none-eabi/4.6.1/thumb2/libgcc.a(_udivsi3.o)
 .ARM.attributes
                0x00000e4b       0x1b /usr/local/Sourcery/bin/../lib/gcc/arm-none-eabi/4.6.1/thumb2/libgcc.a(_dvmd_tls.o)
 .ARM.attributes
                0x00000e66       0x1b /usr/local/Sourcery/bin/../lib/gcc/arm-none-eabi/4.6.1/thumb2/libgcc.a(_arm_addsubdf3.o)
 .ARM.attributes
                0x00000e81       0x1b /usr/local/Sourcery/bin/../lib/gcc/arm-none-eabi/4.6.1/thumb2/libgcc.a(_arm_muldivdf3.o)
 .ARM.attributes
                0x00000e9c       0x1b /usr/local/Sourcery/bin/../lib/gcc/arm-none-eabi/4.6.1/thumb2/libgcc.a(_arm_cmpdf2.o)
 .ARM.attributes
                0x00000eb7       0x1b /usr/local/Sourcery/bin/../lib/gcc/arm-none-eabi/4.6.1/thumb2/libgcc.a(_arm_fixdfsi.o)
 .ARM.attributes
                0x00000ed2       0x1b /usr/local/Sourcery/bin/../lib/gcc/arm-none-eabi/4.6.1/thumb2/libgcc.a(_aeabi_uldivmod.o)
 .ARM.attributes
                0x00000eed       0x2b /usr/local/Sourcery/bin/../lib/gcc/arm-none-eabi/4.6.1/thumb2/libgcc.a(bpabi.o)
 .ARM.attributes
                0x00000f18       0x2b /usr/local/Sourcery/bin/../lib/gcc/arm-none-eabi/4.6.1/thumb2/libgcc.a(_divdi3.o)
 .ARM.attributes
                0x00000f43       0x2b /usr/local/Sourcery/bin/../lib/gcc/arm-none-eabi/4.6.1/thumb2/libgcc.a(_udivdi3.o)
 .ARM.attributes
                0x00000f6e       0x1b /usr/local/Sourcery/bin/../lib/gcc/arm-none-eabi/4.6.1/thumb2/crtn.o

.comment        0x00000000       0x30
 .comment       0x00000000       0x30 build/obj/flash_syscalls.o
                                 0x31 (size before relaxing)
 .comment       0x00000000       0x31 build/obj/flash_system.o
 .comment       0x00000000       0x31 build/obj/flash_uart_console.o
 .comment       0x00000000       0x31 build/obj/flash_usb_console.o
 .comment       0x00000000       0x31 build/obj/flash_led.o
 .comment       0x00000000       0x31 build/obj/flash_timetick.o
 .comment       0x00000000       0x31 build/obj/flash_startup.o
 .comment       0x00000000       0x31 build/obj/flash_usb_device_descriptor.o
 .comment       0x00000000       0x31 build/obj/flash_main.o
 .comment       0x00000000       0x31 libusb/lib/libusb_sam3s_rel.a(release-USBD_HAL.o)
 .comment       0x00000000       0x31 libusb/lib/libusb_sam3s_rel.a(release-USBDescriptors.o)
 .comment       0x00000000       0x31 libusb/lib/libusb_sam3s_rel.a(release-USBD.o)
 .comment       0x00000000       0x31 libusb/lib/libusb_sam3s_rel.a(release-USBDCallbacks.o)
 .comment       0x00000000       0x31 libusb/lib/libusb_sam3s_rel.a(release-USBDDriver.o)
 .comment       0x00000000       0x31 libusb/lib/libusb_sam3s_rel.a(release-CDCDSerial.o)
 .comment       0x00000000       0x31 libusb/lib/libusb_sam3s_rel.a(release-USBDDriverCallbacks.o)
 .comment       0x00000000       0x31 libusb/lib/libusb_sam3s_rel.a(release-CDCDSerialDriver.o)
 .comment       0x00000000       0x31 libusb/lib/libusb_sam3s_rel.a(release-USBRequests.o)
 .comment       0x00000000       0x31 libusb/lib/libusb_sam3s_rel.a(release-CDCDSerialPort.o)
 .comment       0x00000000       0x31 libusb/lib/libusb_sam3s_rel.a(release-CDCLineCoding.o)
 .comment       0x00000000       0x31 libchip/lib/libchip_sam3s4_rel.a(release-pio_it.o)
 .comment       0x00000000       0x31 libchip/lib/libchip_sam3s4_rel.a(release-exceptions.o)
 .comment       0x00000000       0x31 libchip/lib/libchip_sam3s4_rel.a(release-pio.o)
 .comment       0x00000000       0x31 libchip/lib/libchip_sam3s4_rel.a(release-pmc.o)
 .comment       0x00000000       0x31 libchip/lib/libchip_sam3s4_rel.a(release-tc.o)
 .comment       0x00000000       0x31 libchip/lib/libchip_sam3s4_rel.a(release-pio_capture.o)

.debug_info     0x00000000     0xf405
 .debug_info    0x00000000      0x4e1 build/obj/flash_syscalls.o
 .debug_info    0x000004e1      0x44a build/obj/flash_system.o
 .debug_info    0x0000092b      0xbfa build/obj/flash_uart_console.o
 .debug_info    0x00001525     0x1b58 build/obj/flash_usb_console.o
 .debug_info    0x0000307d     0x1009 build/obj/flash_led.o
 .debug_info    0x00004086      0x649 build/obj/flash_timetick.o
 .debug_info    0x000046cf      0x37b build/obj/flash_startup.o
 .debug_info    0x00004a4a      0x7bd build/obj/flash_usb_device_descriptor.o
 .debug_info    0x00005207      0x93b build/obj/flash_main.o
 .debug_info    0x00005b42     0x2144 libusb/lib/libusb_sam3s_rel.a(release-USBD_HAL.o)
 .debug_info    0x00007c86      0x5c9 libusb/lib/libusb_sam3s_rel.a(release-USBDescriptors.o)
 .debug_info    0x0000824f      0xd8c libusb/lib/libusb_sam3s_rel.a(release-USBD.o)
 .debug_info    0x00008fdb      0x181 libusb/lib/libusb_sam3s_rel.a(release-USBDCallbacks.o)
 .debug_info    0x0000915c     0x13d8 libusb/lib/libusb_sam3s_rel.a(release-USBDDriver.o)
 .debug_info    0x0000a534      0x9c5 libusb/lib/libusb_sam3s_rel.a(release-CDCDSerial.o)
 .debug_info    0x0000aef9       0xd7 libusb/lib/libusb_sam3s_rel.a(release-USBDDriverCallbacks.o)
 .debug_info    0x0000afd0      0x563 libusb/lib/libusb_sam3s_rel.a(release-CDCDSerialDriver.o)
 .debug_info    0x0000b533      0x3cd libusb/lib/libusb_sam3s_rel.a(release-USBRequests.o)
 .debug_info    0x0000b900      0xc73 libusb/lib/libusb_sam3s_rel.a(release-CDCDSerialPort.o)
 .debug_info    0x0000c573      0x140 libusb/lib/libusb_sam3s_rel.a(release-CDCLineCoding.o)
 .debug_info    0x0000c6b3      0xe46 libchip/lib/libchip_sam3s4_rel.a(release-pio_it.o)
 .debug_info    0x0000d4f9      0x3f0 libchip/lib/libchip_sam3s4_rel.a(release-exceptions.o)
 .debug_info    0x0000d8e9      0xa6c libchip/lib/libchip_sam3s4_rel.a(release-pio.o)
 .debug_info    0x0000e355      0x44d libchip/lib/libchip_sam3s4_rel.a(release-pmc.o)
 .debug_info    0x0000e7a2      0x488 libchip/lib/libchip_sam3s4_rel.a(release-tc.o)
 .debug_info    0x0000ec2a      0x7db libchip/lib/libchip_sam3s4_rel.a(release-pio_capture.o)

.debug_abbrev   0x00000000     0x2700
 .debug_abbrev  0x00000000      0x10f build/obj/flash_syscalls.o
 .debug_abbrev  0x0000010f      0x10c build/obj/flash_system.o
 .debug_abbrev  0x0000021b      0x14f build/obj/flash_uart_console.o
 .debug_abbrev  0x0000036a      0x2f9 build/obj/flash_usb_console.o
 .debug_abbrev  0x00000663      0x1d2 build/obj/flash_led.o
 .debug_abbrev  0x00000835      0x1c3 build/obj/flash_timetick.o
 .debug_abbrev  0x000009f8       0xf6 build/obj/flash_startup.o
 .debug_abbrev  0x00000aee       0xdc build/obj/flash_usb_device_descriptor.o
 .debug_abbrev  0x00000bca      0x168 build/obj/flash_main.o
 .debug_abbrev  0x00000d32      0x3c3 libusb/lib/libusb_sam3s_rel.a(release-USBD_HAL.o)
 .debug_abbrev  0x000010f5      0x10a libusb/lib/libusb_sam3s_rel.a(release-USBDescriptors.o)
 .debug_abbrev  0x000011ff      0x265 libusb/lib/libusb_sam3s_rel.a(release-USBD.o)
 .debug_abbrev  0x00001464       0xb3 libusb/lib/libusb_sam3s_rel.a(release-USBDCallbacks.o)
 .debug_abbrev  0x00001517      0x309 libusb/lib/libusb_sam3s_rel.a(release-USBDDriver.o)
 .debug_abbrev  0x00001820      0x192 libusb/lib/libusb_sam3s_rel.a(release-CDCDSerial.o)
 .debug_abbrev  0x000019b2       0x74 libusb/lib/libusb_sam3s_rel.a(release-USBDDriverCallbacks.o)
 .debug_abbrev  0x00001a26       0xf6 libusb/lib/libusb_sam3s_rel.a(release-CDCDSerialDriver.o)
 .debug_abbrev  0x00001b1c       0xd0 libusb/lib/libusb_sam3s_rel.a(release-USBRequests.o)
 .debug_abbrev  0x00001bec      0x264 libusb/lib/libusb_sam3s_rel.a(release-CDCDSerialPort.o)
 .debug_abbrev  0x00001e50       0x95 libusb/lib/libusb_sam3s_rel.a(release-CDCLineCoding.o)
 .debug_abbrev  0x00001ee5      0x256 libchip/lib/libchip_sam3s4_rel.a(release-pio_it.o)
 .debug_abbrev  0x0000213b       0x6e libchip/lib/libchip_sam3s4_rel.a(release-exceptions.o)
 .debug_abbrev  0x000021a9      0x1d5 libchip/lib/libchip_sam3s4_rel.a(release-pio.o)
 .debug_abbrev  0x0000237e       0xf4 libchip/lib/libchip_sam3s4_rel.a(release-pmc.o)
 .debug_abbrev  0x00002472      0x131 libchip/lib/libchip_sam3s4_rel.a(release-tc.o)
 .debug_abbrev  0x000025a3      0x15d libchip/lib/libchip_sam3s4_rel.a(release-pio_capture.o)

.debug_loc      0x00000000     0x45db
 .debug_loc     0x00000000      0x25c build/obj/flash_syscalls.o
 .debug_loc     0x0000025c       0x70 build/obj/flash_system.o
 .debug_loc     0x000002cc      0x150 build/obj/flash_uart_console.o
 .debug_loc     0x0000041c      0x39c build/obj/flash_usb_console.o
 .debug_loc     0x000007b8      0x294 build/obj/flash_led.o
 .debug_loc     0x00000a4c      0x19c build/obj/flash_timetick.o
 .debug_loc     0x00000be8       0x38 build/obj/flash_startup.o
 .debug_loc     0x00000c20       0x2c build/obj/flash_main.o
 .debug_loc     0x00000c4c     0x1666 libusb/lib/libusb_sam3s_rel.a(release-USBD_HAL.o)
 .debug_loc     0x000022b2      0x2fe libusb/lib/libusb_sam3s_rel.a(release-USBDescriptors.o)
 .debug_loc     0x000025b0      0x3db libusb/lib/libusb_sam3s_rel.a(release-USBD.o)
 .debug_loc     0x0000298b       0x3e libusb/lib/libusb_sam3s_rel.a(release-USBDCallbacks.o)
 .debug_loc     0x000029c9      0x776 libusb/lib/libusb_sam3s_rel.a(release-USBDDriver.o)
 .debug_loc     0x0000313f      0x369 libusb/lib/libusb_sam3s_rel.a(release-CDCDSerial.o)
 .debug_loc     0x000034a8       0xfe libusb/lib/libusb_sam3s_rel.a(release-CDCDSerialDriver.o)
 .debug_loc     0x000035a6      0x250 libusb/lib/libusb_sam3s_rel.a(release-USBRequests.o)
 .debug_loc     0x000037f6      0x548 libusb/lib/libusb_sam3s_rel.a(release-CDCDSerialPort.o)
 .debug_loc     0x00003d3e       0x1f libusb/lib/libusb_sam3s_rel.a(release-CDCLineCoding.o)
 .debug_loc     0x00003d5d      0x2e3 libchip/lib/libchip_sam3s4_rel.a(release-pio_it.o)
 .debug_loc     0x00004040      0x24d libchip/lib/libchip_sam3s4_rel.a(release-pio.o)
 .debug_loc     0x0000428d      0x102 libchip/lib/libchip_sam3s4_rel.a(release-pmc.o)
 .debug_loc     0x0000438f      0x1b9 libchip/lib/libchip_sam3s4_rel.a(release-tc.o)
 .debug_loc     0x00004548       0x93 libchip/lib/libchip_sam3s4_rel.a(release-pio_capture.o)

.debug_aranges  0x00000000      0xa00
 .debug_aranges
                0x00000000       0x70 build/obj/flash_syscalls.o
 .debug_aranges
                0x00000070       0x28 build/obj/flash_system.o
 .debug_aranges
                0x00000098       0x48 build/obj/flash_uart_console.o
 .debug_aranges
                0x000000e0       0xa8 build/obj/flash_usb_console.o
 .debug_aranges
                0x00000188       0x78 build/obj/flash_led.o
 .debug_aranges
                0x00000200       0x58 build/obj/flash_timetick.o
 .debug_aranges
                0x00000258       0x20 build/obj/flash_startup.o
 .debug_aranges
                0x00000278       0x20 build/obj/flash_main.o
 .debug_aranges
                0x00000298       0xd8 libusb/lib/libusb_sam3s_rel.a(release-USBD_HAL.o)
 .debug_aranges
                0x00000370       0x80 libusb/lib/libusb_sam3s_rel.a(release-USBDescriptors.o)
 .debug_aranges
                0x000003f0       0xb0 libusb/lib/libusb_sam3s_rel.a(release-USBD.o)
 .debug_aranges
                0x000004a0       0x40 libusb/lib/libusb_sam3s_rel.a(release-USBDCallbacks.o)
 .debug_aranges
                0x000004e0       0x58 libusb/lib/libusb_sam3s_rel.a(release-USBDDriver.o)
 .debug_aranges
                0x00000538       0x78 libusb/lib/libusb_sam3s_rel.a(release-CDCDSerial.o)
 .debug_aranges
                0x000005b0       0x28 libusb/lib/libusb_sam3s_rel.a(release-USBDDriverCallbacks.o)
 .debug_aranges
                0x000005d8       0x30 libusb/lib/libusb_sam3s_rel.a(release-CDCDSerialDriver.o)
 .debug_aranges
                0x00000608       0x98 libusb/lib/libusb_sam3s_rel.a(release-USBRequests.o)
 .debug_aranges
                0x000006a0       0x70 libusb/lib/libusb_sam3s_rel.a(release-CDCDSerialPort.o)
 .debug_aranges
                0x00000710       0x20 libusb/lib/libusb_sam3s_rel.a(release-CDCLineCoding.o)
 .debug_aranges
                0x00000730       0x60 libchip/lib/libchip_sam3s4_rel.a(release-pio_it.o)
 .debug_aranges
                0x00000790      0x168 libchip/lib/libchip_sam3s4_rel.a(release-exceptions.o)
 .debug_aranges
                0x000008f8       0x48 libchip/lib/libchip_sam3s4_rel.a(release-pio.o)
 .debug_aranges
                0x00000940       0x40 libchip/lib/libchip_sam3s4_rel.a(release-pmc.o)
 .debug_aranges
                0x00000980       0x38 libchip/lib/libchip_sam3s4_rel.a(release-tc.o)
 .debug_aranges
                0x000009b8       0x48 libchip/lib/libchip_sam3s4_rel.a(release-pio_capture.o)

.debug_ranges   0x00000000      0xb60
 .debug_ranges  0x00000000       0x60 build/obj/flash_syscalls.o
 .debug_ranges  0x00000060       0x18 build/obj/flash_system.o
 .debug_ranges  0x00000078       0x38 build/obj/flash_uart_console.o
 .debug_ranges  0x000000b0       0x98 build/obj/flash_usb_console.o
 .debug_ranges  0x00000148       0x68 build/obj/flash_led.o
 .debug_ranges  0x000001b0       0x48 build/obj/flash_timetick.o
 .debug_ranges  0x000001f8       0x10 build/obj/flash_startup.o
 .debug_ranges  0x00000208       0x10 build/obj/flash_main.o
 .debug_ranges  0x00000218      0x308 libusb/lib/libusb_sam3s_rel.a(release-USBD_HAL.o)
 .debug_ranges  0x00000520       0x88 libusb/lib/libusb_sam3s_rel.a(release-USBDescriptors.o)
 .debug_ranges  0x000005a8       0xa0 libusb/lib/libusb_sam3s_rel.a(release-USBD.o)
 .debug_ranges  0x00000648       0x30 libusb/lib/libusb_sam3s_rel.a(release-USBDCallbacks.o)
 .debug_ranges  0x00000678       0x78 libusb/lib/libusb_sam3s_rel.a(release-USBDDriver.o)
 .debug_ranges  0x000006f0       0x68 libusb/lib/libusb_sam3s_rel.a(release-CDCDSerial.o)
 .debug_ranges  0x00000758       0x18 libusb/lib/libusb_sam3s_rel.a(release-USBDDriverCallbacks.o)
 .debug_ranges  0x00000770       0x20 libusb/lib/libusb_sam3s_rel.a(release-CDCDSerialDriver.o)
 .debug_ranges  0x00000790       0x88 libusb/lib/libusb_sam3s_rel.a(release-USBRequests.o)
 .debug_ranges  0x00000818       0x78 libusb/lib/libusb_sam3s_rel.a(release-CDCDSerialPort.o)
 .debug_ranges  0x00000890       0x10 libusb/lib/libusb_sam3s_rel.a(release-CDCLineCoding.o)
 .debug_ranges  0x000008a0       0x88 libchip/lib/libchip_sam3s4_rel.a(release-pio_it.o)
 .debug_ranges  0x00000928      0x158 libchip/lib/libchip_sam3s4_rel.a(release-exceptions.o)
 .debug_ranges  0x00000a80       0x50 libchip/lib/libchip_sam3s4_rel.a(release-pio.o)
 .debug_ranges  0x00000ad0       0x30 libchip/lib/libchip_sam3s4_rel.a(release-pmc.o)
 .debug_ranges  0x00000b00       0x28 libchip/lib/libchip_sam3s4_rel.a(release-tc.o)
 .debug_ranges  0x00000b28       0x38 libchip/lib/libchip_sam3s4_rel.a(release-pio_capture.o)

.debug_line     0x00000000     0x3433
 .debug_line    0x00000000      0x1b7 build/obj/flash_syscalls.o
 .debug_line    0x000001b7      0x1a6 build/obj/flash_system.o
 .debug_line    0x0000035d      0x180 build/obj/flash_uart_console.o
 .debug_line    0x000004dd      0x3de build/obj/flash_usb_console.o
 .debug_line    0x000008bb      0x213 build/obj/flash_led.o
 .debug_line    0x00000ace      0x184 build/obj/flash_timetick.o
 .debug_line    0x00000c52      0x105 build/obj/flash_startup.o
 .debug_line    0x00000d57      0x11c build/obj/flash_usb_device_descriptor.o
 .debug_line    0x00000e73      0x153 build/obj/flash_main.o
 .debug_line    0x00000fc6      0x72d libusb/lib/libusb_sam3s_rel.a(release-USBD_HAL.o)
 .debug_line    0x000016f3      0x1d4 libusb/lib/libusb_sam3s_rel.a(release-USBDescriptors.o)
 .debug_line    0x000018c7      0x31f libusb/lib/libusb_sam3s_rel.a(release-USBD.o)
 .debug_line    0x00001be6      0x10a libusb/lib/libusb_sam3s_rel.a(release-USBDCallbacks.o)
 .debug_line    0x00001cf0      0x313 libusb/lib/libusb_sam3s_rel.a(release-USBDDriver.o)
 .debug_line    0x00002003      0x1f8 libusb/lib/libusb_sam3s_rel.a(release-CDCDSerial.o)
 .debug_line    0x000021fb       0xc3 libusb/lib/libusb_sam3s_rel.a(release-USBDDriverCallbacks.o)
 .debug_line    0x000022be      0x120 libusb/lib/libusb_sam3s_rel.a(release-CDCDSerialDriver.o)
 .debug_line    0x000023de      0x1ce libusb/lib/libusb_sam3s_rel.a(release-USBRequests.o)
 .debug_line    0x000025ac      0x25b libusb/lib/libusb_sam3s_rel.a(release-CDCDSerialPort.o)
 .debug_line    0x00002807       0xca libusb/lib/libusb_sam3s_rel.a(release-CDCLineCoding.o)
 .debug_line    0x000028d1      0x285 libchip/lib/libchip_sam3s4_rel.a(release-pio_it.o)
 .debug_line    0x00002b56      0x2e8 libchip/lib/libchip_sam3s4_rel.a(release-exceptions.o)
 .debug_line    0x00002e3e      0x1bf libchip/lib/libchip_sam3s4_rel.a(release-pio.o)
 .debug_line    0x00002ffd      0x154 libchip/lib/libchip_sam3s4_rel.a(release-pmc.o)
 .debug_line    0x00003151      0x14e libchip/lib/libchip_sam3s4_rel.a(release-tc.o)
 .debug_line    0x0000329f      0x194 libchip/lib/libchip_sam3s4_rel.a(release-pio_capture.o)

.debug_str      0x00000000     0x318f
 .debug_str     0x00000000      0x1e6 build/obj/flash_syscalls.o
                                0x24c (size before relaxing)
 .debug_str     0x000001e6      0x1d8 build/obj/flash_system.o
                                0x2a9 (size before relaxing)
 .debug_str     0x000003be      0x3e6 build/obj/flash_uart_console.o
                                0x60f (size before relaxing)
 .debug_str     0x000007a4      0xa97 build/obj/flash_usb_console.o
                               0x103e (size before relaxing)
 .debug_str     0x0000123b      0x143 build/obj/flash_led.o
                                0x836 (size before relaxing)
 .debug_str     0x0000137e      0x118 build/obj/flash_timetick.o
                                0x421 (size before relaxing)
 .debug_str     0x00001496       0x7e build/obj/flash_startup.o
                                0x1ae (size before relaxing)
 .debug_str     0x00001514      0x2cb build/obj/flash_usb_device_descriptor.o
                                0x6e7 (size before relaxing)
 .debug_str     0x000017df       0x21 build/obj/flash_main.o
                                0x4a5 (size before relaxing)
 .debug_str     0x00001800      0x510 libusb/lib/libusb_sam3s_rel.a(release-USBD_HAL.o)
                                0xc98 (size before relaxing)
 .debug_str     0x00001d10      0x262 libusb/lib/libusb_sam3s_rel.a(release-USBDescriptors.o)
                                0x504 (size before relaxing)
 .debug_str     0x00001f72      0x154 libusb/lib/libusb_sam3s_rel.a(release-USBD.o)
                                0x7d3 (size before relaxing)
 .debug_str     0x000020c6       0x59 libusb/lib/libusb_sam3s_rel.a(release-USBDCallbacks.o)
                                0x19a (size before relaxing)
 .debug_str     0x0000211f      0x218 libusb/lib/libusb_sam3s_rel.a(release-USBDDriver.o)
                                0xb35 (size before relaxing)
 .debug_str     0x00002337      0x26f libusb/lib/libusb_sam3s_rel.a(release-CDCDSerial.o)
                                0x79d (size before relaxing)
 .debug_str     0x000025a6       0x53 libusb/lib/libusb_sam3s_rel.a(release-USBDDriverCallbacks.o)
                                0x144 (size before relaxing)