Archive member included because of file (symbol)

../libusb/lib/libusb_sam3s_rel.a(release-USBD_HAL.o)
                              build/obj/flash_startup.o (USBD_IrqHandler)
../libusb/lib/libusb_sam3s_rel.a(release-USBDescriptors.o)
                              ../libusb/lib/libusb_sam3s_rel.a(release-USBD_HAL.o) (USBEndpointDescriptor_GetNumber)
../libusb/lib/libusb_sam3s_rel.a(release-USBD.o)
                              ../libusb/lib/libusb_sam3s_rel.a(release-USBD_HAL.o) (USBD_SuspendHandler)
../libusb/lib/libusb_sam3s_rel.a(release-USBDCallbacks.o)
                              ../libusb/lib/libusb_sam3s_rel.a(release-USBD.o) (USBDCallbacks_Reset)
../libusb/lib/libusb_sam3s_rel.a(release-USBDDriver.o)
                              ../libusb/lib/libusb_sam3s_rel.a(release-USBDCallbacks.o) (USBD_GetDriver)
../libusb/lib/libusb_sam3s_rel.a(release-CDCDSerial.o)
                              build/obj/flash_usb_console.o (CDCDSerial_Read)
../libusb/lib/libusb_sam3s_rel.a(release-USBDDriverCallbacks.o)
                              ../libusb/lib/libusb_sam3s_rel.a(release-USBDDriver.o) (USBDDriverCallbacks_InterfaceSettingChanged)
../libusb/lib/libusb_sam3s_rel.a(release-CDCDSerialDriver.o)
                              build/obj/flash_usb_console.o (CDCDSerialDriver_Initialize)
../libusb/lib/libusb_sam3s_rel.a(release-USBRequests.o)
                              ../libusb/lib/libusb_sam3s_rel.a(release-USBDDriver.o) (USBGenericRequest_GetRequest)
../libusb/lib/libusb_sam3s_rel.a(release-CDCDSerialPort.o)
                              ../libusb/lib/libusb_sam3s_rel.a(release-CDCDSerial.o) (CDCDSerialPort_Initialize)
../libusb/lib/libusb_sam3s_rel.a(release-CDCLineCoding.o)
                              ../libusb/lib/libusb_sam3s_rel.a(release-CDCDSerialPort.o) (CDCLineCoding_Initialize)
../libchip/lib/libchip_sam3s4_rel.a(release-pio_it.o)
                              build/obj/flash_startup.o (PIOA_IrqHandler)
../libchip/lib/libchip_sam3s4_rel.a(release-exceptions.o)
                              build/obj/flash_startup.o (IrqHandlerNotUsed)
../libchip/lib/libchip_sam3s4_rel.a(release-pio.o)
                              build/obj/flash_uart_console.o (PIO_Configure)
../libchip/lib/libchip_sam3s4_rel.a(release-pmc.o)
                              ../libusb/lib/libusb_sam3s_rel.a(release-USBD_HAL.o) (PMC_EnablePeripheral)
../libchip/lib/libchip_sam3s4_rel.a(release-tc.o)
                              build/obj/flash_led.o (TC_Configure)
../libchip/lib/libchip_sam3s4_rel.a(release-pio_capture.o)
                              ../libchip/lib/libchip_sam3s4_rel.a(release-pio_it.o) (PIO_CaptureHandler)
/usr/local/Sourcery/bin/../lib/gcc/arm-none-eabi/4.6.1/../../../../arm-none-eabi/lib/thumb2/libc.a(lib_a-assert.o)
                              build/obj/flash_led.o (__assert_func)
/usr/local/Sourcery/bin/../lib/gcc/arm-none-eabi/4.6.1/../../../../arm-none-eabi/lib/thumb2/libc.a(lib_a-fiprintf.o)
                              /usr/local/Sourcery/bin/../lib/gcc/arm-none-eabi/4.6.1/../../../../arm-none-eabi/lib/thumb2/libc.a(lib_a-assert.o) (fiprintf)
/usr/local/Sourcery/bin/../lib/gcc/arm-none-eabi/4.6.1/../../../../arm-none-eabi/lib/thumb2/libc.a(lib_a-fprintf.o)
                              build/obj/flash_main.o (fprintf)
/usr/local/Sourcery/bin/../lib/gcc/arm-none-eabi/4.6.1/../../../../arm-none-eabi/lib/thumb2/libc.a(lib_a-fputc.o)
                              ../libusb/lib/libusb_sam3s_rel.a(release-USBD_HAL.o) (fputc)
/usr/local/Sourcery/bin/../lib/gcc/arm-none-eabi/4.6.1/../../../../arm-none-eabi/lib/thumb2/libc.a(lib_a-fputs.o)
                              ../libusb/lib/libusb_sam3s_rel.a(release-USBD_HAL.o) (fputs)
/usr/local/Sourcery/bin/../lib/gcc/arm-none-eabi/4.6.1/../../../../arm-none-eabi/lib/thumb2/libc.a(lib_a-fvwrite.o)
                              /usr/local/Sourcery/bin/../lib/gcc/arm-none-eabi/4.6.1/../../../../arm-none-eabi/lib/thumb2/libc.a(lib_a-fputs.o) (__sfvwrite_r)
/usr/local/Sourcery/bin/../lib/gcc/arm-none-eabi/4.6.1/../../../../arm-none-eabi/lib/thumb2/libc.a(lib_a-fwrite.o)
                              build/obj/flash_usb_console.o (fwrite)
/usr/local/Sourcery/bin/../lib/gcc/arm-none-eabi/4.6.1/../../../../arm-none-eabi/lib/thumb2/libc.a(lib_a-gets.o)
                              build/obj/flash_main.o (gets)
/usr/local/Sourcery/bin/../lib/gcc/arm-none-eabi/4.6.1/../../../../arm-none-eabi/lib/thumb2/libc.a(lib_a-impure.o)
                              build/obj/flash_usb_console.o (_impure_ptr)
/usr/local/Sourcery/bin/../lib/gcc/arm-none-eabi/4.6.1/../../../../arm-none-eabi/lib/thumb2/libc.a(lib_a-iprintf.o)
                              build/obj/flash_syscalls.o (iprintf)
/usr/local/Sourcery/bin/../lib/gcc/arm-none-eabi/4.6.1/../../../../arm-none-eabi/lib/thumb2/libc.a(lib_a-mallocr.o)
                              /usr/local/Sourcery/bin/../lib/gcc/arm-none-eabi/4.6.1/../../../../arm-none-eabi/lib/thumb2/libc.a(lib_a-fvwrite.o) (_malloc_r)
[...]
Memory Configuration

Name             Origin             Length             Attributes
rom              0x00400000         0x00040000         xr
ram              0x20000000         0x0000c000         xrw
*default*        0x00000000         0xffffffff

Linker script and memory map

LOAD /usr/local/Sourcery/bin/../lib/gcc/arm-none-eabi/4.6.1/thumb2/crti.o
LOAD /usr/local/Sourcery/bin/../lib/gcc/arm-none-eabi/4.6.1/thumb2/crtbegin.o
START GROUP
LOAD /usr/local/Sourcery/bin/../lib/gcc/arm-none-eabi/4.6.1/thumb2/libgcc.a
LOAD /usr/local/Sourcery/bin/../lib/gcc/arm-none-eabi/4.6.1/../../../../arm-none-eabi/lib/thumb2/libc.a
END GROUP
LOAD build/obj/flash_syscalls.o
LOAD build/obj/flash_system.o
LOAD build/obj/flash_uart_console.o
LOAD build/obj/flash_usb_console.o
LOAD build/obj/flash_led.o
LOAD build/obj/flash_timetick.o
LOAD build/obj/flash_startup.o
LOAD build/obj/flash_usb_device_descriptor.o
LOAD build/obj/flash_main.o
LOAD ../libusb/lib/libusb_sam3s_rel.a
LOAD ../libchip/lib/libchip_sam3s4_rel.a
START GROUP
LOAD /usr/local/Sourcery/bin/../lib/gcc/arm-none-eabi/4.6.1/thumb2/libgcc.a
LOAD /usr/local/Sourcery/bin/../lib/gcc/arm-none-eabi/4.6.1/../../../../arm-none-eabi/lib/thumb2/libc.a
END GROUP
LOAD /usr/local/Sourcery/bin/../lib/gcc/arm-none-eabi/4.6.1/thumb2/crtend.o
LOAD /usr/local/Sourcery/bin/../lib/gcc/arm-none-eabi/4.6.1/thumb2/crtn.o

.text           0x00400000    0x11df0
                0x00400000                . = ALIGN (0x4)
                0x00400000                _sfixed = .
 *(.vectors .vectors.*)
 .vectors       0x00400000       0xd0 build/obj/flash_startup.o
                0x00400000                exception_table
 *(.text .text.* .gnu.linkonce.t.*)
 .text          0x004000d0       0x68 /usr/local/Sourcery/bin/../lib/gcc/arm-none-eabi/4.6.1/thumb2/crtbegin.o
 .text._read    0x00400138       0x54 build/obj/flash_syscalls.o
                0x00400138                _read
 .text._write   0x0040018c       0x54 build/obj/flash_syscalls.o
                0x0040018c                _write
 .text._sbrk    0x004001e0       0x5c build/obj/flash_syscalls.o
                0x004001e0                _sbrk
 .text._isatty  0x0040023c       0x28 build/obj/flash_syscalls.o
                0x0040023c                _isatty
 .text._exit    0x00400264       0x18 build/obj/flash_syscalls.o
                0x00400264                _exit
 .text._lseek   0x0040027c       0x1c build/obj/flash_syscalls.o
                0x0040027c                _lseek
 .text._kill    0x00400298       0x28 build/obj/flash_syscalls.o
                0x00400298                _kill
 .text._getpid  0x004002c0       0x10 build/obj/flash_syscalls.o
                0x004002c0                _getpid
 .text._close   0x004002d0       0x18 build/obj/flash_syscalls.o
                0x004002d0                _close
 .text._fstat   0x004002e8       0x24 build/obj/flash_syscalls.o
                0x004002e8                _fstat
 .text.SystemCoreClockUpdate
                0x0040030c      0x184 build/obj/flash_system.o
                0x0040030c                SystemCoreClockUpdate
 .text.SystemInit
                0x00400490      0x1dc build/obj/flash_system.o
                0x00400490                SystemInit
 .text.UART_Configure
                0x0040066c       0x8c build/obj/flash_uart_console.o
                0x0040066c                UART_Configure
 .text.UART_Put
                0x004006f8       0x78 build/obj/flash_uart_console.o
                0x004006f8                UART_Put
 .text.UART_Get
                0x00400770       0x70 build/obj/flash_uart_console.o
                0x00400770                UART_Get
 .text.UART_Puts
                0x004007e0       0x50 build/obj/flash_uart_console.o
                0x004007e0                UART_Puts
 .text.UART_Gets
                0x00400830       0x54 build/obj/flash_uart_console.o
                0x00400830                UART_Gets
 .text.CDCDSerialDriver_Write
                0x00400884       0x28 build/obj/flash_usb_console.o
 .text.CDCDSerialDriver_Read
                0x004008ac       0x28 build/obj/flash_usb_console.o
 .text.NVIC_EnableIRQ
                0x004008d4       0x38 build/obj/flash_usb_console.o
 .text.ISR_Vbus
                0x0040090c       0x6c build/obj/flash_usb_console.o
 .text.VBus_Configure
                0x00400978       0x54 build/obj/flash_usb_console.o
 .text.ConfigureUsbClock
                0x004009cc       0x40 build/obj/flash_usb_console.o
 .text.USBDCallbacks_Initialized
                0x00400a0c       0x10 build/obj/flash_usb_console.o
                0x00400a0c                USBDCallbacks_Initialized
 .text.USBDDriverCallbacks_ConfigurationChanged
                0x00400a1c       0x1c build/obj/flash_usb_console.o
                0x00400a1c                USBDDriverCallbacks_ConfigurationChanged
 .text.USBDCallbacks_RequestReceived
                0x00400a38       0x18 build/obj/flash_usb_console.o
                0x00400a38                USBDCallbacks_RequestReceived
 .text.UsbWriteDone
                0x00400a50       0x4c build/obj/flash_usb_console.o
 .text.UsbReadDone
                0x00400a9c       0x4c build/obj/flash_usb_console.o
 .text.USBC_isConfigured
                0x00400ae8       0x6c build/obj/flash_usb_console.o
                0x00400ae8                USBC_isConfigured
 .text.USBC_hasData
                0x00400b54       0x20 build/obj/flash_usb_console.o
                0x00400b54                USBC_hasData
 .text.USBC_Configure
                0x00400b74       0x44 build/obj/flash_usb_console.o
                0x00400b74                USBC_Configure
 .text.USBC_StartListening
                0x00400bb8       0x58 build/obj/flash_usb_console.o
                0x00400bb8                USBC_StartListening
 .text.USBC_Gets
                0x00400c10      0x104 build/obj/flash_usb_console.o
                0x00400c10                USBC_Gets
 .text.USBC_Puts
                0x00400d14       0xc0 build/obj/flash_usb_console.o
                0x00400d14                USBC_Puts
 .text.NVIC_EnableIRQ
                0x00400dd4       0x38 build/obj/flash_led.o
 .text.TC0_IrqHandler
                0x00400e0c       0x90 build/obj/flash_led.o
                0x00400e0c                TC0_IrqHandler
 .text.configure
                0x00400e9c       0xa0 build/obj/flash_led.o
 .text.LEDs_configure
                0x00400f3c       0x18 build/obj/flash_led.o
                0x00400f3c                LEDs_configure
 .text.LED_tgl  0x00400f54       0x90 build/obj/flash_led.o
                0x00400f54                LED_tgl
 .text.LED_set  0x00400fe4       0x7c build/obj/flash_led.o
                0x00400fe4                LED_set
 .text.LED_clr  0x00401060       0x7c build/obj/flash_led.o
                0x00401060                LED_clr
 .text.LED_blink
                0x004010dc       0x6c build/obj/flash_led.o
                0x004010dc                LED_blink
 .text.LED_blinkwait
                0x00401148       0x30 build/obj/flash_led.o
                0x00401148                LED_blinkwait
 .text.LED_blinking
                0x00401178       0x28 build/obj/flash_led.o
                0x00401178                LED_blinking
 .text.NVIC_SetPriority
                0x004011a0       0x5c build/obj/flash_timetick.o
 .text.SysTick_Config
                0x004011fc       0x64 build/obj/flash_timetick.o
 .text.SysTick_Handler
                0x00401260       0x24 build/obj/flash_timetick.o
                0x00401260                SysTick_Handler
 .text.TimeTick_Configure
                0x00401284       0x3c build/obj/flash_timetick.o
                0x00401284                TimeTick_Configure
 .text.GetTickCount
                0x004012c0       0x18 build/obj/flash_timetick.o
                0x004012c0                GetTickCount
 .text.Wait     0x004012d8       0x38 build/obj/flash_timetick.o
                0x004012d8                Wait
 .text.ResetException
                0x00401310       0xd0 build/obj/flash_startup.o
                0x00401310                ResetException
 .text.main     0x004013e0      0x2a8 build/obj/flash_main.o
                0x004013e0                main
 .text.UDP_EndOfTransfer
                0x00401688       0x70 ../libusb/lib/libusb_sam3s_rel.a(release-USBD_HAL.o)
 .text.UDP_ClearRxFlag
                0x004016f8       0x80 ../libusb/lib/libusb_sam3s_rel.a(release-USBD_HAL.o)
 .text.UDP_WritePayload
                0x00401778       0x44 ../libusb/lib/libusb_sam3s_rel.a(release-USBD_HAL.o)
 .text.UDP_EnablePeripheralClock
                0x004017bc       0x20 ../libusb/lib/libusb_sam3s_rel.a(release-USBD_HAL.o)
 .text.UDP_MblWriteFifo
                0x004017dc      0x128 ../libusb/lib/libusb_sam3s_rel.a(release-USBD_HAL.o)
 .text.USBD_IrqHandler
                0x00401904      0x600 ../libusb/lib/libusb_sam3s_rel.a(release-USBD_HAL.o)
                0x00401904                USBD_IrqHandler
 .text.USBD_HAL_ResetEPs
                0x00401f04       0xc0 ../libusb/lib/libusb_sam3s_rel.a(release-USBD_HAL.o)
                0x00401f04                USBD_HAL_ResetEPs
 .text.USBD_HAL_CancelIo
                0x00401fc4       0x54 ../libusb/lib/libusb_sam3s_rel.a(release-USBD_HAL.o)
                0x00401fc4                USBD_HAL_CancelIo
 .text.USBD_HAL_ConfigureEP
                0x00402018       0xf0 ../libusb/lib/libusb_sam3s_rel.a(release-USBD_HAL.o)
                0x00402018                USBD_HAL_ConfigureEP
 .text.USBD_HAL_SetTransferCallback
                0x00402108       0x20 ../libusb/lib/libusb_sam3s_rel.a(release-USBD_HAL.o)
                0x00402108                USBD_HAL_SetTransferCallback
 .text.USBD_HAL_Write
                0x00402128      0x188 ../libusb/lib/libusb_sam3s_rel.a(release-USBD_HAL.o)
                0x00402128                USBD_HAL_Write
 .text.USBD_HAL_Read
                0x004022b0       0x40 ../libusb/lib/libusb_sam3s_rel.a(release-USBD_HAL.o)
                0x004022b0                USBD_HAL_Read
 .text.USBD_HAL_Connect
                0x004022f0       0x28 ../libusb/lib/libusb_sam3s_rel.a(release-USBD_HAL.o)
                0x004022f0                USBD_HAL_Connect
 .text.USBD_HAL_Disconnect
                0x00402318       0x28 ../libusb/lib/libusb_sam3s_rel.a(release-USBD_HAL.o)
                0x00402318                USBD_HAL_Disconnect
 .text.USBD_HAL_SetAddress
                0x00402340       0x1c ../libusb/lib/libusb_sam3s_rel.a(release-USBD_HAL.o)
                0x00402340                USBD_HAL_SetAddress
 .text.USBD_HAL_SetConfiguration
                0x0040235c       0x18 ../libusb/lib/libusb_sam3s_rel.a(release-USBD_HAL.o)
                0x0040235c                USBD_HAL_SetConfiguration
 .text.USBD_HAL_Init
                0x00402374       0x40 ../libusb/lib/libusb_sam3s_rel.a(release-USBD_HAL.o)
                0x00402374                USBD_HAL_Init
 .text.USBD_HAL_Stall
                0x004023b4       0x60 ../libusb/lib/libusb_sam3s_rel.a(release-USBD_HAL.o)
                0x004023b4                USBD_HAL_Stall
 .text.USBD_HAL_Halt
                0x00402414       0xc4 ../libusb/lib/libusb_sam3s_rel.a(release-USBD_HAL.o)
                0x00402414                USBD_HAL_Halt
 .text.USBD_HAL_IsHighSpeed
                0x004024d8        0x4 ../libusb/lib/libusb_sam3s_rel.a(release-USBD_HAL.o)
                0x004024d8                USBD_HAL_IsHighSpeed
 .text.USBD_HAL_Suspend
                0x004024dc       0x28 ../libusb/lib/libusb_sam3s_rel.a(release-USBD_HAL.o)
                0x004024dc                USBD_HAL_Suspend
 .text.USBD_HAL_Activate
                0x00402504       0x24 ../libusb/lib/libusb_sam3s_rel.a(release-USBD_HAL.o)
                0x00402504                USBD_HAL_Activate
 .text.USBGenericDescriptor_GetLength
                0x00402528        0x4 ../libusb/lib/libusb_sam3s_rel.a(release-USBDescriptors.o)
                0x00402528                USBGenericDescriptor_GetLength
 .text.USBGenericDescriptor_GetType
                0x0040252c        0x4 ../libusb/lib/libusb_sam3s_rel.a(release-USBDescriptors.o)
                0x0040252c                USBGenericDescriptor_GetType
 .text.USBGenericDescriptor_GetNextDescriptor
                0x00402530       0x10 ../libusb/lib/libusb_sam3s_rel.a(release-USBDescriptors.o)
                0x00402530                USBGenericDescriptor_GetNextDescriptor
 .text.USBGenericDescriptor_Parse
                0x00402540       0x4c ../libusb/lib/libusb_sam3s_rel.a(release-USBDescriptors.o)
                0x00402540                USBGenericDescriptor_Parse
 .text.USBEndpointDescriptor_GetNumber
                0x0040258c        0x8 ../libusb/lib/libusb_sam3s_rel.a(release-USBDescriptors.o)
                0x0040258c                USBEndpointDescriptor_GetNumber
 .text.USBEndpointDescriptor_GetDirection
                0x00402594        0x6 ../libusb/lib/libusb_sam3s_rel.a(release-USBDescriptors.o)
                0x00402594                USBEndpointDescriptor_GetDirection
 .text.USBEndpointDescriptor_GetType
                0x0040259a        0x8 ../libusb/lib/libusb_sam3s_rel.a(release-USBDescriptors.o)
                0x0040259a                USBEndpointDescriptor_GetType
 .text.USBEndpointDescriptor_GetMaxPacketSize
                0x004025a2        0x4 ../libusb/lib/libusb_sam3s_rel.a(release-USBDescriptors.o)
                0x004025a2                USBEndpointDescriptor_GetMaxPacketSize
 .text.USBConfigurationDescriptor_GetTotalLength
                0x004025a6        0x4 ../libusb/lib/libusb_sam3s_rel.a(release-USBDescriptors.o)
                0x004025a6                USBConfigurationDescriptor_GetTotalLength
 .text.USBConfigurationDescriptor_IsSelfPowered
                0x004025aa        0x8 ../libusb/lib/libusb_sam3s_rel.a(release-USBDescriptors.o)
                0x004025aa                USBConfigurationDescriptor_IsSelfPowered
 *fill*         0x004025b2        0x2 00
 .text.USBConfigurationDescriptor_Parse
                0x004025b4       0x78 ../libusb/lib/libusb_sam3s_rel.a(release-USBDescriptors.o)
                0x004025b4                USBConfigurationDescriptor_Parse
 .text.USBD_SuspendHandler
                0x0040262c       0x24 ../libusb/lib/libusb_sam3s_rel.a(release-USBD.o)
                0x0040262c                USBD_SuspendHandler
 .text.USBD_ResumeHandler
                0x00402650       0x28 ../libusb/lib/libusb_sam3s_rel.a(release-USBD.o)
                0x00402650                USBD_ResumeHandler
 .text.USBD_RequestHandler
                0x00402678       0x2c ../libusb/lib/libusb_sam3s_rel.a(release-USBD.o)
                0x00402678                USBD_RequestHandler
 .text.USBD_ConfigureEndpoint
                0x004026a4        0xc ../libusb/lib/libusb_sam3s_rel.a(release-USBD.o)
                0x004026a4                USBD_ConfigureEndpoint
 .text.USBD_ResetHandler
                0x004026b0       0x38 ../libusb/lib/libusb_sam3s_rel.a(release-USBD.o)
                0x004026b0                USBD_ResetHandler
 .text.USBD_Write
                0x004026e8       0x24 ../libusb/lib/libusb_sam3s_rel.a(release-USBD.o)
                0x004026e8                USBD_Write
 .text.USBD_Read
                0x0040270c       0x24 ../libusb/lib/libusb_sam3s_rel.a(release-USBD.o)
                0x0040270c                USBD_Read
 .text.USBD_Halt
                0x00402730       0x10 ../libusb/lib/libusb_sam3s_rel.a(release-USBD.o)
                0x00402730                USBD_Halt
 .text.USBD_Unhalt
                0x00402740       0x10 ../libusb/lib/libusb_sam3s_rel.a(release-USBD.o)
                0x00402740                USBD_Unhalt
 .text.USBD_IsHighSpeed
                0x00402750        0xc ../libusb/lib/libusb_sam3s_rel.a(release-USBD.o)
                0x00402750                USBD_IsHighSpeed
 .text.USBD_Stall
                0x0040275c        0xc ../libusb/lib/libusb_sam3s_rel.a(release-USBD.o)
                0x0040275c                USBD_Stall
 .text.USBD_SetAddress
                0x00402768       0x20 ../libusb/lib/libusb_sam3s_rel.a(release-USBD.o)
                0x00402768                USBD_SetAddress
 .text.USBD_SetConfiguration
                0x00402788       0x30 ../libusb/lib/libusb_sam3s_rel.a(release-USBD.o)
                0x00402788                USBD_SetConfiguration
 .text.USBD_Connect
                0x004027b8        0xc ../libusb/lib/libusb_sam3s_rel.a(release-USBD.o)
                0x004027b8                USBD_Connect
 .text.USBD_Disconnect
                0x004027c4       0x28 ../libusb/lib/libusb_sam3s_rel.a(release-USBD.o)
                0x004027c4                USBD_Disconnect
 .text.USBD_Init
                0x004027ec       0x24 ../libusb/lib/libusb_sam3s_rel.a(release-USBD.o)
                0x004027ec                USBD_Init
 .text.USBD_GetState
                0x00402810        0xc ../libusb/lib/libusb_sam3s_rel.a(release-USBD.o)
                0x00402810                USBD_GetState
 .text.USBDCallbacks_Reset
                0x0040281c        0x2 ../libusb/lib/libusb_sam3s_rel.a(release-USBDCallbacks.o)
                0x0040281c                USBDCallbacks_Reset
 .text.USBDCallbacks_Suspended
                0x0040281e        0x2 ../libusb/lib/libusb_sam3s_rel.a(release-USBDCallbacks.o)
                0x0040281e                USBDCallbacks_Suspended
 .text.USBDCallbacks_Resumed
                0x00402820        0x2 ../libusb/lib/libusb_sam3s_rel.a(release-USBDCallbacks.o)
                0x00402820                USBDCallbacks_Resumed
 *fill*         0x00402822        0x2 00
 .text.TerminateCtrlInWithNull
                0x00402824       0x18 ../libusb/lib/libusb_sam3s_rel.a(release-USBDDriver.o)
 .text.USBD_GetDriver
                0x0040283c        0x8 ../libusb/lib/libusb_sam3s_rel.a(release-USBDDriver.o)
                0x0040283c                USBD_GetDriver
 .text.USBDDriver_Initialize
                0x00402844        0xc ../libusb/lib/libusb_sam3s_rel.a(release-USBDDriver.o)
                0x00402844                USBDDriver_Initialize
 .text.USBDDriver_GetCfgDescriptors
                0x00402850       0x18 ../libusb/lib/libusb_sam3s_rel.a(release-USBDDriver.o)
                0x00402850                USBDDriver_GetCfgDescriptors
 .text.USBDDriver_RequestHandler
                0x00402868      0x3f0 ../libusb/lib/libusb_sam3s_rel.a(release-USBDDriver.o)
                0x00402868                USBDDriver_RequestHandler
 .text.CDCDSerial_Initialize
                0x00402c58       0x24 ../libusb/lib/libusb_sam3s_rel.a(release-CDCDSerial.o)
                0x00402c58                CDCDSerial_Initialize
 .text.CDCDSerial_ConfigureFunction
                0x00402c7c       0x18 ../libusb/lib/libusb_sam3s_rel.a(release-CDCDSerial.o)
                0x00402c7c                CDCDSerial_ConfigureFunction
 .text.CDCDSerial_RequestHandler
                0x00402c94       0x14 ../libusb/lib/libusb_sam3s_rel.a(release-CDCDSerial.o)
                0x00402c94                CDCDSerial_RequestHandler
 .text.CDCDSerial_Read
                0x00402ca8       0x20 ../libusb/lib/libusb_sam3s_rel.a(release-CDCDSerial.o)
                0x00402ca8                CDCDSerial_Read
 .text.CDCDSerial_Write
                0x00402cc8       0x20 ../libusb/lib/libusb_sam3s_rel.a(release-CDCDSerial.o)
                0x00402cc8                CDCDSerial_Write
 .text.CDCDSerial_LineCodingIsToChange
                0x00402ce8        0x4 ../libusb/lib/libusb_sam3s_rel.a(release-CDCDSerial.o)
                0x00402ce8                CDCDSerial_LineCodingIsToChange
 .text.CDCDSerial_ControlLineStateChanged
                0x00402cec        0x2 ../libusb/lib/libusb_sam3s_rel.a(release-CDCDSerial.o)
                0x00402cec                CDCDSerial_ControlLineStateChanged
 *fill*         0x00402cee        0x2 00
 .text.CDCDSerial_EventHandler
                0x00402cf0       0x34 ../libusb/lib/libusb_sam3s_rel.a(release-CDCDSerial.o)
 .text.USBDDriverCallbacks_InterfaceSettingChanged
                0x00402d24        0x2 ../libusb/lib/libusb_sam3s_rel.a(release-USBDDriverCallbacks.o)
                0x00402d24                USBDDriverCallbacks_InterfaceSettingChanged
 *fill*         0x00402d26        0x2 00
 .text.CDCDSerialDriver_Initialize
                0x00402d28       0x30 ../libusb/lib/libusb_sam3s_rel.a(release-CDCDSerialDriver.o)
                0x00402d28                CDCDSerialDriver_Initialize
 .text.CDCDSerialDriver_ConfigurationChangedHandler
                0x00402d58       0x24 ../libusb/lib/libusb_sam3s_rel.a(release-CDCDSerialDriver.o)
                0x00402d58                CDCDSerialDriver_ConfigurationChangedHandler
 .text.CDCDSerialDriver_RequestHandler
                0x00402d7c       0x28 ../libusb/lib/libusb_sam3s_rel.a(release-CDCDSerialDriver.o)
                0x00402d7c                CDCDSerialDriver_RequestHandler
 .text.USBGenericRequest_GetType
                0x00402da4        0xa ../libusb/lib/libusb_sam3s_rel.a(release-USBRequests.o)
                0x00402da4                USBGenericRequest_GetType
 .text.USBGenericRequest_GetRequest
                0x00402dae        0x4 ../libusb/lib/libusb_sam3s_rel.a(release-USBRequests.o)
                0x00402dae                USBGenericRequest_GetRequest
 .text.USBGenericRequest_GetValue
                0x00402db2        0x4 ../libusb/lib/libusb_sam3s_rel.a(release-USBRequests.o)
                0x00402db2                USBGenericRequest_GetValue
 .text.USBGenericRequest_GetIndex
                0x00402db6        0x4 ../libusb/lib/libusb_sam3s_rel.a(release-USBRequests.o)
                0x00402db6                USBGenericRequest_GetIndex
 .text.USBGenericRequest_GetLength
                0x00402dba        0x4 ../libusb/lib/libusb_sam3s_rel.a(release-USBRequests.o)
                0x00402dba                USBGenericRequest_GetLength
 *fill*         0x00402dbe        0x2 00
 .text.USBGenericRequest_GetEndpointNumber
                0x00402dc0       0x10 ../libusb/lib/libusb_sam3s_rel.a(release-USBRequests.o)
                0x00402dc0                USBGenericRequest_GetEndpointNumber
 .text.USBGenericRequest_GetRecipient
                0x00402dd0        0x8 ../libusb/lib/libusb_sam3s_rel.a(release-USBRequests.o)
                0x00402dd0                USBGenericRequest_GetRecipient
 .text.USBGenericRequest_GetDirection
                0x00402dd8        0x6 ../libusb/lib/libusb_sam3s_rel.a(release-USBRequests.o)
                0x00402dd8                USBGenericRequest_GetDirection
 *fill*         0x00402dde        0x2 00
 .text.USBGetDescriptorRequest_GetDescriptorType
                0x00402de0       0x10 ../libusb/lib/libusb_sam3s_rel.a(release-USBRequests.o)
                0x00402de0                USBGetDescriptorRequest_GetDescriptorType
 .text.USBGetDescriptorRequest_GetDescriptorIndex
                0x00402df0       0x10 ../libusb/lib/libusb_sam3s_rel.a(release-USBRequests.o)
                0x00402df0                USBGetDescriptorRequest_GetDescriptorIndex
 .text.USBSetAddressRequest_GetAddress
                0x00402e00       0x10 ../libusb/lib/libusb_sam3s_rel.a(release-USBRequests.o)
                0x00402e00                USBSetAddressRequest_GetAddress
 .text.USBSetConfigurationRequest_GetConfiguration
                0x00402e10       0x10 ../libusb/lib/libusb_sam3s_rel.a(release-USBRequests.o)
                0x00402e10                USBSetConfigurationRequest_GetConfiguration
 .text.USBInterfaceRequest_GetInterface
                0x00402e20       0x10 ../libusb/lib/libusb_sam3s_rel.a(release-USBRequests.o)
                0x00402e20                USBInterfaceRequest_GetInterface
 .text.USBInterfaceRequest_GetAlternateSetting
                0x00402e30       0x10 ../libusb/lib/libusb_sam3s_rel.a(release-USBRequests.o)
                0x00402e30                USBInterfaceRequest_GetAlternateSetting
 .text.USBFeatureRequest_GetFeatureSelector
                0x00402e40       0x10 ../libusb/lib/libusb_sam3s_rel.a(release-USBRequests.o)
                0x00402e40                USBFeatureRequest_GetFeatureSelector
 .text._Interfaces_Parse
                0x00402e50       0xa6 ../libusb/lib/libusb_sam3s_rel.a(release-CDCDSerialPort.o)
 *fill*         0x00402ef6        0x2 00
 .text._SetLineCodingCallback
                0x00402ef8       0x48 ../libusb/lib/libusb_sam3s_rel.a(release-CDCDSerialPort.o)
 .text.CDCDSerialPort_Initialize
                0x00402f40       0x34 ../libusb/lib/libusb_sam3s_rel.a(release-CDCDSerialPort.o)
                0x00402f40                CDCDSerialPort_Initialize
 .text.CDCDSerialPort_ParseInterfaces
                0x00402f74       0x20 ../libusb/lib/libusb_sam3s_rel.a(release-CDCDSerialPort.o)
                0x00402f74                CDCDSerialPort_ParseInterfaces
 .text.CDCDSerialPort_RequestHandler
                0x00402f94       0x9c ../libusb/lib/libusb_sam3s_rel.a(release-CDCDSerialPort.o)
                0x00402f94                CDCDSerialPort_RequestHandler
 .text.CDCDSerialPort_Read
                0x00403030       0x18 ../libusb/lib/libusb_sam3s_rel.a(release-CDCDSerialPort.o)
                0x00403030                CDCDSerialPort_Read
 .text.CDCDSerialPort_Write
                0x00403048       0x18 ../libusb/lib/libusb_sam3s_rel.a(release-CDCDSerialPort.o)
                0x00403048                CDCDSerialPort_Write
 .text.CDCLineCoding_Initialize
                0x00403060        0xe ../libusb/lib/libusb_sam3s_rel.a(release-CDCLineCoding.o)
                0x00403060                CDCLineCoding_Initialize
 *fill*         0x0040306e        0x2 00
 .text.NVIC_SetPriority
                0x00403070       0x28 ../libchip/lib/libchip_sam3s4_rel.a(release-pio_it.o)
 .text.PioInterruptHandler
                0x00403098       0x6c ../libchip/lib/libchip_sam3s4_rel.a(release-pio_it.o)
                0x00403098                PioInterruptHandler
 .text.PIOA_IrqHandler
                0x00403104       0x24 ../libchip/lib/libchip_sam3s4_rel.a(release-pio_it.o)
                0x00403104                PIOA_IrqHandler
 .text.PIOB_IrqHandler
                0x00403128       0x14 ../libchip/lib/libchip_sam3s4_rel.a(release-pio_it.o)
                0x00403128                PIOB_IrqHandler
 .text.PIOC_IrqHandler
                0x0040313c       0x14 ../libchip/lib/libchip_sam3s4_rel.a(release-pio_it.o)
                0x0040313c                PIOC_IrqHandler
 .text.PIO_InitializeInterrupts
                0x00403150       0x98 ../libchip/lib/libchip_sam3s4_rel.a(release-pio_it.o)
                0x00403150                PIO_InitializeInterrupts
 .text.PIO_ConfigureIt
                0x004031e8       0x84 ../libchip/lib/libchip_sam3s4_rel.a(release-pio_it.o)
                0x004031e8                PIO_ConfigureIt
 .text.PIO_EnableIt
                0x0040326c       0x70 ../libchip/lib/libchip_sam3s4_rel.a(release-pio_it.o)
                0x0040326c                PIO_EnableIt
 .text.IrqHandlerNotUsed
                0x004032dc        0x2 ../libchip/lib/libchip_sam3s4_rel.a(release-exceptions.o)
                0x004032dc                IrqHandlerNotUsed
 .text.NMI_Handler
                0x004032de        0x2 ../libchip/lib/libchip_sam3s4_rel.a(release-exceptions.o)
                0x004032de                NMI_Handler
 .text.HardFault_Handler
                0x004032e0        0x2 ../libchip/lib/libchip_sam3s4_rel.a(release-exceptions.o)
                0x004032e0                HardFault_Handler
 .text.MemManage_Handler
                0x004032e2        0x2 ../libchip/lib/libchip_sam3s4_rel.a(release-exceptions.o)
                0x004032e2                MemManage_Handler
 .text.BusFault_Handler
                0x004032e4        0x2 ../libchip/lib/libchip_sam3s4_rel.a(release-exceptions.o)
                0x004032e4                BusFault_Handler
 .text.UsageFault_Handler
                0x004032e6        0x2 ../libchip/lib/libchip_sam3s4_rel.a(release-exceptions.o)
                0x004032e6                UsageFault_Handler
 .text.SVC_Handler
                0x004032e8        0x2 ../libchip/lib/libchip_sam3s4_rel.a(release-exceptions.o)
                0x004032e8                SVC_Handler
 .text.DebugMon_Handler
                0x004032ea        0x2 ../libchip/lib/libchip_sam3s4_rel.a(release-exceptions.o)
                0x004032ea                DebugMon_Handler
 .text.PendSV_Handler
                0x004032ec        0x2 ../libchip/lib/libchip_sam3s4_rel.a(release-exceptions.o)
                0x004032ec                PendSV_Handler
 .text.SUPC_IrqHandler
                0x004032ee        0x2 ../libchip/lib/libchip_sam3s4_rel.a(release-exceptions.o)
                0x004032ee                SUPC_IrqHandler
 .text.RSTC_IrqHandler
                0x004032f0        0x2 ../libchip/lib/libchip_sam3s4_rel.a(release-exceptions.o)
                0x004032f0                RSTC_IrqHandler
 .text.RTC_IrqHandler
                0x004032f2        0x2 ../libchip/lib/libchip_sam3s4_rel.a(release-exceptions.o)
                0x004032f2                RTC_IrqHandler
 .text.RTT_IrqHandler
                0x004032f4        0x2 ../libchip/lib/libchip_sam3s4_rel.a(release-exceptions.o)
                0x004032f4                RTT_IrqHandler
 .text.WDT_IrqHandler
                0x004032f6        0x2 ../libchip/lib/libchip_sam3s4_rel.a(release-exceptions.o)
                0x004032f6                WDT_IrqHandler
 .text.PMC_IrqHandler
                0x004032f8        0x2 ../libchip/lib/libchip_sam3s4_rel.a(release-exceptions.o)
                0x004032f8                PMC_IrqHandler
 .text.EEFC_IrqHandler
                0x004032fa        0x2 ../libchip/lib/libchip_sam3s4_rel.a(release-exceptions.o)
                0x004032fa                EEFC_IrqHandler
 .text.UART0_IrqHandler
                0x004032fc        0x2 ../libchip/lib/libchip_sam3s4_rel.a(release-exceptions.o)
                0x004032fc                UART0_IrqHandler
 .text.UART1_IrqHandler
                0x004032fe        0x2 ../libchip/lib/libchip_sam3s4_rel.a(release-exceptions.o)
                0x004032fe                UART1_IrqHandler
 .text.SMC_IrqHandler
                0x00403300        0x2 ../libchip/lib/libchip_sam3s4_rel.a(release-exceptions.o)
                0x00403300                SMC_IrqHandler
 .text.USART0_IrqHandler
                0x00403302        0x2 ../libchip/lib/libchip_sam3s4_rel.a(release-exceptions.o)
                0x00403302                USART0_IrqHandler
 .text.USART1_IrqHandler
                0x00403304        0x2 ../libchip/lib/libchip_sam3s4_rel.a(release-exceptions.o)
                0x00403304                USART1_IrqHandler
 .text.MCI_IrqHandler
                0x00403306        0x2 ../libchip/lib/libchip_sam3s4_rel.a(release-exceptions.o)
                0x00403306                MCI_IrqHandler
 .text.TWI0_IrqHandler
                0x00403308        0x2 ../libchip/lib/libchip_sam3s4_rel.a(release-exceptions.o)
                0x00403308                TWI0_IrqHandler
 .text.TWI1_IrqHandler
                0x0040330a        0x2 ../libchip/lib/libchip_sam3s4_rel.a(release-exceptions.o)
                0x0040330a                TWI1_IrqHandler
 .text.SPI_IrqHandler
                0x0040330c        0x2 ../libchip/lib/libchip_sam3s4_rel.a(release-exceptions.o)
                0x0040330c                SPI_IrqHandler
 .text.SSC_IrqHandler
                0x0040330e        0x2 ../libchip/lib/libchip_sam3s4_rel.a(release-exceptions.o)
                0x0040330e                SSC_IrqHandler
 .text.TC1_IrqHandler
                0x00403310        0x2 ../libchip/lib/libchip_sam3s4_rel.a(release-exceptions.o)
                0x00403310                TC1_IrqHandler
 .text.TC2_IrqHandler
                0x00403312        0x2 ../libchip/lib/libchip_sam3s4_rel.a(release-exceptions.o)
                0x00403312                TC2_IrqHandler
 .text.TC3_IrqHandler
                0x00403314        0x2 ../libchip/lib/libchip_sam3s4_rel.a(release-exceptions.o)
                0x00403314                TC3_IrqHandler
 .text.TC4_IrqHandler
                0x00403316        0x2 ../libchip/lib/libchip_sam3s4_rel.a(release-exceptions.o)
                0x00403316                TC4_IrqHandler
 .text.TC5_IrqHandler
                0x00403318        0x2 ../libchip/lib/libchip_sam3s4_rel.a(release-exceptions.o)
                0x00403318                TC5_IrqHandler
 .text.ADC_IrqHandler
                0x0040331a        0x2 ../libchip/lib/libchip_sam3s4_rel.a(release-exceptions.o)
                0x0040331a                ADC_IrqHandler
 .text.DAC_IrqHandler
                0x0040331c        0x2 ../libchip/lib/libchip_sam3s4_rel.a(release-exceptions.o)
                0x0040331c                DAC_IrqHandler
 .text.PWM_IrqHandler
                0x0040331e        0x2 ../libchip/lib/libchip_sam3s4_rel.a(release-exceptions.o)
                0x0040331e                PWM_IrqHandler
 .text.CRCCU_IrqHandler
                0x00403320        0x2 ../libchip/lib/libchip_sam3s4_rel.a(release-exceptions.o)
                0x00403320                CRCCU_IrqHandler
 .text.ACC_IrqHandler
                0x00403322        0x2 ../libchip/lib/libchip_sam3s4_rel.a(release-exceptions.o)
                0x00403322                ACC_IrqHandler
 .text.PIO_Configure
                0x00403324      0x14c ../libchip/lib/libchip_sam3s4_rel.a(release-pio.o)
                0x00403324                PIO_Configure
 .text.PIO_Get  0x00403470       0x1c ../libchip/lib/libchip_sam3s4_rel.a(release-pio.o)
                0x00403470                PIO_Get
 .text.PMC_EnablePeripheral
                0x0040348c       0x5c ../libchip/lib/libchip_sam3s4_rel.a(release-pmc.o)
                0x0040348c                PMC_EnablePeripheral
 .text.PMC_DisablePeripheral
                0x004034e8       0x58 ../libchip/lib/libchip_sam3s4_rel.a(release-pmc.o)
                0x004034e8                PMC_DisablePeripheral
 .text.PMC_IsPeriphEnabled
                0x00403540       0x4c ../libchip/lib/libchip_sam3s4_rel.a(release-pmc.o)
                0x00403540                PMC_IsPeriphEnabled
 .text.TC_Configure
                0x0040358c       0x38 ../libchip/lib/libchip_sam3s4_rel.a(release-tc.o)
                0x0040358c                TC_Configure
 .text.TC_Start
                0x004035c4       0x2c ../libchip/lib/libchip_sam3s4_rel.a(release-tc.o)
                0x004035c4                TC_Start
 .text.TC_Stop  0x004035f0       0x2c ../libchip/lib/libchip_sam3s4_rel.a(release-tc.o)
                0x004035f0                TC_Stop
 .text.TC_FindMckDivisor
                0x0040361c       0x70 ../libchip/lib/libchip_sam3s4_rel.a(release-tc.o)
                0x0040361c                TC_FindMckDivisor
 .text.PIO_CaptureHandler
                0x0040368c       0x60 ../libchip/lib/libchip_sam3s4_rel.a(release-pio_capture.o)
                0x0040368c                PIO_CaptureHandler
 .text          0x004036ec       0x54 /usr/local/Sourcery/bin/../lib/gcc/arm-none-eabi/4.6.1/../../../../arm-none-eabi/lib/thumb2/libc.a(lib_a-assert.o)
                0x004036ec                __assert_func
                0x00403734                __assert
 .text          0x00403740       0x4c /usr/local/Sourcery/bin/../lib/gcc/arm-none-eabi/4.6.1/../../../../arm-none-eabi/lib/thumb2/libc.a(lib_a-fiprintf.o)
                0x00403740                _fiprintf_r
                0x00403760                fiprintf
 .text          0x0040378c       0x4c /usr/local/Sourcery/bin/../lib/gcc/arm-none-eabi/4.6.1/../../../../arm-none-eabi/lib/thumb2/libc.a(lib_a-fprintf.o)
                0x0040378c                _fprintf_r
                0x004037ac                fprintf
 .text          0x004037d8       0xac /usr/local/Sourcery/bin/../lib/gcc/arm-none-eabi/4.6.1/../../../../arm-none-eabi/lib/thumb2/libc.a(lib_a-fputc.o)
                0x004037d8                _fputc_r
                0x0040382c                fputc
 .text          0x00403884       0x94 /usr/local/Sourcery/bin/../lib/gcc/arm-none-eabi/4.6.1/../../../../arm-none-eabi/lib/thumb2/libc.a(lib_a-fputs.o)
                0x00403884                _fputs_r
                0x00403904                fputs
 .text          0x00403918      0x32c /usr/local/Sourcery/bin/../lib/gcc/arm-none-eabi/4.6.1/../../../../arm-none-eabi/lib/thumb2/libc.a(lib_a-fvwrite.o)
                0x00403918                __sfvwrite_r
 .text          0x00403c44       0xbc /usr/local/Sourcery/bin/../lib/gcc/arm-none-eabi/4.6.1/../../../../arm-none-eabi/lib/thumb2/libc.a(lib_a-fwrite.o)
                0x00403c44                _fwrite_r
                0x00403cdc                fwrite
 .text          0x00403d00       0x6c /usr/local/Sourcery/bin/../lib/gcc/arm-none-eabi/4.6.1/../../../../arm-none-eabi/lib/thumb2/libc.a(lib_a-gets.o)
                0x00403d00                _gets_r
                0x00403d5c                gets
 .text          0x00403d6c       0x64 /usr/local/Sourcery/bin/../lib/gcc/arm-none-eabi/4.6.1/../../../../arm-none-eabi/lib/thumb2/libc.a(lib_a-iprintf.o)
                0x00403d6c                iprintf
                0x00403da4                _iprintf_r
 .text          0x00403dd0      0x57c /usr/local/Sourcery/bin/../lib/gcc/arm-none-eabi/4.6.1/../../../../arm-none-eabi/lib/thumb2/libc.a(lib_a-mallocr.o)
                0x00403dd0                _malloc_r
 .text          0x0040434c       0x88 /usr/local/Sourcery/bin/../lib/gcc/arm-none-eabi/4.6.1/../../../../arm-none-eabi/lib/thumb2/libc.a(lib_a-memchr.o)
                0x0040434c                memchr
 .text          0x004043d4       0xf0 /usr/local/Sourcery/bin/../lib/gcc/arm-none-eabi/4.6.1/../../../../arm-none-eabi/lib/thumb2/libc.a(lib_a-memcpy.o)
                0x004043d4                memcpy
 .text          0x004044c4       0xbc /usr/local/Sourcery/bin/../lib/gcc/arm-none-eabi/4.6.1/../../../../arm-none-eabi/lib/thumb2/libc.a(lib_a-memmove.o)
                0x004044c4                memmove
 .text          0x00404580        0x8 /usr/local/Sourcery/bin/../lib/gcc/arm-none-eabi/4.6.1/../../../../arm-none-eabi/lib/thumb2/libc.a(lib_a-mlock.o)
                0x00404580                __malloc_lock
                0x00404584                __malloc_unlock
 .text          0x00404588      0x138 /usr/local/Sourcery/bin/../lib/gcc/arm-none-eabi/4.6.1/../../../../arm-none-eabi/lib/thumb2/libc.a(lib_a-putc.o)
                0x00404588                _putc_r
                0x00404618                putc
 .text          0x004046c0      0x3d8 /usr/local/Sourcery/bin/../lib/gcc/arm-none-eabi/4.6.1/../../../../arm-none-eabi/lib/thumb2/libc.a(lib_a-reallocr.o)
                0x004046c0                _realloc_r
 .text          0x00404a98       0x70 /usr/local/Sourcery/bin/../lib/gcc/arm-none-eabi/4.6.1/../../../../arm-none-eabi/lib/thumb2/libc.a(lib_a-rget.o)
                0x00404a98                __srget_r
                0x00404af8                __srget
 .text          0x00404b08       0x28 /usr/local/Sourcery/bin/../lib/gcc/arm-none-eabi/4.6.1/../../../../arm-none-eabi/lib/thumb2/libc.a(lib_a-sbrkr.o)
                0x00404b08                _sbrk_r
 .text          0x00404b30       0x10 /usr/local/Sourcery/bin/../lib/gcc/arm-none-eabi/4.6.1/../../../../arm-none-eabi/lib/thumb2/libc.a(lib_a-setbuf.o)
                0x00404b30                setbuf
 .text          0x00404b40      0x15c /usr/local/Sourcery/bin/../lib/gcc/arm-none-eabi/4.6.1/../../../../arm-none-eabi/lib/thumb2/libc.a(lib_a-setvbuf.o)
                0x00404b40                setvbuf
 .text          0x00404c9c       0xb4 /usr/local/Sourcery/bin/../lib/gcc/arm-none-eabi/4.6.1/../../../../arm-none-eabi/lib/thumb2/libc.a(lib_a-sscanf.o)
                0x00404c9c                sscanf
                0x00404cf8                _sscanf_r
 .text          0x00404d50       0x8c /usr/local/Sourcery/bin/../lib/gcc/arm-none-eabi/4.6.1/../../../../arm-none-eabi/lib/thumb2/libc.a(lib_a-stdio.o)
                0x00404d50                __sread
                0x00404d74                __seofread
                0x00404d78                __swrite
                0x00404db0                __sseek
                0x00404dd4                __sclose
 .text          0x00404ddc       0x60 /usr/local/Sourcery/bin/../lib/gcc/arm-none-eabi/4.6.1/../../../../arm-none-eabi/lib/thumb2/libc.a(lib_a-strlen.o)
                0x00404ddc                strlen
 .text          0x00404e3c      0xf1c /usr/local/Sourcery/bin/../lib/gcc/arm-none-eabi/4.6.1/../../../../arm-none-eabi/lib/thumb2/libc.a(lib_a-svfscanf.o)
                0x00404e3c                __ssvfscanf_r
 .text          0x00405d58      0xd18 /usr/local/Sourcery/bin/../lib/gcc/arm-none-eabi/4.6.1/../../../../arm-none-eabi/lib/thumb2/libc.a(lib_a-vfiprintf.o)
                0x00405d58                __sprint_r
                0x00405dd8                _vfiprintf_r
                0x00406a54                vfiprintf
 .text          0x00406a70     0x184c /usr/local/Sourcery/bin/../lib/gcc/arm-none-eabi/4.6.1/../../../../arm-none-eabi/lib/thumb2/libc.a(lib_a-vfprintf.o)
                0x00406a70                _vfprintf_r
                0x004082a0                vfprintf
 .text          0x004082bc       0xfc /usr/local/Sourcery/bin/../lib/gcc/arm-none-eabi/4.6.1/../../../../arm-none-eabi/lib/thumb2/libc.a(lib_a-wbuf.o)
                0x004082bc                __swbuf_r
                0x004083a4                __swbuf
 .text          0x004083b8       0x2c /usr/local/Sourcery/bin/../lib/gcc/arm-none-eabi/4.6.1/../../../../arm-none-eabi/lib/thumb2/libc.a(lib_a-writer.o)
                0x004083b8                _write_r
 .text          0x004083e4       0xf8 /usr/local/Sourcery/bin/../lib/gcc/arm-none-eabi/4.6.1/../../../../arm-none-eabi/lib/thumb2/libc.a(lib_a-wsetup.o)
                0x004083e4                __swsetup_r
 .text          0x004084dc       0x10 /usr/local/Sourcery/bin/../lib/gcc/arm-none-eabi/4.6.1/../../../../arm-none-eabi/lib/thumb2/libc.a(lib_a-abort.o)
                0x004084dc                abort
 .text          0x004084ec       0x28 /usr/local/Sourcery/bin/../lib/gcc/arm-none-eabi/4.6.1/../../../../arm-none-eabi/lib/thumb2/libc.a(lib_a-closer.o)
                0x004084ec                _close_r
 *fill*         0x00408514        0x4 00
 .text          0x00408518     0x1030 /usr/local/Sourcery/bin/../lib/gcc/arm-none-eabi/4.6.1/../../../../arm-none-eabi/lib/thumb2/libc.a(lib_a-dtoa.o)
                0x00408660                _dtoa_r
 .text          0x00409548      0x1e0 /usr/local/Sourcery/bin/../lib/gcc/arm-none-eabi/4.6.1/../../../../arm-none-eabi/lib/thumb2/libc.a(lib_a-fflush.o)
                0x00409548                _fflush_r
                0x00409700                fflush
 .text          0x00409728      0x1dc /usr/local/Sourcery/bin/../lib/gcc/arm-none-eabi/4.6.1/../../../../arm-none-eabi/lib/thumb2/libc.a(lib_a-findfp.o)
                0x00409730                _cleanup_r
                0x0040978c                __sfmoreglue
                0x004097bc                _cleanup
                0x004097cc                __sinit
                0x00409828                __sfp
                0x004098c4                __sfp_lock_acquire
                0x004098c8                __sfp_lock_release
                0x004098cc                __sinit_lock_acquire
                0x004098d0                __sinit_lock_release
                0x004098d4                __fp_lock_all
                0x004098ec                __fp_unlock_all
 .text          0x00409904      0x13c /usr/local/Sourcery/bin/../lib/gcc/arm-none-eabi/4.6.1/../../../../arm-none-eabi/lib/thumb2/libc.a(lib_a-fputwc.o)
                0x00409904                _fputwc_r
                0x004099e8                fputwc
 .text          0x00409a40      0x234 /usr/local/Sourcery/bin/../lib/gcc/arm-none-eabi/4.6.1/../../../../arm-none-eabi/lib/thumb2/libc.a(lib_a-freer.o)
                0x00409a40                _malloc_trim_r
                0x00409ae4                _free_r
 .text          0x00409c74       0xa0 /usr/local/Sourcery/bin/../lib/gcc/arm-none-eabi/4.6.1/../../../../arm-none-eabi/lib/thumb2/libc.a(lib_a-fwalk.o)
                0x00409c74                _fwalk
                0x00409cc0                _fwalk_reent
 .text          0x00409d14       0x1c /usr/local/Sourcery/bin/../lib/gcc/arm-none-eabi/4.6.1/../../../../arm-none-eabi/lib/thumb2/libc.a(lib_a-iswspace.o)
                0x00409d14                iswspace
 .text          0x00409d30       0xa4 /usr/local/Sourcery/bin/../lib/gcc/arm-none-eabi/4.6.1/../../../../arm-none-eabi/lib/thumb2/libc.a(lib_a-locale.o)
                0x00409d30                _setlocale_r
                0x00409d8c                __locale_charset
                0x00409d98                __locale_mb_cur_max
                0x00409da4                __locale_msgcharset
                0x00409dac                __locale_cjk_lang
                0x00409db0                _localeconv_r
                0x00409db8                setlocale
                0x00409dcc                localeconv
 .text          0x00409dd4       0x2c /usr/local/Sourcery/bin/../lib/gcc/arm-none-eabi/4.6.1/../../../../arm-none-eabi/lib/thumb2/libc.a(lib_a-lseekr.o)
                0x00409dd4                _lseek_r
 .text          0x00409e00       0xe8 /usr/local/Sourcery/bin/../lib/gcc/arm-none-eabi/4.6.1/../../../../arm-none-eabi/lib/thumb2/libc.a(lib_a-makebuf.o)
                0x00409e00                __smakebuf_r
 .text          0x00409ee8       0x20 /usr/local/Sourcery/bin/../lib/gcc/arm-none-eabi/4.6.1/../../../../arm-none-eabi/lib/thumb2/libc.a(lib_a-malloc.o)
                0x00409ee8                malloc
                0x00409ef8                free
 .text          0x00409f08       0xc8 /usr/local/Sourcery/bin/../lib/gcc/arm-none-eabi/4.6.1/../../../../arm-none-eabi/lib/thumb2/libc.a(lib_a-mbrtowc.o)
                0x00409f08                _mbrtowc_r
                0x00409f64                mbrtowc
 .text          0x00409fd0       0x58 /usr/local/Sourcery/bin/../lib/gcc/arm-none-eabi/4.6.1/../../../../arm-none-eabi/lib/thumb2/libc.a(lib_a-mbtowc_r.o)
                0x00409fd0                __ascii_mbtowc
                0x00409ff4                _mbtowc_r
 .text          0x0040a028       0x8c /usr/local/Sourcery/bin/../lib/gcc/arm-none-eabi/4.6.1/../../../../arm-none-eabi/lib/thumb2/libc.a(lib_a-memset.o)
                0x0040a028                memset
 .text          0x0040a0b4      0x904 /usr/local/Sourcery/bin/../lib/gcc/arm-none-eabi/4.6.1/../../../../arm-none-eabi/lib/thumb2/libc.a(lib_a-mprec.o)
                0x0040a0b4                _Balloc
                0x0040a11c                _Bfree
                0x0040a154                __multadd
                0x0040a1d8                __s2b
                0x0040a26c                __hi0bits
                0x0040a2a8                __lo0bits
                0x0040a304                __i2b
                0x0040a318                __multiply
                0x0040a454                __pow5mult
                0x0040a4f4                __lshift
                0x0040a5b0                __mcmp
                0x0040a5f0                __mdiff
                0x0040a6d0                __ulp
                0x0040a714                __b2d
                0x0040a7c0                __d2b
                0x0040a888                __ratio
                0x0040a8dc                _mprec_log10
                0x0040a910                __copybits
                0x0040a958                __any_on
 .text          0x0040a9b8       0x2c /usr/local/Sourcery/bin/../lib/gcc/arm-none-eabi/4.6.1/../../../../arm-none-eabi/lib/thumb2/libc.a(lib_a-readr.o)
                0x0040a9b8                _read_r
 .text          0x0040a9e4      0x144 /usr/local/Sourcery/bin/../lib/gcc/arm-none-eabi/4.6.1/../../../../arm-none-eabi/lib/thumb2/libc.a(lib_a-refill.o)
                0x0040a9f8                __srefill_r
 .text          0x0040ab28       0x90 /usr/local/Sourcery/bin/../lib/gcc/arm-none-eabi/4.6.1/../../../../arm-none-eabi/lib/thumb2/libc.a(lib_a-s_fpclassify.o)
                0x0040ab28                __fpclassifyd
 .text          0x0040abb8       0x78 /usr/local/Sourcery/bin/../lib/gcc/arm-none-eabi/4.6.1/../../../../arm-none-eabi/lib/thumb2/libc.a(lib_a-sccl.o)
                0x0040abb8                __sccl
 .text          0x0040ac30        0x8 /usr/local/Sourcery/bin/../lib/gcc/arm-none-eabi/4.6.1/../../../../arm-none-eabi/lib/thumb2/libc.a(lib_a-sf_nan.o)
                0x0040ac30                nanf
 .text          0x0040ac38      0x150 /usr/local/Sourcery/bin/../lib/gcc/arm-none-eabi/4.6.1/../../../../arm-none-eabi/lib/thumb2/libc.a(lib_a-signal.o)
                0x0040ac38                _init_signal_r
                0x0040ac68                _signal_r
                0x0040aca4                _raise_r
                0x0040acf8                __sigtramp_r
                0x0040ad44                raise
                0x0040ad54                signal
                0x0040ad68                _init_signal
                0x0040ad78                __sigtramp
 .text          0x0040ad88       0x2c /usr/local/Sourcery/bin/../lib/gcc/arm-none-eabi/4.6.1/../../../../arm-none-eabi/lib/thumb2/libc.a(lib_a-signalr.o)
                0x0040ad88                _kill_r
                0x0040adb0                _getpid_r
 .text          0x0040adb4       0x94 /usr/local/Sourcery/bin/../lib/gcc/arm-none-eabi/4.6.1/../../../../arm-none-eabi/lib/thumb2/libc.a(lib_a-sprintf.o)
                0x0040adb4                _sprintf_r
                0x0040adf8                sprintf
 .text          0x0040ae48      0x1dc /usr/local/Sourcery/bin/../lib/gcc/arm-none-eabi/4.6.1/../../../../arm-none-eabi/lib/thumb2/libc.a(lib_a-strcmp.o)
                0x0040ae48                strcmp
 *fill*         0x0040b024        0x4 00
 .text          0x0040b028      0xfa0 /usr/local/Sourcery/bin/../lib/gcc/arm-none-eabi/4.6.1/../../../../arm-none-eabi/lib/thumb2/libc.a(lib_a-strtod.o)
                0x0040b058                _strtod_r
                0x0040bef8                strtod
                0x0040bf0c                strtof
 .text          0x0040bfc8      0x17c /usr/local/Sourcery/bin/../lib/gcc/arm-none-eabi/4.6.1/../../../../arm-none-eabi/lib/thumb2/libc.a(lib_a-strtol.o)
                0x0040bfc8                _strtol_r
                0x0040c128                strtol
 .text          0x0040c144      0x1f4 /usr/local/Sourcery/bin/../lib/gcc/arm-none-eabi/4.6.1/../../../../arm-none-eabi/lib/thumb2/libc.a(lib_a-strtoll_r.o)
                0x0040c144                _strtoll_r
 .text          0x0040c338      0x180 /usr/local/Sourcery/bin/../lib/gcc/arm-none-eabi/4.6.1/../../../../arm-none-eabi/lib/thumb2/libc.a(lib_a-strtoul.o)
                0x0040c338                _strtoul_r
                0x0040c49c                strtoul
 .text          0x0040c4b8      0x1e0 /usr/local/Sourcery/bin/../lib/gcc/arm-none-eabi/4.6.1/../../../../arm-none-eabi/lib/thumb2/libc.a(lib_a-strtoull_r.o)
                0x0040c4b8                _strtoull_r
 .text          0x0040c698      0xb5c /usr/local/Sourcery/bin/../lib/gcc/arm-none-eabi/4.6.1/../../../../arm-none-eabi/lib/thumb2/libc.a(lib_a-svfiscanf.o)
                0x0040c698                _sungetc_r
                0x0040c71c                __ssrefill_r
                0x0040c758                _sfread_r
                0x0040c7d0                __ssvfiscanf_r
 .text          0x0040d1f4     0x14d8 /usr/local/Sourcery/bin/../lib/gcc/arm-none-eabi/4.6.1/../../../../arm-none-eabi/lib/thumb2/libc.a(lib_a-svfprintf.o)
                0x0040d1f4                _svfprintf_r
 .text          0x0040e6cc      0x19c /usr/local/Sourcery/bin/../lib/gcc/arm-none-eabi/4.6.1/../../../../arm-none-eabi/lib/thumb2/libc.a(lib_a-ungetc.o)
                0x0040e6cc                __submore
                0x0040e750                _ungetc_r
                0x0040e854                ungetc
 .text          0x0040e868       0xb0 /usr/local/Sourcery/bin/../lib/gcc/arm-none-eabi/4.6.1/../../../../arm-none-eabi/lib/thumb2/libc.a(lib_a-wcrtomb.o)
                0x0040e868                _wcrtomb_r
                0x0040e8b8                wcrtomb
 .text          0x0040e918       0x4c /usr/local/Sourcery/bin/../lib/gcc/arm-none-eabi/4.6.1/../../../../arm-none-eabi/lib/thumb2/libc.a(lib_a-wctomb_r.o)
                0x0040e918                __ascii_wctomb
                0x0040e934                _wctomb_r
 .text          0x0040e964       0x60 /usr/local/Sourcery/bin/../lib/gcc/arm-none-eabi/4.6.1/../../../../arm-none-eabi/lib/thumb2/libc.a(lib_a-callocr.o)
                0x0040e964                _calloc_r
 .text          0x0040e9c4       0xc4 /usr/local/Sourcery/bin/../lib/gcc/arm-none-eabi/4.6.1/../../../../arm-none-eabi/lib/thumb2/libc.a(lib_a-fclose.o)
                0x0040e9c4                _fclose_r
                0x0040ea78                fclose
 .text          0x0040ea88       0x28 /usr/local/Sourcery/bin/../lib/gcc/arm-none-eabi/4.6.1/../../../../arm-none-eabi/lib/thumb2/libc.a(lib_a-fstatr.o)
                0x0040ea88                _fstat_r
 .text          0x0040eab0      0x64c /usr/local/Sourcery/bin/../lib/gcc/arm-none-eabi/4.6.1/../../../../arm-none-eabi/lib/thumb2/libc.a(lib_a-gdtoa-gethex.o)
                0x0040eb58                __hexdig_init
                0x0040ebb0                __gethex
 .text          0x0040f0fc      0x1ec /usr/local/Sourcery/bin/../lib/gcc/arm-none-eabi/4.6.1/../../../../arm-none-eabi/lib/thumb2/libc.a(lib_a-gdtoa-hexnan.o)
                0x0040f0fc                __hexnan
 .text          0x0040f2e8       0x28 /usr/local/Sourcery/bin/../lib/gcc/arm-none-eabi/4.6.1/../../../../arm-none-eabi/lib/thumb2/libc.a(lib_a-isattyr.o)
                0x0040f2e8                _isatty_r
 .text          0x0040f310       0xa8 /usr/local/Sourcery/bin/../lib/gcc/arm-none-eabi/4.6.1/../../../../arm-none-eabi/lib/thumb2/libc.a(lib_a-strncmp.o)
                0x0040f310                strncmp
 .text          0x0040f3b8      0xb60 /usr/local/Sourcery/bin/../lib/gcc/arm-none-eabi/4.6.1/../../../../arm-none-eabi/lib/thumb2/libc.a(lib_a-svfiprintf.o)
                0x0040f3b8                __ssprint_r
                0x0040f4d0                _svfiprintf_r
 .text          0x0040ff18      0x278 /usr/local/Sourcery/bin/../lib/gcc/arm-none-eabi/4.6.1/thumb2/libgcc.a(_udivsi3.o)
                0x0040ff18                __udivsi3
                0x0040ff18                __aeabi_uidiv
                0x00410174                __aeabi_uidivmod
 .text          0x00410190        0x4 /usr/local/Sourcery/bin/../lib/gcc/arm-none-eabi/4.6.1/thumb2/libgcc.a(_dvmd_tls.o)
                0x00410190                __aeabi_ldiv0
                0x00410190                __aeabi_idiv0
 .text          0x00410194      0x370 /usr/local/Sourcery/bin/../lib/gcc/arm-none-eabi/4.6.1/thumb2/libgcc.a(_arm_addsubdf3.o)
                0x00410194                __aeabi_drsub
                0x0041019c                __aeabi_dsub
                0x0041019c                __subdf3
                0x004101a0                __adddf3
                0x004101a0                __aeabi_dadd
                0x00410418                __aeabi_ui2d
                0x00410418                __floatunsidf
                0x00410438                __floatsidf
                0x00410438                __aeabi_i2d
                0x0041045c                __extendsfdf2
                0x0041045c                __aeabi_f2d
                0x00410498                __aeabi_ul2d
                0x00410498                __floatundidf
                0x004104a8                __floatdidf
                0x004104a8                __aeabi_l2d
 .text          0x00410504      0x424 /usr/local/Sourcery/bin/../lib/gcc/arm-none-eabi/4.6.1/thumb2/libgcc.a(_arm_muldivdf3.o)
                0x00410504                __aeabi_dmul
                0x00410504                __muldf3
                0x00410758                __aeabi_ddiv
                0x00410758                __divdf3
 .text          0x00410928      0x110 /usr/local/Sourcery/bin/../lib/gcc/arm-none-eabi/4.6.1/thumb2/libgcc.a(_arm_cmpdf2.o)
                0x00410928                __gtdf2
                0x00410928                __gedf2
                0x00410930                __ltdf2
                0x00410930                __ledf2
                0x00410938                __cmpdf2
                0x00410938                __eqdf2
                0x00410938                __nedf2
                0x004109b4                __aeabi_cdrcmple
                0x004109c4                __aeabi_cdcmple
                0x004109c4                __aeabi_cdcmpeq
                0x004109d4                __aeabi_dcmpeq
                0x004109e8                __aeabi_dcmplt
                0x004109fc                __aeabi_dcmple
                0x00410a10                __aeabi_dcmpge
                0x00410a24                __aeabi_dcmpgt
 .text          0x00410a38       0x50 /usr/local/Sourcery/bin/../lib/gcc/arm-none-eabi/4.6.1/thumb2/libgcc.a(_arm_fixdfsi.o)
                0x00410a38                __fixdfsi
                0x00410a38                __aeabi_d2iz
 .text          0x00410a88       0x40 /usr/local/Sourcery/bin/../lib/gcc/arm-none-eabi/4.6.1/thumb2/libgcc.a(_arm_fixunsdfsi.o)
                0x00410a88                __fixunsdfsi
                0x00410a88                __aeabi_d2uiz
 .text          0x00410ac8       0xa0 /usr/local/Sourcery/bin/../lib/gcc/arm-none-eabi/4.6.1/thumb2/libgcc.a(_arm_truncdfsf2.o)
                0x00410ac8                __aeabi_d2f
                0x00410ac8                __truncdfsf2
 .text          0x00410b68       0xec /usr/local/Sourcery/bin/../lib/gcc/arm-none-eabi/4.6.1/thumb2/libgcc.a(_arm_cmpsf2.o)
                0x00410b68                __gtsf2
                0x00410b68                __gesf2
                0x00410b70                __lesf2
                0x00410b70                __ltsf2
                0x00410b78                __nesf2
                0x00410b78                __eqsf2
                0x00410b78                __cmpsf2
                0x00410bd8                __aeabi_cfrcmple
                0x00410be0                __aeabi_cfcmple
                0x00410be0                __aeabi_cfcmpeq
                0x00410bf0                __aeabi_fcmpeq
                0x00410c04                __aeabi_fcmplt
                0x00410c18                __aeabi_fcmple
                0x00410c2c                __aeabi_fcmpge
                0x00410c40                __aeabi_fcmpgt
 .text          0x00410c54       0x2c /usr/local/Sourcery/bin/../lib/gcc/arm-none-eabi/4.6.1/thumb2/libgcc.a(_aeabi_uldivmod.o)
                0x00410c54                __aeabi_uldivmod
 .text          0x00410c80       0x5c /usr/local/Sourcery/bin/../lib/gcc/arm-none-eabi/4.6.1/thumb2/libgcc.a(bpabi.o)
                0x00410c80                __gnu_ldivmod_helper
                0x00410cb0                __gnu_uldivmod_helper
 .text          0x00410cdc      0x364 /usr/local/Sourcery/bin/../lib/gcc/arm-none-eabi/4.6.1/thumb2/libgcc.a(_divdi3.o)
                0x00410cdc                __divdi3
 .text          0x00411040      0x334 /usr/local/Sourcery/bin/../lib/gcc/arm-none-eabi/4.6.1/thumb2/libgcc.a(_udivdi3.o)
                0x00411040                __udivdi3
 *(.glue_7t)
 .glue_7t       0x00000000        0x0 linker stubs
 *(.glue_7)
 .glue_7        0x00000000        0x0 linker stubs
 *(.rodata .rodata* .gnu.linkonce.r.*)
 .rodata        0x00411374       0x1c build/obj/flash_syscalls.o
 .rodata        0x00411390        0xc build/obj/flash_uart_console.o
 .rodata        0x0041139c      0x124 build/obj/flash_usb_console.o
 .rodata        0x004114c0       0x54 build/obj/flash_led.o
 .rodata        0x00411514       0xa0 build/obj/flash_usb_device_descriptor.o
                0x00411514                deviceDescriptor
                0x00411528                configurationDescriptorsFS
                0x0041156c                languageIdStringDescriptor
                0x00411570                productStringDescriptor
                0x0041158c                cdcdSerialDriverDescriptors
 .rodata        0x004115b4       0xcc build/obj/flash_main.o
 .rodata.str1.1
                0x00411680       0x69 ../libusb/lib/libusb_sam3s_rel.a(release-USBD_HAL.o)
 .rodata.str1.1
                0x004116e9       0x30 ../libusb/lib/libusb_sam3s_rel.a(release-USBD.o)
 .rodata.str1.1
                0x00411719       0xef ../libusb/lib/libusb_sam3s_rel.a(release-USBDDriver.o)
 .rodata        0x00411808       0x3f ../libchip/lib/libchip_sam3s4_rel.a(release-pio_it.o)
 .rodata.str1.1
                0x00411847       0x67 ../libchip/lib/libchip_sam3s4_rel.a(release-pio_it.o)
 .rodata        0x004118ae       0x3f ../libchip/lib/libchip_sam3s4_rel.a(release-pmc.o)
 .rodata.str1.1
                0x004118ed       0x17 ../libchip/lib/libchip_sam3s4_rel.a(release-pmc.o)
 .rodata        0x00411904       0x1e ../libchip/lib/libchip_sam3s4_rel.a(release-tc.o)
 .rodata.str1.1
                0x00411922       0x51 ../libchip/lib/libchip_sam3s4_rel.a(release-tc.o)
 *fill*         0x00411973        0x1 00
 .rodata.str1.4
                0x00411974       0x3f /usr/local/Sourcery/bin/../lib/gcc/arm-none-eabi/4.6.1/../../../../arm-none-eabi/lib/thumb2/libc.a(lib_a-assert.o)
                                 0x44 (size before relaxing)
 *fill*         0x004119b3        0x1 00
 .rodata        0x004119b4        0x4 /usr/local/Sourcery/bin/../lib/gcc/arm-none-eabi/4.6.1/../../../../arm-none-eabi/lib/thumb2/libc.a(lib_a-impure.o)
                0x004119b4                _global_impure_ptr
 .rodata.str1.4
                0x004119b8        0x2 /usr/local/Sourcery/bin/../lib/gcc/arm-none-eabi/4.6.1/../../../../arm-none-eabi/lib/thumb2/libc.a(lib_a-impure.o)
                                  0x4 (size before relaxing)
 *fill*         0x004119ba        0x2 00
 .rodata        0x004119bc       0x24 /usr/local/Sourcery/bin/../lib/gcc/arm-none-eabi/4.6.1/../../../../arm-none-eabi/lib/thumb2/libc.a(lib_a-svfscanf.o)
 .rodata.str1.4
                0x004119e0        0x5 /usr/local/Sourcery/bin/../lib/gcc/arm-none-eabi/4.6.1/../../../../arm-none-eabi/lib/thumb2/libc.a(lib_a-svfscanf.o)
                                  0x8 (size before relaxing)
 *fill*         0x004119e5        0x3 00
 .rodata        0x004119e8       0x20 /usr/local/Sourcery/bin/../lib/gcc/arm-none-eabi/4.6.1/../../../../arm-none-eabi/lib/thumb2/libc.a(lib_a-vfiprintf.o)
 .rodata.str1.4
                0x00411a08       0x2f /usr/local/Sourcery/bin/../lib/gcc/arm-none-eabi/4.6.1/../../../../arm-none-eabi/lib/thumb2/libc.a(lib_a-vfiprintf.o)
                                 0x30 (size before relaxing)
 *fill*         0x00411a37        0x1 00
 .rodata        0x00411a38       0x20 /usr/local/Sourcery/bin/../lib/gcc/arm-none-eabi/4.6.1/../../../../arm-none-eabi/lib/thumb2/libc.a(lib_a-vfprintf.o)
 .rodata.str1.4
                0x00411a58       0x12 /usr/local/Sourcery/bin/../lib/gcc/arm-none-eabi/4.6.1/../../../../arm-none-eabi/lib/thumb2/libc.a(lib_a-vfprintf.o)
                                 0x44 (size before relaxing)
 *fill*         0x00411a6a        0x2 00
 .rodata        0x00411a6c      0x104 /usr/local/Sourcery/bin/../lib/gcc/arm-none-eabi/4.6.1/../../../../arm-none-eabi/lib/thumb2/libc.a(lib_a-ctype_.o)
                0x00411a6c                _ctype_
 .rodata.str1.4
                0x00411b70       0x10 /usr/local/Sourcery/bin/../lib/gcc/arm-none-eabi/4.6.1/../../../../arm-none-eabi/lib/thumb2/libc.a(lib_a-dtoa.o)
                                 0x14 (size before relaxing)
 .rodata        0x00411b80       0x60 /usr/local/Sourcery/bin/../lib/gcc/arm-none-eabi/4.6.1/../../../../arm-none-eabi/lib/thumb2/libc.a(lib_a-findfp.o)
                0x00411b80                __sf_fake_stderr
                0x00411ba0                __sf_fake_stdout
                0x00411bc0                __sf_fake_stdin
 .rodata.str1.4
                0x00411be0        0xa /usr/local/Sourcery/bin/../lib/gcc/arm-none-eabi/4.6.1/../../../../arm-none-eabi/lib/thumb2/libc.a(lib_a-locale.o)
                                 0x14 (size before relaxing)
 .rodata.str1.4
                0x00000000        0x4 /usr/local/Sourcery/bin/../lib/gcc/arm-none-eabi/4.6.1/../../../../arm-none-eabi/lib/thumb2/libc.a(lib_a-mbrtowc.o)
 *fill*         0x00411bea        0x6 00
 .rodata        0x00411bf0      0x128 /usr/local/Sourcery/bin/../lib/gcc/arm-none-eabi/4.6.1/../../../../arm-none-eabi/lib/thumb2/libc.a(lib_a-mprec.o)
                0x00411c00                __mprec_tens
                0x00411cc8                __mprec_tinytens
                0x00411cf0                __mprec_bigtens
 .rodata        0x00411d18       0x28 /usr/local/Sourcery/bin/../lib/gcc/arm-none-eabi/4.6.1/../../../../arm-none-eabi/lib/thumb2/libc.a(lib_a-strtod.o)
 .rodata.str1.4
                0x00411d40        0xf /usr/local/Sourcery/bin/../lib/gcc/arm-none-eabi/4.6.1/../../../../arm-none-eabi/lib/thumb2/libc.a(lib_a-strtod.o)
                                 0x10 (size before relaxing)
 *fill*         0x00411d4f        0x1 00
 .rodata        0x00411d50       0x24 /usr/local/Sourcery/bin/../lib/gcc/arm-none-eabi/4.6.1/../../../../arm-none-eabi/lib/thumb2/libc.a(lib_a-svfiscanf.o)
 .rodata        0x00411d74       0x20 /usr/local/Sourcery/bin/../lib/gcc/arm-none-eabi/4.6.1/../../../../arm-none-eabi/lib/thumb2/libc.a(lib_a-svfprintf.o)
 .rodata.str1.4
                0x00000000       0x44 /usr/local/Sourcery/bin/../lib/gcc/arm-none-eabi/4.6.1/../../../../arm-none-eabi/lib/thumb2/libc.a(lib_a-svfprintf.o)
 .rodata.str1.4
                0x00411d94       0x1c /usr/local/Sourcery/bin/../lib/gcc/arm-none-eabi/4.6.1/../../../../arm-none-eabi/lib/thumb2/libc.a(lib_a-gdtoa-gethex.o)
 .rodata        0x00411db0       0x20 /usr/local/Sourcery/bin/../lib/gcc/arm-none-eabi/4.6.1/../../../../arm-none-eabi/lib/thumb2/libc.a(lib_a-svfiprintf.o)
 .rodata.str1.4
                0x00000000       0x30 /usr/local/Sourcery/bin/../lib/gcc/arm-none-eabi/4.6.1/../../../../arm-none-eabi/lib/thumb2/libc.a(lib_a-svfiprintf.o)
 *(.ARM.extab* .gnu.linkonce.armextab.*)
                0x00411dd0                . = ALIGN (0x4)
 *(.init)
 .init          0x00411dd0        0x4 /usr/local/Sourcery/bin/../lib/gcc/arm-none-eabi/4.6.1/thumb2/crti.o
                0x00411dd0                _init
 .init          0x00411dd4        0x8 /usr/local/Sourcery/bin/../lib/gcc/arm-none-eabi/4.6.1/thumb2/crtn.o
                0x00411ddc                . = ALIGN (0x4)
                0x00411ddc                __preinit_array_start = .
 *(.preinit_array)
                0x00411ddc                __preinit_array_end = .
                0x00411ddc                . = ALIGN (0x4)
                0x00411ddc                __init_array_start = .
 *(SORT(.init_array.*))
 *(.init_array)
 .init_array    0x00411ddc        0x4 /usr/local/Sourcery/bin/../lib/gcc/arm-none-eabi/4.6.1/thumb2/crtbegin.o
                0x00411de0                __init_array_end = .
                0x00411de0                . = ALIGN (0x4)
 *crtbegin.o(.ctors)
 *(EXCLUDE_FILE(*crtend.o) .ctors)
 *(SORT(.ctors.*))
 *crtend.o(.ctors)
                0x00411de0                . = ALIGN (0x4)
 *(.fini)
 .fini          0x00411de0        0x4 /usr/local/Sourcery/bin/../lib/gcc/arm-none-eabi/4.6.1/thumb2/crti.o
                0x00411de0                _fini
 .fini          0x00411de4        0x8 /usr/local/Sourcery/bin/../lib/gcc/arm-none-eabi/4.6.1/thumb2/crtn.o
                0x00411dec                . = ALIGN (0x4)
                0x00411dec                __fini_array_start = .
 *(.fini_array)
 .fini_array    0x00411dec        0x4 /usr/local/Sourcery/bin/../lib/gcc/arm-none-eabi/4.6.1/thumb2/crtbegin.o
 *(SORT(.fini_array.*))
                0x00411df0                __fini_array_end = .
 *crtbegin.o(.dtors)
 *(EXCLUDE_FILE(*crtend.o) .dtors)
 *(SORT(.dtors.*))
 *crtend.o(.dtors)
                0x00411df0                . = ALIGN (0x4)
                0x00411df0                _efixed = .
                0x00411df0                PROVIDE (__exidx_start, .)

.vfp11_veneer   0x00411df0        0x0
 .vfp11_veneer  0x00000000        0x0 linker stubs

.v4_bx          0x00411df0        0x0
 .v4_bx         0x00000000        0x0 linker stubs

.iplt           0x00411df0        0x0
 .iplt          0x00000000        0x0 /usr/local/Sourcery/bin/../lib/gcc/arm-none-eabi/4.6.1/thumb2/crtbegin.o

.ARM.exidx      0x00411df0        0x8
 *(.ARM.exidx* .gnu.linkonce.armexidx.*)
 .ARM.exidx     0x00411df0        0x8 /usr/local/Sourcery/bin/../lib/gcc/arm-none-eabi/4.6.1/thumb2/libgcc.a(_divdi3.o)
 .ARM.exidx     0x00411df8        0x0 /usr/local/Sourcery/bin/../lib/gcc/arm-none-eabi/4.6.1/thumb2/libgcc.a(_udivdi3.o)
                                  0x8 (size before relaxing)
                0x00411df8                PROVIDE (__exidx_end, .)

.eh_frame       0x00411df8        0x0
 .eh_frame      0x00411df8        0x0 /usr/local/Sourcery/bin/../lib/gcc/arm-none-eabi/4.6.1/thumb2/crtbegin.o

.rel.dyn        0x00411df8        0x0
 .rel.iplt      0x00000000        0x0 /usr/local/Sourcery/bin/../lib/gcc/arm-none-eabi/4.6.1/thumb2/crtbegin.o

.jcr            0x00411df8        0x0
 .jcr           0x00411df8        0x0 /usr/local/Sourcery/bin/../lib/gcc/arm-none-eabi/4.6.1/thumb2/crtbegin.o

.igot.plt       0x00411df8        0x0
 .igot.plt      0x00000000        0x0 /usr/local/Sourcery/bin/../lib/gcc/arm-none-eabi/4.6.1/thumb2/crtbegin.o
                0x00411df8                . = ALIGN (0x4)
                0x00411df8                _etext = .

.relocate       0x20000000      0x5c8 load address 0x00411df8
                0x20000000                . = ALIGN (0x4)
                0x20000000                _srelocate = .
 *(.ramfunc .ramfunc.*)
 *(.data .data.*)
 .data          0x20000000        0x4 build/obj/flash_system.o
                0x20000000                SystemCoreClock
 .data          0x20000004        0x4 build/obj/flash_uart_console.o
 .data          0x20000008        0x4 build/obj/flash_usb_console.o
 .data          0x2000000c        0x8 build/obj/flash_usb_device_descriptor.o
                0x2000000c                stringDescriptors
 .data          0x20000014       0xf4 /usr/local/Sourcery/bin/../lib/gcc/arm-none-eabi/4.6.1/../../../../arm-none-eabi/lib/thumb2/libc.a(lib_a-impure.o)
                0x20000014                _impure_ptr
 .data          0x20000108      0x410 /usr/local/Sourcery/bin/../lib/gcc/arm-none-eabi/4.6.1/../../../../arm-none-eabi/lib/thumb2/libc.a(lib_a-mallocr.o)
                0x20000108                __malloc_av_
                0x20000510                __malloc_sbrk_base
                0x20000514                __malloc_trim_threshold
 .data          0x20000518        0x4 /usr/local/Sourcery/bin/../lib/gcc/arm-none-eabi/4.6.1/../../../../arm-none-eabi/lib/thumb2/libc.a(lib_a-ctype_.o)
                0x20000518                __ctype_ptr__
 .data          0x2000051c       0x7c /usr/local/Sourcery/bin/../lib/gcc/arm-none-eabi/4.6.1/../../../../arm-none-eabi/lib/thumb2/libc.a(lib_a-locale.o)
                0x2000053c                __mb_cur_max
 .data          0x20000598        0x4 /usr/local/Sourcery/bin/../lib/gcc/arm-none-eabi/4.6.1/../../../../arm-none-eabi/lib/thumb2/libc.a(lib_a-mbtowc_r.o)
                0x20000598                __mbtowc
 .data          0x2000059c       0x28 /usr/local/Sourcery/bin/../lib/gcc/arm-none-eabi/4.6.1/../../../../arm-none-eabi/lib/thumb2/libc.a(lib_a-strtod.o)
 .data          0x200005c4        0x4 /usr/local/Sourcery/bin/../lib/gcc/arm-none-eabi/4.6.1/../../../../arm-none-eabi/lib/thumb2/libc.a(lib_a-wctomb_r.o)
                0x200005c4                __wctomb
                0x200005c8                . = ALIGN (0x4)
                0x200005c8                _erelocate = .

.bss            0x200005c8      0x3d0 load address 0x004123c0
                0x200005c8                . = ALIGN (0x4)
                0x200005c8                _sbss = .
                0x200005c8                _szero = .
 *(.bss .bss.*)
 .bss           0x200005c8       0x1c /usr/local/Sourcery/bin/../lib/gcc/arm-none-eabi/4.6.1/thumb2/crtbegin.o
 .bss           0x200005e4        0x4 build/obj/flash_syscalls.o
 .bss           0x200005e8        0x1 build/obj/flash_uart_console.o
 *fill*         0x200005e9        0x3 00
 .bss           0x200005ec      0x10c build/obj/flash_usb_console.o
 .bss           0x200006f8        0xc build/obj/flash_led.o
 .bss           0x20000704        0x4 build/obj/flash_timetick.o
 .bss           0x20000708       0xe0 ../libusb/lib/libusb_sam3s_rel.a(release-USBD_HAL.o)
 .bss           0x200007e8        0x2 ../libusb/lib/libusb_sam3s_rel.a(release-USBD.o)
 *fill*         0x200007ea        0x2 00
 .bss           0x200007ec       0x10 ../libusb/lib/libusb_sam3s_rel.a(release-USBDDriver.o)
 .bss           0x200007fc       0x1c ../libusb/lib/libusb_sam3s_rel.a(release-CDCDSerial.o)
 .bss           0x20000818        0x7 ../libusb/lib/libusb_sam3s_rel.a(release-CDCDSerialPort.o)
 *fill*         0x2000081f        0x1 00
 .bss           0x20000820       0x3c ../libchip/lib/libchip_sam3s4_rel.a(release-pio_it.o)
 .bss           0x2000085c        0x4 ../libchip/lib/libchip_sam3s4_rel.a(release-pio_capture.o)
 .bss           0x20000860       0x34 /usr/local/Sourcery/bin/../lib/gcc/arm-none-eabi/4.6.1/../../../../arm-none-eabi/lib/thumb2/libc.a(lib_a-mallocr.o)
                0x20000860                __malloc_top_pad
                0x20000864                __malloc_current_mallinfo
                0x2000088c                __malloc_max_sbrked_mem
                0x20000890                __malloc_max_total_mem
 *(COMMON)
 COMMON         0x20000894        0x4 /usr/local/Sourcery/bin/../lib/gcc/arm-none-eabi/4.6.1/../../../../arm-none-eabi/lib/thumb2/libc.a(lib_a-reent.o)
                0x20000894                errno
 COMMON         0x20000898      0x100 /usr/local/Sourcery/bin/../lib/gcc/arm-none-eabi/4.6.1/../../../../arm-none-eabi/lib/thumb2/libc.a(lib_a-gdtoa-gethex.o)
                0x20000898                __hexdig
                0x20000998                . = ALIGN (0x4)
                0x20000998                _ebss = .
                0x20000998                _ezero = .

.stack          0x20000998     0x1000 load address 0x00412790
                0x20000998                . = ALIGN (0x8)
 *(.stack .stack.*)
 .stack         0x20000998     0x1000 build/obj/flash_startup.o
                0x20000998                pdwStack
                0x20001998                . = ALIGN (0x4)
                0x20001998                _end = .
OUTPUT(build/bin/project-flash.elf elf32-littlearm)

.ARM.attributes
                0x00000000       0x29
 .ARM.attributes
                0x00000000       0x1b /usr/local/Sourcery/bin/../lib/gcc/arm-none-eabi/4.6.1/thumb2/crti.o
 .ARM.attributes
                0x0000001b       0x2b /usr/local/Sourcery/bin/../lib/gcc/arm-none-eabi/4.6.1/thumb2/crtbegin.o
 .ARM.attributes
                0x00000046       0x33 build/obj/flash_syscalls.o
 .ARM.attributes
                0x00000079       0x33 build/obj/flash_system.o
 .ARM.attributes
                0x000000ac       0x33 build/obj/flash_uart_console.o
 .ARM.attributes
                0x000000df       0x33 build/obj/flash_usb_console.o
 .ARM.attributes
                0x00000112       0x33 build/obj/flash_led.o
 .ARM.attributes
                0x00000145       0x33 build/obj/flash_timetick.o
 .ARM.attributes
                0x00000178       0x33 build/obj/flash_startup.o
 .ARM.attributes
                0x000001ab       0x33 build/obj/flash_usb_device_descriptor.o
 .ARM.attributes
                0x000001de       0x33 build/obj/flash_main.o
 .ARM.attributes
                0x00000211       0x33 ../libusb/lib/libusb_sam3s_rel.a(release-USBD_HAL.o)
 .ARM.attributes
                0x00000244       0x33 ../libusb/lib/libusb_sam3s_rel.a(release-USBDescriptors.o)
 .ARM.attributes
                0x00000277       0x33 ../libusb/lib/libusb_sam3s_rel.a(release-USBD.o)
 .ARM.attributes
                0x000002aa       0x33 ../libusb/lib/libusb_sam3s_rel.a(release-USBDCallbacks.o)
 .ARM.attributes
                0x000002dd       0x33 ../libusb/lib/libusb_sam3s_rel.a(release-USBDDriver.o)
 .ARM.attributes
                0x00000310       0x33 ../libusb/lib/libusb_sam3s_rel.a(release-CDCDSerial.o)
 .ARM.attributes
                0x00000343       0x33 ../libusb/lib/libusb_sam3s_rel.a(release-USBDDriverCallbacks.o)
 .ARM.attributes
                0x00000376       0x33 ../libusb/lib/libusb_sam3s_rel.a(release-CDCDSerialDriver.o)
 .ARM.attributes
                0x000003a9       0x33 ../libusb/lib/libusb_sam3s_rel.a(release-USBRequests.o)
 .ARM.attributes
                0x000003dc       0x33 ../libusb/lib/libusb_sam3s_rel.a(release-CDCDSerialPort.o)
 .ARM.attributes
                0x0000040f       0x33 ../libusb/lib/libusb_sam3s_rel.a(release-CDCLineCoding.o)
 .ARM.attributes
                0x00000442       0x33 ../libchip/lib/libchip_sam3s4_rel.a(release-pio_it.o)
 .ARM.attributes
                0x00000475       0x33 ../libchip/lib/libchip_sam3s4_rel.a(release-exceptions.o)
 .ARM.attributes
                0x000004a8       0x33 ../libchip/lib/libchip_sam3s4_rel.a(release-pio.o)
 .ARM.attributes
                0x000004db       0x33 ../libchip/lib/libchip_sam3s4_rel.a(release-pmc.o)
 .ARM.attributes
                0x0000050e       0x33 ../libchip/lib/libchip_sam3s4_rel.a(release-tc.o)
 .ARM.attributes
                0x00000541       0x33 ../libchip/lib/libchip_sam3s4_rel.a(release-pio_capture.o)
 .ARM.attributes
                0x00000574       0x2b /usr/local/Sourcery/bin/../lib/gcc/arm-none-eabi/4.6.1/../../../../arm-none-eabi/lib/thumb2/libc.a(lib_a-assert.o)
 .ARM.attributes
                0x0000059f       0x2b /usr/local/Sourcery/bin/../lib/gcc/arm-none-eabi/4.6.1/../../../../arm-none-eabi/lib/thumb2/libc.a(lib_a-fiprintf.o)
 .ARM.attributes
                0x000005ca       0x2b /usr/local/Sourcery/bin/../lib/gcc/arm-none-eabi/4.6.1/../../../../arm-none-eabi/lib/thumb2/libc.a(lib_a-fprintf.o)
 .ARM.attributes
                0x000005f5       0x2b /usr/local/Sourcery/bin/../lib/gcc/arm-none-eabi/4.6.1/../../../../arm-none-eabi/lib/thumb2/libc.a(lib_a-fputc.o)
 .ARM.attributes
                0x00000620       0x2b /usr/local/Sourcery/bin/../lib/gcc/arm-none-eabi/4.6.1/../../../../arm-none-eabi/lib/thumb2/libc.a(lib_a-fputs.o)
 .ARM.attributes
                0x0000064b       0x2b /usr/local/Sourcery/bin/../lib/gcc/arm-none-eabi/4.6.1/../../../../arm-none-eabi/lib/thumb2/libc.a(lib_a-fvwrite.o)
 .ARM.attributes
                0x00000676       0x2b /usr/local/Sourcery/bin/../lib/gcc/arm-none-eabi/4.6.1/../../../../arm-none-eabi/lib/thumb2/libc.a(lib_a-fwrite.o)
 .ARM.attributes
                0x000006a1       0x2b /usr/local/Sourcery/bin/../lib/gcc/arm-none-eabi/4.6.1/../../../../arm-none-eabi/lib/thumb2/libc.a(lib_a-gets.o)
 .ARM.attributes
                0x000006cc       0x2b /usr/local/Sourcery/bin/../lib/gcc/arm-none-eabi/4.6.1/../../../../arm-none-eabi/lib/thumb2/libc.a(lib_a-impure.o)
 .ARM.attributes
                0x000006f7       0x2b /usr/local/Sourcery/bin/../lib/gcc/arm-none-eabi/4.6.1/../../../../arm-none-eabi/lib/thumb2/libc.a(lib_a-iprintf.o)
 .ARM.attributes
                0x00000722       0x2b /usr/local/Sourcery/bin/../lib/gcc/arm-none-eabi/4.6.1/../../../../arm-none-eabi/lib/thumb2/libc.a(lib_a-mallocr.o)
 .ARM.attributes
                0x0000074d       0x2b /usr/local/Sourcery/bin/../lib/gcc/arm-none-eabi/4.6.1/../../../../arm-none-eabi/lib/thumb2/libc.a(lib_a-memchr.o)
 .ARM.attributes
                0x00000778       0x2b /usr/local/Sourcery/bin/../lib/gcc/arm-none-eabi/4.6.1/../../../../arm-none-eabi/lib/thumb2/libc.a(lib_a-memcpy.o)
 .ARM.attributes
                0x000007a3       0x2b /usr/local/Sourcery/bin/../lib/gcc/arm-none-eabi/4.6.1/../../../../arm-none-eabi/lib/thumb2/libc.a(lib_a-memmove.o)
 .ARM.attributes
                0x000007ce       0x2b /usr/local/Sourcery/bin/../lib/gcc/arm-none-eabi/4.6.1/../../../../arm-none-eabi/lib/thumb2/libc.a(lib_a-mlock.o)
 .ARM.attributes
                0x000007f9       0x2b /usr/local/Sourcery/bin/../lib/gcc/arm-none-eabi/4.6.1/../../../../arm-none-eabi/lib/thumb2/libc.a(lib_a-putc.o)
 .ARM.attributes
                0x00000824       0x2b /usr/local/Sourcery/bin/../lib/gcc/arm-none-eabi/4.6.1/../../../../arm-none-eabi/lib/thumb2/libc.a(lib_a-reallocr.o)
 .ARM.attributes
                0x0000084f       0x2b /usr/local/Sourcery/bin/../lib/gcc/arm-none-eabi/4.6.1/../../../../arm-none-eabi/lib/thumb2/libc.a(lib_a-reent.o)
 .ARM.attributes
                0x0000087a       0x2b /usr/local/Sourcery/bin/../lib/gcc/arm-none-eabi/4.6.1/../../../../arm-none-eabi/lib/thumb2/libc.a(lib_a-rget.o)
 .ARM.attributes
                0x000008a5       0x2b /usr/local/Sourcery/bin/../lib/gcc/arm-none-eabi/4.6.1/../../../../arm-none-eabi/lib/thumb2/libc.a(lib_a-sbrkr.o)
 .ARM.attributes
                0x000008d0       0x2b /usr/local/Sourcery/bin/../lib/gcc/arm-none-eabi/4.6.1/../../../../arm-none-eabi/lib/thumb2/libc.a(lib_a-setbuf.o)
 .ARM.attributes
                0x000008fb       0x2b /usr/local/Sourcery/bin/../lib/gcc/arm-none-eabi/4.6.1/../../../../arm-none-eabi/lib/thumb2/libc.a(lib_a-setvbuf.o)
 .ARM.attributes
                0x00000926       0x2b /usr/local/Sourcery/bin/../lib/gcc/arm-none-eabi/4.6.1/../../../../arm-none-eabi/lib/thumb2/libc.a(lib_a-sscanf.o)
 .ARM.attributes
                0x00000951       0x2b /usr/local/Sourcery/bin/../lib/gcc/arm-none-eabi/4.6.1/../../../../arm-none-eabi/lib/thumb2/libc.a(lib_a-stdio.o)
 .ARM.attributes
                0x0000097c       0x2b /usr/local/Sourcery/bin/../lib/gcc/arm-none-eabi/4.6.1/../../../../arm-none-eabi/lib/thumb2/libc.a(lib_a-strlen.o)
 .ARM.attributes
                0x000009a7       0x2b /usr/local/Sourcery/bin/../lib/gcc/arm-none-eabi/4.6.1/../../../../arm-none-eabi/lib/thumb2/libc.a(lib_a-svfscanf.o)
 .ARM.attributes
                0x000009d2       0x2b /usr/local/Sourcery/bin/../lib/gcc/arm-none-eabi/4.6.1/../../../../arm-none-eabi/lib/thumb2/libc.a(lib_a-vfiprintf.o)
 .ARM.attributes
                0x000009fd       0x2b /usr/local/Sourcery/bin/../lib/gcc/arm-none-eabi/4.6.1/../../../../arm-none-eabi/lib/thumb2/libc.a(lib_a-vfprintf.o)
 .ARM.attributes
                0x00000a28       0x2b /usr/local/Sourcery/bin/../lib/gcc/arm-none-eabi/4.6.1/../../../../arm-none-eabi/lib/thumb2/libc.a(lib_a-wbuf.o)
 .ARM.attributes
                0x00000a53       0x2b /usr/local/Sourcery/bin/../lib/gcc/arm-none-eabi/4.6.1/../../../../arm-none-eabi/lib/thumb2/libc.a(lib_a-writer.o)
 .ARM.attributes
                0x00000a7e       0x2b /usr/local/Sourcery/bin/../lib/gcc/arm-none-eabi/4.6.1/../../../../arm-none-eabi/lib/thumb2/libc.a(lib_a-wsetup.o)
 .ARM.attributes
                0x00000aa9       0x2b /usr/local/Sourcery/bin/../lib/gcc/arm-none-eabi/4.6.1/../../../../arm-none-eabi/lib/thumb2/libc.a(lib_a-abort.o)
 .ARM.attributes
                0x00000ad4       0x2b /usr/local/Sourcery/bin/../lib/gcc/arm-none-eabi/4.6.1/../../../../arm-none-eabi/lib/thumb2/libc.a(lib_a-closer.o)
 .ARM.attributes
                0x00000aff       0x2b /usr/local/Sourcery/bin/../lib/gcc/arm-none-eabi/4.6.1/../../../../arm-none-eabi/lib/thumb2/libc.a(lib_a-ctype_.o)
 .ARM.attributes
                0x00000b2a       0x2b /usr/local/Sourcery/bin/../lib/gcc/arm-none-eabi/4.6.1/../../../../arm-none-eabi/lib/thumb2/libc.a(lib_a-dtoa.o)
 .ARM.attributes
                0x00000b55       0x2b /usr/local/Sourcery/bin/../lib/gcc/arm-none-eabi/4.6.1/../../../../arm-none-eabi/lib/thumb2/libc.a(lib_a-fflush.o)
 .ARM.attributes
                0x00000b80       0x2b /usr/local/Sourcery/bin/../lib/gcc/arm-none-eabi/4.6.1/../../../../arm-none-eabi/lib/thumb2/libc.a(lib_a-findfp.o)
 .ARM.attributes
                0x00000bab       0x2b /usr/local/Sourcery/bin/../lib/gcc/arm-none-eabi/4.6.1/../../../../arm-none-eabi/lib/thumb2/libc.a(lib_a-fputwc.o)
 .ARM.attributes
                0x00000bd6       0x2b /usr/local/Sourcery/bin/../lib/gcc/arm-none-eabi/4.6.1/../../../../arm-none-eabi/lib/thumb2/libc.a(lib_a-freer.o)
 .ARM.attributes
                0x00000c01       0x2b /usr/local/Sourcery/bin/../lib/gcc/arm-none-eabi/4.6.1/../../../../arm-none-eabi/lib/thumb2/libc.a(lib_a-fwalk.o)
 .ARM.attributes
                0x00000c2c       0x2b /usr/local/Sourcery/bin/../lib/gcc/arm-none-eabi/4.6.1/../../../../arm-none-eabi/lib/thumb2/libc.a(lib_a-iswspace.o)
 .ARM.attributes
                0x00000c57       0x2b /usr/local/Sourcery/bin/../lib/gcc/arm-none-eabi/4.6.1/../../../../arm-none-eabi/lib/thumb2/libc.a(lib_a-locale.o)
 .ARM.attributes
                0x00000c82       0x2b /usr/local/Sourcery/bin/../lib/gcc/arm-none-eabi/4.6.1/../../../../arm-none-eabi/lib/thumb2/libc.a(lib_a-lseekr.o)
 .ARM.attributes
                0x00000cad       0x2b /usr/local/Sourcery/bin/../lib/gcc/arm-none-eabi/4.6.1/../../../../arm-none-eabi/lib/thumb2/libc.a(lib_a-makebuf.o)
 .ARM.attributes
                0x00000cd8       0x2b /usr/local/Sourcery/bin/../lib/gcc/arm-none-eabi/4.6.1/../../../../arm-none-eabi/lib/thumb2/libc.a(lib_a-malloc.o)
 .ARM.attributes
                0x00000d03       0x2b /usr/local/Sourcery/bin/../lib/gcc/arm-none-eabi/4.6.1/../../../../arm-none-eabi/lib/thumb2/libc.a(lib_a-mbrtowc.o)
 .ARM.attributes
                0x00000d2e       0x2b /usr/local/Sourcery/bin/../lib/gcc/arm-none-eabi/4.6.1/../../../../arm-none-eabi/lib/thumb2/libc.a(lib_a-mbtowc_r.o)
 .ARM.attributes
                0x00000d59       0x2b /usr/local/Sourcery/bin/../lib/gcc/arm-none-eabi/4.6.1/../../../../arm-none-eabi/lib/thumb2/libc.a(lib_a-memset.o)
 .ARM.attributes
                0x00000d84       0x2b /usr/local/Sourcery/bin/../lib/gcc/arm-none-eabi/4.6.1/../../../../arm-none-eabi/lib/thumb2/libc.a(lib_a-mprec.o)
 .ARM.attributes
                0x00000daf       0x2b /usr/local/Sourcery/bin/../lib/gcc/arm-none-eabi/4.6.1/../../../../arm-none-eabi/lib/thumb2/libc.a(lib_a-readr.o)
 .ARM.attributes
                0x00000dda       0x2b /usr/local/Sourcery/bin/../lib/gcc/arm-none-eabi/4.6.1/../../../../arm-none-eabi/lib/thumb2/libc.a(lib_a-refill.o)
 .ARM.attributes
                0x00000e05       0x2b /usr/local/Sourcery/bin/../lib/gcc/arm-none-eabi/4.6.1/../../../../arm-none-eabi/lib/thumb2/libc.a(lib_a-s_fpclassify.o)
 .ARM.attributes
                0x00000e30       0x2b /usr/local/Sourcery/bin/../lib/gcc/arm-none-eabi/4.6.1/../../../../arm-none-eabi/lib/thumb2/libc.a(lib_a-sccl.o)
 .ARM.attributes
                0x00000e5b       0x2b /usr/local/Sourcery/bin/../lib/gcc/arm-none-eabi/4.6.1/../../../../arm-none-eabi/lib/thumb2/libc.a(lib_a-sf_nan.o)
 .ARM.attributes
                0x00000e86       0x2b /usr/local/Sourcery/bin/../lib/gcc/arm-none-eabi/4.6.1/../../../../arm-none-eabi/lib/thumb2/libc.a(lib_a-signal.o)
 .ARM.attributes
                0x00000eb1       0x2b /usr/local/Sourcery/bin/../lib/gcc/arm-none-eabi/4.6.1/../../../../arm-none-eabi/lib/thumb2/libc.a(lib_a-signalr.o)
 .ARM.attributes
                0x00000edc       0x2b /usr/local/Sourcery/bin/../lib/gcc/arm-none-eabi/4.6.1/../../../../arm-none-eabi/lib/thumb2/libc.a(lib_a-sprintf.o)
 .ARM.attributes
                0x00000f07       0x2b /usr/local/Sourcery/bin/../lib/gcc/arm-none-eabi/4.6.1/../../../../arm-none-eabi/lib/thumb2/libc.a(lib_a-strcmp.o)
 .ARM.attributes
                0x00000f32       0x2b /usr/local/Sourcery/bin/../lib/gcc/arm-none-eabi/4.6.1/../../../../arm-none-eabi/lib/thumb2/libc.a(lib_a-strtod.o)
 .ARM.attributes
                0x00000f5d       0x2b /usr/local/Sourcery/bin/../lib/gcc/arm-none-eabi/4.6.1/../../../../arm-none-eabi/lib/thumb2/libc.a(lib_a-strtol.o)
 .ARM.attributes
                0x00000f88       0x2b /usr/local/Sourcery/bin/../lib/gcc/arm-none-eabi/4.6.1/../../../../arm-none-eabi/lib/thumb2/libc.a(lib_a-strtoll_r.o)
 .ARM.attributes
                0x00000fb3       0x2b /usr/local/Sourcery/bin/../lib/gcc/arm-none-eabi/4.6.1/../../../../arm-none-eabi/lib/thumb2/libc.a(lib_a-strtoul.o)
 .ARM.attributes
                0x00000fde       0x2b /usr/local/Sourcery/bin/../lib/gcc/arm-none-eabi/4.6.1/../../../../arm-none-eabi/lib/thumb2/libc.a(lib_a-strtoull_r.o)
 .ARM.attributes
                0x00001009       0x2b /usr/local/Sourcery/bin/../lib/gcc/arm-none-eabi/4.6.1/../../../../arm-none-eabi/lib/thumb2/libc.a(lib_a-svfiscanf.o)
 .ARM.attributes
                0x00001034       0x2b /usr/local/Sourcery/bin/../lib/gcc/arm-none-eabi/4.6.1/../../../../arm-none-eabi/lib/thumb2/libc.a(lib_a-svfprintf.o)
 .ARM.attributes
                0x0000105f       0x2b /usr/local/Sourcery/bin/../lib/gcc/arm-none-eabi/4.6.1/../../../../arm-none-eabi/lib/thumb2/libc.a(lib_a-ungetc.o)
 .ARM.attributes
                0x0000108a       0x2b /usr/local/Sourcery/bin/../lib/gcc/arm-none-eabi/4.6.1/../../../../arm-none-eabi/lib/thumb2/libc.a(lib_a-wcrtomb.o)
 .ARM.attributes
                0x000010b5       0x2b /usr/local/Sourcery/bin/../lib/gcc/arm-none-eabi/4.6.1/../../../../arm-none-eabi/lib/thumb2/libc.a(lib_a-wctomb_r.o)
 .ARM.attributes
                0x000010e0       0x2b /usr/local/Sourcery/bin/../lib/gcc/arm-none-eabi/4.6.1/../../../../arm-none-eabi/lib/thumb2/libc.a(lib_a-callocr.o)
 .ARM.attributes
                0x0000110b       0x2b /usr/local/Sourcery/bin/../lib/gcc/arm-none-eabi/4.6.1/../../../../arm-none-eabi/lib/thumb2/libc.a(lib_a-fclose.o)
 .ARM.attributes
                0x00001136       0x2b /usr/local/Sourcery/bin/../lib/gcc/arm-none-eabi/4.6.1/../../../../arm-none-eabi/lib/thumb2/libc.a(lib_a-fstatr.o)
 .ARM.attributes
                0x00001161       0x2b /usr/local/Sourcery/bin/../lib/gcc/arm-none-eabi/4.6.1/../../../../arm-none-eabi/lib/thumb2/libc.a(lib_a-gdtoa-gethex.o)
 .ARM.attributes
                0x0000118c       0x2b /usr/local/Sourcery/bin/../lib/gcc/arm-none-eabi/4.6.1/../../../../arm-none-eabi/lib/thumb2/libc.a(lib_a-gdtoa-hexnan.o)
 .ARM.attributes
                0x000011b7       0x2b /usr/local/Sourcery/bin/../lib/gcc/arm-none-eabi/4.6.1/../../../../arm-none-eabi/lib/thumb2/libc.a(lib_a-isattyr.o)
 .ARM.attributes
                0x000011e2       0x2b /usr/local/Sourcery/bin/../lib/gcc/arm-none-eabi/4.6.1/../../../../arm-none-eabi/lib/thumb2/libc.a(lib_a-strncmp.o)
 .ARM.attributes
                0x0000120d       0x2b /usr/local/Sourcery/bin/../lib/gcc/arm-none-eabi/4.6.1/../../../../arm-none-eabi/lib/thumb2/libc.a(lib_a-svfiprintf.o)
 .ARM.attributes
                0x00001238       0x1b /usr/local/Sourcery/bin/../lib/gcc/arm-none-eabi/4.6.1/thumb2/libgcc.a(_udivsi3.o)
 .ARM.attributes
                0x00001253       0x1b /usr/local/Sourcery/bin/../lib/gcc/arm-none-eabi/4.6.1/thumb2/libgcc.a(_dvmd_tls.o)
 .ARM.attributes
                0x0000126e       0x1b /usr/local/Sourcery/bin/../lib/gcc/arm-none-eabi/4.6.1/thumb2/libgcc.a(_arm_addsubdf3.o)
 .ARM.attributes
                0x00001289       0x1b /usr/local/Sourcery/bin/../lib/gcc/arm-none-eabi/4.6.1/thumb2/libgcc.a(_arm_muldivdf3.o)
 .ARM.attributes
                0x000012a4       0x1b /usr/local/Sourcery/bin/../lib/gcc/arm-none-eabi/4.6.1/thumb2/libgcc.a(_arm_cmpdf2.o)
 .ARM.attributes
                0x000012bf       0x1b /usr/local/Sourcery/bin/../lib/gcc/arm-none-eabi/4.6.1/thumb2/libgcc.a(_arm_fixdfsi.o)
 .ARM.attributes
                0x000012da       0x1b /usr/local/Sourcery/bin/../lib/gcc/arm-none-eabi/4.6.1/thumb2/libgcc.a(_arm_fixunsdfsi.o)
 .ARM.attributes
                0x000012f5       0x1b /usr/local/Sourcery/bin/../lib/gcc/arm-none-eabi/4.6.1/thumb2/libgcc.a(_arm_truncdfsf2.o)
 .ARM.attributes
                0x00001310       0x1b /usr/local/Sourcery/bin/../lib/gcc/arm-none-eabi/4.6.1/thumb2/libgcc.a(_arm_cmpsf2.o)
 .ARM.attributes
                0x0000132b       0x1b /usr/local/Sourcery/bin/../lib/gcc/arm-none-eabi/4.6.1/thumb2/libgcc.a(_aeabi_uldivmod.o)
 .ARM.attributes
                0x00001346       0x2b /usr/local/Sourcery/bin/../lib/gcc/arm-none-eabi/4.6.1/thumb2/libgcc.a(bpabi.o)
 .ARM.attributes
                0x00001371       0x2b /usr/local/Sourcery/bin/../lib/gcc/arm-none-eabi/4.6.1/thumb2/libgcc.a(_divdi3.o)
 .ARM.attributes
                0x0000139c       0x2b /usr/local/Sourcery/bin/../lib/gcc/arm-none-eabi/4.6.1/thumb2/libgcc.a(_udivdi3.o)
 .ARM.attributes
                0x000013c7       0x1b /usr/local/Sourcery/bin/../lib/gcc/arm-none-eabi/4.6.1/thumb2/crtn.o

.comment        0x00000000       0x30
 .comment       0x00000000       0x30 build/obj/flash_syscalls.o
                                 0x31 (size before relaxing)
 .comment       0x00000000       0x31 build/obj/flash_system.o
 .comment       0x00000000       0x31 build/obj/flash_uart_console.o
 .comment       0x00000000       0x31 build/obj/flash_usb_console.o
 .comment       0x00000000       0x31 build/obj/flash_led.o
 .comment       0x00000000       0x31 build/obj/flash_timetick.o
 .comment       0x00000000       0x31 build/obj/flash_startup.o
 .comment       0x00000000       0x31 build/obj/flash_usb_device_descriptor.o
 .comment       0x00000000       0x31 build/obj/flash_main.o
 .comment       0x00000000       0x31 ../libusb/lib/libusb_sam3s_rel.a(release-USBD_HAL.o)
 .comment       0x00000000       0x31 ../libusb/lib/libusb_sam3s_rel.a(release-USBDescriptors.o)
 .comment       0x00000000       0x31 ../libusb/lib/libusb_sam3s_rel.a(release-USBD.o)
 .comment       0x00000000       0x31 ../libusb/lib/libusb_sam3s_rel.a(release-USBDCallbacks.o)
 .comment       0x00000000       0x31 ../libusb/lib/libusb_sam3s_rel.a(release-USBDDriver.o)
 .comment       0x00000000       0x31 ../libusb/lib/libusb_sam3s_rel.a(release-CDCDSerial.o)
 .comment       0x00000000       0x31 ../libusb/lib/libusb_sam3s_rel.a(release-USBDDriverCallbacks.o)
 .comment       0x00000000       0x31 ../libusb/lib/libusb_sam3s_rel.a(release-CDCDSerialDriver.o)
 .comment       0x00000000       0x31 ../libusb/lib/libusb_sam3s_rel.a(release-USBRequests.o)
 .comment       0x00000000       0x31 ../libusb/lib/libusb_sam3s_rel.a(release-CDCDSerialPort.o)
 .comment       0x00000000       0x31 ../libusb/lib/libusb_sam3s_rel.a(release-CDCLineCoding.o)
 .comment       0x00000000       0x31 ../libchip/lib/libchip_sam3s4_rel.a(release-pio_it.o)